==================================================
SHARD: weft-tensor-managed
DESCRIPTION: Project weft-tensor Pillar 2: WTR1 layout, TS/Python ingestion engines, DLPack/NumPy bridge, cross-language parity, React/Flutter AI hooks/widgets, 120 FPS flight demo, alloc probes
STATUS: PASSED ✅
COMMIT: c1f4ea3fae4712a74b24a0762a3ffec88d7df45b
RUN: 229
==================================================

[1/8] fixture determinism
OK /home/runner/work/Weft/Weft/fixtures/weft-tensor/ring-v1-f32.bin (640 B) byte-identical
OK /home/runner/work/Weft/Weft/fixtures/weft-tensor/ring-v1-u8.bin (640 B) byte-identical
[2/8] TypeScript suite
✔ zero-alloc probe [ring] — 100k steady-state ops stay flat (204.521353ms)
✔ zero-alloc probe [ingest] — 100k steady-state ops stay flat (122.113578ms)
✔ zero-alloc probe [audio] — 100k steady-state ops stay flat (115.29306ms)
✔ zero-alloc probe [render] — 100k steady-state ops stay flat (1590.427523ms)
✔ zero-alloc probe [overlay] — 100k steady-state ops stay flat (64.576387ms)
✔ negative control: a deliberately-allocating loop IS caught (65.099764ms)
✔ f32 fixture: header fields, 10 frames, dyadic payload parity (2.880551ms)
✔ u8 fixture: header fields, 6 frames, byte payload parity (1.312666ms)
✔ WebCodecs sync fast path: bytes land in ring, no intermediate (3.451369ms)
✔ WebCodecs async fast path resolves after the GPU readback lands (0.363611ms)
✔ copyTo failure is a DROP, never a throw into the frame loop (1.598011ms)
✔ legacy sync copyTo returning void still commits the full slot (0.423854ms)
✔ ImageData + raw paths (0.599653ms)
✔ ingestor dtype gate: f32 ring rejected (Law 4) (0.521686ms)
✔ AudioPcmFeeder: exact-fit chunks roll one slot per chunk (0.840763ms)
✔ AudioPcmFeeder: chunk spanning slot boundaries carries with zero gaps (0.511578ms)
✔ AudioPcmFeeder: tiny chunks accumulate then roll (worklet cadence) (0.606816ms)
✔ AudioPcmFeeder dtype gate + chunk size gate (Law 4) (0.586888ms)
✔ crc32 matches node:zlib over the static header region (3.948229ms)
✔ f16FromBits matches numpy float16 decode exactly (0.572562ms)
✔ f16ToBits matches numpy round-to-nearest-even (0.503091ms)
✔ fourcc round-trips as LE ASCII (0.296124ms)
✔ validateRingHeader accepts both golden fixtures (1.895797ms)
✔ fail-closed corruption matrix — every mutation gets a machine-readable code (1.562475ms)
✔ dtype validity table (0.20296ms)
✔ create() writes a self-validating header (round trip through attach) (2.937878ms)
✔ Canvas2DPlane: ONE ImageData reused, pixel-accurate blit per frame (6.430264ms)
✔ Canvas2DPlane dtype gate (Law 4) (0.885717ms)
✔ OverlayScratch + drawBoxes2D: bounded, reused, pixel records (1.49067ms)
✔ drawSkeleton2D honours confidence gating (0.67294ms)
✔ WebGL2Plane: zero-alloc texSubImage2D from the slot view + fullscreen tri (2.4791ms)
✔ create + typed commit + acquireLatest returns exact values, zero surprises (8.299182ms)
✔ byte commit path (Uint8Array) with short payload (bounded loop, no throw) (0.493374ms)
✔ acquireLatest(lastSeq) returns null when nothing new; acquireFrame bounds (0.663892ms)
✔ overrun: slotCount=2, 5 commits -> old seq gone, latest correct (2.363343ms)
✔ torn read: uncommitted slot is invisible, then visible after commit marker (0.799978ms)
✔ zero-copy begin/finish path matches convenience commit (0.373359ms)
✔ commit rejects wrong dtype / oversized payloads (fail-closed) (1.395091ms)
✔ create() input validation is fail-closed (0.406631ms)
✔ waitForNewFrame resolves via injected scheduler; timeout path returns null (32.368498ms)
✔ SharedArrayBuffer smoke: create(shared) + atomics publish + acquire (0.73192ms)
✔ ring stats counters are sealed and monotonic (0.258995ms)
✔ detectRuntime identifies node (this process) (1.873647ms)
✔ detectRuntime: browser / deno / bun / worker / electron fakes (0.378398ms)
✔ runtimeMatrix feature list stays sorted/deterministic (1.305924ms)
✔ assertShareable accepts SAB, rejects plain ArrayBuffer (0.829282ms)
ℹ tests 46
ℹ suites 0
ℹ pass 46
ℹ fail 0
ℹ cancelled 0
ℹ skipped 0
ℹ todo 0
ℹ duration_ms 2260.051293
[3/8] Python suite
.......s.............s................                                   [100%]
36 passed, 2 skipped in 9.85s
[4/8] TS producer -> Python consumer
{"producer":"typescript","path":"/tmp/tmp.GHKrK89aiJ/ts_ring.bin","byteLength":640,"producerSeq":10,"slotStride":128,"schemaId":"fe77000000000000"}
{"consumer": "python", "path": "/tmp/tmp.GHKrK89aiJ/ts_ring.bin", "framesValidated": [7, 8, 9, 10], "dlpackAlias": true, "ok": true}
[5/8] Python producer -> TS consumer
{"producer": "python", "path": "/tmp/tmp.GHKrK89aiJ/py_ring.bin", "byteLength": 640, "producerSeq": 10, "slotStride": 128, "schemaId": "fe77000000000001"}
{"consumer":"typescript","path":"/tmp/tmp.GHKrK89aiJ/py_ring.bin","framesValidated":[7,8,9,10],"ok":true}
[6/8] DLPack alias proof (consumed the TS-produced ring, pointer-checked)
    dlpack alias OK (slot ptr 0x55747357df30 inside ring 0x55747357ddf0..0x55747357e070)
[7/8] zero-allocation probes (100k ops each, post-warmup, --expose-gc)
    {"mode":"ring","iters":100000,"heapBefore":4402840,"heapAfter":4416064,"deltaBytes":13224}
    {"mode":"ingest","iters":100000,"heapBefore":4410952,"heapAfter":4425696,"deltaBytes":14744}
    {"mode":"audio","iters":100000,"heapBefore":4406616,"heapAfter":4419920,"deltaBytes":13304}
    {"mode":"render","iters":100000,"heapBefore":4418992,"heapAfter":4420592,"deltaBytes":1600}
    {"mode":"overlay","iters":100000,"heapBefore":4298968,"heapAfter":4299680,"deltaBytes":712}
[8/8] latency gates (directive: commit < 50us)
    {"bench":"weft-tensor commit/acquire","node":"v24.21.0","video":{"geometry":"320x180 RGBA","slotCapBytes":230400,"commit":{"n":50000,"p50_us":0.171,"p99_us":1.062,"max_us":175.002},"acquire":{"n":50000,"p50_us":0.12,"p99_us":0.561,"max_us":86.859},"commit_under_50us":true},"audio":{"geometry":"2ch x 128 f32 (interleaved quanta 256)","slotCapBytes":1024,"commit":{"n":50000,"p50_us":0.481,"p99_us":0.551,"max_us":112.647},"acquire":{"n":50000,"p50_us":0.12,"p99_us":1.593,"max_us":422.215},"commit_under_50us":true}}
weft-tensor managed shard: ALL 8 STAGES GREEN
