==================================================
SHARD: simd-blend
DESCRIPTION: Q12 raster blend: C golden gates + xlang-blend cross-language digests + bench
STATUS: PASSED ✅
COMMIT: c1f4ea3fae4712a74b24a0762a3ffec88d7df45b
RUN: 229
==================================================

== simd-blend shard: env x86_64/Linux ==
-- C kernel gates --
== blend_test: impl=avx2 (2) ==
B1 boundaries: OK
B2 parity sweep: OK (154 path-checks, all == scalar)
B3 alpha sweep 0..4096 (dispatched): OK
B4 in-place aliasing: OK
blend_test: ALL GATES GREEN
blend-test: ALL GATES GREEN
-- xlang-blend golden gate --
== xlang-blend golden parity: env x86_64/Linux ==
-- C kernel (golden source) --
   blend-test gates GREEN
   golden-vectors.csv matches the kernel
-- TS verifier (reference port) --
xlang-blend TS verifier: 63/63 golden digests match
-- Kotlin verifier --
xlang-blend Kotlin verifier: 63/63 golden digests match
-- Dart verifier: DECLARED skip (no dart; flutter-packages leg owns it) --
-- Swift port: DECLARED skip (no swiftc; apple-packages compiles + golden-gates it) --

xlang-blend: ran=3 declared_skips=2
✅ xlang-blend parity: every executed port byte-identical to the C kernel
xlang-blend parity GREEN
-- blend_runner benchmark --
== blend_runner: dispatch=avx2 ==
256x256-hot (65536 words): scalar   137745 ns/frame (  5.7 GB/s) | avx2    13924 ns/frame ( 56.5 GB/s) | speedup 9.89x
1080p (2073600 words): scalar  4280134 ns/frame (  5.8 GB/s) | avx2   438236 ns/frame ( 56.8 GB/s) | speedup 9.77x
4K (8294400 words): scalar 18057410 ns/frame (  5.5 GB/s) | avx2  2114440 ns/frame ( 47.1 GB/s) | speedup 8.54x
8K (33177600 words): scalar 68777939 ns/frame (  5.8 GB/s) | avx2  9635139 ns/frame ( 41.3 GB/s) | speedup 7.14x
✅ simd-blend shard GREEN
