==================================================
SHARD: weft-tensor-managed
DESCRIPTION: Project weft-tensor Pillar 2: WTR1 layout, TS/Python ingestion engines, DLPack/NumPy bridge, cross-language parity, React/Flutter AI hooks/widgets, 120 FPS flight demo, alloc probes
STATUS: PASSED ✅
COMMIT: d6fd5009c183f76d2fee629a0c59c745e9415e28
RUN: 217
==================================================

[1/8] fixture determinism
OK /home/runner/work/Weft/Weft/fixtures/weft-tensor/ring-v1-f32.bin (640 B) byte-identical
OK /home/runner/work/Weft/Weft/fixtures/weft-tensor/ring-v1-u8.bin (640 B) byte-identical
[2/8] TypeScript suite
✔ zero-alloc probe [ring] — 100k steady-state ops stay flat (176.339105ms)
✔ zero-alloc probe [ingest] — 100k steady-state ops stay flat (80.289003ms)
✔ zero-alloc probe [audio] — 100k steady-state ops stay flat (103.987563ms)
✔ zero-alloc probe [render] — 100k steady-state ops stay flat (1194.08278ms)
✔ zero-alloc probe [overlay] — 100k steady-state ops stay flat (60.883582ms)
✔ negative control: a deliberately-allocating loop IS caught (50.442142ms)
✔ f32 fixture: header fields, 10 frames, dyadic payload parity (2.589325ms)
✔ u8 fixture: header fields, 6 frames, byte payload parity (0.84364ms)
✔ WebCodecs sync fast path: bytes land in ring, no intermediate (3.894181ms)
✔ WebCodecs async fast path resolves after the GPU readback lands (0.384702ms)
✔ copyTo failure is a DROP, never a throw into the frame loop (0.228505ms)
✔ legacy sync copyTo returning void still commits the full slot (1.688003ms)
✔ ImageData + raw paths (0.55278ms)
✔ ingestor dtype gate: f32 ring rejected (Law 4) (0.533737ms)
✔ AudioPcmFeeder: exact-fit chunks roll one slot per chunk (0.943195ms)
✔ AudioPcmFeeder: chunk spanning slot boundaries carries with zero gaps (0.597301ms)
✔ AudioPcmFeeder: tiny chunks accumulate then roll (worklet cadence) (0.571671ms)
✔ AudioPcmFeeder dtype gate + chunk size gate (Law 4) (0.681492ms)
✔ crc32 matches node:zlib over the static header region (3.31191ms)
✔ f16FromBits matches numpy float16 decode exactly (0.454039ms)
✔ f16ToBits matches numpy round-to-nearest-even (0.492157ms)
✔ fourcc round-trips as LE ASCII (0.236443ms)
✔ validateRingHeader accepts both golden fixtures (1.387878ms)
✔ fail-closed corruption matrix — every mutation gets a machine-readable code (1.264479ms)
✔ dtype validity table (0.166827ms)
✔ create() writes a self-validating header (round trip through attach) (2.231487ms)
✔ Canvas2DPlane: ONE ImageData reused, pixel-accurate blit per frame (2.072472ms)
✔ Canvas2DPlane dtype gate (Law 4) (0.453834ms)
✔ OverlayScratch + drawBoxes2D: bounded, reused, pixel records (0.982492ms)
✔ drawSkeleton2D honours confidence gating (0.316481ms)
✔ WebGL2Plane: zero-alloc texSubImage2D from the slot view + fullscreen tri (2.14573ms)
✔ create + typed commit + acquireLatest returns exact values, zero surprises (3.253118ms)
✔ byte commit path (Uint8Array) with short payload (bounded loop, no throw) (0.30642ms)
✔ acquireLatest(lastSeq) returns null when nothing new; acquireFrame bounds (0.336252ms)
✔ overrun: slotCount=2, 5 commits -> old seq gone, latest correct (0.346201ms)
✔ torn read: uncommitted slot is invisible, then visible after commit marker (0.322455ms)
✔ zero-copy begin/finish path matches convenience commit (0.204463ms)
✔ commit rejects wrong dtype / oversized payloads (fail-closed) (0.74476ms)
✔ create() input validation is fail-closed (0.211643ms)
✔ waitForNewFrame resolves via injected scheduler; timeout path returns null (42.918835ms)
✔ SharedArrayBuffer smoke: create(shared) + atomics publish + acquire (0.601517ms)
✔ ring stats counters are sealed and monotonic (0.235435ms)
✔ detectRuntime identifies node (this process) (0.948942ms)
✔ detectRuntime: browser / deno / bun / worker / electron fakes (0.281458ms)
✔ runtimeMatrix feature list stays sorted/deterministic (0.905239ms)
✔ assertShareable accepts SAB, rejects plain ArrayBuffer (0.585496ms)
ℹ tests 46
ℹ suites 0
ℹ pass 46
ℹ fail 0
ℹ cancelled 0
ℹ skipped 0
ℹ todo 0
ℹ duration_ms 1750.675555
[3/8] Python suite
......s................                                                  [100%]
22 passed, 1 skipped in 0.41s
[4/8] TS producer -> Python consumer
{"producer":"typescript","path":"/tmp/tmp.5s6lDBwpkt/ts_ring.bin","byteLength":640,"producerSeq":10,"slotStride":128,"schemaId":"fe77000000000000"}
{"consumer": "python", "path": "/tmp/tmp.5s6lDBwpkt/ts_ring.bin", "framesValidated": [7, 8, 9, 10], "dlpackAlias": true, "ok": true}
[5/8] Python producer -> TS consumer
{"producer": "python", "path": "/tmp/tmp.5s6lDBwpkt/py_ring.bin", "byteLength": 640, "producerSeq": 10, "slotStride": 128, "schemaId": "fe77000000000001"}
{"consumer":"typescript","path":"/tmp/tmp.5s6lDBwpkt/py_ring.bin","framesValidated":[7,8,9,10],"ok":true}
[6/8] DLPack alias proof (consumed the TS-produced ring, pointer-checked)
    dlpack alias OK (slot ptr 0x55cdcbae4f30 inside ring 0x55cdcbae4df0..0x55cdcbae5070)
[7/8] zero-allocation probes (100k ops each, post-warmup, --expose-gc)
    {"mode":"ring","iters":100000,"heapBefore":4407640,"heapAfter":4402608,"deltaBytes":-5032}
    {"mode":"ingest","iters":100000,"heapBefore":4396920,"heapAfter":4411664,"deltaBytes":14744}
    {"mode":"audio","iters":100000,"heapBefore":4392512,"heapAfter":4405816,"deltaBytes":13304}
    {"mode":"render","iters":100000,"heapBefore":4404864,"heapAfter":4406464,"deltaBytes":1600}
    {"mode":"overlay","iters":100000,"heapBefore":4284936,"heapAfter":4285648,"deltaBytes":712}
[8/8] latency gates (directive: commit < 50us)
    {"bench":"weft-tensor commit/acquire","node":"v24.20.0","video":{"geometry":"320x180 RGBA","slotCapBytes":230400,"commit":{"n":50000,"p50_us":0.141,"p99_us":1.161,"max_us":207.995},"acquire":{"n":50000,"p50_us":0.102,"p99_us":0.435,"max_us":68.229},"commit_under_50us":true},"audio":{"geometry":"2ch x 128 f32 (interleaved quanta 256)","slotCapBytes":1024,"commit":{"n":50000,"p50_us":0.42,"p99_us":0.481,"max_us":131.133},"acquire":{"n":50000,"p50_us":0.096,"p99_us":1.084,"max_us":109.43},"commit_under_50us":true}}
weft-tensor managed shard: ALL 8 STAGES GREEN
