==================================================
SHARD: simd-blend
DESCRIPTION: Q12 raster blend: C golden gates + xlang-blend cross-language digests + bench
STATUS: PASSED ✅
COMMIT: 35c67184fc97e64eab9e6ca713f56b6ac5b229f8
RUN: 156
==================================================

== simd-blend shard: env x86_64/Linux ==
-- C kernel gates --
== blend_test: impl=avx2 (2) ==
B1 boundaries: OK
B2 parity sweep: OK (154 path-checks, all == scalar)
B3 alpha sweep 0..4096 (dispatched): OK
B4 in-place aliasing: OK
blend_test: ALL GATES GREEN
blend-test: ALL GATES GREEN
-- xlang-blend golden gate --
== xlang-blend golden parity: env x86_64/Linux ==
-- C kernel (golden source) --
   blend-test gates GREEN
   golden-vectors.csv matches the kernel
-- TS verifier (reference port) --
xlang-blend TS verifier: 63/63 golden digests match
-- Kotlin verifier --
xlang-blend Kotlin verifier: 63/63 golden digests match
-- Dart verifier: DECLARED skip (no dart; flutter-packages leg owns it) --
-- Swift port: DECLARED skip (no swiftc; apple-packages compiles + golden-gates it) --

xlang-blend: ran=3 declared_skips=2
✅ xlang-blend parity: every executed port byte-identical to the C kernel
xlang-blend parity GREEN
-- blend_runner benchmark --
== blend_runner: dispatch=avx2 ==
256x256-hot (65536 words): scalar   250683 ns/frame (  3.1 GB/s) | avx2    16732 ns/frame ( 47.0 GB/s) | speedup 14.98x
1080p (2073600 words): scalar  7972096 ns/frame (  3.1 GB/s) | avx2   554246 ns/frame ( 44.9 GB/s) | speedup 14.38x
4K (8294400 words): scalar 33189310 ns/frame (  3.0 GB/s) | avx2  3128650 ns/frame ( 31.8 GB/s) | speedup 10.61x
8K (33177600 words): scalar 127241414 ns/frame (  3.1 GB/s) | avx2 11480828 ns/frame ( 34.7 GB/s) | speedup 11.08x
✅ simd-blend shard GREEN
