==================================================
SHARD: weft-cluster-managed
DESCRIPTION: Project weft-cluster Pillar 3: TS wire/client/topology/router/metrics, Python wire/router/UDP parity, live UDP mesh, 100k zero-alloc probes, 1M fps burst, rendezvous router
STATUS: PASSED ✅
COMMIT: d554df4f0da7fdbf448cc63d508ccc0120985280
RUN: 231
==================================================

[1/8] kernel-core integrity (Law 3: core/c/weft.{c,h} byte-frozen)
    core/c/weft.{c,h} untouched
[2/8] TS wire vectors + cross-language guard
✔ crosslang: TS still decodes the frozen WCN1 vectors byte-exactly (1.205418ms)
✔ crosslang: TS rejects malformed fixtures with the frozen codes (0.193019ms)
✔ crosslang: FNV/CRC reference vectors match the fixture (0.226303ms)
✔ crc32 IEEE vectors (parity with Python zlib.crc32) (0.921422ms)
✔ fnv1a64 topic hash vectors (parity with Python impl) (0.312067ms)
✔ WCN1 header: little-endian byte layout is normative (0.277527ms)
✔ WCN1 round-trip: encode -> decode -> same fields (3.679891ms)
✔ Law 4: malformed datagrams map to the exact error taxonomy (1.213394ms)
✔ error names are stable (Law 4 contract) (0.281117ms)
✔ WGS1 gossip: encode + entries + decode round-trip (0.363653ms)
✔ WGS1: entry_count overrun is WC_E_TRUNCATED, not a crash (0.120476ms)
✔ Law 1: decodeInto is allocation-free (structural check) (0.247334ms)
ℹ tests 12
ℹ suites 0
ℹ pass 12
ℹ fail 0
ℹ cancelled 0
ℹ skipped 0
ℹ todo 0
ℹ duration_ms 70.517589
[3/8] Python wire + router vector parity
.........                                                                [100%]
9 passed in 0.46s
[4/8] TypeScript suite
✔ shm: publish -> subscribe async iterator, seq monotonic, payload intact (8.706046ms)
✔ shm: two subscribers fan out independently; unsubscribe stops flow (11.020464ms)
✔ shm: tryLatest reads newest without advancing the iterator (4.766214ms)
✔ Law 4: stale seq replays are dropped and counted (datagram path) (0.425948ms)
✔ udp: two clients, SUB control plane, live datagram pub/sub (32.162899ms)
✔ udp: publisher with zero subscribers stays silent (no peers dup) (0.37007ms)
✔ crosslang: TS still decodes the frozen WCN1 vectors byte-exactly (0.850119ms)
✔ crosslang: TS rejects malformed fixtures with the frozen codes (0.198402ms)
✔ crosslang: FNV/CRC reference vectors match the fixture (0.2309ms)
✔ registry: counters, gauges, histogram quantile sanity (98.663306ms)
✔ histogram bucket bounds follow the 1, 2, 3, 4, 6, 8, 12... sequence (0.198181ms)
✔ prometheus: exposition format with cumulative histogram buckets (0.917311ms)
✔ otel: OTLP/JSON document shape (resourceMetrics -> metrics) (0.856898ms)
✔ perfetto: .pftrace protobuf round-trips packets and track events (0.908775ms)
✔ prometheus: embedded /metrics server answers 200 over real HTTP (134.248417ms)
✔ router: deterministic owner across calls and instances (1.187388ms)
✔ router: cross-language owner vector (node seeds 11,22,33,44 / telemetry) (1.476581ms)
✔ router: 8-node balance within 3x envelope (5.248753ms)
✔ router: minimal disruption — adding 1 of 9 nodes moves ~1/9 of topics (4.788895ms)
✔ router: unrouted topic -> WC_E_TOPIC_UNROUTED (0.276694ms)
✔ router: removeNode stops routing to it; version bumps (0.171732ms)
✔ membership: upsert + hash-index lookup round-trip (0.897631ms)
✔ membership: open addressing survives heavy collisions (3.917521ms)
✔ gossip: 3 engines converge to a full membership view (socketless) (1.925819ms)
✔ gossip: stale incarnation ignored, higher incarnation wins (0.280165ms)
✔ gossip: LEAVING is sticky at equal incarnation, revive needs higher (0.172238ms)
✔ gossip: SWIM refutation — falsely-leaving node bumps incarnation (0.215289ms)
✔ gossip: silent nodes suspect then evicted (fake clock) (0.866457ms)
✔ gossip: graceful leave announces and propagates LEAVING (0.260254ms)
✔ crc32 IEEE vectors (parity with Python zlib.crc32) (0.666751ms)
✔ fnv1a64 topic hash vectors (parity with Python impl) (0.189032ms)
✔ WCN1 header: little-endian byte layout is normative (0.169814ms)
✔ WCN1 round-trip: encode -> decode -> same fields (3.083456ms)
✔ Law 4: malformed datagrams map to the exact error taxonomy (0.167839ms)
✔ error names are stable (Law 4 contract) (0.179978ms)
✔ WGS1 gossip: encode + entries + decode round-trip (0.256369ms)
✔ WGS1: entry_count overrun is WC_E_TRUNCATED, not a crash (0.078123ms)
✔ Law 1: decodeInto is allocation-free (structural check) (0.151249ms)
ℹ tests 38
ℹ suites 0
ℹ pass 38
ℹ fail 0
ℹ cancelled 0
ℹ skipped 0
ℹ todo 0
ℹ duration_ms 2168.44918
[5/8] Python suite
.....s.........                                                          [100%]
14 passed, 1 skipped in 8.54s
[6/8] live cross-language UDP cluster (both directions)
..                                                                       [100%]
2 passed in 8.30s
[7/8] zero-allocation probes (100k ops each, post-warmup, --expose-gc)
    {"mode":"publish","iters":100000,"heapBefore":7444760,"heapAfter":7444816,"deltaBytes":56}
    {"mode":"subscribe","iters":100000,"heapBefore":7518832,"heapAfter":7518360,"deltaBytes":-472}
    {"mode":"metrics","iters":100000,"heapBefore":7359936,"heapAfter":7359624,"deltaBytes":-312}
    {"mode":"router","iters":100000,"heapBefore":7395672,"heapAfter":7395632,"deltaBytes":-40}
[8/8] performance gates
    [8a] 4-node demo smoke (monotonicity must PASS)
    demo PASS (monotonic, 0 gaps, 0 stale)
    [8b] mesh burst >= 1,000,000 fps (mandate D)
    {"kind":"weft-cluster-mesh-burst","transport":"loopback-shm (simulated cluster)","nodes":4,"consumers":3,"topics":1,"payloadBytes":64,"fpsTarget":1000000,"seconds":2,"publishedFrames":2000000,"ingestedFrames":6000000,"expectedIngest":6000000,"achievedFps":1585707,"fanoutWritesPerSec":4757120,"elapsedSec":1.26,"sequenceGaps":0,"hopLatencyNs":{"p50":768,"p99":1536},"at":"2026-09-23T10:32:59.891Z"}
    [8c] membership lookup latency (mandate B1)
    {"kind":"weft-cluster-router-bench","membershipLookupNs":{"p50":10.7,"p99":20.9},"routerOwnerNs":{"p50":769.6,"p99":784.9,"nodes":8},"mandate":"lock-free cluster state table lookups < 10 ns (Pillar 3 mandate B1)"}
    lookup p50 10.7ns (gate 25ns; mandate 10ns is bare-metal — delta recorded in D-33)
weft-cluster-managed shard: ALL 8 STAGES GREEN
