==================================================
SHARD: perf-regression
DESCRIPTION: W-suite P99 vs pinned baseline; >15% drop = FAIL
STATUS: PASSED ✅
COMMIT: d554df4f0da7fdbf448cc63d508ccc0120985280
RUN: 231
==================================================

→ W1/A ... P99=82.4 alloc/frame=0.0 [PASS]
→ W1/B ... P99=91.5 alloc/frame=0.0 [PASS]
→ W1/C .../home/runner/work/Weft/Weft/core/c/weft.c:15: warning: "_GNU_SOURCE" redefined
   15 | #define _GNU_SOURCE  // for posix_memalign
      | 
<command-line>: note: this is the location of the previous definition
→ compiling Weft C kernel to /home/runner/work/Weft/Weft/core/c/libweft.so
 P99=85.0 alloc/frame=0.0 [PASS]
→ W1/D ... P99=63.0 alloc/frame=0.0 [PASS]
→ W2/A ... P99=60.1 alloc/frame=0.0 [PASS]
→ W2/B ... P99=81.4 alloc/frame=0.0 [PASS]
→ W2/C ... P99=81.9 alloc/frame=0.0 [PASS]
→ W2/D ... P99=33.6 alloc/frame=0.0 [PASS]
→ W3/A ... P99=7.2 alloc/frame=0.0 [PASS]
→ W3/B ... P99=8.7 alloc/frame=0.0 [PASS]
→ W3/C ... P99=8.7 alloc/frame=0.0 [PASS]
→ W3/D ... P99=4.8 alloc/frame=0.0 [PASS]
→ W4/A ... P99=2048.9 alloc/frame=0.0 [PASS]
→ W4/B ... P99=2219.1 alloc/frame=0.0 [PASS]
→ W4/C ... P99=2074.3 alloc/frame=0.0 [PASS]
→ W4/D ... P99=2025.9 alloc/frame=0.0 [PASS]
→ W5/A ... P99=14.1 alloc/frame=0.0 [PASS]
→ W5/B ... P99=18.2 alloc/frame=0.0 [PASS]
→ W5/C ... P99=18.4 alloc/frame=0.0 [PASS]
→ W5/D ... P99=8.9 alloc/frame=0.0 [PASS]

✓ W-suite bundle: /home/runner/work/Weft/Weft/bench/results/wsuite-x86_64-sandbox.json
  cells: 20 (target: 20 = 5 workloads × 4 backends)
  pass: 20/20
1/B ... P99=91.5 alloc/frame=0.0 [PASS]
→ W1/C .../home/runner/work/Weft/Weft/core/c/weft.c:15: warning: "_GNU_SOURCE" redefined
   15 | #define _GNU_SOURCE  // for posix_memalign
      | 
<command-line>: note: this is the location of the previous definition
→ compiling Weft C kernel to /home/runner/work/Weft/Weft/core/c/libweft.so
 P99=85.0 alloc/frame=0.0 [PASS]
→ W1/D ... P99=63.0 alloc/frame=0.0 [PASS]
→ W2/A ... P99=60.1 alloc/frame=0.0 [PASS]
→ W2/B ... P99=81.4 alloc/frame=0.0 [PASS]
→ W2/C ... P99=81.9 alloc/frame=0.0 [PASS]
→ W2/D ... P99=33.6 alloc/frame=0.0 [PASS]
→ W3/A ... P99=7.2 alloc/frame=0.0 [PASS]
→ W3/B ... P99=8.7 alloc/frame=0.0 [PASS]
→ W3/C ... P99=8.7 alloc/frame=0.0 [PASS]
→ W3/D ... P99=4.8 alloc/frame=0.0 [PASS]
→ W4/A ... P99=2048.9 alloc/frame=0.0 [PASS]
→ W4/B ... P99=2219.1 alloc/frame=0.0 [PASS]
→ W4/C ... P99=2074.3 alloc/frame=0.0 [PASS]
→ W4/D ... P99=2025.9 alloc/frame=0.0 [PASS]
→ W5/A ... P99=14.1 alloc/frame=0.0 [PASS]
→ W5/B ... P99=18.2 alloc/frame=0.0 [PASS]
→ W5/C ... P99=18.4 alloc/frame=0.0 [PASS]
→ W5/D ... P99=8.9 alloc/frame=0.0 [PASS]

✓ W-suite bundle: /home/runner/work/Weft/Weft/bench/results/wsuite-x86_64-sandbox.json
  cells: 20 (target: 20 = 5 workloads × 4 backends)
  pass: 20/20
{
  "shard": "perf-regression",
  "status": "PASSED",
  "threshold_pct": 5,
  "regression_count": 0,
  "improvement_count": 20,
  "cells_compared": 20,
  "regressions": [],
  "improvements": [
    {
      "workload": "W1",
      "backend": "A",
      "baseline": 7.3,
      "actual": 82.4,
      "delta_pct": 1028.8,
      "reason": "improvement"
    },
    {
      "workload": "W1",
      "backend": "B",
      "baseline": 44.6,
      "actual": 91.5,
      "delta_pct": 105.2,
      "reason": "improvement"
    },
    {
      "workload": "W1",
      "backend": "C",
      "baseline": 7.8,
      "actual": 85.0,
      "delta_pct": 989.7,
      "reason": "improvement"
    },
    {
      "workload": "W1",
      "backend": "D",
      "baseline": 18.6,
      "actual": 63.0,
      "delta_pct": 238.7,
      "reason": "improvement"
    },
    {
      "workload": "W2",
      "backend": "A",
      "baseline": 4.3,
      "actual": 60.1,
      "delta_pct": 1297.7,
      "reason": "improvement"
    },
    {
      "workload": "W2",
      "backend": "B",
      "baseline": 6.1,
      "actual": 81.4,
      "delta_pct": 1234.4,
      "reason": "improvement"
    },
    {
      "workload": "W2",
      "backend": "C",
      "baseline": 16.4,
      "actual": 81.9,
      "delta_pct": 399.4,
      "reason": "improvement"
    },
    {
      "workload": "W2",
      "backend": "D",
      "baseline": 7.5,
      "actual": 33.6,
      "delta_pct": 348.0,
      "reason": "improvement"
    },
    {
      "workload": "W3",
      "backend": "A",
      "baseline": 2.6,
      "actual": 7.2,
      "delta_pct": 176.9,
      "reason": "improvement"
    },
    {
      "workload": "W3",
      "backend": "B",
      "baseline": 3.7,
      "actual": 8.7,
      "delta_pct": 135.1,
      "reason": "improvement"
    },
    {
      "workload": "W3",
      "backend": "C",
      "baseline": 2.8,
      "actual": 8.7,
      "delta_pct": 210.7,
      "reason": "improvement"
    },
    {
      "workload": "W3",
      "backend": "D",
      "baseline": 1.1,
      "actual": 4.8,
      "delta_pct": 336.4,
      "reason": "improvement"
    },
    {
      "workload": "W4",
      "backend": "A",
      "baseline": 659.0,
      "actual": 2048.9,
      "delta_pct": 210.9,
      "reason": "improvement"
    },
    {
      "workload": "W4",
      "backend": "B",
      "baseline": 681.4,
      "actual": 2219.1,
      "delta_pct": 225.7,
      "reason": "improvement"
    },
    {
      "workload": "W4",
      "backend": "C",
      "baseline": 578.3,
      "actual": 2074.3,
      "delta_pct": 258.7,
      "reason": "improvement"
    },
    {
      "workload": "W4",
      "backend": "D",
      "baseline": 409.0,
      "actual": 2025.9,
      "delta_pct": 395.3,
      "reason": "improvement"
    },
    {
      "workload": "W5",
      "backend": "A",
      "baseline": 5.4,
      "actual": 14.1,
      "delta_pct": 161.1,
      "reason": "improvement"
    },
    {
      "workload": "W5",
      "backend": "B",
      "baseline": 7.7,
      "actual": 18.2,
      "delta_pct": 136.4,
      "reason": "improvement"
    },
    {
      "workload": "W5",
      "backend": "C",
      "baseline": 7.7,
      "actual": 18.4,
      "delta_pct": 139.0,
      "reason": "improvement"
    },
    {
      "workload": "W5",
      "backend": "D",
      "baseline": 3.2,
      "actual": 8.9,
      "delta_pct": 178.1,
      "reason": "improvement"
    }
  ],
  "all_compared": [
    {
      "workload": "W1",
      "backend": "A",
      "baseline_p99": 7.3,
      "actual_p99": 82.4,
      "delta_pct": 1028.8
    },
    {
      "workload": "W1",
      "backend": "B",
      "baseline_p99": 44.6,
      "actual_p99": 91.5,
      "delta_pct": 105.2
    },
    {
      "workload": "W1",
      "backend": "C",
      "baseline_p99": 7.8,
      "actual_p99": 85.0,
      "delta_pct": 989.7
    },
    {
      "workload": "W1",
      "backend": "D",
      "baseline_p99": 18.6,
      "actual_p99": 63.0,
      "delta_pct": 238.7
    },
    {
      "workload": "W2",
      "backend": "A",
      "baseline_p99": 4.3,
      "actual_p99": 60.1,
      "delta_pct": 1297.7
    },
    {
      "workload": "W2",
      "backend": "B",
      "baseline_p99": 6.1,
      "actual_p99": 81.4,
      "delta_pct": 1234.4
    },
    {
      "workload": "W2",
      "backend": "C",
      "baseline_p99": 16.4,
      "actual_p99": 81.9,
      "delta_pct": 399.4
    },
    {
      "workload": "W2",
      "backend": "D",
      "baseline_p99": 7.5,
      "actual_p99": 33.6,
      "delta_pct": 348.0
    },
    {
      "workload": "W3",
      "backend": "A",
      "baseline_p99": 2.6,
      "actual_p99": 7.2,
      "delta_pct": 176.9
    },
    {
      "workload": "W3",
      "backend": "B",
      "baseline_p99": 3.7,
      "actual_p99": 8.7,
      "delta_pct": 135.1
    },
    {
      "workload": "W3",
      "backend": "C",
      "baseline_p99": 2.8,
      "actual_p99": 8.7,
      "delta_pct": 210.7
    },
    {
      "workload": "W3",
      "backend": "D",
      "baseline_p99": 1.1,
      "actual_p99": 4.8,
      "delta_pct": 336.4
    },
    {
      "workload": "W4",
      "backend": "A",
      "baseline_p99": 659.0,
      "actual_p99": 2048.9,
      "delta_pct": 210.9
    },
    {
      "workload": "W4",
      "backend": "B",
      "baseline_p99": 681.4,
      "actual_p99": 2219.1,
      "delta_pct": 225.7
    },
    {
      "workload": "W4",
      "backend": "C",
      "baseline_p99": 578.3,
      "actual_p99": 2074.3,
      "delta_pct": 258.7
    },
    {
      "workload": "W4",
      "backend": "D",
      "baseline_p99": 409.0,
      "actual_p99": 2025.9,
      "delta_pct": 395.3
    },
    {
      "workload": "W5",
      "backend": "A",
      "baseline_p99": 5.4,
      "actual_p99": 14.1,
      "delta_pct": 161.1
    },
    {
      "workload": "W5",
      "backend": "B",
      "baseline_p99": 7.7,
      "actual_p99": 18.2,
      "delta_pct": 136.4
    },
    {
      "workload": "W5",
      "backend": "C",
      "baseline_p99": 7.7,
      "actual_p99": 18.4,
      "delta_pct": 139.0
    },
    {
      "workload": "W5",
      "backend": "D",
      "baseline_p99": 3.2,
      "actual_p99": 8.9,
      "delta_pct": 178.1
    }
  ]
}

-> publish/claim P50+P99 latency vs ci/baselines/publish-claim-p99-baseline.json
  PASS claim_p50: {'actual': 30, 'baseline': 40, 'ok': True}
  PASS claim_p99: {'actual': 41, 'limit': 20000, 'noise_cap': 20000, 'ok': True}
  PASS publish_p50: {'actual': 40, 'baseline': 48, 'ok': True}
  PASS publish_p99: {'actual': 110, 'limit': 20000, 'noise_cap': 20000, 'ok': True}

=== Perf-regression status: PASSED ===
✅ No performance regressions
