==================================================
SHARD: perf-regression
DESCRIPTION: W-suite P99 vs pinned baseline; >15% drop = FAIL
STATUS: PASSED ✅
COMMIT: 1495e0128c7f5157ea13caf9538e8ef98c3625b0
RUN: 129
==================================================

→ W1/A ... P99=103.3 alloc/frame=0.0 [PASS]
→ W1/B ... P99=119.8 alloc/frame=0.0 [PASS]
→ W1/C .../home/runner/work/Weft/Weft/core/c/weft.c:15: warning: "_GNU_SOURCE" redefined
   15 | #define _GNU_SOURCE  // for posix_memalign
      | 
<command-line>: note: this is the location of the previous definition
→ compiling Weft C kernel to /home/runner/work/Weft/Weft/core/c/libweft.so
 P99=119.3 alloc/frame=0.0 [PASS]
→ W1/D ... P99=74.7 alloc/frame=0.0 [PASS]
→ W2/A ... P99=70.1 alloc/frame=0.0 [PASS]
→ W2/B ... P99=98.1 alloc/frame=0.0 [PASS]
→ W2/C ... P99=98.1 alloc/frame=0.0 [PASS]
→ W2/D ... P99=40.2 alloc/frame=0.0 [PASS]
→ W3/A ... P99=8.7 alloc/frame=0.0 [PASS]
→ W3/B ... P99=10.6 alloc/frame=0.0 [PASS]
→ W3/C ... P99=10.5 alloc/frame=0.0 [PASS]
→ W3/D ... P99=5.7 alloc/frame=0.0 [PASS]
→ W4/A ... P99=2486.9 alloc/frame=0.0 [PASS]
→ W4/B ... P99=2632.6 alloc/frame=0.0 [PASS]
→ W4/C ... P99=2522.1 alloc/frame=0.0 [PASS]
→ W4/D ... P99=2507.4 alloc/frame=0.0 [PASS]
→ W5/A ... P99=16.7 alloc/frame=0.0 [PASS]
→ W5/B ... P99=22.4 alloc/frame=0.0 [PASS]
→ W5/C ... P99=22.3 alloc/frame=0.0 [PASS]
→ W5/D ... P99=10.5 alloc/frame=0.0 [PASS]

✓ W-suite bundle: /home/runner/work/Weft/Weft/bench/results/wsuite-x86_64-sandbox.json
  cells: 20 (target: 20 = 5 workloads × 4 backends)
  pass: 20/20
.. P99=119.8 alloc/frame=0.0 [PASS]
→ W1/C .../home/runner/work/Weft/Weft/core/c/weft.c:15: warning: "_GNU_SOURCE" redefined
   15 | #define _GNU_SOURCE  // for posix_memalign
      | 
<command-line>: note: this is the location of the previous definition
→ compiling Weft C kernel to /home/runner/work/Weft/Weft/core/c/libweft.so
 P99=119.3 alloc/frame=0.0 [PASS]
→ W1/D ... P99=74.7 alloc/frame=0.0 [PASS]
→ W2/A ... P99=70.1 alloc/frame=0.0 [PASS]
→ W2/B ... P99=98.1 alloc/frame=0.0 [PASS]
→ W2/C ... P99=98.1 alloc/frame=0.0 [PASS]
→ W2/D ... P99=40.2 alloc/frame=0.0 [PASS]
→ W3/A ... P99=8.7 alloc/frame=0.0 [PASS]
→ W3/B ... P99=10.6 alloc/frame=0.0 [PASS]
→ W3/C ... P99=10.5 alloc/frame=0.0 [PASS]
→ W3/D ... P99=5.7 alloc/frame=0.0 [PASS]
→ W4/A ... P99=2486.9 alloc/frame=0.0 [PASS]
→ W4/B ... P99=2632.6 alloc/frame=0.0 [PASS]
→ W4/C ... P99=2522.1 alloc/frame=0.0 [PASS]
→ W4/D ... P99=2507.4 alloc/frame=0.0 [PASS]
→ W5/A ... P99=16.7 alloc/frame=0.0 [PASS]
→ W5/B ... P99=22.4 alloc/frame=0.0 [PASS]
→ W5/C ... P99=22.3 alloc/frame=0.0 [PASS]
→ W5/D ... P99=10.5 alloc/frame=0.0 [PASS]

✓ W-suite bundle: /home/runner/work/Weft/Weft/bench/results/wsuite-x86_64-sandbox.json
  cells: 20 (target: 20 = 5 workloads × 4 backends)
  pass: 20/20
{
  "shard": "perf-regression",
  "status": "PASSED",
  "threshold_pct": 15,
  "regression_count": 0,
  "improvement_count": 20,
  "cells_compared": 20,
  "regressions": [],
  "improvements": [
    {
      "workload": "W1",
      "backend": "A",
      "baseline": 7.3,
      "actual": 103.3,
      "delta_pct": 1315.1,
      "reason": "improvement"
    },
    {
      "workload": "W1",
      "backend": "B",
      "baseline": 44.6,
      "actual": 119.8,
      "delta_pct": 168.6,
      "reason": "improvement"
    },
    {
      "workload": "W1",
      "backend": "C",
      "baseline": 7.8,
      "actual": 119.3,
      "delta_pct": 1429.5,
      "reason": "improvement"
    },
    {
      "workload": "W1",
      "backend": "D",
      "baseline": 18.6,
      "actual": 74.7,
      "delta_pct": 301.6,
      "reason": "improvement"
    },
    {
      "workload": "W2",
      "backend": "A",
      "baseline": 4.3,
      "actual": 70.1,
      "delta_pct": 1530.2,
      "reason": "improvement"
    },
    {
      "workload": "W2",
      "backend": "B",
      "baseline": 6.1,
      "actual": 98.1,
      "delta_pct": 1508.2,
      "reason": "improvement"
    },
    {
      "workload": "W2",
      "backend": "C",
      "baseline": 16.4,
      "actual": 98.1,
      "delta_pct": 498.2,
      "reason": "improvement"
    },
    {
      "workload": "W2",
      "backend": "D",
      "baseline": 7.5,
      "actual": 40.2,
      "delta_pct": 436.0,
      "reason": "improvement"
    },
    {
      "workload": "W3",
      "backend": "A",
      "baseline": 2.6,
      "actual": 8.7,
      "delta_pct": 234.6,
      "reason": "improvement"
    },
    {
      "workload": "W3",
      "backend": "B",
      "baseline": 3.7,
      "actual": 10.6,
      "delta_pct": 186.5,
      "reason": "improvement"
    },
    {
      "workload": "W3",
      "backend": "C",
      "baseline": 2.8,
      "actual": 10.5,
      "delta_pct": 275.0,
      "reason": "improvement"
    },
    {
      "workload": "W3",
      "backend": "D",
      "baseline": 1.1,
      "actual": 5.7,
      "delta_pct": 418.2,
      "reason": "improvement"
    },
    {
      "workload": "W4",
      "backend": "A",
      "baseline": 659.0,
      "actual": 2486.9,
      "delta_pct": 277.4,
      "reason": "improvement"
    },
    {
      "workload": "W4",
      "backend": "B",
      "baseline": 681.4,
      "actual": 2632.6,
      "delta_pct": 286.4,
      "reason": "improvement"
    },
    {
      "workload": "W4",
      "backend": "C",
      "baseline": 578.3,
      "actual": 2522.1,
      "delta_pct": 336.1,
      "reason": "improvement"
    },
    {
      "workload": "W4",
      "backend": "D",
      "baseline": 409.0,
      "actual": 2507.4,
      "delta_pct": 513.1,
      "reason": "improvement"
    },
    {
      "workload": "W5",
      "backend": "A",
      "baseline": 5.4,
      "actual": 16.7,
      "delta_pct": 209.3,
      "reason": "improvement"
    },
    {
      "workload": "W5",
      "backend": "B",
      "baseline": 7.7,
      "actual": 22.4,
      "delta_pct": 190.9,
      "reason": "improvement"
    },
    {
      "workload": "W5",
      "backend": "C",
      "baseline": 7.7,
      "actual": 22.3,
      "delta_pct": 189.6,
      "reason": "improvement"
    },
    {
      "workload": "W5",
      "backend": "D",
      "baseline": 3.2,
      "actual": 10.5,
      "delta_pct": 228.1,
      "reason": "improvement"
    }
  ],
  "all_compared": [
    {
      "workload": "W1",
      "backend": "A",
      "baseline_p99": 7.3,
      "actual_p99": 103.3,
      "delta_pct": 1315.1
    },
    {
      "workload": "W1",
      "backend": "B",
      "baseline_p99": 44.6,
      "actual_p99": 119.8,
      "delta_pct": 168.6
    },
    {
      "workload": "W1",
      "backend": "C",
      "baseline_p99": 7.8,
      "actual_p99": 119.3,
      "delta_pct": 1429.5
    },
    {
      "workload": "W1",
      "backend": "D",
      "baseline_p99": 18.6,
      "actual_p99": 74.7,
      "delta_pct": 301.6
    },
    {
      "workload": "W2",
      "backend": "A",
      "baseline_p99": 4.3,
      "actual_p99": 70.1,
      "delta_pct": 1530.2
    },
    {
      "workload": "W2",
      "backend": "B",
      "baseline_p99": 6.1,
      "actual_p99": 98.1,
      "delta_pct": 1508.2
    },
    {
      "workload": "W2",
      "backend": "C",
      "baseline_p99": 16.4,
      "actual_p99": 98.1,
      "delta_pct": 498.2
    },
    {
      "workload": "W2",
      "backend": "D",
      "baseline_p99": 7.5,
      "actual_p99": 40.2,
      "delta_pct": 436.0
    },
    {
      "workload": "W3",
      "backend": "A",
      "baseline_p99": 2.6,
      "actual_p99": 8.7,
      "delta_pct": 234.6
    },
    {
      "workload": "W3",
      "backend": "B",
      "baseline_p99": 3.7,
      "actual_p99": 10.6,
      "delta_pct": 186.5
    },
    {
      "workload": "W3",
      "backend": "C",
      "baseline_p99": 2.8,
      "actual_p99": 10.5,
      "delta_pct": 275.0
    },
    {
      "workload": "W3",
      "backend": "D",
      "baseline_p99": 1.1,
      "actual_p99": 5.7,
      "delta_pct": 418.2
    },
    {
      "workload": "W4",
      "backend": "A",
      "baseline_p99": 659.0,
      "actual_p99": 2486.9,
      "delta_pct": 277.4
    },
    {
      "workload": "W4",
      "backend": "B",
      "baseline_p99": 681.4,
      "actual_p99": 2632.6,
      "delta_pct": 286.4
    },
    {
      "workload": "W4",
      "backend": "C",
      "baseline_p99": 578.3,
      "actual_p99": 2522.1,
      "delta_pct": 336.1
    },
    {
      "workload": "W4",
      "backend": "D",
      "baseline_p99": 409.0,
      "actual_p99": 2507.4,
      "delta_pct": 513.1
    },
    {
      "workload": "W5",
      "backend": "A",
      "baseline_p99": 5.4,
      "actual_p99": 16.7,
      "delta_pct": 209.3
    },
    {
      "workload": "W5",
      "backend": "B",
      "baseline_p99": 7.7,
      "actual_p99": 22.4,
      "delta_pct": 190.9
    },
    {
      "workload": "W5",
      "backend": "C",
      "baseline_p99": 7.7,
      "actual_p99": 22.3,
      "delta_pct": 189.6
    },
    {
      "workload": "W5",
      "backend": "D",
      "baseline_p99": 3.2,
      "actual_p99": 10.5,
      "delta_pct": 228.1
    }
  ]
}

=== Perf-regression status: PASSED ===
✅ No performance regressions
