==================================================
SHARD: litmus-ts
DESCRIPTION: L1-L8 litmus suite, TS kernel (with EXPOSURE-RETRY)
STATUS: PASSED ✅
COMMIT: fed1f2d055452fb5cfbb3fba5ee8ed7f95e02509
RUN: 263
==================================================

# Loaded catalog: weft-litmus v3
  running ts L1-tear...
    -> exit=0 elaps    -> exit=0 elapsed=0.7s pass=True
  running ts     -> exit=0 elaps    -> exit=0 elapsed=0.4s pass=True
  running ts     -> exit=0 elaps    -> exit=0 elapsed=0.2s pass=True
  running     -> exit=0 elaps    -> exit=0 elapsed=0.2s pass=True
  running    -> exit=0 elaps    -> exit=0 elapsed=4.2s pass=True
  running     -> exit=0 elaps    -> exit=0 elapsed=14.1s pass=True
  running t    -> exit=0 elaps    -> exit=0 elapsed=0.2s pass=True
  running    -> exit=0 elaps    -> exit=0 elapWrote /home/runner/Wrote /home/runner/work/Weft/WefWrote /home/runner/Wrote /home/runner/work/Weft/Weft/litmus/results.json
{
  "shard": "litmus-ts",
  "status": "PASSED",
  "cells_pass": 8,
  "cells_total": 8,
  "cells": {
    "ts/L1-tear": true,
    "ts/L2-writer-steps": true,
    "ts/L3-reader-steps": true,
    "ts/L4-freshness": true,
    "ts/L5-progress": true,
    "ts/L6-ownership": true,
    "ts/L7-revocation": true,
    "ts/L8-envelope": true
  }
}
