==================================================
SHARD: perf-regression
DESCRIPTION: W-suite P99 vs pinned baseline; >15% drop = FAIL
STATUS: PASSED ✅
COMMIT: fed1f2d055452fb5cfbb3fba5ee8ed7f95e02509
RUN: 263
==================================================

→ W1/A ... P99=98.1 alloc/frame=0.0 [PASS]
→ W1/B ... P99=165.0 alloc/frame=0.0 [PASS]
→ W1/C .../home/runner/work/Weft/Weft/core/c/weft.c:15: warning: "_GNU_SOURCE" redefined
   15 | #define _GNU_SOURCE  // for posix_memalign
      | 
<command-line>: note: this is the location of the previous definition
→ compiling Weft C kernel to /home/runner/work/Weft/Weft/core/c/libweft.so
 P99=168.7 alloc/frame=0.0 [PASS]
→ W1/D ... P99=103.0 alloc/frame=0.0 [PASS]
→ W2/A ... P99=98.6 alloc/frame=0.0 [PASS]
→ W2/B ... P99=80.1 alloc/frame=0.0 [PASS]
→ W2/C ... P99=129.8 alloc/frame=0.0 [PASS]
→ W2/D ... P99=45.0 alloc/frame=0.0 [PASS]
→ W3/A ... P99=11.4 alloc/frame=0.0 [PASS]
→ W3/B ... P99=13.5 alloc/frame=0.0 [PASS]
→ W3/C ... P99=13.2 alloc/frame=0.0 [PASS]
→ W3/D ... P99=8.0 alloc/frame=0.0 [PASS]
→ W4/A ... P99=1822.7 alloc/frame=0.0 [PASS]
→ W4/B ... P99=3512.6 alloc/frame=0.0 [PASS]
→ W4/C ... P99=3293.8 alloc/frame=0.0 [PASS]
→ W4/D ... P99=3314.6 alloc/frame=0.0 [PASS]
→ W5/A ... P99=21.5 alloc/frame=0.0 [PASS]
→ W5/B ... P99=22.2 alloc/frame=0.0 [PASS]
→ W5/C ... P99=29.6 alloc/frame=0.0 [PASS]
→ W5/D ... P99=14.5 alloc/frame=0.0 [PASS]

✓ W-suite bundle: /home/runner/work/Weft/Weft/bench/results/wsuite-x86_64-sandbox.json
  cells: 20 (target: 20 = 5 workloads × 4 backends)
  pass: 20/20
P99=165.0 alloc/frame=0.0 [PASS]
→ W1/C .../home/runner/work/Weft/Weft/core/c/weft.c:15: warning: "_GNU_SOURCE" redefined
   15 | #define _GNU_SOURCE  // for posix_memalign
      | 
<command-line>: note: this is the location of the previous definition
→ compiling Weft C kernel to /home/runner/work/Weft/Weft/core/c/libweft.so
 P99=168.7 alloc/frame=0.0 [PASS]
→ W1/D ... P99=103.0 alloc/frame=0.0 [PASS]
→ W2/A ... P99=98.6 alloc/frame=0.0 [PASS]
→ W2/B ... P99=80.1 alloc/frame=0.0 [PASS]
→ W2/C ... P99=129.8 alloc/frame=0.0 [PASS]
→ W2/D ... P99=45.0 alloc/frame=0.0 [PASS]
→ W3/A ... P99=11.4 alloc/frame=0.0 [PASS]
→ W3/B ... P99=13.5 alloc/frame=0.0 [PASS]
→ W3/C ... P99=13.2 alloc/frame=0.0 [PASS]
→ W3/D ... P99=8.0 alloc/frame=0.0 [PASS]
→ W4/A ... P99=1822.7 alloc/frame=0.0 [PASS]
→ W4/B ... P99=3512.6 alloc/frame=0.0 [PASS]
→ W4/C ... P99=3293.8 alloc/frame=0.0 [PASS]
→ W4/D ... P99=3314.6 alloc/frame=0.0 [PASS]
→ W5/A ... P99=21.5 alloc/frame=0.0 [PASS]
→ W5/B ... P99=22.2 alloc/frame=0.0 [PASS]
→ W5/C ... P99=29.6 alloc/frame=0.0 [PASS]
→ W5/D ... P99=14.5 alloc/frame=0.0 [PASS]

✓ W-suite bundle: /home/runner/work/Weft/Weft/bench/results/wsuite-x86_64-sandbox.json
  cells: 20 (target: 20 = 5 workloads × 4 backends)
  pass: 20/20
{
  "shard": "perf-regression",
  "status": "PASSED",
  "threshold_pct": 5,
  "regression_count": 0,
  "improvement_count": 20,
  "cells_compared": 20,
  "regressions": [],
  "improvements": [
    {
      "workload": "W1",
      "backend": "A",
      "baseline": 7.3,
      "actual": 98.1,
      "delta_pct": 1243.8,
      "reason": "improvement"
    },
    {
      "workload": "W1",
      "backend": "B",
      "baseline": 44.6,
      "actual": 165.0,
      "delta_pct": 270.0,
      "reason": "improvement"
    },
    {
      "workload": "W1",
      "backend": "C",
      "baseline": 7.8,
      "actual": 168.7,
      "delta_pct": 2062.8,
      "reason": "improvement"
    },
    {
      "workload": "W1",
      "backend": "D",
      "baseline": 18.6,
      "actual": 103.0,
      "delta_pct": 453.8,
      "reason": "improvement"
    },
    {
      "workload": "W2",
      "backend": "A",
      "baseline": 4.3,
      "actual": 98.6,
      "delta_pct": 2193.0,
      "reason": "improvement"
    },
    {
      "workload": "W2",
      "backend": "B",
      "baseline": 6.1,
      "actual": 80.1,
      "delta_pct": 1213.1,
      "reason": "improvement"
    },
    {
      "workload": "W2",
      "backend": "C",
      "baseline": 16.4,
      "actual": 129.8,
      "delta_pct": 691.5,
      "reason": "improvement"
    },
    {
      "workload": "W2",
      "backend": "D",
      "baseline": 7.5,
      "actual": 45.0,
      "delta_pct": 500.0,
      "reason": "improvement"
    },
    {
      "workload": "W3",
      "backend": "A",
      "baseline": 2.6,
      "actual": 11.4,
      "delta_pct": 338.5,
      "reason": "improvement"
    },
    {
      "workload": "W3",
      "backend": "B",
      "baseline": 3.7,
      "actual": 13.5,
      "delta_pct": 264.9,
      "reason": "improvement"
    },
    {
      "workload": "W3",
      "backend": "C",
      "baseline": 2.8,
      "actual": 13.2,
      "delta_pct": 371.4,
      "reason": "improvement"
    },
    {
      "workload": "W3",
      "backend": "D",
      "baseline": 1.1,
      "actual": 8.0,
      "delta_pct": 627.3,
      "reason": "improvement"
    },
    {
      "workload": "W4",
      "backend": "A",
      "baseline": 659.0,
      "actual": 1822.7,
      "delta_pct": 176.6,
      "reason": "improvement"
    },
    {
      "workload": "W4",
      "backend": "B",
      "baseline": 681.4,
      "actual": 3512.6,
      "delta_pct": 415.5,
      "reason": "improvement"
    },
    {
      "workload": "W4",
      "backend": "C",
      "baseline": 578.3,
      "actual": 3293.8,
      "delta_pct": 469.6,
      "reason": "improvement"
    },
    {
      "workload": "W4",
      "backend": "D",
      "baseline": 409.0,
      "actual": 3314.6,
      "delta_pct": 710.4,
      "reason": "improvement"
    },
    {
      "workload": "W5",
      "backend": "A",
      "baseline": 5.4,
      "actual": 21.5,
      "delta_pct": 298.1,
      "reason": "improvement"
    },
    {
      "workload": "W5",
      "backend": "B",
      "baseline": 7.7,
      "actual": 22.2,
      "delta_pct": 188.3,
      "reason": "improvement"
    },
    {
      "workload": "W5",
      "backend": "C",
      "baseline": 7.7,
      "actual": 29.6,
      "delta_pct": 284.4,
      "reason": "improvement"
    },
    {
      "workload": "W5",
      "backend": "D",
      "baseline": 3.2,
      "actual": 14.5,
      "delta_pct": 353.1,
      "reason": "improvement"
    }
  ],
  "all_compared": [
    {
      "workload": "W1",
      "backend": "A",
      "baseline_p99": 7.3,
      "actual_p99": 98.1,
      "delta_pct": 1243.8
    },
    {
      "workload": "W1",
      "backend": "B",
      "baseline_p99": 44.6,
      "actual_p99": 165.0,
      "delta_pct": 270.0
    },
    {
      "workload": "W1",
      "backend": "C",
      "baseline_p99": 7.8,
      "actual_p99": 168.7,
      "delta_pct": 2062.8
    },
    {
      "workload": "W1",
      "backend": "D",
      "baseline_p99": 18.6,
      "actual_p99": 103.0,
      "delta_pct": 453.8
    },
    {
      "workload": "W2",
      "backend": "A",
      "baseline_p99": 4.3,
      "actual_p99": 98.6,
      "delta_pct": 2193.0
    },
    {
      "workload": "W2",
      "backend": "B",
      "baseline_p99": 6.1,
      "actual_p99": 80.1,
      "delta_pct": 1213.1
    },
    {
      "workload": "W2",
      "backend": "C",
      "baseline_p99": 16.4,
      "actual_p99": 129.8,
      "delta_pct": 691.5
    },
    {
      "workload": "W2",
      "backend": "D",
      "baseline_p99": 7.5,
      "actual_p99": 45.0,
      "delta_pct": 500.0
    },
    {
      "workload": "W3",
      "backend": "A",
      "baseline_p99": 2.6,
      "actual_p99": 11.4,
      "delta_pct": 338.5
    },
    {
      "workload": "W3",
      "backend": "B",
      "baseline_p99": 3.7,
      "actual_p99": 13.5,
      "delta_pct": 264.9
    },
    {
      "workload": "W3",
      "backend": "C",
      "baseline_p99": 2.8,
      "actual_p99": 13.2,
      "delta_pct": 371.4
    },
    {
      "workload": "W3",
      "backend": "D",
      "baseline_p99": 1.1,
      "actual_p99": 8.0,
      "delta_pct": 627.3
    },
    {
      "workload": "W4",
      "backend": "A",
      "baseline_p99": 659.0,
      "actual_p99": 1822.7,
      "delta_pct": 176.6
    },
    {
      "workload": "W4",
      "backend": "B",
      "baseline_p99": 681.4,
      "actual_p99": 3512.6,
      "delta_pct": 415.5
    },
    {
      "workload": "W4",
      "backend": "C",
      "baseline_p99": 578.3,
      "actual_p99": 3293.8,
      "delta_pct": 469.6
    },
    {
      "workload": "W4",
      "backend": "D",
      "baseline_p99": 409.0,
      "actual_p99": 3314.6,
      "delta_pct": 710.4
    },
    {
      "workload": "W5",
      "backend": "A",
      "baseline_p99": 5.4,
      "actual_p99": 21.5,
      "delta_pct": 298.1
    },
    {
      "workload": "W5",
      "backend": "B",
      "baseline_p99": 7.7,
      "actual_p99": 22.2,
      "delta_pct": 188.3
    },
    {
      "workload": "W5",
      "backend": "C",
      "baseline_p99": 7.7,
      "actual_p99": 29.6,
      "delta_pct": 284.4
    },
    {
      "workload": "W5",
      "backend": "D",
      "baseline_p99": 3.2,
      "actual_p99": 14.5,
      "delta_pct": 353.1
    }
  ]
}

-> publish/claim P50+P99 latency vs ci/baselines/publish-claim-p99-baseline.json
  PASS claim_p50: {'actual': 30, 'baseline': 40, 'ok': True}
  PASS claim_p99: {'actual': 60, 'limit': 20000, 'noise_cap': 20000, 'ok': True}
  PASS publish_p50: {'actual': 40, 'baseline': 48, 'ok': True}
  PASS publish_p99: {'actual': 70, 'limit': 20000, 'noise_cap': 20000, 'ok': True}

=== Perf-regression status: PASSED ===
✅ No performance regressions
