==================================================
SHARD: perf-regression
DESCRIPTION: W-suite P99 vs pinned baseline; >15% drop = FAIL
STATUS: PASSED ✅
COMMIT: 3df16f58f0ff92619c57cc4fe0ea22bca81cb7be
RUN: 188
==================================================

→ W1/A ... P99=91.3 alloc/frame=0.0 [PASS]
→ W1/B ... P99=111.2 alloc/frame=0.0 [PASS]
→ W1/C .../home/runner/work/Weft/Weft/core/c/weft.c:15: warning: "_GNU_SOURCE" redefined
   15 | #define _GNU_SOURCE  // for posix_memalign
      | 
<command-line>: note: this is the location of the previous definition
→ compiling Weft C kernel to /home/runner/work/Weft/Weft/core/c/libweft.so
 P99=121.0 alloc/frame=0.0 [PASS]
→ W1/D ... P99=76.1 alloc/frame=0.0 [PASS]
→ W2/A ... P99=72.5 alloc/frame=0.0 [PASS]
→ W2/B ... P99=100.5 alloc/frame=0.0 [PASS]
→ W2/C ... P99=99.6 alloc/frame=0.0 [PASS]
→ W2/D ... P99=40.1 alloc/frame=0.0 [PASS]
→ W3/A ... P99=8.7 alloc/frame=0.0 [PASS]
→ W3/B ... P99=10.7 alloc/frame=0.0 [PASS]
→ W3/C ... P99=10.1 alloc/frame=0.0 [PASS]
→ W3/D ... P99=5.7 alloc/frame=0.0 [PASS]
→ W4/A ... P99=2496.8 alloc/frame=0.0 [PASS]
→ W4/B ... P99=2610.3 alloc/frame=0.0 [PASS]
→ W4/C ... P99=2493.9 alloc/frame=0.0 [PASS]
→ W4/D ... P99=2492.8 alloc/frame=0.0 [PASS]
→ W5/A ... P99=17.1 alloc/frame=0.0 [PASS]
→ W5/B ... P99=22.3 alloc/frame=0.0 [PASS]
→ W5/C ... P99=22.4 alloc/frame=0.0 [PASS]
→ W5/D ... P99=9.8 alloc/frame=0.0 [PASS]

✓ W-suite bundle: /home/runner/work/Weft/Weft/bench/results/wsuite-x86_64-sandbox.json
  cells: 20 (target: 20 = 5 workloads × 4 backends)
  pass: 20/20
.. P99=111.2 alloc/frame=0.0 [PASS]
→ W1/C .../home/runner/work/Weft/Weft/core/c/weft.c:15: warning: "_GNU_SOURCE" redefined
   15 | #define _GNU_SOURCE  // for posix_memalign
      | 
<command-line>: note: this is the location of the previous definition
→ compiling Weft C kernel to /home/runner/work/Weft/Weft/core/c/libweft.so
 P99=121.0 alloc/frame=0.0 [PASS]
→ W1/D ... P99=76.1 alloc/frame=0.0 [PASS]
→ W2/A ... P99=72.5 alloc/frame=0.0 [PASS]
→ W2/B ... P99=100.5 alloc/frame=0.0 [PASS]
→ W2/C ... P99=99.6 alloc/frame=0.0 [PASS]
→ W2/D ... P99=40.1 alloc/frame=0.0 [PASS]
→ W3/A ... P99=8.7 alloc/frame=0.0 [PASS]
→ W3/B ... P99=10.7 alloc/frame=0.0 [PASS]
→ W3/C ... P99=10.1 alloc/frame=0.0 [PASS]
→ W3/D ... P99=5.7 alloc/frame=0.0 [PASS]
→ W4/A ... P99=2496.8 alloc/frame=0.0 [PASS]
→ W4/B ... P99=2610.3 alloc/frame=0.0 [PASS]
→ W4/C ... P99=2493.9 alloc/frame=0.0 [PASS]
→ W4/D ... P99=2492.8 alloc/frame=0.0 [PASS]
→ W5/A ... P99=17.1 alloc/frame=0.0 [PASS]
→ W5/B ... P99=22.3 alloc/frame=0.0 [PASS]
→ W5/C ... P99=22.4 alloc/frame=0.0 [PASS]
→ W5/D ... P99=9.8 alloc/frame=0.0 [PASS]

✓ W-suite bundle: /home/runner/work/Weft/Weft/bench/results/wsuite-x86_64-sandbox.json
  cells: 20 (target: 20 = 5 workloads × 4 backends)
  pass: 20/20
{
  "shard": "perf-regression",
  "status": "PASSED",
  "threshold_pct": 5,
  "regression_count": 0,
  "improvement_count": 20,
  "cells_compared": 20,
  "regressions": [],
  "improvements": [
    {
      "workload": "W1",
      "backend": "A",
      "baseline": 7.3,
      "actual": 91.3,
      "delta_pct": 1150.7,
      "reason": "improvement"
    },
    {
      "workload": "W1",
      "backend": "B",
      "baseline": 44.6,
      "actual": 111.2,
      "delta_pct": 149.3,
      "reason": "improvement"
    },
    {
      "workload": "W1",
      "backend": "C",
      "baseline": 7.8,
      "actual": 121.0,
      "delta_pct": 1451.3,
      "reason": "improvement"
    },
    {
      "workload": "W1",
      "backend": "D",
      "baseline": 18.6,
      "actual": 76.1,
      "delta_pct": 309.1,
      "reason": "improvement"
    },
    {
      "workload": "W2",
      "backend": "A",
      "baseline": 4.3,
      "actual": 72.5,
      "delta_pct": 1586.0,
      "reason": "improvement"
    },
    {
      "workload": "W2",
      "backend": "B",
      "baseline": 6.1,
      "actual": 100.5,
      "delta_pct": 1547.5,
      "reason": "improvement"
    },
    {
      "workload": "W2",
      "backend": "C",
      "baseline": 16.4,
      "actual": 99.6,
      "delta_pct": 507.3,
      "reason": "improvement"
    },
    {
      "workload": "W2",
      "backend": "D",
      "baseline": 7.5,
      "actual": 40.1,
      "delta_pct": 434.7,
      "reason": "improvement"
    },
    {
      "workload": "W3",
      "backend": "A",
      "baseline": 2.6,
      "actual": 8.7,
      "delta_pct": 234.6,
      "reason": "improvement"
    },
    {
      "workload": "W3",
      "backend": "B",
      "baseline": 3.7,
      "actual": 10.7,
      "delta_pct": 189.2,
      "reason": "improvement"
    },
    {
      "workload": "W3",
      "backend": "C",
      "baseline": 2.8,
      "actual": 10.1,
      "delta_pct": 260.7,
      "reason": "improvement"
    },
    {
      "workload": "W3",
      "backend": "D",
      "baseline": 1.1,
      "actual": 5.7,
      "delta_pct": 418.2,
      "reason": "improvement"
    },
    {
      "workload": "W4",
      "backend": "A",
      "baseline": 659.0,
      "actual": 2496.8,
      "delta_pct": 278.9,
      "reason": "improvement"
    },
    {
      "workload": "W4",
      "backend": "B",
      "baseline": 681.4,
      "actual": 2610.3,
      "delta_pct": 283.1,
      "reason": "improvement"
    },
    {
      "workload": "W4",
      "backend": "C",
      "baseline": 578.3,
      "actual": 2493.9,
      "delta_pct": 331.2,
      "reason": "improvement"
    },
    {
      "workload": "W4",
      "backend": "D",
      "baseline": 409.0,
      "actual": 2492.8,
      "delta_pct": 509.5,
      "reason": "improvement"
    },
    {
      "workload": "W5",
      "backend": "A",
      "baseline": 5.4,
      "actual": 17.1,
      "delta_pct": 216.7,
      "reason": "improvement"
    },
    {
      "workload": "W5",
      "backend": "B",
      "baseline": 7.7,
      "actual": 22.3,
      "delta_pct": 189.6,
      "reason": "improvement"
    },
    {
      "workload": "W5",
      "backend": "C",
      "baseline": 7.7,
      "actual": 22.4,
      "delta_pct": 190.9,
      "reason": "improvement"
    },
    {
      "workload": "W5",
      "backend": "D",
      "baseline": 3.2,
      "actual": 9.8,
      "delta_pct": 206.2,
      "reason": "improvement"
    }
  ],
  "all_compared": [
    {
      "workload": "W1",
      "backend": "A",
      "baseline_p99": 7.3,
      "actual_p99": 91.3,
      "delta_pct": 1150.7
    },
    {
      "workload": "W1",
      "backend": "B",
      "baseline_p99": 44.6,
      "actual_p99": 111.2,
      "delta_pct": 149.3
    },
    {
      "workload": "W1",
      "backend": "C",
      "baseline_p99": 7.8,
      "actual_p99": 121.0,
      "delta_pct": 1451.3
    },
    {
      "workload": "W1",
      "backend": "D",
      "baseline_p99": 18.6,
      "actual_p99": 76.1,
      "delta_pct": 309.1
    },
    {
      "workload": "W2",
      "backend": "A",
      "baseline_p99": 4.3,
      "actual_p99": 72.5,
      "delta_pct": 1586.0
    },
    {
      "workload": "W2",
      "backend": "B",
      "baseline_p99": 6.1,
      "actual_p99": 100.5,
      "delta_pct": 1547.5
    },
    {
      "workload": "W2",
      "backend": "C",
      "baseline_p99": 16.4,
      "actual_p99": 99.6,
      "delta_pct": 507.3
    },
    {
      "workload": "W2",
      "backend": "D",
      "baseline_p99": 7.5,
      "actual_p99": 40.1,
      "delta_pct": 434.7
    },
    {
      "workload": "W3",
      "backend": "A",
      "baseline_p99": 2.6,
      "actual_p99": 8.7,
      "delta_pct": 234.6
    },
    {
      "workload": "W3",
      "backend": "B",
      "baseline_p99": 3.7,
      "actual_p99": 10.7,
      "delta_pct": 189.2
    },
    {
      "workload": "W3",
      "backend": "C",
      "baseline_p99": 2.8,
      "actual_p99": 10.1,
      "delta_pct": 260.7
    },
    {
      "workload": "W3",
      "backend": "D",
      "baseline_p99": 1.1,
      "actual_p99": 5.7,
      "delta_pct": 418.2
    },
    {
      "workload": "W4",
      "backend": "A",
      "baseline_p99": 659.0,
      "actual_p99": 2496.8,
      "delta_pct": 278.9
    },
    {
      "workload": "W4",
      "backend": "B",
      "baseline_p99": 681.4,
      "actual_p99": 2610.3,
      "delta_pct": 283.1
    },
    {
      "workload": "W4",
      "backend": "C",
      "baseline_p99": 578.3,
      "actual_p99": 2493.9,
      "delta_pct": 331.2
    },
    {
      "workload": "W4",
      "backend": "D",
      "baseline_p99": 409.0,
      "actual_p99": 2492.8,
      "delta_pct": 509.5
    },
    {
      "workload": "W5",
      "backend": "A",
      "baseline_p99": 5.4,
      "actual_p99": 17.1,
      "delta_pct": 216.7
    },
    {
      "workload": "W5",
      "backend": "B",
      "baseline_p99": 7.7,
      "actual_p99": 22.3,
      "delta_pct": 189.6
    },
    {
      "workload": "W5",
      "backend": "C",
      "baseline_p99": 7.7,
      "actual_p99": 22.4,
      "delta_pct": 190.9
    },
    {
      "workload": "W5",
      "backend": "D",
      "baseline_p99": 3.2,
      "actual_p99": 9.8,
      "delta_pct": 206.2
    }
  ]
}

-> publish/claim P50+P99 latency vs ci/baselines/publish-claim-p99-baseline.json
  PASS claim_p50: {'actual': 30, 'baseline': 40, 'ok': True}
  PASS claim_p99: {'actual': 40, 'limit': 20000, 'noise_cap': 20000, 'ok': True}
  PASS publish_p50: {'actual': 30, 'baseline': 48, 'ok': True}
  PASS publish_p99: {'actual': 9995, 'limit': 20000, 'noise_cap': 20000, 'ok': True}

=== Perf-regression status: PASSED ===
✅ No performance regressions
