=== Starting npm Packages CI (Node 24) ===
[PASS] core/kotlin/FrameCursor.kt  <->  android/weft-core/src/main/kotlin/dev/weft/FrameCursor.kt
[PASS] core/kotlin/Fanout.kt  <->  android/weft-core/src/main/kotlin/dev/weft/Fanout.kt
[PASS] core/kotlin/FanoutCompat.kt  <->  android/weft-core/src/main/kotlin/dev/weft/FanoutCompat.kt
[PASS] core/kotlin/Steward.kt  <->  android/weft-core/src/main/kotlin/dev/weft/Steward.kt
[PASS] core/kotlin/TriadNative.kt  <->  android/weft-core/src/main/kotlin/dev/weft/TriadNative.kt
[PASS] core/kotlin/Weft.kt  <->  android/weft-core/src/main/kotlin/dev/weft/Weft.kt
[PASS] core/kotlin/Governor.kt  <->  android/weft-core/src/main/kotlin/dev/weft/Governor.kt
[PASS] core/kotlin/Recycler.kt  <->  android/weft-core/src/main/kotlin/dev/weft/Recycler.kt
[PASS] core/kotlin/GovernedFanoutConsumer.kt  <->  android/weft-core/src/main/kotlin/dev/weft/GovernedFanoutConsumer.kt
[PASS] core/kotlin/FanoutVhBridge.java  <->  android/weft-core/src/main/java/dev/weft/FanoutVhBridge.java
[PASS] core/dart/frame_cursor.dart  <->  packages/flutter_weft/lib/src/reference/frame_cursor.dart
[PASS] core/dart/fanout.dart  <->  packages/flutter_weft/lib/src/reference/fanout.dart
[PASS] core/dart/heddle.dart  <->  packages/flutter_weft/lib/src/reference/heddle.dart
[PASS] core/dart/steward.dart  <->  packages/flutter_weft/lib/src/reference/steward.dart
[PASS] core/dart/weft.dart  <->  packages/flutter_weft/lib/src/reference/weft.dart
[PASS] core/ts/weft.ts  <->  packages/core/src/weft.ts
[PASS] core/ts/fanout.ts  <->  packages/core/src/fanout.ts
[PASS] core/ts/verified.ts  <->  packages/core/src/verified.ts
[PASS] core/kotlin/Verified.kt  <->  android/weft-core/src/main/kotlin/dev/weft/Verified.kt
[PASS] core/dart/verified.dart  <->  packages/flutter_weft/lib/src/reference/verified.dart
[PASS] core/dart/governor.dart  <->  packages/flutter_weft/lib/src/reference/governor.dart
[PASS] core/dart/recycler.dart  <->  packages/flutter_weft/lib/src/reference/recycler.dart
[PASS] core/dart/governed_consumer.dart  <->  packages/flutter_weft/lib/src/reference/governed_consumer.dart
[PASS] core/kotlin/BlendQ12.kt  <->  android/weft-core/src/main/kotlin/dev/weft/BlendQ12.kt
[PASS] core/kotlin/RenderQos.kt  <->  android/weft-core/src/main/kotlin/dev/weft/RenderQos.kt
[PASS] core/dart/blend_q12.dart  <->  packages/flutter_weft/lib/src/reference/blend_q12.dart
[PASS] core/dart/render_qos.dart  <->  packages/flutter_weft/lib/src/reference/render_qos.dart
{"shard":"binding-parity","passed":27,"failed":0,"total":27,"cells":{"core/kotlin/FrameCursor.kt":{"status":"PASS","detail":"identical"},"core/kotlin/Fanout.kt":{"status":"PASS","detail":"identical"},"core/kotlin/FanoutCompat.kt":{"status":"PASS","detail":"identical"},"core/kotlin/Steward.kt":{"status":"PASS","detail":"identical"},"core/kotlin/TriadNative.kt":{"status":"PASS","detail":"identical"},"core/kotlin/Weft.kt":{"status":"PASS","detail":"identical"},"core/kotlin/Governor.kt":{"status":"PASS","detail":"identical"},"core/kotlin/Recycler.kt":{"status":"PASS","detail":"identical"},"core/kotlin/GovernedFanoutConsumer.kt":{"status":"PASS","detail":"identical"},"core/kotlin/FanoutVhBridge.java":{"status":"PASS","detail":"identical"},"core/dart/frame_cursor.dart":{"status":"PASS","detail":"identical"},"core/dart/fanout.dart":{"status":"PASS","detail":"identical"},"core/dart/heddle.dart":{"status":"PASS","detail":"identical"},"core/dart/steward.dart":{"status":"PASS","detail":"identical"},"core/dart/weft.dart":{"status":"PASS","detail":"identical"},"core/ts/weft.ts":{"status":"PASS","detail":"identical"},"core/ts/fanout.ts":{"status":"PASS","detail":"identical"},"core/ts/verified.ts":{"status":"PASS","detail":"identical"},"core/kotlin/Verified.kt":{"status":"PASS","detail":"identical"},"core/dart/verified.dart":{"status":"PASS","detail":"identical"},"core/dart/governor.dart":{"status":"PASS","detail":"identical"},"core/dart/recycler.dart":{"status":"PASS","detail":"identical"},"core/dart/governed_consumer.dart":{"status":"PASS","detail":"identical"},"core/kotlin/BlendQ12.kt":{"status":"PASS","detail":"identical"},"core/kotlin/RenderQos.kt":{"status":"PASS","detail":"identical"},"core/dart/blend_q12.dart":{"status":"PASS","detail":"identical"},"core/dart/render_qos.dart":{"status":"PASS","detail":"identical"}}}
✅ Binding parity: 27/27 pairs byte-identical

=== heddles <-> packages surface parity (shim re-exports) ===
[PASS] heddles/react/WeftCanvas.tsx  ->  packages/react/src/index.ts
[PASS] heddles/vue/useWeft.ts  ->  packages/vue/src/index.ts
[PASS] heddles/svelte/weft-action.ts  ->  packages/svelte/src/index.ts
[PASS] heddles/react-native/weft-rn.ts  ->  packages/react-native/src/index.ts
✅ Heddles surface parity: 4/4 shims aligned
{"shard":"binding-parity","byte_pairs":{"passed":27,"failed":0,"total":27},"shim_pairs":{"passed":4,"failed":0,"total":4,"cells":{"heddles/react/WeftCanvas.tsx":{"status":"PASS","detail":"surface parity"},"heddles/vue/useWeft.ts":{"status":"PASS","detail":"surface parity"},"heddles/svelte/weft-action.ts":{"status":"PASS","detail":"surface parity"},"heddles/react-native/weft-rn.ts":{"status":"PASS","detail":"surface parity"}}}}
Scope: all 20 workspace projects
Lockfile is up to date, resolution step is skipped
Progress: resolved 1, reused 0, downloaded 0, added 0
Packages: +447
++++++++++++++++++++++++++++++++++++++++++++++++++++++++++++++++++++++++++++++++
Progress: resolved 447, reused 0, downloaded 175, added 181
Progress: resolved 447, reused 0, downloaded 342, added 348
Progress: resolved 447, reused 0, downloaded 436, added 447, done
.../esbuild@0.27.7/node_modules/esbuild postinstall$ node install.js
.../esbuild@0.21.5/node_modules/esbuild postinstall$ node install.js
.../esbuild@0.25.12/node_modules/esbuild postinstall$ node install.js
.../esbuild@0.27.7/node_modules/esbuild postinstall: Done
.../esbuild@0.25.12/node_modules/esbuild postinstall: Done
.../esbuild@0.21.5/node_modules/esbuild postinstall: Done

devDependencies:
+ @microsoft/api-extractor 7.59.1
+ tsup 8.5.1
+ typescript 5.9.3

Done in 3.3s
Scope: 19 of 20 workspace projects
packages/core build$ tsup
packages/heddle-canvas build$ tsup
packages/core build: [34mCLI[39m Building entry: src/index.ts, src/worker.ts
packages/core build: [34mCLI[39m Using tsconfig: tsconfig.json
packages/core build: [34mCLI[39m tsup v8.5.1
packages/core build: [34mCLI[39m Using tsup config: /home/runner/work/Weft/Weft/packages/core/tsup.config.ts
packages/heddle-canvas build: [34mCLI[39m Building entry: src/index.ts
packages/heddle-canvas build: [34mCLI[39m Using tsconfig: tsconfig.json
packages/heddle-canvas build: [34mCLI[39m tsup v8.5.1
packages/heddle-canvas build: [34mCLI[39m Using tsup config: /home/runner/work/Weft/Weft/packages/heddle-canvas/tsup.config.ts
packages/heddle-canvas build: [34mCLI[39m Target: es2022
packages/core build: [34mCLI[39m Target: es2022
packages/heddle-canvas build: [34mCLI[39m Cleaning output folder
packages/heddle-canvas build: [34mESM[39m Build start
packages/heddle-canvas build: [34mCJS[39m Build start
packages/core build: [34mCLI[39m Cleaning output folder
packages/core build: [34mESM[39m Build start
packages/core build: [34mCJS[39m Build start
packages/heddle-canvas build: [34mDTS[39m Build start
packages/core build: [34mDTS[39m Build start
packages/core build: [32mCJS[39m [1mdist/worker.js     [22m[32m5.27 KB[39m
packages/core build: [32mCJS[39m [1mdist/index.js      [22m[32m83.18 KB[39m
packages/core build: [32mCJS[39m [1mdist/worker.js.map [22m[32m16.83 KB[39m
packages/core build: [32mCJS[39m [1mdist/index.js.map  [22m[32m221.69 KB[39m
packages/core build: [32mCJS[39m ⚡️ Build success in 800ms
packages/core build: [32mESM[39m [1mdist/worker.mjs     [22m[32m5.09 KB[39m
packages/core build: [32mESM[39m [1mdist/index.mjs      [22m[32m81.19 KB[39m
packages/core build: [32mESM[39m [1mdist/worker.mjs.map [22m[32m16.83 KB[39m
packages/core build: [32mESM[39m [1mdist/index.mjs.map  [22m[32m221.69 KB[39m
packages/core build: [32mESM[39m ⚡️ Build success in 800ms
packages/heddle-canvas build: [32mCJS[39m [1mdist/index.cjs     [22m[32m105.96 KB[39m
packages/heddle-canvas build: [32mCJS[39m [1mdist/index.cjs.map [22m[32m266.91 KB[39m
packages/heddle-canvas build: [32mCJS[39m ⚡️ Build success in 888ms
packages/heddle-canvas build: [32mESM[39m [1mdist/index.js     [22m[32m103.78 KB[39m
packages/heddle-canvas build: [32mESM[39m [1mdist/index.js.map [22m[32m266.91 KB[39m
packages/heddle-canvas build: [32mESM[39m ⚡️ Build success in 889ms
packages/heddle-canvas build: [32mDTS[39m ⚡️ Build success in 1796ms
packages/heddle-canvas build: [32mDTS[39m [1mdist/index.d.ts  [22m[32m41.35 KB[39m
packages/heddle-canvas build: [32mDTS[39m [1mdist/index.d.cts [22m[32m41.35 KB[39m
packages/heddle-canvas build: Done
packages/core build: [32mDTS[39m ⚡️ Build success in 1856ms
packages/core build: [32mDTS[39m [1mdist/index.d.mts         [22m[32m15.65 KB[39m
packages/core build: [32mDTS[39m [1mdist/worker.d.mts        [22m[32m5.48 KB[39m
packages/core build: [32mDTS[39m [1mdist/weft-BrIlH2fY.d.mts [22m[32m4.04 KB[39m
packages/core build: [32mDTS[39m [1mdist/index.d.ts          [22m[32m15.65 KB[39m
packages/core build: [32mDTS[39m [1mdist/worker.d.ts         [22m[32m5.47 KB[39m
packages/core build: [32mDTS[39m [1mdist/weft-BrIlH2fY.d.ts  [22m[32m4.04 KB[39m
packages/core build: Done
fixtures/node-litmus build$ tsup litmus-packaged.ts --format esm --target node20
packages/react build$ tsup
packages/react-native build$ tsup
packages/svelte build$ tsup
fixtures/node-litmus build: [34mCLI[39m Building entry: litmus-packaged.ts
fixtures/node-litmus build: [34mCLI[39m tsup v8.5.1
fixtures/node-litmus build: [34mCLI[39m Target: node20
fixtures/node-litmus build: [34mESM[39m Build start
packages/react-native build: [34mCLI[39m Building entry: src/index.ts
packages/react-native build: [34mCLI[39m Using tsconfig: tsconfig.json
packages/react-native build: [34mCLI[39m tsup v8.5.1
packages/react-native build: [34mCLI[39m Using tsup config: /home/runner/work/Weft/Weft/packages/react-native/tsup.config.ts
packages/react build: [34mCLI[39m Building entry: src/index.ts
packages/react build: [34mCLI[39m Using tsconfig: tsconfig.json
packages/react build: [34mCLI[39m tsup v8.5.1
packages/react build: [34mCLI[39m Using tsup config: /home/runner/work/Weft/Weft/packages/react/tsup.config.ts
packages/react-native build: [34mCLI[39m Target: es2022
packages/react build: [34mCLI[39m Target: es2022
packages/react build: [34mCLI[39m Cleaning output folder
packages/react build: [34mESM[39m Build start
packages/react build: [34mCJS[39m Build start
packages/react-native build: [34mCLI[39m Cleaning output folder
packages/react-native build: [34mESM[39m Build start
packages/react-native build: [34mCJS[39m Build start
fixtures/node-litmus build: [32mESM[39m [1mdist/litmus-packaged.js [22m[32m21.43 KB[39m
fixtures/node-litmus build: [32mESM[39m ⚡️ Build success in 30ms
packages/svelte build: [34mCLI[39m Building entry: src/index.ts
packages/svelte build: [34mCLI[39m Using tsconfig: tsconfig.json
packages/svelte build: [34mCLI[39m tsup v8.5.1
packages/svelte build: [34mCLI[39m Using tsup config: /home/runner/work/Weft/Weft/packages/svelte/tsup.config.ts
fixtures/node-litmus build: Done
packages/vue build$ tsup
packages/react build: [32mESM[39m [1mdist/index.mjs     [22m[32m5.68 KB[39m
packages/react build: [32mESM[39m [1mdist/index.mjs.map [22m[32m16.94 KB[39m
packages/react build: [32mESM[39m ⚡️ Build success in 28ms
packages/react build: [32mCJS[39m [1mdist/index.js     [22m[32m7.49 KB[39m
packages/react build: [32mCJS[39m [1mdist/index.js.map [22m[32m16.96 KB[39m
packages/react build: [32mCJS[39m ⚡️ Build success in 29ms
packages/svelte build: [34mCLI[39m Target: es2022
packages/svelte build: [34mCLI[39m Cleaning output folder
packages/svelte build: [34mESM[39m Build start
packages/svelte build: [34mCJS[39m Build start
packages/react-native build: [32mCJS[39m [1mdist/index.js     [22m[32m12.67 KB[39m
packages/react-native build: [32mCJS[39m [1mdist/index.js.map [22m[32m38.40 KB[39m
packages/react-native build: [32mCJS[39m ⚡️ Build success in 35ms
packages/react-native build: [32mESM[39m [1mdist/index.mjs     [22m[32m11.17 KB[39m
packages/react-native build: [32mESM[39m [1mdist/index.mjs.map [22m[32m38.33 KB[39m
packages/react-native build: [32mESM[39m ⚡️ Build success in 39ms
packages/svelte build: [32mESM[39m [1mdist/index.mjs     [22m[32m1.15 KB[39m
packages/svelte build: [32mESM[39m [1mdist/index.mjs.map [22m[32m4.43 KB[39m
packages/svelte build: [32mESM[39m ⚡️ Build success in 20ms
packages/svelte build: [32mCJS[39m [1mdist/index.js     [22m[32m2.18 KB[39m
packages/svelte build: [32mCJS[39m [1mdist/index.js.map [22m[32m4.48 KB[39m
packages/svelte build: [32mCJS[39m ⚡️ Build success in 20ms
packages/react-native build: [34mDTS[39m Build start
packages/react build: [34mDTS[39m Build start
packages/svelte build: [34mDTS[39m Build start
packages/vue build: [34mCLI[39m Building entry: src/index.ts
packages/vue build: [34mCLI[39m Using tsconfig: tsconfig.json
packages/vue build: [34mCLI[39m tsup v8.5.1
packages/vue build: [34mCLI[39m Using tsup config: /home/runner/work/Weft/Weft/packages/vue/tsup.config.ts
packages/vue build: [34mCLI[39m Target: es2022
packages/vue build: [34mCLI[39m Cleaning output folder
packages/vue build: [34mESM[39m Build start
packages/vue build: [34mCJS[39m Build start
packages/vue build: [32mCJS[39m [1mdist/index.js     [22m[32m4.18 KB[39m
packages/vue build: [32mCJS[39m [1mdist/index.js.map [22m[32m8.62 KB[39m
packages/vue build: [32mCJS[39m ⚡️ Build success in 26ms
packages/vue build: [32mESM[39m [1mdist/index.mjs     [22m[32m3.09 KB[39m
packages/vue build: [32mESM[39m [1mdist/index.mjs.map [22m[32m8.58 KB[39m
packages/vue build: [32mESM[39m ⚡️ Build success in 28ms
packages/vue build: [34mDTS[39m Build start
packages/svelte build: [32mDTS[39m ⚡️ Build success in 1348ms
packages/svelte build: [32mDTS[39m [1mdist/index.d.mts [22m[32m645.00 B[39m
packages/svelte build: [32mDTS[39m [1mdist/index.d.ts  [22m[32m645.00 B[39m
packages/svelte build: Done
packages/react-native build: [32mDTS[39m ⚡️ Build success in 1720ms
packages/react-native build: [32mDTS[39m [1mdist/index.d.mts [22m[32m5.96 KB[39m
packages/react-native build: [32mDTS[39m [1mdist/index.d.ts  [22m[32m5.96 KB[39m
packages/react-native build: Done
packages/react build: [32mDTS[39m ⚡️ Build success in 1964ms
packages/react build: [32mDTS[39m [1mdist/index.d.mts [22m[32m36.68 KB[39m
packages/react build: [32mDTS[39m [1mdist/index.d.ts  [22m[32m36.68 KB[39m
packages/react build: Done
packages/vue build: [32mDTS[39m ⚡️ Build success in 1353ms
packages/vue build: [32mDTS[39m [1mdist/index.d.mts [22m[32m1.99 KB[39m
packages/vue build: [32mDTS[39m [1mdist/index.d.ts  [22m[32m1.99 KB[39m
packages/vue build: Done
demos/web build$ tsc && vite build
fixtures/vite-react build$ vite build
fixtures/vite-react build: [36mvite v6.4.3 [32mbuilding for production...[36m[39m
fixtures/vite-react build: transforming...
fixtures/vite-react build: [32m✓[39m 28 modules transformed.
fixtures/vite-react build: rendering chunks...
fixtures/vite-react build: computing gzip size...
fixtures/vite-react build: [2mdist/[22m[32mindex.html                [39m[1m[2m  0.33 kB[22m[1m[22m[2m │ gzip:  0.24 kB[22m
fixtures/vite-react build: [2mdist/[22m[2massets/[22m[36mindex-DgIEMwtT.js  [39m[1m[2m151.94 kB[22m[1m[22m[2m │ gzip: 48.92 kB[22m
fixtures/vite-react build: [32m✓ built in 922ms[39m
fixtures/vite-react build: Done
demos/web build: [36mvite v6.4.3 [32mbuilding for production...[36m[39m
demos/web build: transforming...
demos/web build: [32m✓[39m 39 modules transformed.
demos/web build: rendering chunks...
demos/web build: computing gzip size...
demos/web build: [2mdist/[22m[32mindex.html                [39m[1m[2m  0.47 kB[22m[1m[22m[2m │ gzip:  0.35 kB[22m
demos/web build: [2mdist/[22m[2massets/[22m[36mindex-BfGpNA1C.js  [39m[1m[2m203.83 kB[22m[1m[22m[2m │ gzip: 64.29 kB[22m
demos/web build: [32m✓ built in 790ms[39m
demos/web build: Done
Scope: 14 of 20 workspace projects
packages/core test$ vitest run
packages/heddle-canvas test$ vitest run
packages/heddle-core test$ node --test test/*.test.mjs
packages/heddle-hotplane test$ node test/golden.test.mjs
packages/heddle-hotplane test: PASS J1 mode decoded (state)
packages/heddle-hotplane test: PASS J1 lane_count decoded
packages/heddle-hotplane test: PASS J1 lane_stride decoded
packages/heddle-hotplane test: PASS J1 sample_size decoded
packages/heddle-hotplane test: PASS J1 slot_capacity decoded
packages/heddle-hotplane test: PASS J1 plane_size decoded
packages/heddle-hotplane test: PASS J1 create_stamp_ns decoded
packages/heddle-hotplane test: PASS J1 magic constant parity
packages/heddle-hotplane test: PASS J2 begin_seq
packages/heddle-hotplane test: PASS J2 commit_seq
packages/heddle-hotplane test: PASS J2 dirty_mask
packages/heddle-hotplane test: PASS J2 dirty_transitions
packages/heddle-hotplane test: PASS J2 render_frame_id
packages/heddle-hotplane test: PASS J2 epoch (derived from commit_seq)
packages/heddle-hotplane test: PASS J3 lane 0 commit_count
packages/heddle-hotplane test: PASS J3 lane 0 min/max/current raw bits
packages/heddle-hotplane test: PASS J3 lane 0 bbox [0,31]
packages/heddle-hotplane test: PASS J4 lane 0: all 32 cells byte-exact
packages/heddle-hotplane test: PASS J3 lane 1 commit_count
packages/heddle-hotplane test: PASS J3 lane 1 min/max/current raw bits
packages/heddle-hotplane test: PASS J3 lane 1 bbox [0,31]
packages/heddle-hotplane test: PASS J4 lane 1: all 32 cells byte-exact
packages/heddle-hotplane test: PASS J3 lane 2 commit_count
packages/heddle-hotplane test: PASS J3 lane 2 min/max/current raw bits
packages/heddle-hotplane test: PASS J3 lane 2 bbox [2,31]
packages/heddle-hotplane test: PASS J4 lane 2: all 32 cells byte-exact
packages/heddle-hotplane test: PASS J3 lane 3 commit_count
packages/heddle-hotplane test: PASS J3 lane 3 min/max/current raw bits
packages/heddle-hotplane test: PASS J3 lane 3 bbox [0,31]
packages/heddle-hotplane test: PASS J4 lane 3: all 32 cells byte-exact
packages/heddle-hotplane test: PASS J5 harvest returns mask 0xf
packages/heddle-hotplane test: PASS J5 second harvest empty
packages/heddle-hotplane test: PASS J5 remark visible next harvest
packages/heddle-hotplane test: PASS J5 frame ids 1, 2
packages/heddle-hotplane test: PASS J6 producer-role harvest refused
packages/heddle-hotplane test: PASS J6 misaligned offset refused
packages/heddle-hotplane test: PASS J6 corrupt magic refused
packages/heddle-hotplane test: J-SERIES: 37 checks, 0 failures
packages/heddle-hotplane test: Done
packages/react-hooks test$ node --test test/hooks.test.mjs
packages/heddle-core test: ✔ fixture hpl1-basic-4x8: manifest sha256 matches bytes (1.638206ms)
packages/heddle-core test: ✔ fixture hpl1-basic-4x8: validates and parses field-by-field through heddle-core (4.279773ms)
packages/heddle-core test: ✔ fixture hpl1-edge-1x2: manifest sha256 matches bytes (0.283235ms)
packages/heddle-core test: ✔ fixture hpl1-edge-1x2: validates and parses field-by-field through heddle-core (0.234762ms)
packages/heddle-core test: ✔ fixture magic is the pinned HPL1 magic (0.19919ms)
packages/heddle-core test: ✔ align8 + geometry derivation matches the spec tables (1.247883ms)
packages/heddle-core test: ✔ isPow2 gate (0.185723ms)
packages/heddle-core test: ✔ validatePlane accepts a well-formed plane and returns geometry (0.594835ms)
packages/heddle-core test: ✔ validatePlane fails closed: bad magic (0.612608ms)
packages/heddle-core test: ✔ validatePlane fails closed: bad version (3.293967ms)
packages/heddle-core test: ✔ validatePlane fails closed: LE flag clear (0.217326ms)
packages/heddle-core test: ✔ validatePlane fails closed: laneCount 0 (0.433181ms)
packages/heddle-core test: ✔ validatePlane fails closed: laneCount > MAX (0.203656ms)
packages/heddle-core test: ✔ validatePlane fails closed: non-pow2 samples (0.192419ms)
packages/heddle-core test: ✔ validatePlane fails closed: ringMask drift (0.268489ms)
packages/heddle-core test: ✔ validatePlane fails closed: dirtyWords drift (0.21312ms)
packages/heddle-core test: ✔ validatePlane fails closed: stride drift (0.161014ms)
packages/heddle-core test: ✔ validatePlane fails closed: ringBase drift (7.021318ms)
packages/heddle-core test: ✔ validatePlane fails closed: totalBytes drift (0.160441ms)
packages/heddle-core test: ✔ validatePlane rejects undersized buffers and bad byteOffset (0.209286ms)
packages/heddle-core test: ✔ constants are the pinned HPL1 v1 values (1.401587ms)
packages/heddle-core test: ✔ readLane returns published stats in place (zero new objects) (8.062846ms)
packages/heddle-core test: ✔ readRecent returns newest-first ring order and wraps (5.853429ms)
packages/heddle-core test: ✔ readRecent underrun: fewer samples than requested returns available count (0.301559ms)
packages/heddle-core test: ✔ lane out of range is a caller error (Law 4 taxonomy code 5) (0.560541ms)
packages/heddle-core test: ✔ header seqlock read + epoch change detection (0.664083ms)
packages/heddle-core test: ✔ dirty mask: producer-set bits observed, consumers never write (0.420848ms)
packages/heddle-core test: ✔ torn seqlock: a concurrent writer is detected, value NOT returned (4.320951ms)
packages/heddle-core test: ✔ reader works on a plain ArrayBuffer (fixture mode, non-shared) (0.255194ms)
packages/heddle-core test: ✔ SharedArrayBuffer path uses Atomics gates (0.342458ms)
packages/heddle-core test: ✔ lane ctrl block stride is pinned at 64 and layout matches spec offsets (0.363699ms)
packages/heddle-core test: ✔ publishLane: seqlock is even at rest, odd only mid-write (single thread probe) (4.817608ms)
packages/heddle-core test: ✔ publishLane: stats update in place, min/max/avg correct over the session (0.678813ms)
packages/heddle-core test: ✔ running average converges to exact mean (recurrence honesty) (0.495199ms)
packages/heddle-core test: ✔ NaN and Infinity are rejected with HPL1_INVALID_SAMPLE — never published (0.69843ms)
packages/heddle-core test: ✔ head wraps by mask and laneFlags gain ACTIVE on first publish (1.319024ms)
packages/heddle-core test: ✔ publishTick publishes globals under the header seqlock (0.592239ms)
packages/heddle-core test: ✔ epochRestart bumps epoch, resets session stats, keeps samplesSeen monotonic (0.360251ms)
packages/heddle-core test: ✔ producer geometry agrees with the fixture generator (layout parity) (0.604452ms)
packages/react-hooks test: ✔ createFrameSource: subscribe/emit/unsubscribe lifecycle (1.26462ms)
packages/react-hooks test: ✔ useWeftBuffer: 10,000 frames, ONE render — the zero-rerender contract (6.727858ms)
packages/react-hooks test: ✔ useWeftBuffer: StrictMode double-mount leaves exactly one subscription (0.325932ms)
packages/react-hooks test: ✔ useWeftBuffer: latest-ref — new closure per render without resubscribe (0.334801ms)
packages/react-hooks test: ✔ useWeftCanvas: coalescing — 100 frames, one tick, newest frame wins (6.351342ms)
packages/react-hooks test: ✔ useWeftCanvas: parks when hidden, resumes on visibilitychange (0.412737ms)
packages/react-hooks test: ✔ useWeftCanvas: unmount cancels pending rAF and detaches listeners (0.368983ms)
packages/react-hooks test: ✔ createSampleRing: fixed capacity, wraparound order, callback iteration (1.020834ms)
packages/react-hooks test: ✔ drawFrameGraph: auto-scale and painter ops (allocation-free reads) (3.803058ms)
packages/react-hooks test: ✔ attachWebSocket: binary messages flow, strings ignored, detach works (0.514751ms)
packages/react-hooks test: ✔ package surface: index.js re-exports the full API (0.379155ms)
packages/heddle-core test: ✔ renders once per interval at 240 Hz on a virtual clock (1.499649ms)
packages/heddle-core test: ✔ does not render before the interval elapses (0.264029ms)
packages/heddle-core test: ✔ drop-not-queue: a 10 ms stall is followed by ONE frame, skips counted (0.276564ms)
packages/heddle-core test: ✔ a 1-second stall produces ~240 skips and one render — never 240 renders (0.264269ms)
packages/heddle-core test: ✔ frame context object is REUSED across frames (Law 1) (0.254211ms)
packages/heddle-core test: ✔ pause/resume: paused pumps render nothing; resume does not catch up (0.243535ms)
packages/heddle-core test: ✔ startWithTimer drives a real timer loop (setTimeout path) (24.570761ms)
packages/heddle-core test: ✔ hz guard (0.563653ms)
packages/react-hooks test: ℹ tests 11
packages/react-hooks test: ℹ suites 0
packages/react-hooks test: ℹ pass 11
packages/react-hooks test: ℹ fail 0
packages/react-hooks test: ℹ cancelled 0
packages/react-hooks test: ℹ skipped 0
packages/react-hooks test: ℹ todo 0
packages/react-hooks test: ℹ duration_ms 191.22656
packages/heddle-core test: ℹ tests 47
packages/heddle-core test: ℹ suites 0
packages/heddle-core test: ℹ pass 47
packages/heddle-core test: ℹ fail 0
packages/heddle-core test: ℹ cancelled 0
packages/heddle-core test: ℹ skipped 0
packages/heddle-core test: ℹ todo 0
packages/heddle-core test: ℹ duration_ms 376.05226
packages/react-hooks test: Done
packages/react-tensor test$ node --test test/*.test.mjs
packages/heddle-core test: Done
packages/spectrum-managed test$ node --test test/*.test.mjs
packages/heddle-canvas test: [1m[7m[36m RUN [39m[27m[22m [36mv2.1.9 [39m[90m/home/runner/work/Weft/Weft/packages/heddle-canvas[39m
packages/core test: [33mThe CJS build of Vite's Node API is deprecated. See https://vite.dev/guide/troubleshooting.html#vite-cjs-node-api-deprecated for more details.[39m
packages/react-tensor test: ✔ controller: every NEW frame renders exactly once — zero React involvement (12.283412ms)
packages/react-tensor test: ✔ controller: overlay receives the frame view and scratch is reused (0.472499ms)
packages/react-tensor test: ✔ controller: requires ring and canvas (fail-fast) (0.668673ms)
packages/spectrum-managed test: ✔ WASM SIMD128 is available on this runtime (Node 22/24 lane) (5.609685ms)
packages/spectrum-managed test: ✔ SharedArrayBuffer detection returns a boolean and never throws (0.199808ms)
packages/spectrum-managed test: ✔ WebGPU absent in bare Node -> false without throwing (0.297874ms)
packages/spectrum-managed test: ✔ worker count is a positive integer (navigator.hardwareConcurrency in Node >=21) (3.548851ms)
packages/spectrum-managed test: ✔ simdWidthFromFeatures mirrors the SHP1 ISA mapping (0.302601ms)
packages/spectrum-managed test: ✔ fallback profile is coherent and tier-graded (E_PROBE_UNAVAILABLE path) (0.702759ms)
packages/spectrum-managed test: ✔ detectInto reuses the caller flyweight (no new object) (0.312751ms)
packages/react-tensor test: ✔ useWeftTensorCanvas: single effect, live statsRef, clean teardown (8.896275ms)
packages/react-tensor test: ✔ useWeftTensorCanvas: no canvas -> no effect work, no crash (0.754774ms)
packages/spectrum-managed test: ✔ constants match the normative table (§4.1) (10.196005ms)
packages/react-tensor test: ℹ tests 5
packages/react-tensor test: ℹ suites 0
packages/react-tensor test: ℹ pass 5
packages/react-tensor test: ℹ fail 0
packages/react-tensor test: ℹ cancelled 0
packages/react-tensor test: ℹ skipped 0
packages/react-tensor test: ℹ todo 0
packages/react-tensor test: ℹ duration_ms 237.712599
packages/spectrum-managed test: ✔ FROZEN 130-tick vector: identical cap/rung/tierStage sequence (8.149483ms)
packages/spectrum-managed test: ✔ cadenceTick returns a primitive and mutates the flyweight in place (0.240955ms)
packages/spectrum-managed test: ✔ ladder clamps at the bottom rung under endless severe heat (0.316055ms)
packages/spectrum-managed test: ✔ recovery never exceeds rung 0 and re-accumulates the cool window (4.864478ms)
packages/core test: [1m[7m[36m RUN [39m[27m[22m [36mv2.1.9 [39m[90m/home/runner/work/Weft/Weft/packages/core[39m
packages/spectrum-managed test: ✔ hidden visibility freezes streaks (no ladder movement while backgrounded) (5.913031ms)
packages/spectrum-managed test: ✔ tier ceiling: a down-tiered T3 device never runs above its profile max (0.187778ms)
packages/spectrum-managed test: ✔ tier staging vector (rule 5): 3 pressures -> stage 2, budget halves, hold (0.282367ms)
packages/spectrum-managed test: ✔ effectiveBudgetBytes pure integer halving (1.270869ms)
packages/react-tensor test: Done
packages/weft-cluster test$ node --test test/*.test.mjs
packages/spectrum-managed test: ✔ paint writes tier/features/thermal/cadence from the flyweights (2.265239ms)
packages/spectrum-managed test: ✔ ZERO re-render: 10,000 telemetry updates, 0 setState, single render (17.111475ms)
packages/spectrum-managed test: ✔ fail-safe: destroyed row -> FALLBACK banner, not a throw; heal clears it (9.274427ms)
packages/spectrum-managed test: ✔ paint survives a totally hostile state object (never throws into host) (1.388436ms)
packages/spectrum-managed test: ✔ mounted HUD cleans its interval on unmount (zero leaky listeners/timers) (3.17719ms)
packages/spectrum-managed test: ✔ visibilitychange writes the primitive into the flyweight (4.88594ms)
packages/spectrum-managed test: ✔ battery listeners update permille/charging primitives (async attach) (0.408371ms)
packages/spectrum-managed test: ✔ absent APIs keep UNKNOWN sentinels (Law 4, no crash) (0.182185ms)
packages/spectrum-managed test: ✔ double attach on the same doc counts a leak (dev-surface, no hot path) (0.217404ms)
packages/spectrum-managed test: ✔ primeUnknown fills only undefined fields (0.177333ms)
packages/spectrum-managed test: ✔ golden flagship decodes byte-parity vs expected_profile.json (1.77779ms)
packages/spectrum-managed test: ✔ golden mid decodes byte-parity (u64 fields via lo/hi pairs) (0.467101ms)
packages/spectrum-managed test: ✔ golden budget decodes byte-parity (0.449624ms)
packages/spectrum-managed test: ✔ torn fixture -> E_CRC_MISMATCH (fail-closed, no garbage decode) (0.251437ms)
packages/spectrum-managed test: ✔ Law 4 matrix: bad magic / bad version / bad size / reserved dirty (0.503569ms)
packages/spectrum-managed test: ✔ zero-copy proof: view sees in-place mutations of the underlying buffer (0.29533ms)
packages/spectrum-managed test: ✔ snapshotInto copies primitives into a caller-owned flyweight (0.501176ms)
packages/spectrum-managed test: ✔ crc32 reference vectors (IEEE 802.3) (0.156872ms)
packages/spectrum-managed test: ✔ ERROR_NAMES covers the full 15-code taxonomy (1.128118ms)
packages/spectrum-managed test: ℹ tests 35
packages/spectrum-managed test: ℹ suites 0
packages/spectrum-managed test: ℹ pass 35
packages/spectrum-managed test: ℹ fail 0
packages/spectrum-managed test: ℹ cancelled 0
packages/spectrum-managed test: ℹ skipped 0
packages/spectrum-managed test: ℹ todo 0
packages/spectrum-managed test: ℹ duration_ms 409.432212
packages/spectrum-managed test: Done
packages/weft-tensor test$ node --test test/*.test.mjs
packages/weft-cluster test: ✔ shm: publish -> subscribe async iterator, seq monotonic, payload intact (28.452194ms)
packages/weft-cluster test: ✔ shm: two subscribers fan out independently; unsubscribe stops flow (25.41912ms)
packages/weft-cluster test: ✔ shm: tryLatest reads newest without advancing the iterator (5.019754ms)
packages/weft-cluster test: ✔ Law 4: stale seq replays are dropped and counted (datagram path) (0.553828ms)
packages/weft-cluster test: ✔ udp: two clients, SUB control plane, live datagram pub/sub (43.879266ms)
packages/weft-cluster test: ✔ udp: publisher with zero subscribers stays silent (no peers dup) (0.61025ms)
packages/heddle-canvas test:  [32m✓[39m test/engine.test.ts [2m([22m[2m7 tests[22m[2m)[22m[90m 32[2mms[22m[39m
packages/heddle-canvas test:  [32m✓[39m test/layout_parity.test.ts [2m([22m[2m6 tests[22m[2m)[22m[90m 281[2mms[22m[39m
packages/heddle-canvas test:  [32m✓[39m test/plane.test.ts [2m([22m[2m26 tests[22m[2m)[22m[33m 402[2mms[22m[39m
packages/heddle-canvas test:    [33m[2m✓[22m[39m WHP1 writer protocol (SynthProducer = executable spec)[2m > [22msynthSample is f32-stable and clamped (cross-engine hash precondition) [33m353[2mms[22m[39m
packages/heddle-canvas test:  [32m✓[39m test/dirty_mask.test.ts [2m([22m[2m6 tests[22m[2m)[22m[90m 58[2mms[22m[39m
packages/core test:  [32m✓[39m test/weft.test.ts [2m([22m[2m43 tests[22m[2m)[22m[90m 265[2mms[22m[39m
packages/core test:  [32m✓[39m test/verified.test.ts [2m([22m[2m17 tests[22m[2m)[22m[33m 503[2mms[22m[39m
packages/heddle-canvas test:  [32m✓[39m test/shaders.test.ts [2m([22m[2m4 tests[22m[2m)[22m[90m 184[2mms[22m[39m
packages/heddle-canvas test:  [32m✓[39m test/oracle.test.ts [2m([22m[2m6 tests[22m[2m)[22m[90m 169[2mms[22m[39m
packages/heddle-canvas test:  [32m✓[39m test/law1.test.ts [2m([22m[2m6 tests[22m[2m | [22m[33m1 skipped[39m[2m)[22m[90m 30[2mms[22m[39m
packages/weft-cluster test: ✔ crosslang: TS still decodes the frozen WCN1 vectors byte-exactly (3.84479ms)
packages/weft-cluster test: ✔ crosslang: TS rejects malformed fixtures with the frozen codes (0.308971ms)
packages/weft-cluster test: ✔ crosslang: FNV/CRC reference vectors match the fixture (0.308036ms)
packages/weft-cluster test: ✔ registry: counters, gauges, histogram quantile sanity (7.07846ms)
packages/weft-cluster test: ✔ histogram bucket bounds follow the 1, 2, 3, 4, 6, 8, 12... sequence (1.98205ms)
packages/weft-cluster test: ✔ prometheus: exposition format with cumulative histogram buckets (1.550883ms)
packages/weft-cluster test: ✔ otel: OTLP/JSON document shape (resourceMetrics -> metrics) (10.128359ms)
packages/weft-cluster test: ✔ perfetto: .pftrace protobuf round-trips packets and track events (1.245765ms)
packages/weft-cluster test: ✔ prometheus: embedded /metrics server answers 200 over real HTTP (149.695364ms)
packages/weft-cluster test: ✔ router: deterministic owner across calls and instances (6.993437ms)
packages/weft-cluster test: ✔ router: cross-language owner vector (node seeds 11,22,33,44 / telemetry) (5.511712ms)
packages/weft-cluster test: ✔ router: 8-node balance within 3x envelope (12.992216ms)
packages/weft-cluster test: ✔ router: minimal disruption — adding 1 of 9 nodes moves ~1/9 of topics (20.340101ms)
packages/weft-cluster test: ✔ router: unrouted topic -> WC_E_TOPIC_UNROUTED (0.245428ms)
packages/weft-cluster test: ✔ router: removeNode stops routing to it; version bumps (0.200777ms)
packages/weft-cluster test: ✔ membership: upsert + hash-index lookup round-trip (6.560189ms)
packages/weft-cluster test: ✔ membership: open addressing survives heavy collisions (5.366572ms)
packages/weft-cluster test: ✔ gossip: 3 engines converge to a full membership view (socketless) (11.007405ms)
packages/weft-cluster test: ✔ gossip: stale incarnation ignored, higher incarnation wins (10.655078ms)
packages/weft-cluster test: ✔ gossip: LEAVING is sticky at equal incarnation, revive needs higher (0.386782ms)
packages/weft-cluster test: ✔ gossip: SWIM refutation — falsely-leaving node bumps incarnation (0.36565ms)
packages/weft-cluster test: ✔ gossip: silent nodes suspect then evicted (fake clock) (10.119812ms)
packages/weft-cluster test: ✔ gossip: graceful leave announces and propagates LEAVING (0.353299ms)
packages/weft-cluster test: ✔ crc32 IEEE vectors (parity with Python zlib.crc32) (2.616951ms)
packages/weft-cluster test: ✔ fnv1a64 topic hash vectors (parity with Python impl) (0.357192ms)
packages/weft-cluster test: ✔ WCN1 header: little-endian byte layout is normative (0.346335ms)
packages/weft-cluster test: ✔ WCN1 round-trip: encode -> decode -> same fields (7.083606ms)
packages/weft-cluster test: ✔ Law 4: malformed datagrams map to the exact error taxonomy (1.76654ms)
packages/weft-cluster test: ✔ error names are stable (Law 4 contract) (0.355354ms)
packages/weft-cluster test: ✔ WGS1 gossip: encode + entries + decode round-trip (0.78207ms)
packages/weft-cluster test: ✔ WGS1: entry_count overrun is WC_E_TRUNCATED, not a crash (0.348182ms)
packages/weft-cluster test: ✔ Law 1: decodeInto is allocation-free (structural check) (0.994127ms)
packages/weft-cluster test: ℹ tests 38
packages/weft-cluster test: ℹ suites 0
packages/weft-cluster test: ℹ pass 38
packages/weft-cluster test: ℹ fail 0
packages/weft-cluster test: ℹ cancelled 0
packages/weft-cluster test: ℹ skipped 0
packages/weft-cluster test: ℹ todo 0
packages/weft-cluster test: ℹ duration_ms 2327.158424
packages/core test:  [32m✓[39m test/fanout.test.ts [2m([22m[2m28 tests[22m[2m)[22m[33m 1049[2mms[22m[39m
packages/core test:    [33m[2m✓[22m[39m fanout cross-thread protocol litmus[2m > [22mgeometry variant (M=8, P=640, 50k frames): zero torn claims [33m521[2mms[22m[39m
packages/weft-cluster test: Done
packages/heddle-canvas test:  [32m✓[39m test/budget.test.ts [2m([22m[2m5 tests[22m[2m)[22m[90m 12[2mms[22m[39m
packages/heddle-canvas test: [2m Test Files [22m [1m[32m8 passed[39m[22m[90m (8)[39m
packages/heddle-canvas test: [2m      Tests [22m [1m[32m65 passed[39m[22m[2m | [22m[33m1 skipped[39m[90m (66)[39m
packages/heddle-canvas test: [2m   Start at [22m 13:28:15
packages/heddle-canvas test: [2m   Duration [22m 2.87s[2m (transform 877ms, setup 0ms, collect 1.68s, tests 1.17s, environment 7ms, prepare 1.39s)[22m
packages/heddle-canvas test: Done
packages/core test:  [32m✓[39m test/cadence-predictive.test.ts [2m([22m[2m12 tests[22m[2m)[22m[33m 596[2mms[22m[39m
packages/core test:  [32m✓[39m test/governor.test.ts [2m([22m[2m7 tests[22m[2m)[22m[90m 43[2mms[22m[39m
packages/core test:  [32m✓[39m test/worker.test.ts [2m([22m[2m8 tests[22m[2m)[22m[90m 131[2mms[22m[39m
packages/weft-tensor test: ✔ zero-alloc probe [ring] — 100k steady-state ops stay flat (349.517251ms)
packages/weft-tensor test: ✔ zero-alloc probe [ingest] — 100k steady-state ops stay flat (314.889123ms)
packages/weft-tensor test: ✔ zero-alloc probe [audio] — 100k steady-state ops stay flat (301.625078ms)
packages/weft-tensor test: ✔ zero-alloc probe [render] — 100k steady-state ops stay flat (2165.680573ms)
packages/weft-tensor test: ✔ zero-alloc probe [overlay] — 100k steady-state ops stay flat (91.289527ms)
packages/weft-tensor test: ✔ negative control: a deliberately-allocating loop IS caught (77.777247ms)
packages/weft-tensor test: ✔ f32 fixture: header fields, 10 frames, dyadic payload parity (4.386601ms)
packages/weft-tensor test: ✔ u8 fixture: header fields, 6 frames, byte payload parity (1.235182ms)
packages/weft-tensor test: ✔ WebCodecs sync fast path: bytes land in ring, no intermediate (11.356557ms)
packages/weft-tensor test: ✔ WebCodecs async fast path resolves after the GPU readback lands (0.377746ms)
packages/weft-tensor test: ✔ copyTo failure is a DROP, never a throw into the frame loop (1.563559ms)
packages/weft-tensor test: ✔ legacy sync copyTo returning void still commits the full slot (9.829734ms)
packages/weft-tensor test: ✔ ImageData + raw paths (0.45649ms)
packages/weft-tensor test: ✔ ingestor dtype gate: f32 ring rejected (Law 4) (0.612038ms)
packages/weft-tensor test: ✔ AudioPcmFeeder: exact-fit chunks roll one slot per chunk (1.951724ms)
packages/weft-tensor test: ✔ AudioPcmFeeder: chunk spanning slot boundaries carries with zero gaps (3.79205ms)
packages/weft-tensor test: ✔ AudioPcmFeeder: tiny chunks accumulate then roll (worklet cadence) (0.77105ms)
packages/weft-tensor test: ✔ AudioPcmFeeder dtype gate + chunk size gate (Law 4) (0.471315ms)
packages/weft-tensor test: ✔ crc32 matches node:zlib over the static header region (9.048941ms)
packages/weft-tensor test: ✔ f16FromBits matches numpy float16 decode exactly (0.434222ms)
packages/weft-tensor test: ✔ f16ToBits matches numpy round-to-nearest-even (4.153313ms)
packages/weft-tensor test: ✔ fourcc round-trips as LE ASCII (0.216786ms)
packages/weft-tensor test: ✔ validateRingHeader accepts both golden fixtures (10.150763ms)
packages/weft-tensor test: ✔ fail-closed corruption matrix — every mutation gets a machine-readable code (6.452183ms)
packages/weft-tensor test: ✔ dtype validity table (0.172778ms)
packages/weft-tensor test: ✔ create() writes a self-validating header (round trip through attach) (12.939474ms)
packages/weft-tensor test: ✔ Canvas2DPlane: ONE ImageData reused, pixel-accurate blit per frame (7.663876ms)
packages/weft-tensor test: ✔ Canvas2DPlane dtype gate (Law 4) (0.742201ms)
packages/weft-tensor test: ✔ OverlayScratch + drawBoxes2D: bounded, reused, pixel records (4.131298ms)
packages/weft-tensor test: ✔ drawSkeleton2D honours confidence gating (0.29016ms)
packages/weft-tensor test: ✔ WebGL2Plane: zero-alloc texSubImage2D from the slot view + fullscreen tri (5.245214ms)
packages/weft-tensor test: ✔ create + typed commit + acquireLatest returns exact values, zero surprises (14.405205ms)
packages/weft-tensor test: ✔ byte commit path (Uint8Array) with short payload (bounded loop, no throw) (0.361053ms)
packages/weft-tensor test: ✔ acquireLatest(lastSeq) returns null when nothing new; acquireFrame bounds (1.740797ms)
packages/weft-tensor test: ✔ overrun: slotCount=2, 5 commits -> old seq gone, latest correct (0.900635ms)
packages/weft-tensor test: ✔ torn read: uncommitted slot is invisible, then visible after commit marker (0.389914ms)
packages/weft-tensor test: ✔ zero-copy begin/finish path matches convenience commit (0.32447ms)
packages/weft-tensor test: ✔ commit rejects wrong dtype / oversized payloads (fail-closed) (1.559047ms)
packages/weft-tensor test: ✔ create() input validation is fail-closed (0.333487ms)
packages/weft-tensor test: ✔ waitForNewFrame resolves via injected scheduler; timeout path returns null (37.067851ms)
packages/weft-tensor test: ✔ SharedArrayBuffer smoke: create(shared) + atomics publish + acquire (0.469559ms)
packages/weft-tensor test: ✔ ring stats counters are sealed and monotonic (0.217662ms)
packages/weft-tensor test: ✔ detectRuntime identifies node (this process) (1.832665ms)
packages/weft-tensor test: ✔ detectRuntime: browser / deno / bun / worker / electron fakes (0.309318ms)
packages/weft-tensor test: ✔ runtimeMatrix feature list stays sorted/deterministic (0.936407ms)
packages/weft-tensor test: ✔ assertShareable accepts SAB, rejects plain ArrayBuffer (0.607987ms)
packages/weft-tensor test: ℹ tests 46
packages/weft-tensor test: ℹ suites 0
packages/weft-tensor test: ℹ pass 46
packages/weft-tensor test: ℹ fail 0
packages/weft-tensor test: ℹ cancelled 0
packages/weft-tensor test: ℹ skipped 0
packages/weft-tensor test: ℹ todo 0
packages/weft-tensor test: ℹ duration_ms 3512.843654
packages/weft-tensor test: Done
packages/core test:  [32m✓[39m test/cadence.test.ts [2m([22m[2m17 tests[22m[2m)[22m[33m 1745[2mms[22m[39m
packages/core test:    [33m[2m✓[22m[39m RFC-0009 §cadence — cross-policy gates[2m > [22mPC1: no policy ever presents twice in one tick (structural: one step, one decision) [33m1450[2mms[22m[39m
packages/core test:  [32m✓[39m test/cursor.test.ts [2m([22m[2m6 tests[22m[2m)[22m[90m 8[2mms[22m[39m
packages/core test:  [32m✓[39m test/blend.test.ts [2m([22m[2m4 tests[22m[2m)[22m[90m 40[2mms[22m[39m
packages/core test:  [32m✓[39m test/trend.test.ts [2m([22m[2m6 tests[22m[2m)[22m[90m 11[2mms[22m[39m
packages/core test:  [32m✓[39m test/chaos.test.ts [2m([22m[2m3 tests[22m[2m)[22m[90m 16[2mms[22m[39m
packages/core test:  [32m✓[39m test/replay.test.ts [2m([22m[2m9 tests[22m[2m)[22m[33m 2103[2mms[22m[39m
packages/core test:    [33m[2m✓[22m[39m RFC 0019 replay fold (TS port)[2m > [22mR8: 100k soak — pinned cross-port parity vector [33m1937[2mms[22m[39m
packages/core test: [2m Test Files [22m [1m[32m12 passed[39m[22m[90m (12)[39m
packages/core test: [2m      Tests [22m [1m[32m160 passed[39m[22m[90m (160)[39m
packages/core test: [2m   Start at [22m 13:28:15
packages/core test: [2m   Duration [22m 5.05s[2m (transform 1.03s, setup 0ms, collect 1.81s, tests 6.51s, environment 12ms, prepare 1.65s)[22m
packages/core test: Done
packages/react test$ vitest run
packages/react-heddle test$ node --test test/*.test.mjs
packages/react-native test$ vitest run
packages/svelte test$ vitest run
packages/react-heddle test: ✔ WeftCanvas: engine init once, render per scheduled frame, ZERO setState (38.785523ms)
packages/react-heddle test: ✔ WeftCanvas: engine without init/render is a Law-4 fatal (BAD_RENDER_ENGINE) (1.093664ms)
packages/react-heddle test: ✔ WeftCanvas: null GPU context → CONTEXT_LOST fatal (0.313529ms)
packages/react-heddle test: ✔ WeftCanvas: webglcontextlost event → explicit CONTEXT_LOST fallback (Law 4) (0.40044ms)
packages/react-heddle test: ✔ WeftCanvas: Page Visibility pauses the scheduler, resume does not catch up (7.170487ms)
packages/react-heddle test: ✔ WeftCanvas: raw SharedArrayBuffer plane prop (no PlaneContext) also works (0.459566ms)
packages/react-heddle test: ✔ useWeftSignal: binds node, mutates nodeValue per tick, ZERO setState (11.916768ms)
packages/react-heddle test: ✔ useWeftSignal: textDivider honored (custom cadence) (2.811134ms)
packages/react-heddle test: ✔ useWeftStats: stable object mutated in place — identity never changes (0.983999ms)
packages/react-heddle test: ✔ useWeftBuffer: stable buffer + publish routes through the producer (0.570166ms)
packages/react-heddle test: ✔ useWeftBuffer: publish without producer fails EXPLICITLY (Law 4) (0.704639ms)
packages/react-heddle test: ✔ provider resolution: hooks read the plane from context when no prop given (0.701911ms)
packages/react-heddle test: ✔ no plane anywhere → explicit HPL1_PLAN_DETACHED error, not a mystery (0.432795ms)
packages/react-heddle test: ✔ 100k frames through signal + stats: zero setState (mandate-scale re-render probe) (78.743038ms)
packages/react-heddle test: ✔ HUD builds 7 telemetry rows and streams values from the plane (9.117347ms)
packages/react-heddle test: ✔ HUD FPS(prod) rises with publish rate; MEM throughput reflects lane 0 (2.507809ms)
packages/react-heddle test: ✔ ISOLATION: a host UI crash does not stop the HUD (rows keep updating) (0.686477ms)
packages/react-heddle test: ✔ WORKER CRASH: explicit FALLBACK banner, HUD stays alive (Law 4) (0.513949ms)
packages/react-heddle test: ✔ Seqlock tears surface in the TEARS row — never silent (0.390341ms)
packages/react-heddle test: ✔ <WeftHud /> mounts on ref host and destroy() removes the box + stops ticks (4.616802ms)
packages/react-heddle test: ✔ mountWeftHud with a null host fails explicitly (Law 4) (0.670194ms)
packages/react-heddle test: ✔ Oscilloscope engine: newest-first window, full wave path drawn per frame (5.386177ms)
packages/react-heddle test: ✔ Candlestick engine: OHLC derivation is exact on a monotonic ramp (0.891506ms)
packages/react-heddle test: ✔ Candlestick engine: mixed direction yields red down-candles (0.693725ms)
packages/react-heddle test: ✔ OrderBook engine: one row per lane level, mid line drawn (0.670379ms)
packages/react-heddle test: ✔ AudioMeter engine: levels clamp, peak-hold holds then releases (0.597872ms)
packages/react-heddle test: ✔ Visualizer components wire through WeftCanvas with ZERO setState (2.88878ms)
packages/react-heddle test: ✔ All four visualizers exist with stable component identity (0.331359ms)
packages/react-heddle test: ℹ tests 28
packages/react-heddle test: ℹ suites 0
packages/react-heddle test: ℹ pass 28
packages/react-heddle test: ℹ fail 0
packages/react-heddle test: ℹ cancelled 0
packages/react-heddle test: ℹ skipped 0
packages/react-heddle test: ℹ todo 0
packages/react-heddle test: ℹ duration_ms 259.686525
packages/react-heddle test: Done
packages/vue test$ vitest run
packages/react test: [33mThe CJS build of Vite's Node API is deprecated. See https://vite.dev/guide/troubleshooting.html#vite-cjs-node-api-deprecated for more details.[39m
packages/react-native test: [33mThe CJS build of Vite's Node API is deprecated. See https://vite.dev/guide/troubleshooting.html#vite-cjs-node-api-deprecated for more details.[39m
packages/react-native test: [1m[7m[36m RUN [39m[27m[22m [36mv2.1.9 [39m[90m/home/runner/work/Weft/Weft/packages/react-native[39m
packages/react test: [1m[7m[36m RUN [39m[27m[22m [36mv2.1.9 [39m[90m/home/runner/work/Weft/Weft/packages/react[39m
packages/svelte test: [33mThe CJS build of Vite's Node API is deprecated. See https://vite.dev/guide/troubleshooting.html#vite-cjs-node-api-deprecated for more details.[39m
packages/svelte test: [1m[7m[36m RUN [39m[27m[22m [36mv2.1.9 [39m[90m/home/runner/work/Weft/Weft/packages/svelte[39m
packages/vue test: [33mThe CJS build of Vite's Node API is deprecated. See https://vite.dev/guide/troubleshooting.html#vite-cjs-node-api-deprecated for more details.[39m
packages/vue test: [1m[7m[36m RUN [39m[27m[22m [36mv2.1.9 [39m[90m/home/runner/work/Weft/Weft/packages/vue[39m
packages/react-native test:  [32m✓[39m test/weft-fanout-rn.test.ts [2m([22m[2m5 tests[22m[2m)[22m[90m 27[2mms[22m[39m
packages/react-native test:  [32m✓[39m test/governed-ui-thread.test.ts [2m([22m[2m5 tests[22m[2m)[22m[33m 326[2mms[22m[39m
packages/react-native test:    [33m[2m✓[22m[39m RFC-0009 Series 7 — governed UI-thread worklets[2m > [22mworklet flattening is byte-identical to @weft/core on the canonical trace (all three policies) [33m311[2mms[22m[39m
packages/svelte test:  [32m✓[39m test/weft-action.test.ts [2m([22m[2m4 tests[22m[2m)[22m[90m 19[2mms[22m[39m
packages/svelte test:  [32m✓[39m test/weft-fanout-action.test.ts [2m([22m[2m5 tests[22m[2m)[22m[90m 36[2mms[22m[39m
packages/svelte test: [2m Test Files [22m [1m[32m2 passed[39m[22m[90m (2)[39m
packages/svelte test: [2m      Tests [22m [1m[32m9 passed[39m[22m[90m (9)[39m
packages/svelte test: [2m   Start at [22m 13:28:21
packages/svelte test: [2m   Duration [22m 1.51s[2m (transform 860ms, setup 0ms, collect 1.00s, tests 54ms, environment 0ms, prepare 724ms)[22m
packages/svelte test: Done
packages/react-native test:  [32m✓[39m test/weft-rn.test.ts [2m([22m[2m4 tests[22m[2m)[22m[90m 15[2mms[22m[39m
packages/react-native test:  [32m✓[39m test/ui-thread.test.ts [2m([22m[2m6 tests[22m[2m)[22m[33m 844[2mms[22m[39m
packages/react-native test:    [33m[2m✓[22m[39m Phase-7 UI-thread port[2m > [22mUT1 integrity: 20k frames, concurrent-style interleave, zero torn accepted [33m833[2mms[22m[39m
packages/react-native test: [2m Test Files [22m [1m[32m4 passed[39m[22m[90m (4)[39m
packages/react-native test: [2m      Tests [22m [1m[32m20 passed[39m[22m[90m (20)[39m
packages/react-native test: [2m   Start at [22m 13:28:21
packages/react-native test: [2m   Duration [22m 2.05s[2m (transform 729ms, setup 0ms, collect 1.72s, tests 1.21s, environment 1ms, prepare 780ms)[22m
packages/react test: [90mstderr[2m | test/WeftCanvas.test.tsx[2m > [22m[2mWeftCanvas[2m > [22m[2mrenders a canvas element
packages/react test: [22m[39mWarning: The current testing environment is not configured to support act(...)
packages/react test: Warning: The current testing environment is not configured to support act(...)
packages/react test: [90mstderr[2m | test/WeftCanvas.test.tsx[2m > [22m[2mWeftCanvas[2m > [22m[2mclaims and reads the live buffer inside the frame callback (draw receives payload)
packages/react test: [22m[39mWarning: The current testing environment is not configured to support act(...)
packages/react test: Warning: The current testing environment is not configured to support act(...)
packages/react test: [90mstderr[2m | test/WeftCanvas.test.tsx[2m > [22m[2mWeftCanvas[2m > [22m[2msurvives draw identity changes without restarting the loop (no teardown on rerender)
packages/react test: [22m[39mWarning: The current testing environment is not configured to support act(...)
packages/react test: Warning: The current testing environment is not configured to support act(...)
packages/react test: Warning: The current testing environment is not configured to support act(...)
packages/react test: [90mstderr[2m | test/WeftCanvas.test.tsx[2m > [22m[2mWeftCanvas[2m > [22m[2mrestarts the loop only when the Weft instance changes
packages/react test: [22m[39mWarning: The current testing environment is not configured to support act(...)
packages/react test: Warning: The current testing environment is not configured to support act(...)
packages/react test: Warning: The current testing environment is not configured to support act(...)
packages/react test: [90mstderr[2m | test/WeftCanvas.test.tsx[2m > [22m[2mWeftCanvas[2m > [22m[2mdraws the freshest frame after additional publishes (latest-wins through the binding)
packages/react test: [22m[39mWarning: The current testing environment is not configured to support act(...)
packages/react test: Warning: The current testing environment is not configured to support act(...)
packages/react test:  [32m✓[39m test/WeftCanvas.test.tsx [2m([22m[2m5 tests[22m[2m)[22m[90m 63[2mms[22m[39m
packages/react-native test: Done
packages/react test: [90mstderr[2m | test/WeftFanoutCanvas.test.tsx[2m > [22m[2mWeftFanoutCanvas[2m > [22m[2mrenders a canvas element
packages/react test: [22m[39mWarning: The current testing environment is not configured to support act(...)
packages/react test: Warning: The current testing environment is not configured to support act(...)
packages/react test: [90mstderr[2m | test/WeftFanoutCanvas.test.tsx[2m > [22m[2mWeftFanoutCanvas[2m > [22m[2mclaims and draws inside the frame callback (draw receives the reader buffer + claim)
packages/react test: [22m[39mWarning: The current testing environment is not configured to support act(...)
packages/react test: Warning: The current testing environment is not configured to support act(...)
packages/react test: [90mstderr[2m | test/WeftFanoutCanvas.test.tsx[2m > [22m[2mWeftFanoutCanvas[2m > [22m[2mmulti-canvas: two components on one broadcaster are two independent readers
packages/react test: [22m[39mWarning: The current testing environment is not configured to support act(...)
packages/react test: Warning: The current testing environment is not configured to support act(...)
packages/react test: Warning: The current testing environment is not configured to support act(...)
packages/react test: Warning: The current testing environment is not configured to support act(...)
packages/react test: [90mstderr[2m | test/WeftFanoutCanvas.test.tsx[2m > [22m[2mWeftFanoutCanvas[2m > [22m[2msurvives draw identity changes without restarting the loop
packages/react test: [22m[39mWarning: The current testing environment is not configured to support act(...)
packages/react test: Warning: The current testing environment is not configured to support act(...)
packages/react test: Warning: The current testing environment is not configured to support act(...)
packages/react test: [90mstderr[2m | test/WeftFanoutCanvas.test.tsx[2m > [22m[2mWeftFanoutCanvas[2m > [22m[2mthe claim record is identity-stable across frames (zero alloc through the binding)
packages/react test: [22m[39mWarning: The current testing environment is not configured to support act(...)
packages/react test: Warning: The current testing environment is not configured to support act(...)
packages/react test: [90mstderr[2m | test/WeftFanoutCanvas.test.tsx[2m > [22m[2mWeftFanoutCanvas[2m > [22m[2mlatest-wins through the binding: each pump draws the then-freshest frame
packages/react test: [22m[39mWarning: The current testing environment is not configured to support act(...)
packages/react test: Warning: The current testing environment is not configured to support act(...)
packages/react test:  [32m✓[39m test/WeftFanoutCanvas.test.tsx [2m([22m[2m6 tests[22m[2m)[22m[90m 62[2mms[22m[39m
packages/react test: [90mstderr[2m | test/WeftHud.test.tsx[2m > [22m[2mWeftHud (RFC 0016 §9)[2m > [22m[2mteardown cancels the loop
packages/react test: [22m[39mWarning: An update to Root inside a test was not wrapped in act(...).
packages/react test: When testing, code that causes React state updates should be wrapped into act(...):
packages/react test: act(() => {
packages/react test:   /* fire events that update state */
packages/react test: });
packages/react test: /* assert on the output */
packages/react test: This ensures that you're testing the behavior the user would see in the browser. Learn more at https://reactjs.org/link/wrap-tests-with-act
packages/react test:  [32m✓[39m test/WeftHud.test.tsx [2m([22m[2m5 tests[22m[2m)[22m[90m 59[2mms[22m[39m
packages/react test: [2m Test Files [22m [1m[32m3 passed[39m[22m[90m (3)[39m
packages/react test: [2m      Tests [22m [1m[32m16 passed[39m[22m[90m (16)[39m
packages/react test: [2m   Start at [22m 13:28:21
packages/react test: [2m   Duration [22m 2.16s[2m (transform 443ms, setup 0ms, collect 689ms, tests 185ms, environment 3.55s, prepare 705ms)[22m
packages/react test: Done
packages/vue test:  [32m✓[39m test/useWeft.test.ts [2m([22m[2m5 tests[22m[2m)[22m[90m 23[2mms[22m[39m
packages/vue test:  [32m✓[39m test/useWeftFanout.test.ts [2m([22m[2m7 tests[22m[2m)[22m[90m 26[2mms[22m[39m
packages/vue test: [2m Test Files [22m [1m[32m2 passed[39m[22m[90m (2)[39m
packages/vue test: [2m      Tests [22m [1m[32m12 passed[39m[22m[90m (12)[39m
packages/vue test: [2m   Start at [22m 13:28:21
packages/vue test: [2m   Duration [22m 1.75s[2m (transform 192ms, setup 0ms, collect 312ms, tests 49ms, environment 1.86s, prepare 452ms)[22m
packages/vue test: Done

[1mapi-extractor 7.59.1 [36m - https://api-extractor.com/[39m
[22m
Analysis will use the bundled TypeScript version 5.9.3
[33mWarning: dist/index.d.ts:161:25 - (tsdoc-escape-greater-than) The ">" character should be escaped using a backslash to avoid confusion with an HTML tag[39m

API Extractor completed successfully

[1mapi-extractor 7.59.1 [36m - https://api-extractor.com/[39m
[22m
Analysis will use the bundled TypeScript version 5.9.3

API Extractor completed successfully

[1mapi-extractor 7.59.1 [36m - https://api-extractor.com/[39m
[22m
Analysis will use the bundled TypeScript version 5.9.3

API Extractor completed successfully

[1mapi-extractor 7.59.1 [36m - https://api-extractor.com/[39m
[22m
Analysis will use the bundled TypeScript version 5.9.3

API Extractor completed successfully

[1mapi-extractor 7.59.1 [36m - https://api-extractor.com/[39m
[22m
Analysis will use the bundled TypeScript version 5.9.3
[33mWarning: dist/index.d.ts:96:4 - (tsdoc-param-tag-missing-hyphen) The @param block should be followed by a parameter name and then a hyphen[39m
[33mWarning: dist/index.d.ts:98:4 - (tsdoc-param-tag-missing-hyphen) The @param block should be followed by a parameter name and then a hyphen[39m
[33mWarning: dist/index.d.ts:100:4 - (tsdoc-param-tag-missing-hyphen) The @param block should be followed by a parameter name and then a hyphen[39m
[33mWarning: dist/index.d.ts:102:4 - (tsdoc-param-tag-missing-hyphen) The @param block should be followed by a parameter name and then a hyphen[39m

API Extractor completed successfully

> fixture-node-litmus@0.1.0 build /home/runner/work/Weft/Weft/fixtures/node-litmus
> tsup litmus-packaged.ts --format esm --target node20

[34mCLI[39m Building entry: litmus-packaged.ts
[34mCLI[39m tsup v8.5.1
[34mCLI[39m Target: node20
[34mESM[39m Build start
[32mESM[39m [1mdist/litmus-packaged.js [22m[32m21.43 KB[39m
[32mESM[39m ⚡️ Build success in 15ms
L8 roundtrip=true unknown=true negotiation=true coexist=true pass=true
{"test":"L8-envelope","lang":"ts","pass":true,"metrics":{"roundtrip":true,"unknown_fields":true,"negotiation":true,"coexist":true}}
L7 reclaim_ok=true post_revoke_revoked=100 poison_intact=true pass=true
{"test":"L7-revocation","lang":"ts","pass":true,"metrics":{"reclaim_ok":true,"post_revoke_revoked":100,"poison_intact":true,"first_revoked_at":0}}
L6 trials=200 violations=0 seed=0x00c0ffee pass=true
{"test":"L6-ownership","lang":"ts","pass":true,"metrics":{"trials":200,"frames_per_trial":64,"violations":0,"seed":"0x00c0ffee"}}

> fixture-vite-react@0.1.0 build /home/runner/work/Weft/Weft/fixtures/vite-react
> vite build

[36mvite v6.4.3 [32mbuilding for production...[36m[39m
transforming...
[32m✓[39m 28 modules transformed.
rendering chunks...
computing gzip size...
[2mdist/[22m[32mindex.html                [39m[1m[2m  0.33 kB[22m[1m[22m[2m │ gzip:  0.24 kB[22m
[2mdist/[22m[2massets/[22m[36mindex-DgIEMwtT.js  [39m[1m[2m151.94 kB[22m[1m[22m[2m │ gzip: 48.92 kB[22m
[32m✓ built in 593ms[39m
npm notice
npm notice 📦  @weft/core@0.2.0
npm notice Tarball Contents
npm notice 1.1kB LICENSE
npm notice 7.4kB README.md
npm notice 16.1kB dist/index.d.mts
npm notice 16.1kB dist/index.d.ts
npm notice 85.3kB dist/index.js
npm notice 227.5kB dist/index.js.map
npm notice 83.2kB dist/index.mjs
npm notice 227.5kB dist/index.mjs.map
npm notice 4.1kB dist/weft-BrIlH2fY.d.mts
npm notice 4.1kB dist/weft-BrIlH2fY.d.ts
npm notice 5.6kB dist/worker.d.mts
npm notice 5.6kB dist/worker.d.ts
npm notice 5.4kB dist/worker.js
npm notice 17.4kB dist/worker.js.map
npm notice 5.2kB dist/worker.mjs
npm notice 17.4kB dist/worker.mjs.map
npm notice 943B package.json
npm notice Tarball Details
npm notice name: @weft/core
npm notice version: 0.2.0
npm notice filename: weft-core-0.2.0.tgz
npm notice package size: 181.0 kB
npm notice unpacked size: 729.9 kB
npm notice shasum: d0c71c586b3bff3b60ce3b208c0c70e7aadbc28f
npm notice integrity: sha512-SPvEzWiroD+tq[...]hM+M9d+hIIHVg==
npm notice total files: 17
npm notice
npm warn publish This command requires you to be logged in to https://registry.npmjs.org/ (dry-run)
npm notice Publishing to https://registry.npmjs.org/ with tag latest and default access (dry-run)
+ @weft/core@0.2.0
npm notice
npm notice 📦  @weft/heddle-canvas@0.1.0
npm notice Tarball Contents
npm notice 1.1kB LICENSE
npm notice 3.9kB README.md
npm notice 108.6kB dist/index.cjs
npm notice 273.8kB dist/index.cjs.map
npm notice 42.5kB dist/index.d.cts
npm notice 42.5kB dist/index.d.ts
npm notice 106.3kB dist/index.js
npm notice 273.8kB dist/index.js.map
npm notice 1.2kB package.json
npm notice 530B shaders/glsl/webgl2/candles.frag
npm notice 1.5kB shaders/glsl/webgl2/candles.vert
npm notice 107B shaders/glsl/webgl2/depth_ladder.frag
npm notice 1.1kB shaders/glsl/webgl2/depth_ladder.vert
npm notice 1.9kB shaders/glsl/webgl2/oscillo_decimate_tf.vert
npm notice 308B shaders/glsl/webgl2/oscillo_pass.frag
npm notice 107B shaders/glsl/webgl2/oscillo_ribbon.frag
npm notice 1.1kB shaders/glsl/webgl2/oscillo_ribbon.vert
npm notice 107B shaders/glsl/webgl2/pointcloud.frag
npm notice 1.2kB shaders/glsl/webgl2/pointcloud.vert
npm notice 3.2kB shaders/msl/heddle_shaders.metal
npm notice 1.9kB shaders/vk/osc_decimate.comp
npm notice 3.3kB shaders/vk/osc_decimate.spv
npm notice 3.2kB shaders/wgsl/candles.wgsl
npm notice 2.2kB shaders/wgsl/depth_ladder.wgsl
npm notice 2.0kB shaders/wgsl/oscillo_decimate.wgsl
npm notice 1.8kB shaders/wgsl/oscillo_ribbon.wgsl
npm notice 2.9kB shaders/wgsl/pointcloud.wgsl
npm notice Tarball Details
npm notice name: @weft/heddle-canvas
npm notice version: 0.1.0
npm notice filename: weft-heddle-canvas-0.1.0.tgz
npm notice package size: 218.1 kB
npm notice unpacked size: 882.1 kB
npm notice shasum: c12b840520a8a83e6c9f794db592defb00d19e8f
npm notice integrity: sha512-DIPnsVvipWfd+[...]LZQFLMRMaBDnQ==
npm notice total files: 27
npm notice
npm warn publish This command requires you to be logged in to https://registry.npmjs.org/ (dry-run)
npm notice Publishing to https://registry.npmjs.org/ with tag latest and default access (dry-run)
+ @weft/heddle-canvas@0.1.0
npm notice
npm notice 📦  @weft/heddle-core@0.1.0
npm notice Tarball Contents
npm notice 1.1kB LICENSE
npm notice 2.1kB README.md
npm notice 782B package.json
npm notice 3.7kB probes/alloc-probe.mjs
npm notice 1.3kB src/errors.js
npm notice 4.5kB src/index.d.ts
npm notice 602B src/index.js
npm notice 6.4kB src/layout.js
npm notice 8.9kB src/plane.js
npm notice 9.1kB src/producer.js
npm notice 4.2kB src/scheduler.js
npm notice Tarball Details
npm notice name: @weft/heddle-core
npm notice version: 0.1.0
npm notice filename: weft-heddle-core-0.1.0.tgz
npm notice package size: 13.5 kB
npm notice unpacked size: 42.7 kB
npm notice shasum: cd223d2eb94680ae35785583a7079d2da5918633
npm notice integrity: sha512-Fq4KkH3w5hYTU[...]Xz2pNJ14EAzmA==
npm notice total files: 11
npm notice
npm warn publish This command requires you to be logged in to https://registry.npmjs.org/ (dry-run)
npm notice Publishing to https://registry.npmjs.org/ with tag latest and default access (dry-run)
+ @weft/heddle-core@0.1.0
npm notice
npm notice 📦  @weft/heddle-hotplane@0.1.0
npm notice Tarball Contents
npm notice 1.1kB LICENSE
npm notice 1.9kB README.md
npm notice 932B package.json
npm notice 12.3kB src/hotplane.js
npm notice 2.4kB src/index.d.ts
npm notice 125B src/index.js
npm notice 4.6kB src/layout.js
npm notice Tarball Details
npm notice name: @weft/heddle-hotplane
npm notice version: 0.1.0
npm notice filename: weft-heddle-hotplane-0.1.0.tgz
npm notice package size: 7.5 kB
npm notice unpacked size: 23.2 kB
npm notice shasum: 91dbde90a7e4d651bcf8b120b49ebc0c5eac0e1a
npm notice integrity: sha512-tphlV5NdAK+Gz[...]+D9OYjFvOjaLA==
npm notice total files: 7
npm notice
npm warn publish This command requires you to be logged in to https://registry.npmjs.org/ (dry-run)
npm notice Publishing to https://registry.npmjs.org/ with tag latest and default access (dry-run)
+ @weft/heddle-hotplane@0.1.0
npm notice
npm notice 📦  @weft/react-hooks@0.1.0
npm notice Tarball Contents
npm notice 1.1kB LICENSE
npm notice 3.0kB README.md
npm notice 695B package.json
npm notice 7.1kB src/core.js
npm notice 3.1kB src/index.d.ts
npm notice 565B src/index.js
npm notice Tarball Details
npm notice name: @weft/react-hooks
npm notice version: 0.1.0
npm notice filename: weft-react-hooks-0.1.0.tgz
npm notice package size: 5.8 kB
npm notice unpacked size: 15.6 kB
npm notice shasum: 8401eed35b398eaf490f41de2112df3457e77817
npm notice integrity: sha512-yFoQEo6k1ux1M[...]9LMa6/YQkPcfg==
npm notice total files: 6
npm notice
npm warn publish This command requires you to be logged in to https://registry.npmjs.org/ (dry-run)
npm notice Publishing to https://registry.npmjs.org/ with tag latest and default access (dry-run)
+ @weft/react-hooks@0.1.0
npm notice
npm notice 📦  @weft/react-tensor@0.1.0
npm notice Tarball Contents
npm notice 1.1kB LICENSE
npm notice 2.5kB README.md
npm notice 733B package.json
npm notice 4.4kB src/core.js
npm notice 1.3kB src/index.d.ts
npm notice 410B src/index.js
npm notice Tarball Details
npm notice name: @weft/react-tensor
npm notice version: 0.1.0
npm notice filename: weft-react-tensor-0.1.0.tgz
npm notice package size: 4.4 kB
npm notice unpacked size: 10.4 kB
npm notice shasum: 9ae69439556f62fab75b3c47201a0f1021f8de13
npm notice integrity: sha512-cg9rsc8vndA96[...]jfW8Fq1bBmw6A==
npm notice total files: 6
npm notice
npm warn publish This command requires you to be logged in to https://registry.npmjs.org/ (dry-run)
npm notice Publishing to https://registry.npmjs.org/ with tag latest and default access (dry-run)
+ @weft/react-tensor@0.1.0
npm notice
npm notice 📦  @weft/spectrum@0.1.0
npm notice Tarball Contents
npm notice 1.1kB LICENSE
npm notice 1.3kB package.json
npm notice 5.9kB src/detect.js
npm notice 5.4kB src/governor.js
npm notice 5.8kB src/index.d.ts
npm notice 268B src/index.js
npm notice 4.3kB src/power.js
npm notice 7.2kB src/react.js
npm notice 9.2kB src/wire.js
npm notice Tarball Details
npm notice name: @weft/spectrum
npm notice version: 0.1.0
npm notice filename: weft-spectrum-0.1.0.tgz
npm notice package size: 13.7 kB
npm notice unpacked size: 40.4 kB
npm notice shasum: a1f36b32ea254f6384b70be160b021b0dd0dcdd1
npm notice integrity: sha512-vkXDNdKtNFNpX[...]yLnpMfHRIxX7A==
npm notice total files: 9
npm notice
npm warn publish This command requires you to be logged in to https://registry.npmjs.org/ (dry-run)
npm notice Publishing to https://registry.npmjs.org/ with tag latest and default access (dry-run)
+ @weft/spectrum@0.1.0
npm notice
npm notice 📦  @weft/cluster@0.1.0
npm notice Tarball Contents
npm notice 1.1kB LICENSE
npm notice 1.1kB package.json
npm notice 14.2kB src/client.js
npm notice 1.1kB src/crc32.js
npm notice 1.5kB src/errors.js
npm notice 3.1kB src/exporters/otel.js
npm notice 4.9kB src/exporters/perfetto.js
npm notice 2.7kB src/exporters/prometheus.js
npm notice 1.2kB src/index.js
npm notice 5.3kB src/mesh.js
npm notice 5.2kB src/metrics.js
npm notice 4.7kB src/router.js
npm notice 17.2kB src/topology.js
npm notice 178B src/transport/index.js
npm notice 7.4kB src/transport/shm.js
npm notice 9.1kB src/transport/udp.js
npm notice 13.3kB src/wire.js
npm notice Tarball Details
npm notice name: @weft/cluster
npm notice version: 0.1.0
npm notice filename: weft-cluster-0.1.0.tgz
npm notice package size: 29.7 kB
npm notice unpacked size: 93.2 kB
npm notice shasum: 140aaada25c152340dd28e45ad9f803fdd583b3b
npm notice integrity: sha512-I67yugsNn6UOl[...]Crthgicg08E5g==
npm notice total files: 17
npm notice
npm warn publish This command requires you to be logged in to https://registry.npmjs.org/ (dry-run)
npm notice Publishing to https://registry.npmjs.org/ with tag latest and default access (dry-run)
+ @weft/cluster@0.1.0
npm notice
npm notice 📦  @weft/tensor@0.1.0
npm notice Tarball Contents
npm notice 1.1kB LICENSE
npm notice 935B package.json
npm notice 5.8kB src/frame-view.js
npm notice 10.4kB src/index.d.ts
npm notice 656B src/index.js
npm notice 4.6kB src/ingest/audio.js
npm notice 4.7kB src/ingest/video.js
npm notice 13.0kB src/layout.js
npm notice 2.7kB src/listener.js
npm notice 2.6kB src/render/canvas2d.js
npm notice 3.5kB src/render/overlay.js
npm notice 4.7kB src/render/webgl2.js
npm notice 19.6kB src/ring.js
npm notice 2.2kB src/runtime.js
npm notice Tarball Details
npm notice name: @weft/tensor
npm notice version: 0.1.0
npm notice filename: weft-tensor-0.1.0.tgz
npm notice package size: 24.0 kB
npm notice unpacked size: 76.5 kB
npm notice shasum: 2af969969d1453f490a739010bb9890b7bf8bfea
npm notice integrity: sha512-nUtj/PxP3vO1d[...]9x7iAhmZ5nUcw==
npm notice total files: 14
npm notice
npm warn publish This command requires you to be logged in to https://registry.npmjs.org/ (dry-run)
npm notice Publishing to https://registry.npmjs.org/ with tag latest and default access (dry-run)
+ @weft/tensor@0.1.0
npm notice
npm notice 📦  @weft/react@0.1.0
npm notice Tarball Contents
npm notice 1.1kB LICENSE
npm notice 37.6kB dist/index.d.mts
npm notice 37.6kB dist/index.d.ts
npm notice 7.7kB dist/index.js
npm notice 17.4kB dist/index.js.map
npm notice 5.8kB dist/index.mjs
npm notice 17.4kB dist/index.mjs.map
npm notice 1.0kB package.json
npm notice Tarball Details
npm notice name: @weft/react
npm notice version: 0.1.0
npm notice filename: weft-react-0.1.0.tgz
npm notice package size: 14.0 kB
npm notice unpacked size: 125.5 kB
npm notice shasum: 8810f63bae992bfc62f88d35662d4b5a3c72afcc
npm notice integrity: sha512-ii6EoJBQxrEP5[...]UDV6nov6ZB2/g==
npm notice total files: 8
npm notice
npm warn publish This command requires you to be logged in to https://registry.npmjs.org/ (dry-run)
npm notice Publishing to https://registry.npmjs.org/ with tag latest and default access (dry-run)
+ @weft/react@0.1.0
npm notice
npm notice 📦  @weft/react-heddle@0.1.0
npm notice Tarball Contents
npm notice 1.1kB LICENSE
npm notice 2.4kB README.md
npm notice 959B package.json
npm notice 14.7kB src/core.js
npm notice 8.6kB src/hud.js
npm notice 2.9kB src/index.d.ts
npm notice 870B src/index.js
npm notice 12.5kB src/visualizers.js
npm notice Tarball Details
npm notice name: @weft/react-heddle
npm notice version: 0.1.0
npm notice filename: weft-react-heddle-0.1.0.tgz
npm notice package size: 14.0 kB
npm notice unpacked size: 43.9 kB
npm notice shasum: 08b02764dea3403bfe8ef28240292a4ca3a6a8f5
npm notice integrity: sha512-THNj/GJ5qLHkp[...]h1lhS7fMt9Gzg==
npm notice total files: 8
npm notice
npm warn publish This command requires you to be logged in to https://registry.npmjs.org/ (dry-run)
npm notice Publishing to https://registry.npmjs.org/ with tag latest and default access (dry-run)
+ @weft/react-heddle@0.1.0
npm notice
npm notice 📦  @weft/react-native@0.1.0
npm notice Tarball Contents
npm notice 1.1kB LICENSE
npm notice 6.1kB dist/index.d.mts
npm notice 6.1kB dist/index.d.ts
npm notice 13.0kB dist/index.js
npm notice 39.4kB dist/index.js.map
npm notice 11.4kB dist/index.mjs
npm notice 39.4kB dist/index.mjs.map
npm notice 1.0kB package.json
npm notice Tarball Details
npm notice name: @weft/react-native
npm notice version: 0.1.0
npm notice filename: weft-react-native-0.1.0.tgz
npm notice package size: 28.2 kB
npm notice unpacked size: 117.6 kB
npm notice shasum: c35c47588beeb9f37dfdba0eb13a9c78eb863625
npm notice integrity: sha512-Ai9KpCewWZQXq[...]R6eOFUhxfMPbA==
npm notice total files: 8
npm notice
npm warn publish This command requires you to be logged in to https://registry.npmjs.org/ (dry-run)
npm notice Publishing to https://registry.npmjs.org/ with tag latest and default access (dry-run)
+ @weft/react-native@0.1.0
npm notice
npm notice 📦  @weft/svelte@0.1.0
npm notice Tarball Contents
npm notice 1.1kB LICENSE
npm notice 645B dist/index.d.mts
npm notice 645B dist/index.d.ts
npm notice 2.2kB dist/index.js
npm notice 4.6kB dist/index.js.map
npm notice 1.2kB dist/index.mjs
npm notice 4.5kB dist/index.mjs.map
npm notice 934B package.json
npm notice Tarball Details
npm notice name: @weft/svelte
npm notice version: 0.1.0
npm notice filename: weft-svelte-0.1.0.tgz
npm notice package size: 3.8 kB
npm notice unpacked size: 15.8 kB
npm notice shasum: 7cd53b5693bc9673853e252f282c469034cda371
npm notice integrity: sha512-gyUpl679w2FoT[...]0eirOFI3DeQ1Q==
npm notice total files: 8
npm notice
npm warn publish This command requires you to be logged in to https://registry.npmjs.org/ (dry-run)
npm notice Publishing to https://registry.npmjs.org/ with tag latest and default access (dry-run)
+ @weft/svelte@0.1.0
npm notice
npm notice 📦  @weft/vue@0.1.0
npm notice Tarball Contents
npm notice 1.1kB LICENSE
npm notice 2.0kB dist/index.d.mts
npm notice 2.0kB dist/index.d.ts
npm notice 4.3kB dist/index.js
npm notice 8.9kB dist/index.js.map
npm notice 3.2kB dist/index.mjs
npm notice 8.8kB dist/index.mjs.map
npm notice 984B package.json
npm notice Tarball Details
npm notice name: @weft/vue
npm notice version: 0.1.0
npm notice filename: weft-vue-0.1.0.tgz
npm notice package size: 5.0 kB
npm notice unpacked size: 31.2 kB
npm notice shasum: 47d5212b4351d7683383ff8ab96e152fd1008e54
npm notice integrity: sha512-LURwqc35BWU+S[...]1qhYeBbAt1mpw==
npm notice total files: 8
npm notice
npm warn publish This command requires you to be logged in to https://registry.npmjs.org/ (dry-run)
npm notice Publishing to https://registry.npmjs.org/ with tag latest and default access (dry-run)
+ @weft/vue@0.1.0
