==================================================
SHARD: fanout-native
DESCRIPTION: C/Rust fan-out ring: F-series + torture x2 regimes + Loom + xlang
STATUS: FAILED ❌
COMMIT: d8247e0b6837440b7db6c8404e2bb56621912859
RUN: 138
==================================================


=== C build (fenced acq/rel + seq_cst) ===
make: Entering directory '/home/runner/work/Weft/Weft/core/c'
gcc -O2 -std=c11 -Wall -Wextra -pthread -D_GNU_SOURCE -o fanout-test fanout.c frame_cursor.c weft.c fanout_test.c
weft.c:15: warning: "_GNU_SOURCE" redefined
   15 | #define _GNU_SOURCE  // for posix_memalign
      | 
<command-line>: note: this is the location of the previous definition
gcc -O2 -std=c11 -Wall -Wextra -pthread -D_GNU_SOURCE -DWEFT_FANOUT_SEQ_CST=1 -o fanout-test-seq fanout.c frame_cursor.c weft.c fanout_test.c
weft.c:15: warning: "_GNU_SOURCE" redefined
   15 | #define _GNU_SOURCE  // for posix_memalign
      | 
<command-line>: note: this is the location of the previous definition
gcc -O2 -std=c11 -Wall -Wextra -pthread -D_GNU_SOURCE -o fanout-runner fanout.c frame_cursor.c weft.c fanout_runner.c
weft.c:15: warning: "_GNU_SOURCE" redefined
   15 | #define _GNU_SOURCE  // for posix_memalign
      | 
<command-line>: note: this is the location of the previous definition
gcc -O2 -std=c11 -Wall -Wextra -pthread -D_GNU_SOURCE -DWEFT_FANOUT_SEQ_CST=1 -o fanout-runner-seq fanout.c frame_cursor.c weft.c fanout_runner.c
weft.c:15: warning: "_GNU_SOURCE" redefined
   15 | #define _GNU_SOURCE  // for posix_memalign
      | 
<command-line>: note: this is the location of the previous definition
make: Leaving directory '/home/runner/work/Weft/Weft/core/c'

=== C F-series conformance (default regime) ===
FAIL: F4 stats agree with the loop (line 136)
ok: F1 payload_bytes=0 rejected
ok: F1 payload_bytes%4!=0 rejected
ok: F1 slot_count<2 rejected
ok: F1 slot_count=1 rejected
ok: F1 slot_count>64 rejected
ok: F1 ring_bytes formula (TS parity)
ok: F1 reader geometry mismatch rejected
ok: F2 init succeeds
ok: F2 reader init succeeds
ok: F2 claim before any publish: null frame
ok: begin returns a cursor
ok: fill writes every word
ok: F2 publish returns frame 1
ok: F2 first publish: fresh, dropped=0
ok: payload words intact
ok: begin returns a cursor
ok: fill writes every word
ok: begin returns a cursor
ok: fill writes every word
ok: begin returns a cursor
ok: fill writes every word
ok: F3 three unseen publishes: dropped=2
ok: payload words intact
ok: F4 ring init
ok: F4 reader init
ok: begin returns a cursor
ok: fill writes every word
ok: begin returns a cursor
ok: fill writes every word
ok: begin returns a cursor
ok: fill writes every word
ok: begin returns a cursor
ok: fill writes every word
ok: begin returns a cursor
ok: fill writes every word
ok: begin returns a cursor
ok: fill writes every word
ok: begin returns a cursor
ok: fill writes every word
ok: begin returns a cursor
ok: fill writes every word
ok: begin returns a cursor
ok: fill writes every word
ok: begin returns a cursor
ok: fill writes every word
ok: begin returns a cursor
ok: fill writes every word
ok: begin returns a cursor
ok: fill writes every word
ok: begin returns a cursor
ok: fill writes every word
ok: begin returns a cursor
ok: fill writes every word
ok: begin returns a cursor
ok: fill writes every word
ok: begin returns a cursor
ok: fill writes every word
ok: begin returns a cursor
ok: fill writes every word
ok: begin returns a cursor
ok: fill writes every word
ok: begin returns a cursor
ok: fill writes every word
ok: begin returns a cursor
ok: fill writes every word
ok: begin returns a cursor
ok: fill writes every word
ok: begin returns a cursor
ok: fill writes every word
ok: begin returns a cursor
ok: fill writes every word
ok: begin returns a cursor
ok: fill writes every word
ok: begin returns a cursor
ok: fill writes every word
ok: begin returns a cursor
ok: fill writes every word
ok: begin returns a cursor
ok: fill writes every word
ok: begin returns a cursor
ok: fill writes every word
ok: begin returns a cursor
ok: fill writes every word
ok: begin returns a cursor
ok: fill writes every word
ok: begin returns a cursor
ok: fill writes every word
ok: begin returns a cursor
ok: fill writes every word
ok: begin returns a cursor
ok: fill writes every word
ok: begin returns a cursor
ok: fill writes every word
ok: begin returns a cursor
ok: fill writes every word
ok: begin returns a cursor
ok: fill writes every word
ok: begin returns a cursor
ok: fill writes every word
ok: begin returns a cursor
ok: fill writes every word
ok: begin returns a cursor
ok: fill writes every word
ok: begin returns a cursor
ok: fill writes every word
ok: begin returns a cursor
ok: fill writes every word
ok: begin returns a cursor
ok: fill writes every word
ok: begin returns a cursor
ok: fill writes every word
ok: begin returns a cursor
ok: fill writes every word
ok: begin returns a cursor
ok: fill writes every word
ok: begin returns a cursor
ok: fill writes every word
ok: begin returns a cursor
ok: fill writes every word
ok: begin returns a cursor
ok: fill writes every word
ok: begin returns a cursor
ok: fill writes every word
ok: begin returns a cursor
ok: fill writes every word
ok: begin returns a cursor
ok: fill writes every word
ok: begin returns a cursor
ok: fill writes every word
ok: begin returns a cursor
ok: fill writes every word
ok: begin returns a cursor
ok: fill writes every word
ok: begin returns a cursor
ok: fill writes every word
ok: begin returns a cursor
ok: fill writes every word
ok: begin returns a cursor
ok: fill writes every word
ok: begin returns a cursor
ok: fill writes every word
ok: begin returns a cursor
ok: fill writes every word
ok: begin returns a cursor
ok: fill writes every word
ok: F4 telescoping identity exact
ok: F4 reader converged to the last frame
ok: F5 M=2 ring init
ok: F5 reader init
ok: begin returns a cursor
ok: fill writes every word
ok: F5 reader holds frame 1
ok: begin returns a cursor
ok: fill writes every word
ok: begin returns a cursor
ok: fill writes every word
ok: F5 mid-overwrite: keeps last consistent frame
ok: F5 skip counted, never silent
ok: F5 converges after the overwrite completes
ok: F6 ring init
ok: F6 publish with no begin returns 0
ok: begin returns a cursor
ok: fill writes every word
ok: F6 publish after begin returns 1
ok: F6 fill len%4!=0 rejected
ok: F7 producer init
ok: begin returns a cursor
ok: fill writes every word
ok: begin returns a cursor
ok: fill writes every word
ok: begin returns a cursor
ok: fill writes every word
ok: begin returns a cursor
ok: fill writes every word
ok: begin returns a cursor
ok: fill writes every word
ok: begin returns a cursor
ok: fill writes every word
ok: begin returns a cursor
ok: fill writes every word
ok: begin returns a cursor
ok: fill writes every word
ok: begin returns a cursor
ok: fill writes every word
ok: begin returns a cursor
ok: fill writes every word
ok: begin returns a cursor
ok: fill writes every word
ok: begin returns a cursor
ok: fill writes every word
ok: begin returns a cursor
ok: fill writes every word
ok: begin returns a cursor
ok: fill writes every word
ok: begin returns a cursor
ok: fill writes every word
ok: begin returns a cursor
ok: fill writes every word
ok: begin returns a cursor
ok: fill writes every word
ok: begin returns a cursor
ok: fill writes every word
ok: begin returns a cursor
ok: fill writes every word
ok: begin returns a cursor
ok: fill writes every word
ok: begin returns a cursor
ok: fill writes every word
ok: begin returns a cursor
ok: fill writes every word
ok: begin returns a cursor
ok: fill writes every word
ok: begin returns a cursor
ok: fill writes every word
ok: begin returns a cursor
ok: fill writes every word
ok: begin returns a cursor
ok: fill writes every word
ok: begin returns a cursor
ok: fill writes every word
ok: begin returns a cursor
ok: fill writes every word
ok: begin returns a cursor
ok: fill writes every word
ok: begin returns a cursor
ok: fill writes every word
ok: begin returns a cursor
ok: fill writes every word
ok: begin returns a cursor
ok: fill writes every word
ok: begin returns a cursor
ok: fill writes every word
ok: begin returns a cursor
ok: fill writes every word
ok: begin returns a cursor
ok: fill writes every word
ok: begin returns a cursor
ok: fill writes every word
ok: begin returns a cursor
ok: fill writes every word
ok: begin returns a cursor
ok: fill writes every word
ok: begin returns a cursor
ok: fill writes every word
ok: begin returns a cursor
ok: fill writes every word
ok: begin returns a cursor
ok: fill writes every word
ok: begin returns a cursor
ok: fill writes every word
ok: begin returns a cursor
ok: fill writes every word
ok: begin returns a cursor
ok: fill writes every word
ok: begin returns a cursor
ok: fill writes every word
ok: begin returns a cursor
ok: fill writes every word
ok: begin returns a cursor
ok: fill writes every word
ok: begin returns a cursor
ok: fill writes every word
ok: begin returns a cursor
ok: fill writes every word
ok: begin returns a cursor
ok: fill writes every word
ok: begin returns a cursor
ok: fill writes every word
ok: begin returns a cursor
ok: fill writes every word
ok: begin returns a cursor
ok: fill writes every word
ok: begin returns a cursor
ok: fill writes every word
ok: begin returns a cursor
ok: fill writes every word
ok: begin returns a cursor
ok: fill writes every word
ok: begin returns a cursor
ok: fill writes every word
ok: begin returns a cursor
ok: fill writes every word
ok: begin returns a cursor
ok: fill writes every word
ok: begin returns a cursor
ok: fill writes every word
ok: begin returns a cursor
ok: fill writes every word
ok: begin returns a cursor
ok: fill writes every word
ok: begin returns a cursor
ok: fill writes every word
ok: begin returns a cursor
ok: fill writes every word
ok: begin returns a cursor
ok: fill writes every word
ok: begin returns a cursor
ok: fill writes every word
ok: begin returns a cursor
ok: fill writes every word
ok: begin returns a cursor
ok: fill writes every word
ok: begin returns a cursor
ok: fill writes every word
ok: begin returns a cursor
ok: fill writes every word
ok: begin returns a cursor
ok: fill writes every word
ok: begin returns a cursor
ok: fill writes every word
ok: begin returns a cursor
ok: fill writes every word
ok: begin returns a cursor
ok: fill writes every word
ok: begin returns a cursor
ok: fill writes every word
ok: begin returns a cursor
ok: fill writes every word
ok: begin returns a cursor
ok: fill writes every word
ok: begin returns a cursor
ok: fill writes every word
ok: begin returns a cursor
ok: fill writes every word
ok: begin returns a cursor
ok: fill writes every word
ok: begin returns a cursor
ok: fill writes every word
ok: begin returns a cursor
ok: fill writes every word
ok: begin returns a cursor
ok: fill writes every word
ok: begin returns a cursor
ok: fill writes every word
ok: begin returns a cursor
ok: fill writes every word
ok: begin returns a cursor
ok: fill writes every word
ok: begin returns a cursor
ok: fill writes every word
ok: begin returns a cursor
ok: fill writes every word
ok: begin returns a cursor
ok: fill writes every word
ok: begin returns a cursor
ok: fill writes every word
ok: begin returns a cursor
ok: fill writes every word
ok: begin returns a cursor
ok: fill writes every word
ok: begin returns a cursor
ok: fill writes every word
ok: begin returns a cursor
ok: fill writes every word
ok: begin returns a cursor
ok: fill writes every word
ok: begin returns a cursor
ok: fill writes every word
ok: begin returns a cursor
ok: fill writes every word
ok: F7 reader attaches to the copy
ok: F7 handoff: fresh final frame, dropped = N-1
ok: payload words intact
ok: F7 writer attach
ok: F7 second attach on the live broadcaster is refused
ok: begin returns a cursor
ok: fill writes every word
ok: F7 attached writer continues numbering
ok: F7 second reader attach
ok: F7 cross-producer accounting telescopes
ok: F8 debug latest/publishes/slots
ok: F8 slot stamps populated and in range
ok: F9 new rejects bad geometry (slots, mod-4)
ok: F9 new allocates
ok: F9 ring accessor non-NULL
ok: F9 new ring publishes frame 1
ok: F9 raw latestSeq == 1 at offset 0
ok: F9 raw publishes == 1 at offset 8
ok: F9 reader_new attaches to the ring pointer
ok: F9 reader on the new/free ring claims frame 1
ok: F9 reader_new rejects ring_bytes mismatch
ok: F9 free pair NULL-safe, no crash
ok: FC kernel init
ok: FC1 null frame baseline: first, behind 0
ok: FC2 first real frame: behind 0, not first
ok: FC3 gap accounting: behind 2
ok: FC4 idle claim: recycled hold, reset rule, behind 0
ok: FC4 idle claim adds no drops
ok: FC5 kernel init
ok: FC5 baseline seq 10
ok: FC5 decreasing seq resets accounting (no burst)
ok: FC5 reset adds no drops
ok: FC6 accumulators: totalDropped=2, claims=4
ok: FC6 reset: next update is first again
ok: FC6 reset zeroed the counters

FAIL: 1 failure(s)

=== C F-series conformance (all-seq_cst regime) ===
FAIL: F4 stats agree with the loop (line 136)
ok: F1 payload_bytes=0 rejected
ok: F1 payload_bytes%4!=0 rejected
ok: F1 slot_count<2 rejected
ok: F1 slot_count=1 rejected
ok: F1 slot_count>64 rejected
ok: F1 ring_bytes formula (TS parity)
ok: F1 reader geometry mismatch rejected
ok: F2 init succeeds
ok: F2 reader init succeeds
ok: F2 claim before any publish: null frame
ok: begin returns a cursor
ok: fill writes every word
ok: F2 publish returns frame 1
ok: F2 first publish: fresh, dropped=0
ok: payload words intact
ok: begin returns a cursor
ok: fill writes every word
ok: begin returns a cursor
ok: fill writes every word
ok: begin returns a cursor
ok: fill writes every word
ok: F3 three unseen publishes: dropped=2
ok: payload words intact
ok: F4 ring init
ok: F4 reader init
ok: begin returns a cursor
ok: fill writes every word
ok: begin returns a cursor
ok: fill writes every word
ok: begin returns a cursor
ok: fill writes every word
ok: begin returns a cursor
ok: fill writes every word
ok: begin returns a cursor
ok: fill writes every word
ok: begin returns a cursor
ok: fill writes every word
ok: begin returns a cursor
ok: fill writes every word
ok: begin returns a cursor
ok: fill writes every word
ok: begin returns a cursor
ok: fill writes every word
ok: begin returns a cursor
ok: fill writes every word
ok: begin returns a cursor
ok: fill writes every word
ok: begin returns a cursor
ok: fill writes every word
ok: begin returns a cursor
ok: fill writes every word
ok: begin returns a cursor
ok: fill writes every word
ok: begin returns a cursor
ok: fill writes every word
ok: begin returns a cursor
ok: fill writes every word
ok: begin returns a cursor
ok: fill writes every word
ok: begin returns a cursor
ok: fill writes every word
ok: begin returns a cursor
ok: fill writes every word
ok: begin returns a cursor
ok: fill writes every word
ok: begin returns a cursor
ok: fill writes every word
ok: begin returns a cursor
ok: fill writes every word
ok: begin returns a cursor
ok: fill writes every word
ok: begin returns a cursor
ok: fill writes every word
ok: begin returns a cursor
ok: fill writes every word
ok: begin returns a cursor
ok: fill writes every word
ok: begin returns a cursor
ok: fill writes every word
ok: begin returns a cursor
ok: fill writes every word
ok: begin returns a cursor
ok: fill writes every word
ok: begin returns a cursor
ok: fill writes every word
ok: begin returns a cursor
ok: fill writes every word
ok: begin returns a cursor
ok: fill writes every word
ok: begin returns a cursor
ok: fill writes every word
ok: begin returns a cursor
ok: fill writes every word
ok: begin returns a cursor
ok: fill writes every word
ok: begin returns a cursor
ok: fill writes every word
ok: begin returns a cursor
ok: fill writes every word
ok: begin returns a cursor
ok: fill writes every word
ok: begin returns a cursor
ok: fill writes every word
ok: begin returns a cursor
ok: fill writes every word
ok: begin returns a cursor
ok: fill writes every word
ok: begin returns a cursor
ok: fill writes every word
ok: begin returns a cursor
ok: fill writes every word
ok: begin returns a cursor
ok: fill writes every word
ok: begin returns a cursor
ok: fill writes every word
ok: begin returns a cursor
ok: fill writes every word
ok: begin returns a cursor
ok: fill writes every word
ok: begin returns a cursor
ok: fill writes every word
ok: begin returns a cursor
ok: fill writes every word
ok: begin returns a cursor
ok: fill writes every word
ok: begin returns a cursor
ok: fill writes every word
ok: begin returns a cursor
ok: fill writes every word
ok: begin returns a cursor
ok: fill writes every word
ok: begin returns a cursor
ok: fill writes every word
ok: begin returns a cursor
ok: fill writes every word
ok: begin returns a cursor
ok: fill writes every word
ok: begin returns a cursor
ok: fill writes every word
ok: begin returns a cursor
ok: fill writes every word
ok: begin returns a cursor
ok: fill writes every word
ok: begin returns a cursor
ok: fill writes every word
ok: F4 telescoping identity exact
ok: F4 reader converged to the last frame
ok: F5 M=2 ring init
ok: F5 reader init
ok: begin returns a cursor
ok: fill writes every word
ok: F5 reader holds frame 1
ok: begin returns a cursor
ok: fill writes every word
ok: begin returns a cursor
ok: fill writes every word
ok: F5 mid-overwrite: keeps last consistent frame
ok: F5 skip counted, never silent
ok: F5 converges after the overwrite completes
ok: F6 ring init
ok: F6 publish with no begin returns 0
ok: begin returns a cursor
ok: fill writes every word
ok: F6 publish after begin returns 1
ok: F6 fill len%4!=0 rejected
ok: F7 producer init
ok: begin returns a cursor
ok: fill writes every word
ok: begin returns a cursor
ok: fill writes every word
ok: begin returns a cursor
ok: fill writes every word
ok: begin returns a cursor
ok: fill writes every word
ok: begin returns a cursor
ok: fill writes every word
ok: begin returns a cursor
ok: fill writes every word
ok: begin returns a cursor
ok: fill writes every word
ok: begin returns a cursor
ok: fill writes every word
ok: begin returns a cursor
ok: fill writes every word
ok: begin returns a cursor
ok: fill writes every word
ok: begin returns a cursor
ok: fill writes every word
ok: begin returns a cursor
ok: fill writes every word
ok: begin returns a cursor
ok: fill writes every word
ok: begin returns a cursor
ok: fill writes every word
ok: begin returns a cursor
ok: fill writes every word
ok: begin returns a cursor
ok: fill writes every word
ok: begin returns a cursor
ok: fill writes every word
ok: begin returns a cursor
ok: fill writes every word
ok: begin returns a cursor
ok: fill writes every word
ok: begin returns a cursor
ok: fill writes every word
ok: begin returns a cursor
ok: fill writes every word
ok: begin returns a cursor
ok: fill writes every word
ok: begin returns a cursor
ok: fill writes every word
ok: begin returns a cursor
ok: fill writes every word
ok: begin returns a cursor
ok: fill writes every word
ok: begin returns a cursor
ok: fill writes every word
ok: begin returns a cursor
ok: fill writes every word
ok: begin returns a cursor
ok: fill writes every word
ok: begin returns a cursor
ok: fill writes every word
ok: begin returns a cursor
ok: fill writes every word
ok: begin returns a cursor
ok: fill writes every word
ok: begin returns a cursor
ok: fill writes every word
ok: begin returns a cursor
ok: fill writes every word
ok: begin returns a cursor
ok: fill writes every word
ok: begin returns a cursor
ok: fill writes every word
ok: begin returns a cursor
ok: fill writes every word
ok: begin returns a cursor
ok: fill writes every word
ok: begin returns a cursor
ok: fill writes every word
ok: begin returns a cursor
ok: fill writes every word
ok: begin returns a cursor
ok: fill writes every word
ok: begin returns a cursor
ok: fill writes every word
ok: begin returns a cursor
ok: fill writes every word
ok: begin returns a cursor
ok: fill writes every word
ok: begin returns a cursor
ok: fill writes every word
ok: begin returns a cursor
ok: fill writes every word
ok: begin returns a cursor
ok: fill writes every word
ok: begin returns a cursor
ok: fill writes every word
ok: begin returns a cursor
ok: fill writes every word
ok: begin returns a cursor
ok: fill writes every word
ok: begin returns a cursor
ok: fill writes every word
ok: begin returns a cursor
ok: fill writes every word
ok: begin returns a cursor
ok: fill writes every word
ok: begin returns a cursor
ok: fill writes every word
ok: begin returns a cursor
ok: fill writes every word
ok: begin returns a cursor
ok: fill writes every word
ok: begin returns a cursor
ok: fill writes every word
ok: begin returns a cursor
ok: fill writes every word
ok: begin returns a cursor
ok: fill writes every word
ok: begin returns a cursor
ok: fill writes every word
ok: begin returns a cursor
ok: fill writes every word
ok: begin returns a cursor
ok: fill writes every word
ok: begin returns a cursor
ok: fill writes every word
ok: begin returns a cursor
ok: fill writes every word
ok: begin returns a cursor
ok: fill writes every word
ok: begin returns a cursor
ok: fill writes every word
ok: begin returns a cursor
ok: fill writes every word
ok: begin returns a cursor
ok: fill writes every word
ok: begin returns a cursor
ok: fill writes every word
ok: begin returns a cursor
ok: fill writes every word
ok: begin returns a cursor
ok: fill writes every word
ok: begin returns a cursor
ok: fill writes every word
ok: begin returns a cursor
ok: fill writes every word
ok: begin returns a cursor
ok: fill writes every word
ok: begin returns a cursor
ok: fill writes every word
ok: begin returns a cursor
ok: fill writes every word
ok: begin returns a cursor
ok: fill writes every word
ok: begin returns a cursor
ok: fill writes every word
ok: begin returns a cursor
ok: fill writes every word
ok: begin returns a cursor
ok: fill writes every word
ok: begin returns a cursor
ok: fill writes every word
ok: begin returns a cursor
ok: fill writes every word
ok: begin returns a cursor
ok: fill writes every word
ok: begin returns a cursor
ok: fill writes every word
ok: begin returns a cursor
ok: fill writes every word
ok: begin returns a cursor
ok: fill writes every word
ok: begin returns a cursor
ok: fill writes every word
ok: begin returns a cursor
ok: fill writes every word
ok: begin returns a cursor
ok: fill writes every word
ok: begin returns a cursor
ok: fill writes every word
ok: begin returns a cursor
ok: fill writes every word
ok: begin returns a cursor
ok: fill writes every word
ok: begin returns a cursor
ok: fill writes every word
ok: begin returns a cursor
ok: fill writes every word
ok: begin returns a cursor
ok: fill writes every word
ok: begin returns a cursor
ok: fill writes every word
ok: begin returns a cursor
ok: fill writes every word
ok: begin returns a cursor
ok: fill writes every word
ok: F7 reader attaches to the copy
ok: F7 handoff: fresh final frame, dropped = N-1
ok: payload words intact
ok: F7 writer attach
ok: F7 second attach on the live broadcaster is refused
ok: begin returns a cursor
ok: fill writes every word
ok: F7 attached writer continues numbering
ok: F7 second reader attach
ok: F7 cross-producer accounting telescopes
ok: F8 debug latest/publishes/slots
ok: F8 slot stamps populated and in range
ok: F9 new rejects bad geometry (slots, mod-4)
ok: F9 new allocates
ok: F9 ring accessor non-NULL
ok: F9 new ring publishes frame 1
ok: F9 raw latestSeq == 1 at offset 0
ok: F9 raw publishes == 1 at offset 8
ok: F9 reader_new attaches to the ring pointer
ok: F9 reader on the new/free ring claims frame 1
ok: F9 reader_new rejects ring_bytes mismatch
ok: F9 free pair NULL-safe, no crash
ok: FC kernel init
ok: FC1 null frame baseline: first, behind 0
ok: FC2 first real frame: behind 0, not first
ok: FC3 gap accounting: behind 2
ok: FC4 idle claim: recycled hold, reset rule, behind 0
ok: FC4 idle claim adds no drops
ok: FC5 kernel init
ok: FC5 baseline seq 10
ok: FC5 decreasing seq resets accounting (no burst)
ok: FC5 reset adds no drops
ok: FC6 accumulators: totalDropped=2, claims=4
ok: FC6 reset: next update is first again
ok: FC6 reset zeroed the counters

FAIL: 1 failure(s)

=== C torture (default regime, 200k frames) ===
reader 0: fresh=125667 dropped=74333 claims=484905 skipped=0 torn_exhausted=0 last_seq=200000 identity=OK
reader 1: fresh=90857 dropped=109143 claims=134647 skipped=0 torn_exhausted=0 last_seq=200000 identity=OK
reader 2: fresh=135168 dropped=64832 claims=1098212 skipped=0 torn_exhausted=0 last_seq=200000 identity=OK
reader 3: fresh=64481 dropped=135519 claims=210391 skipped=0 torn_exhausted=0 last_seq=200000 identity=OK
torture: frames=200000 slots=4 words=256 readers=4 publishes=200000 elapsed_ms=132.2 rate=1513023/s verdict=PASS

=== C torture (all-seq_cst regime, 200k frames) ===
reader 0: fresh=147188 dropped=52812 claims=274101 skipped=0 torn_exhausted=0 last_seq=200000 identity=OK
reader 1: fresh=76628 dropped=123372 claims=131198 skipped=0 torn_exhausted=0 last_seq=200000 identity=OK
reader 2: fresh=139266 dropped=60734 claims=182174 skipped=0 torn_exhausted=0 last_seq=200000 identity=OK
reader 3: fresh=76763 dropped=123237 claims=442063 skipped=0 torn_exhausted=0 last_seq=200000 identity=OK
torture: frames=200000 slots=4 words=256 readers=4 publishes=200000 elapsed_ms=132.6 rate=1508193/s verdict=PASS

=== Rust suite (F-series + cursor + torture + Loom model, bound 2) ===
[1m[92m    Updating[0m crates.io index
[1m[92m   Compiling[0m rustversion v1.0.23
[1m[92m   Compiling[0m shlex v2.0.1
[1m[92m   Compiling[0m once_cell v1.21.4
[1m[92m   Compiling[0m find-msvc-tools v0.1.12
[1m[92m   Compiling[0m cc v1.4.5
[1m[92m   Compiling[0m tracing-core v0.1.36
[1m[92m   Compiling[0m cfg-if v1.0.4
[1m[92m   Compiling[0m log v0.4.34
[1m[92m   Compiling[0m libc v0.2.189
[1m[92m   Compiling[0m regex-syntax v0.8.11
[1m[92m   Compiling[0m lazy_static v1.5.0
[1m[92m   Compiling[0m pin-project-lite v0.2.17
[1m[92m   Compiling[0m tracing v0.1.44
[1m[92m   Compiling[0m sharded-slab v0.1.7
[1m[92m   Compiling[0m tracing-log v0.2.0
[1m[92m   Compiling[0m thread_local v1.1.10
[1m[92m   Compiling[0m regex-automata v0.4.18
[1m[92m   Compiling[0m matchers v0.2.0
[1m[92m   Compiling[0m nu-ansi-term v0.50.3
[1m[92m   Compiling[0m generator v0.8.9
[1m[92m   Compiling[0m smallvec v1.16.0
[1m[92m   Compiling[0m scoped-tls v1.0.1
[1m[92m   Compiling[0m weft-core v0.1.0 (/home/runner/work/Weft/Weft/core/rust)
[1m[92m   Compiling[0m tracing-subscriber v0.3.23
[1m[33mwarning[0m[1m: unused import: `AsRawFd`[0m
  [1m[94m--> [0msrc/shm.rs:35:25
   [1m[94m|[0m
[1m[94m35[0m [1m[94m|[0m use std::os::unix::io::{AsRawFd, FromRawFd};
   [1m[94m|[0m                         [1m[33m^^^^^^^[0m
   [1m[94m|[0m
   [1m[94m= [0m[1mnote[0m: `#[warn(unused_imports)]` (part of `#[warn(unused)]`) on by default

[1m[91merror[E0369][0m[1m: binary operation `!=` cannot be applied to type `Atomic<u32>`[0m
   [1m[94m--> [0msrc/lib.rs:414:59
    [1m[94m|[0m
[1m[94m414[0m [1m[94m|[0m         let effective_ms = if self.max_reclaim_timeout_ms != 0
    [1m[94m|[0m                               [1m[94m---------------------------[0m [1m[91m^^[0m [1m[94m-[0m [1m[94m{integer}[0m
    [1m[94m|[0m                               [1m[94m|[0m
    [1m[94m|[0m                               [1m[94mAtomic<u32>[0m
    [1m[94m|[0m
[1m[92mnote[0m: `Atomic<u32>` does not implement `PartialEq<{integer}>`
   [1m[94m--> [0m/rustc/48a229ceaefd4985c50990b14116b6d856af0985/library/core/src/sync/atomic.rs:361:0
    [1m[94m|[0m
    [1m[94m= [0m[1mnote[0m: `Atomic<u32>` is defined in another crate

[1m[92m   Compiling[0m loom v0.7.2
[1m[91merror[E0308][0m[1m: mismatched types[0m
   [1m[94m--> [0msrc/lib.rs:415:29
    [1m[94m|[0m
[1m[94m415[0m [1m[94m|[0m             && timeout_ms > self.max_reclaim_timeout_ms
    [1m[94m|[0m                [1m[94m----------[0m   [1m[91m^^^^^^^^^^^^^^^^^^^^^^^^^^^[0m [1m[91mexpected `u32`, found `Atomic<u32>`[0m
    [1m[94m|[0m                [1m[94m|[0m
    [1m[94m|[0m                [1m[94mexpected because this is `u32`[0m
    [1m[94m|[0m
    [1m[94m= [0m[1mnote[0m: expected type `[1m[35mu32[0m`
             found struct `[1m[35mAtomic<u32>[0m`

[1m[91merror[E0308][0m[1m: `if` and `else` have incompatible types[0m
   [1m[94m--> [0msrc/lib.rs:419:13
    [1m[94m|[0m
[1m[94m414[0m [1m[94m|[0m           let effective_ms = if self.max_reclaim_timeout_ms != 0
    [1m[94m|[0m [1m[94m ____________________________-[0m
[1m[94m415[0m [1m[94m|[0m [1m[94m|[0m             && timeout_ms > self.max_reclaim_timeout_ms
[1m[94m416[0m [1m[94m|[0m [1m[94m|[0m         {
[1m[94m417[0m [1m[94m|[0m [1m[94m|[0m             self.max_reclaim_timeout_ms
    [1m[94m|[0m [1m[94m|[0m             [1m[94m---------------------------[0m [1m[94mexpected because of this[0m
[1m[94m418[0m [1m[94m|[0m [1m[94m|[0m         } else {
[1m[94m419[0m [1m[94m|[0m [1m[94m|[0m             timeout_ms
    [1m[94m|[0m [1m[94m|[0m             [1m[91m^^^^^^^^^^[0m [1m[91mexpected `Atomic<u32>`, found `u32`[0m
[1m[94m420[0m [1m[94m|[0m [1m[94m|[0m         };
    [1m[94m|[0m [1m[94m|_________-[0m [1m[94m`if` and `else` have incompatible types[0m
    [1m[94m|[0m
    [1m[94m= [0m[1mnote[0m: expected struct `[1m[35mAtomic<u32>[0m`
                 found type `[1m[35mu32[0m`

[1m[33mwarning[0m[1m: unnecessary `unsafe` block[0m
   [1m[94m--> [0msrc/shm.rs:265:20
    [1m[94m|[0m
[1m[94m255[0m [1m[94m|[0m     unsafe {
    [1m[94m|[0m     [1m[94m------[0m [1m[94mbecause it's nested under this `unsafe` block[0m
[1m[94m...[0m
[1m[94m265[0m [1m[94m|[0m         let file = unsafe { File::from_raw_fd(fd) };
    [1m[94m|[0m                    [1m[33m^^^^^^[0m [1m[33munnecessary `unsafe` block[0m
    [1m[94m|[0m
    [1m[94m= [0m[1mnote[0m: `#[warn(unused_unsafe)]` (part of `#[warn(unused)]`) on by default

[1m[33mwarning[0m[1m: unnecessary `unsafe` block[0m
   [1m[94m--> [0msrc/shm.rs:294:20
    [1m[94m|[0m
[1m[94m287[0m [1m[94m|[0m     unsafe {
    [1m[94m|[0m     [1m[94m------[0m [1m[94mbecause it's nested under this `unsafe` block[0m
[1m[94m...[0m
[1m[94m294[0m [1m[94m|[0m         let file = unsafe { File::from_raw_fd(fd) };
    [1m[94m|[0m                    [1m[33m^^^^^^[0m [1m[33munnecessary `unsafe` block[0m

[1m[33mwarning[0m[1m: unnecessary `unsafe` block[0m
   [1m[94m--> [0msrc/shm.rs:306:13
    [1m[94m|[0m
[1m[94m287[0m [1m[94m|[0m     unsafe {
    [1m[94m|[0m     [1m[94m------[0m [1m[94mbecause it's nested under this `unsafe` block[0m
[1m[94m...[0m
[1m[94m306[0m [1m[94m|[0m             unsafe { sys::munmap(p, mapping_bytes) };
    [1m[94m|[0m             [1m[33m^^^^^^[0m [1m[33munnecessary `unsafe` block[0m

[1m[33mwarning[0m[1m: unnecessary `unsafe` block[0m
   [1m[94m--> [0msrc/verified.rs:262:21
    [1m[94m|[0m
[1m[94m250[0m [1m[94m|[0m       unsafe {
    [1m[94m|[0m       [1m[94m------[0m [1m[94mbecause it's nested under this `unsafe` block[0m
[1m[94m...[0m
[1m[94m262[0m [1m[94m|[0m             let d = unsafe { data.add(blk * 64) };
    [1m[94m|[0m                     [1m[33m^^^^^^[0m [1m[33munnecessary `unsafe` block[0m

[1mSome errors have detailed explanations: E0308, E0369.[0m
[1mFor more information about an error, try `rustc --explain E0308`.[0m
[1m[33mwarning[0m: `weft-core` (lib) generated 5 warnings (1 duplicate)
[1m[91merror[0m: could not compile `weft-core` (lib) due to 3 previous errors; 5 warnings emitted
[1m[33mwarning[0m: build failed, waiting for other jobs to finish...
[1m[33mwarning[0m: `weft-core` (lib) generated 5 warnings (4 duplicates)
[1m[91merror[0m: could not compile `weft-core` (lib) due to 3 previous errors; 5 warnings emitted

=== xlang interop (TS <-> C, bit-exact) ===
== xlang fan-out interop: env x86_64/Linux, node v24.20.0, frames=2000 ==
-- direction 1: TS producer -> C consumer --
writer: frames=2000 slots=4 floats=64 bytes=1072 latest=2000 publishes=2000
validate-ring: ring-ts.bin — fresh seq=2000 dropped=1999 payload_words=64 verdict=PASS

-- direction 2: C producer -> TS consumer --
dump-ring: wrote ring-c.bin (1072 bytes) + ring-c.meta — frames=2000 slots=4 words=64
reader: fresh seq=2000 dropped=1999 words=64 bits=OK verdict=PASS

verdict: PASS

=== JNI fan-out harness (host JVM, 200k frames x 3 readers) ===
/home/runner/work/Weft/Weft/core/c/weft.c:15: warning: "_GNU_SOURCE" redefined
   15 | #define _GNU_SOURCE  // for posix_memalign
      | 
<command-line>: note: this is the location of the previous definition
ok: JF1 payloadBytes=0 rejected
ok: JF1 payload not multiple of 4 rejected
ok: JF1 slotCount<2 rejected
ok: JF1 slotCount>64 rejected
ok: JF1 ring_bytes = 16 + 8M + M*payload (the interop contract)
ok: JF1 ring_bytes rejects bad geometry
ok: JF2 fanoutCreate handle
ok: JF2 begin: direct BB cursor, cap=payload
ok: JF2 publish returns frame seq 1
ok: JF2 readerCreate on the broadcaster's ring
ok: JF2 first claim: fresh, seq 1, dropped 0
ok: JF2 view buffer: cap=payload
ok: JF2 claimed bytes match pat(1,i) — no tear on the happy path
ok: JF2 advisory latestSeq/publishes (AXIOM T)
ok: JF3 10 fresh claims, last frame 40
ok: JF3 telescoping: sum(dropped) == 30 exactly
ok: JF3 identity: lastSeq - freshClaims == sum(dropped)
ok: JF4 baseline: reader holds frame 1
ok: JF4 mid-overwrite claim: graceful skip, keeps frame 1 (Law 1: bounded, counted)
ok: JF4 skip counted in reader stats (never silent)
ok: JF4 publish after the skip publishes frame 9
ok: JF4 next claim is fresh with exact telescoped drops
ok: JF4 publish-without-begin returns the last frame seq (no-op)
ok: JF5 reader 0 fresh claims == 70/1
ok: JF5 reader 0 telescoping exact: sum(dropped) == lastClaimed(70) - fresh
FAIL: JF5 reader 0 reads == claim calls
ok: JF5 reader 1 fresh claims == 70/3
ok: JF5 reader 1 telescoping exact: sum(dropped) == lastClaimed(69) - fresh
FAIL: JF5 reader 1 reads == claim calls
ok: JF5 reader 2 fresh claims == 70/7
ok: JF5 reader 2 telescoping exact: sum(dropped) == lastClaimed(70) - fresh
FAIL: JF5 reader 2 reads == claim calls
ok: JF6 foreign broadcaster attaches by geometry alone
ok: JF6 publish on foreign ring (numbering from latestSeq=0)
ok: JF6 foreign reader attaches
ok: JF6 foreign reader claims frame 1 — one ring, two entry points
ok: JF6 foreign attach rejects ring_bytes mismatch
ok: JF6 foreign reader rejects ring_bytes mismatch
ok: JF7 fill copies payload/4 words
ok: JF7 publish after fill
ok: JF7 fill path delivers intact bytes
ok: JF7 fill rejects len%4!=0
ok: JF8 reader thread fanout-reader-0 terminated
ok: JF8 reader thread fanout-reader-1 terminated
ok: JF8 reader thread fanout-reader-2 terminated
ok: JF8 torture: zero protocol violations across 200000 frames x 3 readers (violations: [])
FAIL: JF8 reader 0 stats populated (reads=0 fresh=131985 dropped=68015 skipped=0 exhausted=0)
ok: JF8 reader 0 converged to the final frame
FAIL: JF8 reader 1 stats populated (reads=0 fresh=127274 dropped=72726 skipped=0 exhausted=0)
ok: JF8 reader 1 converged to the final frame
FAIL: JF8 reader 2 stats populated (reads=0 fresh=136861 dropped=63139 skipped=0 exhausted=0)
ok: JF8 reader 2 converged to the final frame
ok: JF8 readers observed frames (396120 fresh claims total)
       torture perf: ~1242K publishes/s through the JNI zero-copy cursor path (informative, host JVM)

FAIL: 6 failure(s), 47 check(s), 195 ms total
env: java 17.0.20.1 (amd64), host gcc .so, -O2

=== governor G-series (C) ===
make: Entering directory '/home/runner/work/Weft/Weft/core/c'
gcc -O2 -std=c11 -Wall -Wextra -pthread -D_GNU_SOURCE -o governor-test governor.c governor_test.c
make: Leaving directory '/home/runner/work/Weft/Weft/core/c'
{"test":"governor-G-series","lang":"c","pass":true,"metrics":{"gates":"G1,G2,G3,G3b,G4,Law4,custom"},"notes":"RFC-0009 FreshnessGovernor conformance; G5 via xlang-dump + fixtures/xlang-governor"}

=== governor G-series (Rust) + G5 trace parity (TS/C/Rust + VM emitters) ===
[1m[92m   Compiling[0m weft-core v0.1.0 (/home/runner/work/Weft/Weft/core/rust)
[1m[33mwarning[0m[1m: unused import: `AsRawFd`[0m
  [1m[94m--> [0msrc/shm.rs:35:25
   [1m[94m|[0m
[1m[94m35[0m [1m[94m|[0m use std::os::unix::io::{AsRawFd, FromRawFd};
   [1m[94m|[0m                         [1m[33m^^^^^^^[0m
   [1m[94m|[0m
   [1m[94m= [0m[1mnote[0m: `#[warn(unused_imports)]` (part of `#[warn(unused)]`) on by default

[1m[91merror[E0369][0m[1m: binary operation `!=` cannot be applied to type `Atomic<u32>`[0m
   [1m[94m--> [0msrc/lib.rs:414:59
    [1m[94m|[0m
[1m[94m414[0m [1m[94m|[0m         let effective_ms = if self.max_reclaim_timeout_ms != 0
    [1m[94m|[0m                               [1m[94m---------------------------[0m [1m[91m^^[0m [1m[94m-[0m [1m[94m{integer}[0m
    [1m[94m|[0m                               [1m[94m|[0m
    [1m[94m|[0m                               [1m[94mAtomic<u32>[0m
    [1m[94m|[0m
[1m[92mnote[0m: `Atomic<u32>` does not implement `PartialEq<{integer}>`
   [1m[94m--> [0m/rustc/48a229ceaefd4985c50990b14116b6d856af0985/library/core/src/sync/atomic.rs:361:0
    [1m[94m|[0m
    [1m[94m= [0m[1mnote[0m: `Atomic<u32>` is defined in another crate

[1m[91merror[E0308][0m[1m: mismatched types[0m
   [1m[94m--> [0msrc/lib.rs:415:29
    [1m[94m|[0m
[1m[94m415[0m [1m[94m|[0m             && timeout_ms > self.max_reclaim_timeout_ms
    [1m[94m|[0m                [1m[94m----------[0m   [1m[91m^^^^^^^^^^^^^^^^^^^^^^^^^^^[0m [1m[91mexpected `u32`, found `Atomic<u32>`[0m
    [1m[94m|[0m                [1m[94m|[0m
    [1m[94m|[0m                [1m[94mexpected because this is `u32`[0m
    [1m[94m|[0m
    [1m[94m= [0m[1mnote[0m: expected type `[1m[35mu32[0m`
             found struct `[1m[35mAtomic<u32>[0m`

[1m[91merror[E0308][0m[1m: `if` and `else` have incompatible types[0m
   [1m[94m--> [0msrc/lib.rs:419:13
    [1m[94m|[0m
[1m[94m414[0m [1m[94m|[0m           let effective_ms = if self.max_reclaim_timeout_ms != 0
    [1m[94m|[0m [1m[94m ____________________________-[0m
[1m[94m415[0m [1m[94m|[0m [1m[94m|[0m             && timeout_ms > self.max_reclaim_timeout_ms
[1m[94m416[0m [1m[94m|[0m [1m[94m|[0m         {
[1m[94m417[0m [1m[94m|[0m [1m[94m|[0m             self.max_reclaim_timeout_ms
    [1m[94m|[0m [1m[94m|[0m             [1m[94m---------------------------[0m [1m[94mexpected because of this[0m
[1m[94m418[0m [1m[94m|[0m [1m[94m|[0m         } else {
[1m[94m419[0m [1m[94m|[0m [1m[94m|[0m             timeout_ms
    [1m[94m|[0m [1m[94m|[0m             [1m[91m^^^^^^^^^^[0m [1m[91mexpected `Atomic<u32>`, found `u32`[0m
[1m[94m420[0m [1m[94m|[0m [1m[94m|[0m         };
    [1m[94m|[0m [1m[94m|_________-[0m [1m[94m`if` and `else` have incompatible types[0m
    [1m[94m|[0m
    [1m[94m= [0m[1mnote[0m: expected struct `[1m[35mAtomic<u32>[0m`
                 found type `[1m[35mu32[0m`

[1m[33mwarning[0m[1m: unnecessary `unsafe` block[0m
   [1m[94m--> [0msrc/shm.rs:265:20
    [1m[94m|[0m
[1m[94m255[0m [1m[94m|[0m     unsafe {
    [1m[94m|[0m     [1m[94m------[0m [1m[94mbecause it's nested under this `unsafe` block[0m
[1m[94m...[0m
[1m[94m265[0m [1m[94m|[0m         let file = unsafe { File::from_raw_fd(fd) };
    [1m[94m|[0m                    [1m[33m^^^^^^[0m [1m[33munnecessary `unsafe` block[0m
    [1m[94m|[0m
    [1m[94m= [0m[1mnote[0m: `#[warn(unused_unsafe)]` (part of `#[warn(unused)]`) on by default

[1m[33mwarning[0m[1m: unnecessary `unsafe` block[0m
   [1m[94m--> [0msrc/shm.rs:294:20
    [1m[94m|[0m
[1m[94m287[0m [1m[94m|[0m     unsafe {
    [1m[94m|[0m     [1m[94m------[0m [1m[94mbecause it's nested under this `unsafe` block[0m
[1m[94m...[0m
[1m[94m294[0m [1m[94m|[0m         let file = unsafe { File::from_raw_fd(fd) };
    [1m[94m|[0m                    [1m[33m^^^^^^[0m [1m[33munnecessary `unsafe` block[0m

[1m[33mwarning[0m[1m: unnecessary `unsafe` block[0m
   [1m[94m--> [0msrc/shm.rs:306:13
    [1m[94m|[0m
[1m[94m287[0m [1m[94m|[0m     unsafe {
    [1m[94m|[0m     [1m[94m------[0m [1m[94mbecause it's nested under this `unsafe` block[0m
[1m[94m...[0m
[1m[94m306[0m [1m[94m|[0m             unsafe { sys::munmap(p, mapping_bytes) };
    [1m[94m|[0m             [1m[33m^^^^^^[0m [1m[33munnecessary `unsafe` block[0m

[1m[33mwarning[0m[1m: unnecessary `unsafe` block[0m
   [1m[94m--> [0msrc/verified.rs:262:21
    [1m[94m|[0m
[1m[94m250[0m [1m[94m|[0m       unsafe {
    [1m[94m|[0m       [1m[94m------[0m [1m[94mbecause it's nested under this `unsafe` block[0m
[1m[94m...[0m
[1m[94m262[0m [1m[94m|[0m             let d = unsafe { data.add(blk * 64) };
    [1m[94m|[0m                     [1m[33m^^^^^^[0m [1m[33munnecessary `unsafe` block[0m

[1mSome errors have detailed explanations: E0308, E0369.[0m
[1mFor more information about an error, try `rustc --explain E0308`.[0m
[1m[33mwarning[0m: `weft-core` (lib) generated 5 warnings (2 duplicates)
[1m[91merror[0m: could not compile `weft-core` (lib) due to 3 previous errors; 5 warnings emitted
[1m[33mwarning[0m: build failed, waiting for other jobs to finish...
[1m[33mwarning[0m: `weft-core` (lib) generated 5 warnings (3 duplicates)
[1m[91merror[0m: could not compile `weft-core` (lib) due to 3 previous errors; 5 warnings emitted
[1m[92m   Compiling[0m weft-core v0.1.0 (/home/runner/work/Weft/Weft/core/rust)
[1m[33mwarning[0m[1m: unused import: `AsRawFd`[0m
  [1m[94m--> [0msrc/shm.rs:35:25
   [1m[94m|[0m
[1m[94m35[0m [1m[94m|[0m use std::os::unix::io::{AsRawFd, FromRawFd};
   [1m[94m|[0m                         [1m[33m^^^^^^^[0m
   [1m[94m|[0m
   [1m[94m= [0m[1mnote[0m: `#[warn(unused_imports)]` (part of `#[warn(unused)]`) on by default

[1m[91merror[E0369][0m[1m: binary operation `!=` cannot be applied to type `Atomic<u32>`[0m
   [1m[94m--> [0msrc/lib.rs:414:59
    [1m[94m|[0m
[1m[94m414[0m [1m[94m|[0m         let effective_ms = if self.max_reclaim_timeout_ms != 0
    [1m[94m|[0m                               [1m[94m---------------------------[0m [1m[91m^^[0m [1m[94m-[0m [1m[94m{integer}[0m
    [1m[94m|[0m                               [1m[94m|[0m
    [1m[94m|[0m                               [1m[94mAtomic<u32>[0m
    [1m[94m|[0m
[1m[92mnote[0m: `Atomic<u32>` does not implement `PartialEq<{integer}>`
   [1m[94m--> [0m/rustc/48a229ceaefd4985c50990b14116b6d856af0985/library/core/src/sync/atomic.rs:361:0
    [1m[94m|[0m
    [1m[94m= [0m[1mnote[0m: `Atomic<u32>` is defined in another crate

[1m[91merror[E0308][0m[1m: mismatched types[0m
   [1m[94m--> [0msrc/lib.rs:415:29
    [1m[94m|[0m
[1m[94m415[0m [1m[94m|[0m             && timeout_ms > self.max_reclaim_timeout_ms
    [1m[94m|[0m                [1m[94m----------[0m   [1m[91m^^^^^^^^^^^^^^^^^^^^^^^^^^^[0m [1m[91mexpected `u32`, found `Atomic<u32>`[0m
    [1m[94m|[0m                [1m[94m|[0m
    [1m[94m|[0m                [1m[94mexpected because this is `u32`[0m
    [1m[94m|[0m
    [1m[94m= [0m[1mnote[0m: expected type `[1m[35mu32[0m`
             found struct `[1m[35mAtomic<u32>[0m`

[1m[91merror[E0308][0m[1m: `if` and `else` have incompatible types[0m
   [1m[94m--> [0msrc/lib.rs:419:13
    [1m[94m|[0m
[1m[94m414[0m [1m[94m|[0m           let effective_ms = if self.max_reclaim_timeout_ms != 0
    [1m[94m|[0m [1m[94m ____________________________-[0m
[1m[94m415[0m [1m[94m|[0m [1m[94m|[0m             && timeout_ms > self.max_reclaim_timeout_ms
[1m[94m416[0m [1m[94m|[0m [1m[94m|[0m         {
[1m[94m417[0m [1m[94m|[0m [1m[94m|[0m             self.max_reclaim_timeout_ms
    [1m[94m|[0m [1m[94m|[0m             [1m[94m---------------------------[0m [1m[94mexpected because of this[0m
[1m[94m418[0m [1m[94m|[0m [1m[94m|[0m         } else {
[1m[94m419[0m [1m[94m|[0m [1m[94m|[0m             timeout_ms
    [1m[94m|[0m [1m[94m|[0m             [1m[91m^^^^^^^^^^[0m [1m[91mexpected `Atomic<u32>`, found `u32`[0m
[1m[94m420[0m [1m[94m|[0m [1m[94m|[0m         };
    [1m[94m|[0m [1m[94m|_________-[0m [1m[94m`if` and `else` have incompatible types[0m
    [1m[94m|[0m
    [1m[94m= [0m[1mnote[0m: expected struct `[1m[35mAtomic<u32>[0m`
                 found type `[1m[35mu32[0m`

[1m[33mwarning[0m[1m: unnecessary `unsafe` block[0m
   [1m[94m--> [0msrc/shm.rs:265:20
    [1m[94m|[0m
[1m[94m255[0m [1m[94m|[0m     unsafe {
    [1m[94m|[0m     [1m[94m------[0m [1m[94mbecause it's nested under this `unsafe` block[0m
[1m[94m...[0m
[1m[94m265[0m [1m[94m|[0m         let file = unsafe { File::from_raw_fd(fd) };
    [1m[94m|[0m                    [1m[33m^^^^^^[0m [1m[33munnecessary `unsafe` block[0m
    [1m[94m|[0m
    [1m[94m= [0m[1mnote[0m: `#[warn(unused_unsafe)]` (part of `#[warn(unused)]`) on by default

[1m[33mwarning[0m[1m: unnecessary `unsafe` block[0m
   [1m[94m--> [0msrc/shm.rs:294:20
    [1m[94m|[0m
[1m[94m287[0m [1m[94m|[0m     unsafe {
    [1m[94m|[0m     [1m[94m------[0m [1m[94mbecause it's nested under this `unsafe` block[0m
[1m[94m...[0m
[1m[94m294[0m [1m[94m|[0m         let file = unsafe { File::from_raw_fd(fd) };
    [1m[94m|[0m                    [1m[33m^^^^^^[0m [1m[33munnecessary `unsafe` block[0m

[1m[33mwarning[0m[1m: unnecessary `unsafe` block[0m
   [1m[94m--> [0msrc/shm.rs:306:13
    [1m[94m|[0m
[1m[94m287[0m [1m[94m|[0m     unsafe {
    [1m[94m|[0m     [1m[94m------[0m [1m[94mbecause it's nested under this `unsafe` block[0m
[1m[94m...[0m
[1m[94m306[0m [1m[94m|[0m             unsafe { sys::munmap(p, mapping_bytes) };
    [1m[94m|[0m             [1m[33m^^^^^^[0m [1m[33munnecessary `unsafe` block[0m

[1m[33mwarning[0m[1m: unnecessary `unsafe` block[0m
   [1m[94m--> [0msrc/verified.rs:262:21
    [1m[94m|[0m
[1m[94m250[0m [1m[94m|[0m       unsafe {
    [1m[94m|[0m       [1m[94m------[0m [1m[94mbecause it's nested under this `unsafe` block[0m
[1m[94m...[0m
[1m[94m262[0m [1m[94m|[0m             let d = unsafe { data.add(blk * 64) };
    [1m[94m|[0m                     [1m[33m^^^^^^[0m [1m[33munnecessary `unsafe` block[0m

[1mSome errors have detailed explanations: E0308, E0369.[0m
[1mFor more information about an error, try `rustc --explain E0308`.[0m
[1m[33mwarning[0m: `weft-core` (lib) generated 5 warnings
[1m[91merror[0m: could not compile `weft-core` (lib) due to 3 previous errors; 5 warnings emitted
== G5 governor trace parity: env x86_64/Linux, node v24.20.0, steps=10000 seed=0x00C0FFEE ==
-- TS emitter --
-- C emitter --
-- byte-compare (TS vs C) --
   identical (20001 bytes)
-- Rust emitter -- SKIPPED (binary not built: cargo build --release --bin governor_xlang; the fanout-native shard builds it)
-- VM ladder emitters (G5-VM) --
-- byte-compare (TS vs Kotlin) --
   identical (20001 bytes)
-- byte-compare (TS vs Swift) --
   identical (20001 bytes)
   Dart: SKIPPED (no dart on this runner; flutter-packages CI covers)
-- action-class coverage --
   all four action classes exercised
G5: PASS — identical action sequences across every emitter present (TS/C/Rust + VM)

=== cadence PC3 trace parity (TS + VM emitters present) ===
== PC3 cadence trace parity: env x86_64/Linux, node v24.20.0, steps=10000 seed=0x00C0FFEE ==
-- TS emitter (reference) --
-- Kotlin emitter --
   identical (160001 bytes)
-- Swift emitter --
   identical (160001 bytes)
-- Dart emitter -- SKIPPED (no dart on this runner; flutter-packages CI covers)
-- policy coverage --
   all four policies presented; ticks=10000 interpPacked=20000 coalescedPacked=48176
PC3: PASS — identical cadence decision sequences (TS + 2 VM emitters present)

=== flight-recorder selftest (capture -> validate(mixer) -> replay -> recapture -> compare) ===
make: Entering directory '/home/runner/work/Weft/Weft/tools/weft-fanout-rec'
cc -O2 -std=c11 -Wall -Wextra -pthread -D_GNU_SOURCE -I../../core/c -o weft-fanout-rec weft_fanout_rec.c ../../core/c/fanout.c ../../core/c/shm_ring.c -lm -lrt
cc -O2 -std=c11 -Wall -Wextra -pthread -D_GNU_SOURCE -DWEFT_FANOUT_SEQ_CST=1 -I../../core/c -o weft-fanout-rec-seq weft_fanout_rec.c ../../core/c/fanout.c ../../core/c/shm_ring.c -lm -lrt
make: Leaving directory '/home/runner/work/Weft/Weft/tools/weft-fanout-rec'
validate: selftest_a.weftrec — 3355 records, final seq 20000, sum(dropped)=16645 — telescoping exact, mixer bit-exact (v2)
validate: selftest_b.weftrec — 2920 records, final seq 3355, sum(dropped)=435 — telescoping exact (v2)
selftest: content-faithful replay — 2920/3355 source payloads recaptured in order, payload-exact; final frame converged
selftest: PASS — capture -> validate(mixer) -> replay -> recapture -> compare, all green (20000 frames published, 64-word payload)
validate: selftest_a.weftrec — 3630 records, final seq 20000, sum(dropped)=16370 — telescoping exact, mixer bit-exact (v2)
validate: selftest_b.weftrec — 3245 records, final seq 3630, sum(dropped)=385 — telescoping exact (v2)
selftest: content-faithful replay — 3245/3630 source payloads recaptured in order, payload-exact; final frame converged
selftest: PASS — capture -> validate(mixer) -> replay -> recapture -> compare, all green (20000 frames published, 64-word payload)

=== flight-recorder e2e under v3 compression (RFC-0010) ===
== 1+2. concurrent session: produce wave -> ring A while capture --compress runs ==
produce: wave family, 20000 frames -> shm /weft_e2e_ring_a (session left in place for capture/daemon; producer exits — latestSeq holds)
capture: /tmp/tmp.Uf44EfYh2J/a.weftrec — 19235 claims, 765 dropped frames accounted (the honest capture; telemetry advisory)
== 3. validate: file A (wave bit-exact through decompression) ==
validate: /tmp/tmp.Uf44EfYh2J/a.weftrec — 19235 records, final seq 20000, sum(dropped)=765 — telescoping exact, wave bit-exact (v3)
== 4+5. replay (throttled) -> ring B while capture --compress recaptures ==
replay: /tmp/tmp.Uf44EfYh2J/a.weftrec -> shm /weft_e2e_ring_b — 19235 frames republished (content-faithful; seqs renumbered 1..19235 — declared boundary)
capture: /tmp/tmp.Uf44EfYh2J/b.weftrec — 18332 claims, 903 dropped frames accounted (the honest capture; telemetry advisory)
== 6. validate + compare: file B structural + payload-exact vs file A ==
validate: /tmp/tmp.Uf44EfYh2J/b.weftrec — 18332 records, final seq 19235, sum(dropped)=903 — telescoping exact (v3)
compare: 18332/18332 recaptured records are an ordered payload-exact subsequence of 19235 (content-faithful loop closed; 
sizes: v3 file 4253895 B vs v2-equivalent 5616620 B -> ratio 1.32x (wave family, dzv)
== 7. mixer leg: concurrent capture; the codec honestly declines ==
produce: mixer family, 20000 frames -> shm /weft_e2e_ring_c (session left in place for capture/daemon; producer exits — latestSeq holds)
capture: /tmp/tmp.Uf44EfYh2J/c.weftrec — 19230 claims, 770 dropped frames accounted (the honest capture; telemetry advisory)
validate: /tmp/tmp.Uf44EfYh2J/c.weftrec — 19230 records, final seq 20000, sum(dropped)=770 — telescoping exact, mixer bit-exact (v3)
mixer capture under --compress: 0 dzv records, 19230 stored (self-limiting: pseudorandom payloads are emitted verbatim)
== 8. version gates ==
forged v2-shaped header (version 2 + compressed flags + patched CRC)
v2 flags contract rejects v3-shaped flags — OK
capture: /tmp/tmp.Uf44EfYh2J/plain.weftrec — 1462 claims, 538 dropped frames accounted (the honest capture; telemetry advisory)
validate: /tmp/tmp.Uf44EfYh2J/plain.weftrec — 1462 records, final seq 2000, sum(dropped)=538 — telescoping exact, mixer bit-exact (v2)
rings unlinked

e2e: PASS — capture -> validate(wave, v3) -> replay -> recapture -> compare,
      mixer stored-fallback measured, version gates enforced

=== IPC shm sessions: S-series conformance (C) ===
make: Entering directory '/home/runner/work/Weft/Weft/core/c'
gcc -O2 -std=c11 -Wall -Wextra -pthread -D_GNU_SOURCE -o shm-test shm_ring.c fanout.c weft.c shm_test.c -lrt -lpthread
weft.c:15: warning: "_GNU_SOURCE" redefined
   15 | #define _GNU_SOURCE  // for posix_memalign
      | 
<command-line>: note: this is the location of the previous definition
make: Leaving directory '/home/runner/work/Weft/Weft/core/c'
    reader: fresh=186140 drops=13860 last=200000 torn_exhausted=0 skipped=0 -> OK
    reader: fresh=174470 drops=25530 last=200000 torn_exhausted=0 skipped=0 -> OK
    reader: fresh=145994 drops=54006 last=200000 torn_exhausted=0 skipped=0 -> OK
    reader: fresh=191604 drops=8396 last=200000 torn_exhausted=0 skipped=0 -> OK
    reader: fresh=191785 drops=8215 last=200000 torn_exhausted=0 skipped=0 -> OK
    reader: fresh=139640 drops=60360 last=200000 torn_exhausted=0 skipped=0 -> OK
Weft S-series (inter-process shared-memory rings) — C driver layer
S1: create named — header + ring invariants
  PASS create ok
  PASS geometry readable from header
  PASS ring_bytes identity (RFC 0004)
  PASS ring follows the header
  PASS mapping size exact
  PASS ctrl zero-initialized (fresh-ring invariants)
  PASS creator destroy unlinks (attach fails after)
S2: attach named — validation and read-only mapping
  PASS fanout binding create ok
  PASS rw attach ok
  PASS same object, same geometry (second mapping)
  PASS reader over the second mapping
  PASS frame visible across mappings (publish over A, claim over B)
  PASS read-only attach ok
  PASS reader over PROT_READ mapping
  PASS read-only reader claims frame 1
  PASS payload bit-exact through the read-only mapping
  PASS garbage object refused (bad magic/size)
  PASS zeroed right-size object refused (no header)
S3: O_EXCL create semantics + stale replacement
  PASS first create ok
  PASS second create refused (O_EXCL)
  PASS destroy NULL-safe
  PASS recreate after unlink ok
  PASS unlink absent ok (ENOENT)
S4: anonymous + fork — inherited mapping, 3 readers
  PASS anon create ok
  PASS writer attach ok
  PASS 3 forked readers x 200000 frames: integrity + telescoping, zero torn
S5: named + fork — attach-by-name children, 3 readers
  PASS named create ok
  PASS writer attach ok
  PASS 3 forked readers x 200000 frames: integrity + telescoping, zero torn
S6: producer handoff — stamp monotonicity across processes
  PASS creator writer ok
  PASS successor writer attaches
  PASS frame numbering continues from latestSeq
  PASS reader attaches
  PASS handoff frame claims clean
  PASS 1000 unseen frames accounted as drops (no phantom loss)
  PASS handoff payload bit-exact
S7: fd-passing attach — foreign files refused
  PASS session created
  PASS fd attach ok
  PASS fd attach: same object, same geometry
  PASS cross-mapping visibility (publish over map A, claim over map B)
  PASS garbage fd refused
S8: crashed producer — ring persists, reader reads the tail
  PASS producer exited (no cleanup)
  PASS reader attaches to the orphaned ring
  PASS last consistent frame readable
  PASS frame-500 payload bit-exact
S9: fan-out bindings — create/publish/claim round trip
  PASS binding create
  PASS binding reader
  PASS 5000 frames round-trip, sampled claims bit-exact

verdict: PASS

=== IPC shm sessions: multi-process torture (named + anonymous roads) ===
make: Entering directory '/home/runner/work/Weft/Weft/core/c'
gcc -O2 -std=c11 -Wall -Wextra -pthread -D_GNU_SOURCE -o shm-runner shm_ring.c fanout.c weft.c shm_runner.c -lrt -lpthread
weft.c:15: warning: "_GNU_SOURCE" redefined
   15 | #define _GNU_SOURCE  // for posix_memalign
      | 
<command-line>: note: this is the location of the previous definition
make: Leaving directory '/home/runner/work/Weft/Weft/core/c'
    reader pid=3346: fresh=65676 drops=34324 last=100000 torn_exhausted=0
    reader pid=3347: fresh=92742 drops=7258 last=100000 torn_exhausted=0
    reader pid=3349: fresh=9 drops=99991 last=100000 torn_exhausted=0
    reader pid=3348: fresh=87364 drops=12636 last=100000 torn_exhausted=0
torture: named+attach road, 4 readers x 100000 frames, 64 B x 4 slots
torture: writer 0.046 s (2186821 frames/s); readers all OK; verdict PASS
    reader pid=3353: fresh=96217 drops=3783 last=100000 torn_exhausted=0
    reader pid=3355: fresh=94859 drops=5141 last=100000 torn_exhausted=0
    reader pid=3354: fresh=13 drops=99987 last=100000 torn_exhausted=0
    reader pid=3352: fresh=75137 drops=24863 last=100000 torn_exhausted=0
torture: anonymous+fork road, 4 readers x 100000 frames, 64 B x 4 slots
torture: writer 0.059 s (1709075 frames/s); readers all OK; verdict PASS

=== IPC shm sessions: Rust S-series (fork torture included) ===
[1m[92m   Compiling[0m weft-core v0.1.0 (/home/runner/work/Weft/Weft/core/rust)
[1m[33mwarning[0m[1m: unused import: `AsRawFd`[0m
  [1m[94m--> [0msrc/shm.rs:35:25
   [1m[94m|[0m
[1m[94m35[0m [1m[94m|[0m use std::os::unix::io::{AsRawFd, FromRawFd};
   [1m[94m|[0m                         [1m[33m^^^^^^^[0m
   [1m[94m|[0m
   [1m[94m= [0m[1mnote[0m: `#[warn(unused_imports)]` (part of `#[warn(unused)]`) on by default

[1m[91merror[E0369][0m[1m: binary operation `!=` cannot be applied to type `Atomic<u32>`[0m
   [1m[94m--> [0msrc/lib.rs:414:59
    [1m[94m|[0m
[1m[94m414[0m [1m[94m|[0m         let effective_ms = if self.max_reclaim_timeout_ms != 0
    [1m[94m|[0m                               [1m[94m---------------------------[0m [1m[91m^^[0m [1m[94m-[0m [1m[94m{integer}[0m
    [1m[94m|[0m                               [1m[94m|[0m
    [1m[94m|[0m                               [1m[94mAtomic<u32>[0m
    [1m[94m|[0m
[1m[92mnote[0m: `Atomic<u32>` does not implement `PartialEq<{integer}>`
   [1m[94m--> [0m/rustc/48a229ceaefd4985c50990b14116b6d856af0985/library/core/src/sync/atomic.rs:361:0
    [1m[94m|[0m
    [1m[94m= [0m[1mnote[0m: `Atomic<u32>` is defined in another crate

[1m[91merror[E0308][0m[1m: mismatched types[0m
   [1m[94m--> [0msrc/lib.rs:415:29
    [1m[94m|[0m
[1m[94m415[0m [1m[94m|[0m             && timeout_ms > self.max_reclaim_timeout_ms
    [1m[94m|[0m                [1m[94m----------[0m   [1m[91m^^^^^^^^^^^^^^^^^^^^^^^^^^^[0m [1m[91mexpected `u32`, found `Atomic<u32>`[0m
    [1m[94m|[0m                [1m[94m|[0m
    [1m[94m|[0m                [1m[94mexpected because this is `u32`[0m
    [1m[94m|[0m
    [1m[94m= [0m[1mnote[0m: expected type `[1m[35mu32[0m`
             found struct `[1m[35mAtomic<u32>[0m`

[1m[91merror[E0308][0m[1m: `if` and `else` have incompatible types[0m
   [1m[94m--> [0msrc/lib.rs:419:13
    [1m[94m|[0m
[1m[94m414[0m [1m[94m|[0m           let effective_ms = if self.max_reclaim_timeout_ms != 0
    [1m[94m|[0m [1m[94m ____________________________-[0m
[1m[94m415[0m [1m[94m|[0m [1m[94m|[0m             && timeout_ms > self.max_reclaim_timeout_ms
[1m[94m416[0m [1m[94m|[0m [1m[94m|[0m         {
[1m[94m417[0m [1m[94m|[0m [1m[94m|[0m             self.max_reclaim_timeout_ms
    [1m[94m|[0m [1m[94m|[0m             [1m[94m---------------------------[0m [1m[94mexpected because of this[0m
[1m[94m418[0m [1m[94m|[0m [1m[94m|[0m         } else {
[1m[94m419[0m [1m[94m|[0m [1m[94m|[0m             timeout_ms
    [1m[94m|[0m [1m[94m|[0m             [1m[91m^^^^^^^^^^[0m [1m[91mexpected `Atomic<u32>`, found `u32`[0m
[1m[94m420[0m [1m[94m|[0m [1m[94m|[0m         };
    [1m[94m|[0m [1m[94m|_________-[0m [1m[94m`if` and `else` have incompatible types[0m
    [1m[94m|[0m
    [1m[94m= [0m[1mnote[0m: expected struct `[1m[35mAtomic<u32>[0m`
                 found type `[1m[35mu32[0m`

[1m[33mwarning[0m[1m: unnecessary `unsafe` block[0m
   [1m[94m--> [0msrc/shm.rs:265:20
    [1m[94m|[0m
[1m[94m255[0m [1m[94m|[0m     unsafe {
    [1m[94m|[0m     [1m[94m------[0m [1m[94mbecause it's nested under this `unsafe` block[0m
[1m[94m...[0m
[1m[94m265[0m [1m[94m|[0m         let file = unsafe { File::from_raw_fd(fd) };
    [1m[94m|[0m                    [1m[33m^^^^^^[0m [1m[33munnecessary `unsafe` block[0m
    [1m[94m|[0m
    [1m[94m= [0m[1mnote[0m: `#[warn(unused_unsafe)]` (part of `#[warn(unused)]`) on by default

[1m[33mwarning[0m[1m: unnecessary `unsafe` block[0m
   [1m[94m--> [0msrc/shm.rs:294:20
    [1m[94m|[0m
[1m[94m287[0m [1m[94m|[0m     unsafe {
    [1m[94m|[0m     [1m[94m------[0m [1m[94mbecause it's nested under this `unsafe` block[0m
[1m[94m...[0m
[1m[94m294[0m [1m[94m|[0m         let file = unsafe { File::from_raw_fd(fd) };
    [1m[94m|[0m                    [1m[33m^^^^^^[0m [1m[33munnecessary `unsafe` block[0m

[1m[33mwarning[0m[1m: unnecessary `unsafe` block[0m
   [1m[94m--> [0msrc/shm.rs:306:13
    [1m[94m|[0m
[1m[94m287[0m [1m[94m|[0m     unsafe {
    [1m[94m|[0m     [1m[94m------[0m [1m[94mbecause it's nested under this `unsafe` block[0m
[1m[94m...[0m
[1m[94m306[0m [1m[94m|[0m             unsafe { sys::munmap(p, mapping_bytes) };
    [1m[94m|[0m             [1m[33m^^^^^^[0m [1m[33munnecessary `unsafe` block[0m

[1m[33mwarning[0m[1m: unnecessary `unsafe` block[0m
   [1m[94m--> [0msrc/verified.rs:262:21
    [1m[94m|[0m
[1m[94m250[0m [1m[94m|[0m       unsafe {
    [1m[94m|[0m       [1m[94m------[0m [1m[94mbecause it's nested under this `unsafe` block[0m
[1m[94m...[0m
[1m[94m262[0m [1m[94m|[0m             let d = unsafe { data.add(blk * 64) };
    [1m[94m|[0m                     [1m[33m^^^^^^[0m [1m[33munnecessary `unsafe` block[0m

[1mSome errors have detailed explanations: E0308, E0369.[0m
[1mFor more information about an error, try `rustc --explain E0308`.[0m
[1m[33mwarning[0m: `weft-core` (lib) generated 5 warnings (3 duplicates)
[1m[91merror[0m: could not compile `weft-core` (lib) due to 3 previous errors; 5 warnings emitted
[1m[33mwarning[0m: build failed, waiting for other jobs to finish...
[1m[33mwarning[0m: `weft-core` (lib) generated 5 warnings (2 duplicates)
[1m[91merror[0m: could not compile `weft-core` (lib) due to 3 previous errors; 5 warnings emitted

=== IPC shm sessions: zero-syscall data path (strace gate) ===
strace-proof: 50000 frames published + 1 claim; between the markers only the marker writes appear -> OK
non-marker syscalls between publish markers: 0 (must be 0)

=== IPC shm sessions: cross-process produce -> daemon capture (session protocol) ===
weft-fanout-rec daemon: attached /weft-ci-session-2349 (304 B ring, 4 slots, 64 B payload) -> /tmp/weft-ci-daemon-2349.weftrec
weft-fanout-rec daemon: stopped (idle (producer quiesced)) — 1 claims, 499 dropped frames accounted (the honest capture; telemetry advisory)
daemon: /tmp/weft-ci-daemon-2349.weftrec — 1 claims, 499 dropped
validate: /tmp/weft-ci-daemon-2349.weftrec — 1 records, final seq 500, sum(dropped)=499 — telescoping exact (v2)

=== F10 100k torture parity (C baseline x2 regimes + JVM + source contract) ===

=== C baseline: fanout-runner torture 100000 4 64 3 (fenced acq/rel) ===
make: Entering directory '/home/runner/work/Weft/Weft/core/c'
make: 'fanout-runner' is up to date.
make: 'fanout-runner-seq' is up to date.
make: Leaving directory '/home/runner/work/Weft/Weft/core/c'
reader 0: fresh=98311 dropped=1689 claims=565698 skipped=0 torn_exhausted=0 last_seq=100000 identity=OK
reader 1: fresh=91316 dropped=8684 claims=198736 skipped=0 torn_exhausted=0 last_seq=100000 identity=OK
reader 2: fresh=64287 dropped=35713 claims=92223 skipped=0 torn_exhausted=0 last_seq=100000 identity=OK
torture: frames=100000 slots=4 words=64 readers=3 publishes=100000 elapsed_ms=40.2 rate=2484702/s verdict=PASS

=== C baseline: fanout-runner-seq torture 100000 4 64 3 (all-seq_cst) ===
reader 0: fresh=98971 dropped=1029 claims=1182831 skipped=0 torn_exhausted=0 last_seq=100000 identity=OK
reader 1: fresh=79516 dropped=20484 claims=105562 skipped=0 torn_exhausted=0 last_seq=100000 identity=OK
reader 2: fresh=83793 dropped=16207 claims=163129 skipped=0 torn_exhausted=0 last_seq=100000 identity=OK
torture: frames=100000 slots=4 words=64 readers=3 publishes=100000 elapsed_ms=42.6 rate=2345691/s verdict=PASS

=== JVM harness (host JVM threads over the C ring) ===
/home/runner/work/Weft/Weft/core/c/weft.c:15: warning: "_GNU_SOURCE" redefined
   15 | #define _GNU_SOURCE  // for posix_memalign
      | 
<command-line>: note: this is the location of the previous definition
ok: JF1 payloadBytes=0 rejected
ok: JF1 payload not multiple of 4 rejected
ok: JF1 slotCount<2 rejected
ok: JF1 slotCount>64 rejected
ok: JF1 ring_bytes = 16 + 8M + M*payload (the interop contract)
ok: JF1 ring_bytes rejects bad geometry
ok: JF2 fanoutCreate handle
ok: JF2 begin: direct BB cursor, cap=payload
ok: JF2 publish returns frame seq 1
ok: JF2 readerCreate on the broadcaster's ring
ok: JF2 first claim: fresh, seq 1, dropped 0
ok: JF2 view buffer: cap=payload
ok: JF2 claimed bytes match pat(1,i) — no tear on the happy path
ok: JF2 advisory latestSeq/publishes (AXIOM T)
ok: JF3 10 fresh claims, last frame 40
ok: JF3 telescoping: sum(dropped) == 30 exactly
ok: JF3 identity: lastSeq - freshClaims == sum(dropped)
ok: JF4 baseline: reader holds frame 1
ok: JF4 mid-overwrite claim: graceful skip, keeps frame 1 (Law 1: bounded, counted)
ok: JF4 skip counted in reader stats (never silent)
ok: JF4 publish after the skip publishes frame 9
ok: JF4 next claim is fresh with exact telescoped drops
ok: JF4 publish-without-begin returns the last frame seq (no-op)
ok: JF5 reader 0 fresh claims == 70/1
ok: JF5 reader 0 telescoping exact: sum(dropped) == lastClaimed(70) - fresh
FAIL: JF5 reader 0 reads == claim calls
ok: JF5 reader 1 fresh claims == 70/3
ok: JF5 reader 1 telescoping exact: sum(dropped) == lastClaimed(69) - fresh
FAIL: JF5 reader 1 reads == claim calls
ok: JF5 reader 2 fresh claims == 70/7
ok: JF5 reader 2 telescoping exact: sum(dropped) == lastClaimed(70) - fresh
FAIL: JF5 reader 2 reads == claim calls
ok: JF6 foreign broadcaster attaches by geometry alone
ok: JF6 publish on foreign ring (numbering from latestSeq=0)
ok: JF6 foreign reader attaches
ok: JF6 foreign reader claims frame 1 — one ring, two entry points
ok: JF6 foreign attach rejects ring_bytes mismatch
ok: JF6 foreign reader rejects ring_bytes mismatch
ok: JF7 fill copies payload/4 words
ok: JF7 publish after fill
ok: JF7 fill path delivers intact bytes
ok: JF7 fill rejects len%4!=0
ok: JF8 reader thread fanout-reader-0 terminated
ok: JF8 reader thread fanout-reader-1 terminated
ok: JF8 reader thread fanout-reader-2 terminated
ok: JF8 torture: zero protocol violations across 200000 frames x 3 readers (violations: [])
FAIL: JF8 reader 0 stats populated (reads=0 fresh=183238 dropped=16762 skipped=0 exhausted=0)
ok: JF8 reader 0 converged to the final frame
FAIL: JF8 reader 1 stats populated (reads=0 fresh=191431 dropped=8569 skipped=0 exhausted=0)
ok: JF8 reader 1 converged to the final frame
FAIL: JF8 reader 2 stats populated (reads=0 fresh=198844 dropped=1156 skipped=0 exhausted=0)
ok: JF8 reader 2 converged to the final frame
ok: JF8 readers observed frames (573513 fresh claims total)
       torture perf: ~1086K publishes/s through the JNI zero-copy cursor path (informative, host JVM)

FAIL: 6 failure(s), 47 check(s), 221 ms total
env: java 17.0.20.1 (amd64), host gcc .so, -O2

=== Parity-of-contract: each port's F10 source carries every gate ===
  [ok]  kotlin: F10 runs 100_000 frames
  [ok]  kotlin: every fresh claim word-validated (mixer)
  [ok]  kotlin: telescoping identity assert
  [ok]  kotlin: convergence assert
  [ok]  swift: F10 runs 100_000 frames
  [ok]  swift: every fresh claim word-validated (mixer)
  [ok]  swift: telescoping identity assert
  [ok]  swift: convergence assert
  [ok]  dart: F10 runs 100000 frames
  [ok]  dart: every fresh claim word-validated (mixer)
  [ok]  dart: telescoping identity assert
  [ok]  dart: convergence assert
  [ok]  dart: mid-overwrite window exercised (split begin/publish)

F10 PARITY: FAILED (see ci/run-artifacts/shard-f10-parity.log)
frames
  [ok]  kotlin: every fresh claim word-validated (mixer)
  [ok]  kotlin: telescoping identity assert
  [ok]  kotlin: convergence assert
  [ok]  swift: F10 runs 100_000 frames
  [ok]  swift: every fresh claim word-validated (mixer)
  [ok]  swift: telescoping identity assert
  [ok]  swift: convergence assert
  [ok]  dart: F10 runs 100000 frames
  [ok]  dart: every fresh claim word-validated (mixer)
  [ok]  dart: telescoping identity assert
  [ok]  dart: convergence assert
  [ok]  dart: mid-overwrite window exercised (split begin/publish)

F10 PARITY: FAILED (see ci/run-artifacts/shard-f10-parity.log)
