=== Starting Flutter CI (ubuntu-latest) ===
Resolving dependencies...
Downloading packages...
+ async 2.13.1
+ boolean_selector 2.1.2
+ characters 1.4.1
+ clock 1.1.3
+ collection 1.19.1
+ fake_async 1.3.3
+ ffi 2.2.0
+ flutter 0.0.0 from sdk flutter
+ flutter_test 0.0.0 from sdk flutter
+ leak_tracker 11.0.2
+ leak_tracker_flutter_testing 3.0.10
+ leak_tracker_testing 3.0.2
+ lints 3.0.0 (6.1.0 available)
+ matcher 0.12.20
+ material_color_utilities 0.13.0 (0.13.1 available)
+ meta 1.19.0
+ path 1.9.1
+ sky_engine 0.0.0 from sdk flutter
+ source_span 1.10.2
+ stack_trace 1.12.2
+ stream_channel 2.1.4
+ string_scanner 1.4.1
+ term_glyph 1.2.2
+ test_api 0.7.12 (0.7.14 available)
+ vector_math 2.4.2
+ vm_service 15.3.0
Changed 26 dependencies!
3 packages have newer versions incompatible with dependency constraints.
Try `flutter pub outdated` for more information.
Resolving dependencies in `./example`...
Downloading packages...
Got dependencies in `./example`.
Analyzing flutter_weft...

warning - test/fanout_ffi_test.dart:330:13 - The value of the local variable 'r1' isn't used. Try removing the variable or using it. - unused_local_variable
warning - test/fanout_ffi_test.dart:373:13 - The value of the local variable 'paced' isn't used. Try removing the variable or using it. - unused_local_variable

2 issues found.
