==================================================
SHARD: perf-regression
DESCRIPTION: W-suite P99 vs pinned baseline; >15% drop = FAIL
STATUS: PASSED ✅
COMMIT: 23a9141561a834a60daf54fdf90c0196825733bb
RUN: 145
==================================================

→ W1/A ... P99=99.1 alloc/frame=0.0 [PASS]
→ W1/B ... P99=118.4 alloc/frame=0.0 [PASS]
→ W1/C .../home/runner/work/Weft/Weft/core/c/weft.c:15: warning: "_GNU_SOURCE" redefined
   15 | #define _GNU_SOURCE  // for posix_memalign
      | 
<command-line>: note: this is the location of the previous definition
→ compiling Weft C kernel to /home/runner/work/Weft/Weft/core/c/libweft.so
 P99=121.5 alloc/frame=0.0 [PASS]
→ W1/D ... P99=74.6 alloc/frame=0.0 [PASS]
→ W2/A ... P99=60.9 alloc/frame=0.0 [PASS]
→ W2/B ... P99=91.6 alloc/frame=0.0 [PASS]
→ W2/C ... P99=89.5 alloc/frame=0.0 [PASS]
→ W2/D ... P99=37.9 alloc/frame=0.0 [PASS]
→ W3/A ... P99=8.6 alloc/frame=0.0 [PASS]
→ W3/B ... P99=10.8 alloc/frame=0.0 [PASS]
→ W3/C ... P99=10.7 alloc/frame=0.0 [PASS]
→ W3/D ... P99=5.7 alloc/frame=0.0 [PASS]
→ W4/A ... P99=2575.8 alloc/frame=0.0 [PASS]
→ W4/B ... P99=2704.1 alloc/frame=0.0 [PASS]
→ W4/C ... P99=2423.4 alloc/frame=0.0 [PASS]
→ W4/D ... P99=2533.5 alloc/frame=0.0 [PASS]
→ W5/A ... P99=14.9 alloc/frame=0.0 [PASS]
→ W5/B ... P99=22.2 alloc/frame=0.0 [PASS]
→ W5/C ... P99=21.3 alloc/frame=0.0 [PASS]
→ W5/D ... P99=9.8 alloc/frame=0.0 [PASS]

✓ W-suite bundle: /home/runner/work/Weft/Weft/bench/results/wsuite-x86_64-sandbox.json
  cells: 20 (target: 20 = 5 workloads × 4 backends)
  pass: 20/20
... P99=118.4 alloc/frame=0.0 [PASS]
→ W1/C .../home/runner/work/Weft/Weft/core/c/weft.c:15: warning: "_GNU_SOURCE" redefined
   15 | #define _GNU_SOURCE  // for posix_memalign
      | 
<command-line>: note: this is the location of the previous definition
→ compiling Weft C kernel to /home/runner/work/Weft/Weft/core/c/libweft.so
 P99=121.5 alloc/frame=0.0 [PASS]
→ W1/D ... P99=74.6 alloc/frame=0.0 [PASS]
→ W2/A ... P99=60.9 alloc/frame=0.0 [PASS]
→ W2/B ... P99=91.6 alloc/frame=0.0 [PASS]
→ W2/C ... P99=89.5 alloc/frame=0.0 [PASS]
→ W2/D ... P99=37.9 alloc/frame=0.0 [PASS]
→ W3/A ... P99=8.6 alloc/frame=0.0 [PASS]
→ W3/B ... P99=10.8 alloc/frame=0.0 [PASS]
→ W3/C ... P99=10.7 alloc/frame=0.0 [PASS]
→ W3/D ... P99=5.7 alloc/frame=0.0 [PASS]
→ W4/A ... P99=2575.8 alloc/frame=0.0 [PASS]
→ W4/B ... P99=2704.1 alloc/frame=0.0 [PASS]
→ W4/C ... P99=2423.4 alloc/frame=0.0 [PASS]
→ W4/D ... P99=2533.5 alloc/frame=0.0 [PASS]
→ W5/A ... P99=14.9 alloc/frame=0.0 [PASS]
→ W5/B ... P99=22.2 alloc/frame=0.0 [PASS]
→ W5/C ... P99=21.3 alloc/frame=0.0 [PASS]
→ W5/D ... P99=9.8 alloc/frame=0.0 [PASS]

✓ W-suite bundle: /home/runner/work/Weft/Weft/bench/results/wsuite-x86_64-sandbox.json
  cells: 20 (target: 20 = 5 workloads × 4 backends)
  pass: 20/20
{
  "shard": "perf-regression",
  "status": "PASSED",
  "threshold_pct": 15,
  "regression_count": 0,
  "improvement_count": 20,
  "cells_compared": 20,
  "regressions": [],
  "improvements": [
    {
      "workload": "W1",
      "backend": "A",
      "baseline": 7.3,
      "actual": 99.1,
      "delta_pct": 1257.5,
      "reason": "improvement"
    },
    {
      "workload": "W1",
      "backend": "B",
      "baseline": 44.6,
      "actual": 118.4,
      "delta_pct": 165.5,
      "reason": "improvement"
    },
    {
      "workload": "W1",
      "backend": "C",
      "baseline": 7.8,
      "actual": 121.5,
      "delta_pct": 1457.7,
      "reason": "improvement"
    },
    {
      "workload": "W1",
      "backend": "D",
      "baseline": 18.6,
      "actual": 74.6,
      "delta_pct": 301.1,
      "reason": "improvement"
    },
    {
      "workload": "W2",
      "backend": "A",
      "baseline": 4.3,
      "actual": 60.9,
      "delta_pct": 1316.3,
      "reason": "improvement"
    },
    {
      "workload": "W2",
      "backend": "B",
      "baseline": 6.1,
      "actual": 91.6,
      "delta_pct": 1401.6,
      "reason": "improvement"
    },
    {
      "workload": "W2",
      "backend": "C",
      "baseline": 16.4,
      "actual": 89.5,
      "delta_pct": 445.7,
      "reason": "improvement"
    },
    {
      "workload": "W2",
      "backend": "D",
      "baseline": 7.5,
      "actual": 37.9,
      "delta_pct": 405.3,
      "reason": "improvement"
    },
    {
      "workload": "W3",
      "backend": "A",
      "baseline": 2.6,
      "actual": 8.6,
      "delta_pct": 230.8,
      "reason": "improvement"
    },
    {
      "workload": "W3",
      "backend": "B",
      "baseline": 3.7,
      "actual": 10.8,
      "delta_pct": 191.9,
      "reason": "improvement"
    },
    {
      "workload": "W3",
      "backend": "C",
      "baseline": 2.8,
      "actual": 10.7,
      "delta_pct": 282.1,
      "reason": "improvement"
    },
    {
      "workload": "W3",
      "backend": "D",
      "baseline": 1.1,
      "actual": 5.7,
      "delta_pct": 418.2,
      "reason": "improvement"
    },
    {
      "workload": "W4",
      "backend": "A",
      "baseline": 659.0,
      "actual": 2575.8,
      "delta_pct": 290.9,
      "reason": "improvement"
    },
    {
      "workload": "W4",
      "backend": "B",
      "baseline": 681.4,
      "actual": 2704.1,
      "delta_pct": 296.8,
      "reason": "improvement"
    },
    {
      "workload": "W4",
      "backend": "C",
      "baseline": 578.3,
      "actual": 2423.4,
      "delta_pct": 319.1,
      "reason": "improvement"
    },
    {
      "workload": "W4",
      "backend": "D",
      "baseline": 409.0,
      "actual": 2533.5,
      "delta_pct": 519.4,
      "reason": "improvement"
    },
    {
      "workload": "W5",
      "backend": "A",
      "baseline": 5.4,
      "actual": 14.9,
      "delta_pct": 175.9,
      "reason": "improvement"
    },
    {
      "workload": "W5",
      "backend": "B",
      "baseline": 7.7,
      "actual": 22.2,
      "delta_pct": 188.3,
      "reason": "improvement"
    },
    {
      "workload": "W5",
      "backend": "C",
      "baseline": 7.7,
      "actual": 21.3,
      "delta_pct": 176.6,
      "reason": "improvement"
    },
    {
      "workload": "W5",
      "backend": "D",
      "baseline": 3.2,
      "actual": 9.8,
      "delta_pct": 206.2,
      "reason": "improvement"
    }
  ],
  "all_compared": [
    {
      "workload": "W1",
      "backend": "A",
      "baseline_p99": 7.3,
      "actual_p99": 99.1,
      "delta_pct": 1257.5
    },
    {
      "workload": "W1",
      "backend": "B",
      "baseline_p99": 44.6,
      "actual_p99": 118.4,
      "delta_pct": 165.5
    },
    {
      "workload": "W1",
      "backend": "C",
      "baseline_p99": 7.8,
      "actual_p99": 121.5,
      "delta_pct": 1457.7
    },
    {
      "workload": "W1",
      "backend": "D",
      "baseline_p99": 18.6,
      "actual_p99": 74.6,
      "delta_pct": 301.1
    },
    {
      "workload": "W2",
      "backend": "A",
      "baseline_p99": 4.3,
      "actual_p99": 60.9,
      "delta_pct": 1316.3
    },
    {
      "workload": "W2",
      "backend": "B",
      "baseline_p99": 6.1,
      "actual_p99": 91.6,
      "delta_pct": 1401.6
    },
    {
      "workload": "W2",
      "backend": "C",
      "baseline_p99": 16.4,
      "actual_p99": 89.5,
      "delta_pct": 445.7
    },
    {
      "workload": "W2",
      "backend": "D",
      "baseline_p99": 7.5,
      "actual_p99": 37.9,
      "delta_pct": 405.3
    },
    {
      "workload": "W3",
      "backend": "A",
      "baseline_p99": 2.6,
      "actual_p99": 8.6,
      "delta_pct": 230.8
    },
    {
      "workload": "W3",
      "backend": "B",
      "baseline_p99": 3.7,
      "actual_p99": 10.8,
      "delta_pct": 191.9
    },
    {
      "workload": "W3",
      "backend": "C",
      "baseline_p99": 2.8,
      "actual_p99": 10.7,
      "delta_pct": 282.1
    },
    {
      "workload": "W3",
      "backend": "D",
      "baseline_p99": 1.1,
      "actual_p99": 5.7,
      "delta_pct": 418.2
    },
    {
      "workload": "W4",
      "backend": "A",
      "baseline_p99": 659.0,
      "actual_p99": 2575.8,
      "delta_pct": 290.9
    },
    {
      "workload": "W4",
      "backend": "B",
      "baseline_p99": 681.4,
      "actual_p99": 2704.1,
      "delta_pct": 296.8
    },
    {
      "workload": "W4",
      "backend": "C",
      "baseline_p99": 578.3,
      "actual_p99": 2423.4,
      "delta_pct": 319.1
    },
    {
      "workload": "W4",
      "backend": "D",
      "baseline_p99": 409.0,
      "actual_p99": 2533.5,
      "delta_pct": 519.4
    },
    {
      "workload": "W5",
      "backend": "A",
      "baseline_p99": 5.4,
      "actual_p99": 14.9,
      "delta_pct": 175.9
    },
    {
      "workload": "W5",
      "backend": "B",
      "baseline_p99": 7.7,
      "actual_p99": 22.2,
      "delta_pct": 188.3
    },
    {
      "workload": "W5",
      "backend": "C",
      "baseline_p99": 7.7,
      "actual_p99": 21.3,
      "delta_pct": 176.6
    },
    {
      "workload": "W5",
      "backend": "D",
      "baseline_p99": 3.2,
      "actual_p99": 9.8,
      "delta_pct": 206.2
    }
  ]
}

=== Perf-regression status: PASSED ===
✅ No performance regressions
