==================================================
SHARD: simd-blend
DESCRIPTION: Q12 raster blend: C golden gates + xlang-blend cross-language digests + bench
STATUS: PASSED ✅
COMMIT: 23a9141561a834a60daf54fdf90c0196825733bb
RUN: 145
==================================================

== simd-blend shard: env x86_64/Linux ==
-- C kernel gates --
== blend_test: impl=avx2 (2) ==
B1 boundaries: OK
B2 parity sweep: OK (154 path-checks, all == scalar)
B3 alpha sweep 0..4096 (dispatched): OK
B4 in-place aliasing: OK
blend_test: ALL GATES GREEN
blend-test: ALL GATES GREEN
-- xlang-blend golden gate --
== xlang-blend golden parity: env x86_64/Linux ==
-- C kernel (golden source) --
   blend-test gates GREEN
   golden-vectors.csv matches the kernel
-- TS verifier (reference port) --
xlang-blend TS verifier: 63/63 golden digests match
-- Kotlin verifier --
xlang-blend Kotlin verifier: 63/63 golden digests match
-- Dart verifier: DECLARED skip (no dart; flutter-packages leg owns it) --
-- Swift port: DECLARED skip (no swiftc; apple-packages compiles + golden-gates it) --

xlang-blend: ran=3 declared_skips=2
✅ xlang-blend parity: every executed port byte-identical to the C kernel
xlang-blend parity GREEN
-- blend_runner benchmark --
== blend_runner: dispatch=avx2 ==
256x256-hot (65536 words): scalar   250736 ns/frame (  3.1 GB/s) | avx2    17001 ns/frame ( 46.3 GB/s) | speedup 14.75x
1080p (2073600 words): scalar  7949378 ns/frame (  3.1 GB/s) | avx2   550221 ns/frame ( 45.2 GB/s) | speedup 14.45x
4K (8294400 words): scalar 31803952 ns/frame (  3.1 GB/s) | avx2  2739590 ns/frame ( 36.3 GB/s) | speedup 11.61x
8K (33177600 words): scalar 127228366 ns/frame (  3.1 GB/s) | avx2 11380642 ns/frame ( 35.0 GB/s) | speedup 11.18x
✅ simd-blend shard GREEN
