cd core/c && make
make[1]: Entering directory '/home/runner/work/Weft/Weft/core/c'
gcc -O2 -std=c11 -Wall -Wextra -pthread -D_GNU_SOURCE -o spike weft.c fanout.c frame_cursor.c fanout_simd.c litmus_runner.c
weft.c:15: warning: "_GNU_SOURCE" redefined
   15 | #define _GNU_SOURCE  // for posix_memalign
      | 
<command-line>: note: this is the location of the previous definition
litmus_runner.c:17: warning: "_GNU_SOURCE" redefined
   17 | #define _GNU_SOURCE  // for nanosleep, posix_memalign
      | 
<command-line>: note: this is the location of the previous definition
make[1]: Leaving directory '/home/runner/work/Weft/Weft/core/c'
cd core/rust && cargo build --release
[1m[92m    Updating[0m crates.io index
[1m[92m   Compiling[0m weft-core v0.1.0 (/home/runner/work/Weft/Weft/core/rust)
[1m[33mwarning[0m[1m: unused import: `AsRawFd`[0m
  [1m[94m--> [0msrc/shm.rs:35:25
   [1m[94m|[0m
[1m[94m35[0m [1m[94m|[0m use std::os::unix::io::{AsRawFd, FromRawFd};
   [1m[94m|[0m                         [1m[33m^^^^^^^[0m
   [1m[94m|[0m
   [1m[94m= [0m[1mnote[0m: `#[warn(unused_imports)]` (part of `#[warn(unused)]`) on by default

[1m[33mwarning[0m[1m: unnecessary `unsafe` block[0m
   [1m[94m--> [0msrc/shm.rs:265:20
    [1m[94m|[0m
[1m[94m255[0m [1m[94m|[0m     unsafe {
    [1m[94m|[0m     [1m[94m------[0m [1m[94mbecause it's nested under this `unsafe` block[0m
[1m[94m...[0m
[1m[94m265[0m [1m[94m|[0m         let file = unsafe { File::from_raw_fd(fd) };
    [1m[94m|[0m                    [1m[33m^^^^^^[0m [1m[33munnecessary `unsafe` block[0m
    [1m[94m|[0m
    [1m[94m= [0m[1mnote[0m: `#[warn(unused_unsafe)]` (part of `#[warn(unused)]`) on by default

[1m[33mwarning[0m[1m: unnecessary `unsafe` block[0m
   [1m[94m--> [0msrc/shm.rs:294:20
    [1m[94m|[0m
[1m[94m287[0m [1m[94m|[0m     unsafe {
    [1m[94m|[0m     [1m[94m------[0m [1m[94mbecause it's nested under this `unsafe` block[0m
[1m[94m...[0m
[1m[94m294[0m [1m[94m|[0m         let file = unsafe { File::from_raw_fd(fd) };
    [1m[94m|[0m                    [1m[33m^^^^^^[0m [1m[33munnecessary `unsafe` block[0m

[1m[33mwarning[0m[1m: unnecessary `unsafe` block[0m
   [1m[94m--> [0msrc/shm.rs:306:13
    [1m[94m|[0m
[1m[94m287[0m [1m[94m|[0m     unsafe {
    [1m[94m|[0m     [1m[94m------[0m [1m[94mbecause it's nested under this `unsafe` block[0m
[1m[94m...[0m
[1m[94m306[0m [1m[94m|[0m             unsafe { sys::munmap(p, mapping_bytes) };
    [1m[94m|[0m             [1m[33m^^^^^^[0m [1m[33munnecessary `unsafe` block[0m

[1m[33mwarning[0m[1m: unnecessary `unsafe` block[0m
   [1m[94m--> [0msrc/verified.rs:262:21
    [1m[94m|[0m
[1m[94m250[0m [1m[94m|[0m       unsafe {
    [1m[94m|[0m       [1m[94m------[0m [1m[94mbecause it's nested under this `unsafe` block[0m
[1m[94m...[0m
[1m[94m262[0m [1m[94m|[0m             let d = unsafe { data.add(blk * 64) };
    [1m[94m|[0m                     [1m[33m^^^^^^[0m [1m[33munnecessary `unsafe` block[0m

[1m[33mwarning[0m: `weft-core` (lib) generated 5 warnings (run `cargo fix --lib -p weft-core` to apply 1 suggestion)
[1m[33mwarning[0m[1m: unused import: `PubResult`[0m
 [1m[94m--> [0msrc/bin/bench.rs:8:22
  [1m[94m|[0m
[1m[94m8[0m [1m[94m|[0m use weft_core::{pat, PubResult, Weft};
  [1m[94m|[0m                      [1m[33m^^^^^^^^^[0m
  [1m[94m|[0m
  [1m[94m= [0m[1mnote[0m: `#[warn(unused_imports)]` (part of `#[warn(unused)]`) on by default

[1m[33mwarning[0m[1m: unused imports: `Duration` and `Instant`[0m
 [1m[94m--> [0msrc/bin/probe.rs:3:17
  [1m[94m|[0m
[1m[94m3[0m [1m[94m|[0m use std::time::{Duration, Instant};
  [1m[94m|[0m                 [1m[33m^^^^^^^^[0m  [1m[33m^^^^^^^[0m
  [1m[94m|[0m
  [1m[94m= [0m[1mnote[0m: `#[warn(unused_imports)]` (part of `#[warn(unused)]`) on by default

[1m[33mwarning[0m[1m: unused import: `PubResult`[0m
 [1m[94m--> [0msrc/bin/probe.rs:4:22
  [1m[94m|[0m
[1m[94m4[0m [1m[94m|[0m use weft_core::{pat, PubResult, Weft, WeftDebugView};
  [1m[94m|[0m                      [1m[33m^^^^^^^^^[0m

[1m[33mwarning[0m[1m: unnecessary `unsafe` block[0m
  [1m[94m--> [0msrc/bin/bench.rs:89:9
   [1m[94m|[0m
[1m[94m89[0m [1m[94m|[0m         unsafe { fill_payload(&w, seq, payload_max as u32, &mut scratch); }
   [1m[94m|[0m         [1m[33m^^^^^^[0m [1m[33munnecessary `unsafe` block[0m
   [1m[94m|[0m
   [1m[94m= [0m[1mnote[0m: `#[warn(unused_unsafe)]` (part of `#[warn(unused)]`) on by default

[1m[33mwarning[0m[1m: unnecessary `unsafe` block[0m
   [1m[94m--> [0msrc/bin/bench.rs:244:13
    [1m[94m|[0m
[1m[94m244[0m [1m[94m|[0m             unsafe { fill_payload(&w2, seq, payload_max as u32, &mut scratch); }
    [1m[94m|[0m             [1m[33m^^^^^^[0m [1m[33munnecessary `unsafe` block[0m

[1m[33mwarning[0m[1m: unnecessary `unsafe` block[0m
   [1m[94m--> [0msrc/bin/bench.rs:320:13
    [1m[94m|[0m
[1m[94m320[0m [1m[94m|[0m             unsafe { fill_payload(&w2, seq, payload_max as u32, &mut scratch); }
    [1m[94m|[0m             [1m[33m^^^^^^[0m [1m[33munnecessary `unsafe` block[0m

[1m[33mwarning[0m[1m: function `now_ns` is never used[0m
  [1m[94m--> [0msrc/bin/bench.rs:10:4
   [1m[94m|[0m
[1m[94m10[0m [1m[94m|[0m fn now_ns() -> u64 {
   [1m[94m|[0m    [1m[33m^^^^^^[0m
   [1m[94m|[0m
   [1m[94m= [0m[1mnote[0m: `#[warn(dead_code)]` (part of `#[warn(unused)]`) on by default

[1m[33mwarning[0m[1m: function `now_ns_abs` is never used[0m
  [1m[94m--> [0msrc/bin/bench.rs:14:4
   [1m[94m|[0m
[1m[94m14[0m [1m[94m|[0m fn now_ns_abs() -> u64 {
   [1m[94m|[0m    [1m[33m^^^^^^^^^^[0m

[1m[33mwarning[0m: `weft-core` (bin "bench") generated 6 warnings (run `cargo fix --bin "bench" -p weft-core` to apply 1 suggestion)
[1m[33mwarning[0m: `weft-core` (bin "probe") generated 2 warnings (run `cargo fix --bin "probe" -p weft-core` to apply 2 suggestions)
[1m[92m    Finished[0m `release` profile [optimized] target(s) in 15.26s
TS kernel loads OK
