==================================================
SHARD: simd-blend
DESCRIPTION: Q12 raster blend: C golden gates + xlang-blend cross-language digests + bench
STATUS: PASSED ✅
COMMIT: a93cbd1188c225305a740214af72def3db30f364
RUN: 135
==================================================

== simd-blend shard: env x86_64/Linux ==
-- C kernel gates --
== blend_test: impl=avx2 (2) ==
B1 boundaries: OK
B2 parity sweep: OK (154 path-checks, all == scalar)
B3 alpha sweep 0..4096 (dispatched): OK
B4 in-place aliasing: OK
blend_test: ALL GATES GREEN
blend-test: ALL GATES GREEN
-- xlang-blend golden gate --
== xlang-blend golden parity: env x86_64/Linux ==
-- C kernel (golden source) --
   blend-test gates GREEN
   golden-vectors.csv matches the kernel
-- TS verifier (reference port) --
xlang-blend TS verifier: 63/63 golden digests match
-- Kotlin verifier --
xlang-blend Kotlin verifier: 63/63 golden digests match
-- Dart verifier: DECLARED skip (no dart; flutter-packages leg owns it) --
-- Swift port: DECLARED skip (no swiftc; apple-packages compiles + golden-gates it) --

xlang-blend: ran=3 declared_skips=2
✅ xlang-blend parity: every executed port byte-identical to the C kernel
xlang-blend parity GREEN
-- blend_runner benchmark --
== blend_runner: dispatch=avx2 ==
256x256-hot (65536 words): scalar   183711 ns/frame (  4.3 GB/s) | avx2    22655 ns/frame ( 34.7 GB/s) | speedup 8.11x
1080p (2073600 words): scalar  5836859 ns/frame (  4.3 GB/s) | avx2   788190 ns/frame ( 31.6 GB/s) | speedup 7.41x
4K (8294400 words): scalar 23776922 ns/frame (  4.2 GB/s) | avx2  3476887 ns/frame ( 28.6 GB/s) | speedup 6.84x
8K (33177600 words): scalar 95546411 ns/frame (  4.2 GB/s) | avx2 31635142 ns/frame ( 12.6 GB/s) | speedup 3.02x
✅ simd-blend shard GREEN
