==================================================
SHARD: weft-cluster-managed
DESCRIPTION: Project weft-cluster Pillar 3: TS wire/client/topology/router/metrics, Python wire/router/UDP parity, live UDP mesh, 100k zero-alloc probes, 1M fps burst, rendezvous router
STATUS: PASSED ✅
COMMIT: 3c5ba0187549b16efdf451eff63e9722275c8bb0
RUN: 254
==================================================

[1/8] kernel-core integrity (Law 3: core/c/weft.{c,h} byte-frozen)
    core/c/weft.{c,h} untouched
[2/8] TS wire vectors + cross-language guard
✔ crosslang: TS still decodes the frozen WCN1 vectors byte-exactly (1.148656ms)
✔ crosslang: TS rejects malformed fixtures with the frozen codes (0.234018ms)
✔ crosslang: FNV/CRC reference vectors match the fixture (0.33288ms)
✔ crc32 IEEE vectors (parity with Python zlib.crc32) (1.045018ms)
✔ fnv1a64 topic hash vectors (parity with Python impl) (0.262006ms)
✔ WCN1 header: little-endian byte layout is normative (0.240549ms)
✔ WCN1 round-trip: encode -> decode -> same fields (5.555653ms)
✔ Law 4: malformed datagrams map to the exact error taxonomy (0.316177ms)
✔ error names are stable (Law 4 contract) (0.302868ms)
✔ WGS1 gossip: encode + entries + decode round-trip (0.503814ms)
✔ WGS1: entry_count overrun is WC_E_TRUNCATED, not a crash (0.136518ms)
✔ Law 1: decodeInto is allocation-free (structural check) (0.32459ms)
ℹ tests 12
ℹ suites 0
ℹ pass 12
ℹ fail 0
ℹ cancelled 0
ℹ skipped 0
ℹ todo 0
ℹ duration_ms 76.879296
[3/8] Python wire + router vector parity
.........                                                                [100%]
9 passed in 0.30s
[4/8] TypeScript suite
✔ shm: publish -> subscribe async iterator, seq monotonic, payload intact (11.643898ms)
✔ shm: two subscribers fan out independently; unsubscribe stops flow (15.275477ms)
✔ shm: tryLatest reads newest without advancing the iterator (5.667226ms)
✔ Law 4: stale seq replays are dropped and counted (datagram path) (1.027111ms)
✔ udp: two clients, SUB control plane, live datagram pub/sub (36.584817ms)
✔ udp: publisher with zero subscribers stays silent (no peers dup) (0.831241ms)
✔ crosslang: TS still decodes the frozen WCN1 vectors byte-exactly (1.201685ms)
✔ crosslang: TS rejects malformed fixtures with the frozen codes (0.281615ms)
✔ crosslang: FNV/CRC reference vectors match the fixture (0.32358ms)
✔ registry: counters, gauges, histogram quantile sanity (2.569739ms)
✔ histogram bucket bounds follow the 1, 2, 3, 4, 6, 8, 12... sequence (0.29894ms)
✔ prometheus: exposition format with cumulative histogram buckets (1.108774ms)
✔ otel: OTLP/JSON document shape (resourceMetrics -> metrics) (1.699929ms)
✔ perfetto: .pftrace protobuf round-trips packets and track events (1.69943ms)
✔ prometheus: embedded /metrics server answers 200 over real HTTP (57.126943ms)
✔ router: deterministic owner across calls and instances (1.882023ms)
✔ router: cross-language owner vector (node seeds 11,22,33,44 / telemetry) (2.114145ms)
✔ router: 8-node balance within 3x envelope (7.335843ms)
✔ router: minimal disruption — adding 1 of 9 nodes moves ~1/9 of topics (15.018887ms)
✔ router: unrouted topic -> WC_E_TOPIC_UNROUTED (0.373946ms)
✔ router: removeNode stops routing to it; version bumps (0.298649ms)
✔ membership: upsert + hash-index lookup round-trip (1.354078ms)
✔ membership: open addressing survives heavy collisions (1.21083ms)
✔ gossip: 3 engines converge to a full membership view (socketless) (2.945085ms)
✔ gossip: stale incarnation ignored, higher incarnation wins (0.3917ms)
✔ gossip: LEAVING is sticky at equal incarnation, revive needs higher (0.291245ms)
✔ gossip: SWIM refutation — falsely-leaving node bumps incarnation (2.210479ms)
✔ gossip: silent nodes suspect then evicted (fake clock) (0.479713ms)
✔ gossip: graceful leave announces and propagates LEAVING (0.46732ms)
✔ crc32 IEEE vectors (parity with Python zlib.crc32) (0.95284ms)
✔ fnv1a64 topic hash vectors (parity with Python impl) (0.269336ms)
✔ WCN1 header: little-endian byte layout is normative (0.257704ms)
✔ WCN1 round-trip: encode -> decode -> same fields (4.165762ms)
✔ Law 4: malformed datagrams map to the exact error taxonomy (0.267528ms)
✔ error names are stable (Law 4 contract) (0.228971ms)
✔ WGS1 gossip: encode + entries + decode round-trip (0.405744ms)
✔ WGS1: entry_count overrun is WC_E_TRUNCATED, not a crash (0.129664ms)
✔ Law 1: decodeInto is allocation-free (structural check) (0.220249ms)
ℹ tests 38
ℹ suites 0
ℹ pass 38
ℹ fail 0
ℹ cancelled 0
ℹ skipped 0
ℹ todo 0
ℹ duration_ms 2192.240365
[5/8] Python suite
.....s.........                                                          [100%]
14 passed, 1 skipped in 8.64s
[6/8] live cross-language UDP cluster (both directions)
..                                                                       [100%]
2 passed in 8.33s
[7/8] zero-allocation probes (100k ops each, post-warmup, --expose-gc)
    {"mode":"publish","iters":100000,"heapBefore":7482784,"heapAfter":7482840,"deltaBytes":56}
    {"mode":"subscribe","iters":100000,"heapBefore":7561088,"heapAfter":7560824,"deltaBytes":-264}
    {"mode":"metrics","iters":100000,"heapBefore":7396912,"heapAfter":7396368,"deltaBytes":-544}
    {"mode":"router","iters":100000,"heapBefore":7432552,"heapAfter":7432512,"deltaBytes":-40}
[8/8] performance gates
    [8a] 4-node demo smoke (monotonicity must PASS)
    demo PASS (monotonic, 0 gaps, 0 stale)
    [8b] mesh burst >= 1,000,000 fps (mandate D)
    {"kind":"weft-cluster-mesh-burst","transport":"loopback-shm (simulated cluster)","nodes":4,"consumers":3,"topics":1,"payloadBytes":64,"fpsTarget":1000000,"seconds":2,"publishedFrames":2000000,"ingestedFrames":6000000,"expectedIngest":6000000,"achievedFps":1097817,"fanoutWritesPerSec":3293450,"elapsedSec":1.82,"sequenceGaps":0,"hopLatencyNs":{"p50":1024,"p99":2048},"at":"2026-09-23T13:36:03.281Z"}
    [8c] membership lookup latency (mandate B1)
    {"kind":"weft-cluster-router-bench","membershipLookupNs":{"p50":16.5,"p99":31.3},"routerOwnerNs":{"p50":1136,"p99":1158.3,"nodes":8},"mandate":"lock-free cluster state table lookups < 10 ns (Pillar 3 mandate B1)"}
    lookup p50 16.5ns (gate 25ns; mandate 10ns is bare-metal — delta recorded in D-33)
weft-cluster-managed shard: ALL 8 STAGES GREEN
