==================================================
SHARD: perf-regression
DESCRIPTION: W-suite P99 vs pinned baseline; >15% drop = FAIL
STATUS: PASSED ✅
COMMIT: 3c5ba0187549b16efdf451eff63e9722275c8bb0
RUN: 254
==================================================

→ W1/A ... P99=97.7 alloc/frame=0.0 [PASS]
→ W1/B ... P99=147.0 alloc/frame=0.0 [PASS]
→ W1/C .../home/runner/work/Weft/Weft/core/c/weft.c:15: warning: "_GNU_SOURCE" redefined
   15 | #define _GNU_SOURCE  // for posix_memalign
      | 
<command-line>: note: this is the location of the previous definition
→ compiling Weft C kernel to /home/runner/work/Weft/Weft/core/c/libweft.so
 P99=112.4 alloc/frame=0.0 [PASS]
→ W1/D ... P99=104.5 alloc/frame=0.0 [PASS]
→ W2/A ... P99=66.7 alloc/frame=0.0 [PASS]
→ W2/B ... P99=104.3 alloc/frame=0.0 [PASS]
→ W2/C ... P99=79.1 alloc/frame=0.0 [PASS]
→ W2/D ... P99=43.6 alloc/frame=0.0 [PASS]
→ W3/A ... P99=8.9 alloc/frame=0.0 [PASS]
→ W3/B ... P99=13.1 alloc/frame=0.0 [PASS]
→ W3/C ... P99=13.3 alloc/frame=0.0 [PASS]
→ W3/D ... P99=7.7 alloc/frame=0.0 [PASS]
→ W4/A ... P99=3197.5 alloc/frame=0.0 [PASS]
→ W4/B ... P99=3189.0 alloc/frame=0.0 [PASS]
→ W4/C ... P99=3208.5 alloc/frame=0.0 [PASS]
→ W4/D ... P99=3076.9 alloc/frame=0.0 [PASS]
→ W5/A ... P99=21.7 alloc/frame=0.0 [PASS]
→ W5/B ... P99=17.4 alloc/frame=0.0 [PASS]
→ W5/C ... P99=23.5 alloc/frame=0.0 [PASS]
→ W5/D ... P99=10.8 alloc/frame=0.0 [PASS]

✓ W-suite bundle: /home/runner/work/Weft/Weft/bench/results/wsuite-x86_64-sandbox.json
  cells: 20 (target: 20 = 5 workloads × 4 backends)
  pass: 20/20
 P99=147.0 alloc/frame=0.0 [PASS]
→ W1/C .../home/runner/work/Weft/Weft/core/c/weft.c:15: warning: "_GNU_SOURCE" redefined
   15 | #define _GNU_SOURCE  // for posix_memalign
      | 
<command-line>: note: this is the location of the previous definition
→ compiling Weft C kernel to /home/runner/work/Weft/Weft/core/c/libweft.so
 P99=112.4 alloc/frame=0.0 [PASS]
→ W1/D ... P99=104.5 alloc/frame=0.0 [PASS]
→ W2/A ... P99=66.7 alloc/frame=0.0 [PASS]
→ W2/B ... P99=104.3 alloc/frame=0.0 [PASS]
→ W2/C ... P99=79.1 alloc/frame=0.0 [PASS]
→ W2/D ... P99=43.6 alloc/frame=0.0 [PASS]
→ W3/A ... P99=8.9 alloc/frame=0.0 [PASS]
→ W3/B ... P99=13.1 alloc/frame=0.0 [PASS]
→ W3/C ... P99=13.3 alloc/frame=0.0 [PASS]
→ W3/D ... P99=7.7 alloc/frame=0.0 [PASS]
→ W4/A ... P99=3197.5 alloc/frame=0.0 [PASS]
→ W4/B ... P99=3189.0 alloc/frame=0.0 [PASS]
→ W4/C ... P99=3208.5 alloc/frame=0.0 [PASS]
→ W4/D ... P99=3076.9 alloc/frame=0.0 [PASS]
→ W5/A ... P99=21.7 alloc/frame=0.0 [PASS]
→ W5/B ... P99=17.4 alloc/frame=0.0 [PASS]
→ W5/C ... P99=23.5 alloc/frame=0.0 [PASS]
→ W5/D ... P99=10.8 alloc/frame=0.0 [PASS]

✓ W-suite bundle: /home/runner/work/Weft/Weft/bench/results/wsuite-x86_64-sandbox.json
  cells: 20 (target: 20 = 5 workloads × 4 backends)
  pass: 20/20
{
  "shard": "perf-regression",
  "status": "PASSED",
  "threshold_pct": 5,
  "regression_count": 0,
  "improvement_count": 20,
  "cells_compared": 20,
  "regressions": [],
  "improvements": [
    {
      "workload": "W1",
      "backend": "A",
      "baseline": 7.3,
      "actual": 97.7,
      "delta_pct": 1238.4,
      "reason": "improvement"
    },
    {
      "workload": "W1",
      "backend": "B",
      "baseline": 44.6,
      "actual": 147.0,
      "delta_pct": 229.6,
      "reason": "improvement"
    },
    {
      "workload": "W1",
      "backend": "C",
      "baseline": 7.8,
      "actual": 112.4,
      "delta_pct": 1341.0,
      "reason": "improvement"
    },
    {
      "workload": "W1",
      "backend": "D",
      "baseline": 18.6,
      "actual": 104.5,
      "delta_pct": 461.8,
      "reason": "improvement"
    },
    {
      "workload": "W2",
      "backend": "A",
      "baseline": 4.3,
      "actual": 66.7,
      "delta_pct": 1451.2,
      "reason": "improvement"
    },
    {
      "workload": "W2",
      "backend": "B",
      "baseline": 6.1,
      "actual": 104.3,
      "delta_pct": 1609.8,
      "reason": "improvement"
    },
    {
      "workload": "W2",
      "backend": "C",
      "baseline": 16.4,
      "actual": 79.1,
      "delta_pct": 382.3,
      "reason": "improvement"
    },
    {
      "workload": "W2",
      "backend": "D",
      "baseline": 7.5,
      "actual": 43.6,
      "delta_pct": 481.3,
      "reason": "improvement"
    },
    {
      "workload": "W3",
      "backend": "A",
      "baseline": 2.6,
      "actual": 8.9,
      "delta_pct": 242.3,
      "reason": "improvement"
    },
    {
      "workload": "W3",
      "backend": "B",
      "baseline": 3.7,
      "actual": 13.1,
      "delta_pct": 254.1,
      "reason": "improvement"
    },
    {
      "workload": "W3",
      "backend": "C",
      "baseline": 2.8,
      "actual": 13.3,
      "delta_pct": 375.0,
      "reason": "improvement"
    },
    {
      "workload": "W3",
      "backend": "D",
      "baseline": 1.1,
      "actual": 7.7,
      "delta_pct": 600.0,
      "reason": "improvement"
    },
    {
      "workload": "W4",
      "backend": "A",
      "baseline": 659.0,
      "actual": 3197.5,
      "delta_pct": 385.2,
      "reason": "improvement"
    },
    {
      "workload": "W4",
      "backend": "B",
      "baseline": 681.4,
      "actual": 3189.0,
      "delta_pct": 368.0,
      "reason": "improvement"
    },
    {
      "workload": "W4",
      "backend": "C",
      "baseline": 578.3,
      "actual": 3208.5,
      "delta_pct": 454.8,
      "reason": "improvement"
    },
    {
      "workload": "W4",
      "backend": "D",
      "baseline": 409.0,
      "actual": 3076.9,
      "delta_pct": 652.3,
      "reason": "improvement"
    },
    {
      "workload": "W5",
      "backend": "A",
      "baseline": 5.4,
      "actual": 21.7,
      "delta_pct": 301.9,
      "reason": "improvement"
    },
    {
      "workload": "W5",
      "backend": "B",
      "baseline": 7.7,
      "actual": 17.4,
      "delta_pct": 126.0,
      "reason": "improvement"
    },
    {
      "workload": "W5",
      "backend": "C",
      "baseline": 7.7,
      "actual": 23.5,
      "delta_pct": 205.2,
      "reason": "improvement"
    },
    {
      "workload": "W5",
      "backend": "D",
      "baseline": 3.2,
      "actual": 10.8,
      "delta_pct": 237.5,
      "reason": "improvement"
    }
  ],
  "all_compared": [
    {
      "workload": "W1",
      "backend": "A",
      "baseline_p99": 7.3,
      "actual_p99": 97.7,
      "delta_pct": 1238.4
    },
    {
      "workload": "W1",
      "backend": "B",
      "baseline_p99": 44.6,
      "actual_p99": 147.0,
      "delta_pct": 229.6
    },
    {
      "workload": "W1",
      "backend": "C",
      "baseline_p99": 7.8,
      "actual_p99": 112.4,
      "delta_pct": 1341.0
    },
    {
      "workload": "W1",
      "backend": "D",
      "baseline_p99": 18.6,
      "actual_p99": 104.5,
      "delta_pct": 461.8
    },
    {
      "workload": "W2",
      "backend": "A",
      "baseline_p99": 4.3,
      "actual_p99": 66.7,
      "delta_pct": 1451.2
    },
    {
      "workload": "W2",
      "backend": "B",
      "baseline_p99": 6.1,
      "actual_p99": 104.3,
      "delta_pct": 1609.8
    },
    {
      "workload": "W2",
      "backend": "C",
      "baseline_p99": 16.4,
      "actual_p99": 79.1,
      "delta_pct": 382.3
    },
    {
      "workload": "W2",
      "backend": "D",
      "baseline_p99": 7.5,
      "actual_p99": 43.6,
      "delta_pct": 481.3
    },
    {
      "workload": "W3",
      "backend": "A",
      "baseline_p99": 2.6,
      "actual_p99": 8.9,
      "delta_pct": 242.3
    },
    {
      "workload": "W3",
      "backend": "B",
      "baseline_p99": 3.7,
      "actual_p99": 13.1,
      "delta_pct": 254.1
    },
    {
      "workload": "W3",
      "backend": "C",
      "baseline_p99": 2.8,
      "actual_p99": 13.3,
      "delta_pct": 375.0
    },
    {
      "workload": "W3",
      "backend": "D",
      "baseline_p99": 1.1,
      "actual_p99": 7.7,
      "delta_pct": 600.0
    },
    {
      "workload": "W4",
      "backend": "A",
      "baseline_p99": 659.0,
      "actual_p99": 3197.5,
      "delta_pct": 385.2
    },
    {
      "workload": "W4",
      "backend": "B",
      "baseline_p99": 681.4,
      "actual_p99": 3189.0,
      "delta_pct": 368.0
    },
    {
      "workload": "W4",
      "backend": "C",
      "baseline_p99": 578.3,
      "actual_p99": 3208.5,
      "delta_pct": 454.8
    },
    {
      "workload": "W4",
      "backend": "D",
      "baseline_p99": 409.0,
      "actual_p99": 3076.9,
      "delta_pct": 652.3
    },
    {
      "workload": "W5",
      "backend": "A",
      "baseline_p99": 5.4,
      "actual_p99": 21.7,
      "delta_pct": 301.9
    },
    {
      "workload": "W5",
      "backend": "B",
      "baseline_p99": 7.7,
      "actual_p99": 17.4,
      "delta_pct": 126.0
    },
    {
      "workload": "W5",
      "backend": "C",
      "baseline_p99": 7.7,
      "actual_p99": 23.5,
      "delta_pct": 205.2
    },
    {
      "workload": "W5",
      "backend": "D",
      "baseline_p99": 3.2,
      "actual_p99": 10.8,
      "delta_pct": 237.5
    }
  ]
}

-> publish/claim P50+P99 latency vs ci/baselines/publish-claim-p99-baseline.json
  PASS claim_p50: {'actual': 31, 'baseline': 40, 'ok': True}
  PASS claim_p99: {'actual': 41, 'limit': 20000, 'noise_cap': 20000, 'ok': True}
  PASS publish_p50: {'actual': 40, 'baseline': 48, 'ok': True}
  PASS publish_p99: {'actual': 80, 'limit': 20000, 'noise_cap': 20000, 'ok': True}

=== Perf-regression status: PASSED ===
✅ No performance regressions
