BENCH|itch_fixed_mmsgs|60.844|Mmsg/s
BENCH|itch_fixed_ns|16.44|ns/msg
BENCH|itch_fixed_mmsgs|60.636|Mmsg/s
BENCH|itch_fixed_ns|16.49|ns/msg
BENCH|itch_fixed_mmsgs|59.549|Mmsg/s
BENCH|itch_fixed_ns|16.79|ns/msg
BENCH|itch_fixed_mmsgs_best|60.844|Mmsg/s
BENCH|itch_fixed_ns_best|16.44|ns/msg
BENCH|itch_len_mmsgs|59.126|Mmsg/s
BENCH|itch_len_ns|16.91|ns/msg
BENCH|itch_len_mmsgs|60.922|Mmsg/s
BENCH|itch_len_ns|16.41|ns/msg
BENCH|itch_len_mmsgs|61.908|Mmsg/s
BENCH|itch_len_ns|16.15|ns/msg
BENCH|itch_len_mmsgs_best|65.578|Mmsg/s
BENCH|itch_len_ns_best|15.25|ns/msg
BENCH|ouch_mmsgs|124.371|Mmsg/s
BENCH|ouch_ns|8.04|ns/msg
BENCH|sbe_md_mmsgs|25.468|Mmsg/s
BENCH|sbe_md_ns|39.26|ns/msg
BENCH|sbe_proj_mmsgs|29.193|Mmsg/s
BENCH|sbe_proj_ns|34.25|ns/msg
BENCH|mold_walk_mmsgs|99.072|Mmsg/s
BENCH|mold_walk_ns|10.09|ns/msg
BENCH|crc32c_gbps|8.279|GB/s
BENCH|crc32c_gbps|8.521|GB/s
BENCH|crc32c_gbps|8.121|GB/s
BENCH|crc32c_sw_gbps|2.109|GB/s
BENCH|crc32c_sw_gbps|2.323|GB/s
BENCH|crc32c_sw_gbps|2.337|GB/s
BENCH|adler32_gbps|6.667|GB/s
BENCH|adler32_gbps|5.093|GB/s
BENCH|adler32_gbps|11.521|GB/s
BENCH|adler32_portable_gbps|2.939|GB/s
BENCH|be64_swap_gbps|12.199|GB/s
BENCH|be64_swap_gbps|23.933|GB/s
BENCH|be64_swap_gbps|28.156|GB/s
impl: crc32c=x86-sse4.2-rtdispatch adler32=x86-sse2-madd
TEST bench_throughput: informational (no failure conditions)
