==================================================
SHARD: weft-tensor-managed
DESCRIPTION: Project weft-tensor Pillar 2: WTR1 layout, TS/Python ingestion engines, DLPack/NumPy bridge, cross-language parity, React/Flutter AI hooks/widgets, 120 FPS flight demo, alloc probes
STATUS: PASSED ✅
COMMIT: 7b60ebc929a02d392ce04de3878e7e3854346958
RUN: 215
==================================================

[1/8] fixture determinism
OK /home/runner/work/Weft/Weft/fixtures/weft-tensor/ring-v1-f32.bin (640 B) byte-identical
OK /home/runner/work/Weft/Weft/fixtures/weft-tensor/ring-v1-u8.bin (640 B) byte-identical
[2/8] TypeScript suite
✔ zero-alloc probe [ring] — 100k steady-state ops stay flat (201.764582ms)
✔ zero-alloc probe [ingest] — 100k steady-state ops stay flat (111.912182ms)
✔ zero-alloc probe [audio] — 100k steady-state ops stay flat (133.569845ms)
✔ zero-alloc probe [render] — 100k steady-state ops stay flat (1535.011104ms)
✔ zero-alloc probe [overlay] — 100k steady-state ops stay flat (64.999872ms)
✔ negative control: a deliberately-allocating loop IS caught (61.797298ms)
✔ f32 fixture: header fields, 10 frames, dyadic payload parity (3.097887ms)
✔ u8 fixture: header fields, 6 frames, byte payload parity (1.833517ms)
✔ WebCodecs sync fast path: bytes land in ring, no intermediate (6.297101ms)
✔ WebCodecs async fast path resolves after the GPU readback lands (0.504076ms)
✔ copyTo failure is a DROP, never a throw into the frame loop (1.759169ms)
✔ legacy sync copyTo returning void still commits the full slot (0.48966ms)
✔ ImageData + raw paths (0.982536ms)
✔ ingestor dtype gate: f32 ring rejected (Law 4) (0.677229ms)
✔ AudioPcmFeeder: exact-fit chunks roll one slot per chunk (1.109141ms)
✔ AudioPcmFeeder: chunk spanning slot boundaries carries with zero gaps (0.728874ms)
✔ AudioPcmFeeder: tiny chunks accumulate then roll (worklet cadence) (0.994268ms)
✔ AudioPcmFeeder dtype gate + chunk size gate (Law 4) (0.605254ms)
✔ crc32 matches node:zlib over the static header region (1.528992ms)
✔ f16FromBits matches numpy float16 decode exactly (0.399603ms)
✔ f16ToBits matches numpy round-to-nearest-even (0.460937ms)
✔ fourcc round-trips as LE ASCII (0.208127ms)
✔ validateRingHeader accepts both golden fixtures (1.165295ms)
✔ fail-closed corruption matrix — every mutation gets a machine-readable code (1.516628ms)
✔ dtype validity table (0.186878ms)
✔ create() writes a self-validating header (round trip through attach) (2.772462ms)
✔ Canvas2DPlane: ONE ImageData reused, pixel-accurate blit per frame (3.7834ms)
✔ Canvas2DPlane dtype gate (Law 4) (0.801639ms)
✔ OverlayScratch + drawBoxes2D: bounded, reused, pixel records (1.384543ms)
✔ drawSkeleton2D honours confidence gating (0.407177ms)
✔ WebGL2Plane: zero-alloc texSubImage2D from the slot view + fullscreen tri (1.266964ms)
✔ create + typed commit + acquireLatest returns exact values, zero surprises (3.725403ms)
✔ byte commit path (Uint8Array) with short payload (bounded loop, no throw) (0.414791ms)
✔ acquireLatest(lastSeq) returns null when nothing new; acquireFrame bounds (0.346163ms)
✔ overrun: slotCount=2, 5 commits -> old seq gone, latest correct (0.493186ms)
✔ torn read: uncommitted slot is invisible, then visible after commit marker (0.383523ms)
✔ zero-copy begin/finish path matches convenience commit (0.271164ms)
✔ commit rejects wrong dtype / oversized payloads (fail-closed) (0.917855ms)
✔ create() input validation is fail-closed (0.318823ms)
✔ waitForNewFrame resolves via injected scheduler; timeout path returns null (43.970735ms)
✔ SharedArrayBuffer smoke: create(shared) + atomics publish + acquire (0.819362ms)
✔ ring stats counters are sealed and monotonic (0.276093ms)
✔ detectRuntime identifies node (this process) (1.536846ms)
✔ detectRuntime: browser / deno / bun / worker / electron fakes (0.368585ms)
✔ runtimeMatrix feature list stays sorted/deterministic (1.087901ms)
✔ assertShareable accepts SAB, rejects plain ArrayBuffer (0.767807ms)
ℹ tests 46
ℹ suites 0
ℹ pass 46
ℹ fail 0
ℹ cancelled 0
ℹ skipped 0
ℹ todo 0
ℹ duration_ms 2207.626156
[3/8] Python suite
......s................                                                  [100%]
22 passed, 1 skipped in 0.56s
[4/8] TS producer -> Python consumer
{"producer":"typescript","path":"/tmp/tmp.8dOt7Feb03/ts_ring.bin","byteLength":640,"producerSeq":10,"slotStride":128,"schemaId":"fe77000000000000"}
{"consumer": "python", "path": "/tmp/tmp.8dOt7Feb03/ts_ring.bin", "framesValidated": [7, 8, 9, 10], "dlpackAlias": true, "ok": true}
[5/8] Python producer -> TS consumer
{"producer": "python", "path": "/tmp/tmp.8dOt7Feb03/py_ring.bin", "byteLength": 640, "producerSeq": 10, "slotStride": 128, "schemaId": "fe77000000000001"}
{"consumer":"typescript","path":"/tmp/tmp.8dOt7Feb03/py_ring.bin","framesValidated":[7,8,9,10],"ok":true}
[6/8] DLPack alias proof (consumed the TS-produced ring, pointer-checked)
    dlpack alias OK (slot ptr 0x55b902c73f30 inside ring 0x55b902c73df0..0x55b902c74070)
[7/8] zero-allocation probes (100k ops each, post-warmup, --expose-gc)
    {"mode":"ring","iters":100000,"heapBefore":4388808,"heapAfter":4402032,"deltaBytes":13224}
    {"mode":"ingest","iters":100000,"heapBefore":4396920,"heapAfter":4411664,"deltaBytes":14744}
    {"mode":"audio","iters":100000,"heapBefore":4392512,"heapAfter":4394696,"deltaBytes":2184}
    {"mode":"render","iters":100000,"heapBefore":4404960,"heapAfter":4406560,"deltaBytes":1600}
    {"mode":"overlay","iters":100000,"heapBefore":4284176,"heapAfter":4285648,"deltaBytes":1472}
[8/8] latency gates (directive: commit < 50us)
    {"bench":"weft-tensor commit/acquire","node":"v24.20.0","video":{"geometry":"320x180 RGBA","slotCapBytes":230400,"commit":{"n":50000,"p50_us":0.181,"p99_us":1.393,"max_us":265.123},"acquire":{"n":50000,"p50_us":0.121,"p99_us":0.561,"max_us":136.844},"commit_under_50us":true},"audio":{"geometry":"2ch x 128 f32 (interleaved quanta 256)","slotCapBytes":1024,"commit":{"n":50000,"p50_us":0.481,"p99_us":0.551,"max_us":36.979},"acquire":{"n":50000,"p50_us":0.12,"p99_us":0.752,"max_us":164.696},"commit_under_50us":true}}
weft-tensor managed shard: ALL 8 STAGES GREEN
