==================================================
SHARD: perf-regression
DESCRIPTION: W-suite P99 vs pinned baseline; >15% drop = FAIL
STATUS: PASSED ✅
COMMIT: ddb91eecddf8976f9665a89fae21794eff2949b6
RUN: 97
==================================================

→ W1/A ... P99=165.4 alloc/frame=0.0 [PASS]
→ W1/B ... P99=187.3 alloc/frame=0.0 [PASS]
→ W1/C .../home/runner/work/Weft/Weft/core/c/weft.c:15: warning: "_GNU_SOURCE" redefined
   15 | #define _GNU_SOURCE  // for posix_memalign
      | 
<command-line>: note: this is the location of the previous definition
→ compiling Weft C kernel to /home/runner/work/Weft/Weft/core/c/libweft.so
 P99=187.6 alloc/frame=0.0 [PASS]
→ W1/D ... P99=119.9 alloc/frame=0.0 [PASS]
→ W2/A ... P99=106.8 alloc/frame=0.0 [PASS]
→ W2/B ... P99=145.2 alloc/frame=0.0 [PASS]
→ W2/C ... P99=146.5 alloc/frame=0.0 [PASS]
→ W2/D ... P99=62.8 alloc/frame=0.0 [PASS]
→ W3/A ... P99=12.9 alloc/frame=0.0 [PASS]
→ W3/B ... P99=15.1 alloc/frame=0.0 [PASS]
→ W3/C ... P99=14.9 alloc/frame=0.0 [PASS]
→ W3/D ... P99=8.5 alloc/frame=0.0 [PASS]
→ W4/A ... P99=3874.0 alloc/frame=0.0 [PASS]
→ W4/B ... P99=4076.5 alloc/frame=0.0 [PASS]
→ W4/C ... P99=3911.0 alloc/frame=0.0 [PASS]
→ W4/D ... P99=3915.5 alloc/frame=0.0 [PASS]
→ W5/A ... P99=24.6 alloc/frame=0.0 [PASS]
→ W5/B ... P99=31.6 alloc/frame=0.0 [PASS]
→ W5/C ... P99=32.0 alloc/frame=0.0 [PASS]
→ W5/D ... P99=15.0 alloc/frame=0.0 [PASS]

✓ W-suite bundle: /home/runner/work/Weft/Weft/bench/results/wsuite-x86_64-sandbox.json
  cells: 20 (target: 20 = 5 workloads × 4 backends)
  pass: 20/20
9=187.3 alloc/frame=0.0 [PASS]
→ W1/C .../home/runner/work/Weft/Weft/core/c/weft.c:15: warning: "_GNU_SOURCE" redefined
   15 | #define _GNU_SOURCE  // for posix_memalign
      | 
<command-line>: note: this is the location of the previous definition
→ compiling Weft C kernel to /home/runner/work/Weft/Weft/core/c/libweft.so
 P99=187.6 alloc/frame=0.0 [PASS]
→ W1/D ... P99=119.9 alloc/frame=0.0 [PASS]
→ W2/A ... P99=106.8 alloc/frame=0.0 [PASS]
→ W2/B ... P99=145.2 alloc/frame=0.0 [PASS]
→ W2/C ... P99=146.5 alloc/frame=0.0 [PASS]
→ W2/D ... P99=62.8 alloc/frame=0.0 [PASS]
→ W3/A ... P99=12.9 alloc/frame=0.0 [PASS]
→ W3/B ... P99=15.1 alloc/frame=0.0 [PASS]
→ W3/C ... P99=14.9 alloc/frame=0.0 [PASS]
→ W3/D ... P99=8.5 alloc/frame=0.0 [PASS]
→ W4/A ... P99=3874.0 alloc/frame=0.0 [PASS]
→ W4/B ... P99=4076.5 alloc/frame=0.0 [PASS]
→ W4/C ... P99=3911.0 alloc/frame=0.0 [PASS]
→ W4/D ... P99=3915.5 alloc/frame=0.0 [PASS]
→ W5/A ... P99=24.6 alloc/frame=0.0 [PASS]
→ W5/B ... P99=31.6 alloc/frame=0.0 [PASS]
→ W5/C ... P99=32.0 alloc/frame=0.0 [PASS]
→ W5/D ... P99=15.0 alloc/frame=0.0 [PASS]

✓ W-suite bundle: /home/runner/work/Weft/Weft/bench/results/wsuite-x86_64-sandbox.json
  cells: 20 (target: 20 = 5 workloads × 4 backends)
  pass: 20/20
{
  "shard": "perf-regression",
  "status": "PASSED",
  "threshold_pct": 15,
  "regression_count": 0,
  "improvement_count": 20,
  "cells_compared": 20,
  "regressions": [],
  "improvements": [
    {
      "workload": "W1",
      "backend": "A",
      "baseline": 120.2,
      "actual": 165.4,
      "delta_pct": 37.6,
      "reason": "improvement"
    },
    {
      "workload": "W1",
      "backend": "B",
      "baseline": 140.5,
      "actual": 187.3,
      "delta_pct": 33.3,
      "reason": "improvement"
    },
    {
      "workload": "W1",
      "backend": "C",
      "baseline": 140.9,
      "actual": 187.6,
      "delta_pct": 33.1,
      "reason": "improvement"
    },
    {
      "workload": "W1",
      "backend": "D",
      "baseline": 87.5,
      "actual": 119.9,
      "delta_pct": 37.0,
      "reason": "improvement"
    },
    {
      "workload": "W2",
      "backend": "A",
      "baseline": 78.6,
      "actual": 106.8,
      "delta_pct": 35.9,
      "reason": "improvement"
    },
    {
      "workload": "W2",
      "backend": "B",
      "baseline": 111.7,
      "actual": 145.2,
      "delta_pct": 30.0,
      "reason": "improvement"
    },
    {
      "workload": "W2",
      "backend": "C",
      "baseline": 111.0,
      "actual": 146.5,
      "delta_pct": 32.0,
      "reason": "improvement"
    },
    {
      "workload": "W2",
      "backend": "D",
      "baseline": 45.4,
      "actual": 62.8,
      "delta_pct": 38.3,
      "reason": "improvement"
    },
    {
      "workload": "W3",
      "backend": "A",
      "baseline": 9.7,
      "actual": 12.9,
      "delta_pct": 33.0,
      "reason": "improvement"
    },
    {
      "workload": "W3",
      "backend": "B",
      "baseline": 11.5,
      "actual": 15.1,
      "delta_pct": 31.3,
      "reason": "improvement"
    },
    {
      "workload": "W3",
      "backend": "C",
      "baseline": 11.5,
      "actual": 14.9,
      "delta_pct": 29.6,
      "reason": "improvement"
    },
    {
      "workload": "W3",
      "backend": "D",
      "baseline": 6.2,
      "actual": 8.5,
      "delta_pct": 37.1,
      "reason": "improvement"
    },
    {
      "workload": "W4",
      "backend": "A",
      "baseline": 2838.8,
      "actual": 3874.0,
      "delta_pct": 36.5,
      "reason": "improvement"
    },
    {
      "workload": "W4",
      "backend": "B",
      "baseline": 3008.8,
      "actual": 4076.5,
      "delta_pct": 35.5,
      "reason": "improvement"
    },
    {
      "workload": "W4",
      "backend": "C",
      "baseline": 2847.4,
      "actual": 3911.0,
      "delta_pct": 37.4,
      "reason": "improvement"
    },
    {
      "workload": "W4",
      "backend": "D",
      "baseline": 2828.5,
      "actual": 3915.5,
      "delta_pct": 38.4,
      "reason": "improvement"
    },
    {
      "workload": "W5",
      "backend": "A",
      "baseline": 19.1,
      "actual": 24.6,
      "delta_pct": 28.8,
      "reason": "improvement"
    },
    {
      "workload": "W5",
      "backend": "B",
      "baseline": 24.2,
      "actual": 31.6,
      "delta_pct": 30.6,
      "reason": "improvement"
    },
    {
      "workload": "W5",
      "backend": "C",
      "baseline": 24.1,
      "actual": 32.0,
      "delta_pct": 32.8,
      "reason": "improvement"
    },
    {
      "workload": "W5",
      "backend": "D",
      "baseline": 11.6,
      "actual": 15.0,
      "delta_pct": 29.3,
      "reason": "improvement"
    }
  ],
  "all_compared": [
    {
      "workload": "W1",
      "backend": "A",
      "baseline_p99": 120.2,
      "actual_p99": 165.4,
      "delta_pct": 37.6
    },
    {
      "workload": "W1",
      "backend": "B",
      "baseline_p99": 140.5,
      "actual_p99": 187.3,
      "delta_pct": 33.3
    },
    {
      "workload": "W1",
      "backend": "C",
      "baseline_p99": 140.9,
      "actual_p99": 187.6,
      "delta_pct": 33.1
    },
    {
      "workload": "W1",
      "backend": "D",
      "baseline_p99": 87.5,
      "actual_p99": 119.9,
      "delta_pct": 37.0
    },
    {
      "workload": "W2",
      "backend": "A",
      "baseline_p99": 78.6,
      "actual_p99": 106.8,
      "delta_pct": 35.9
    },
    {
      "workload": "W2",
      "backend": "B",
      "baseline_p99": 111.7,
      "actual_p99": 145.2,
      "delta_pct": 30.0
    },
    {
      "workload": "W2",
      "backend": "C",
      "baseline_p99": 111.0,
      "actual_p99": 146.5,
      "delta_pct": 32.0
    },
    {
      "workload": "W2",
      "backend": "D",
      "baseline_p99": 45.4,
      "actual_p99": 62.8,
      "delta_pct": 38.3
    },
    {
      "workload": "W3",
      "backend": "A",
      "baseline_p99": 9.7,
      "actual_p99": 12.9,
      "delta_pct": 33.0
    },
    {
      "workload": "W3",
      "backend": "B",
      "baseline_p99": 11.5,
      "actual_p99": 15.1,
      "delta_pct": 31.3
    },
    {
      "workload": "W3",
      "backend": "C",
      "baseline_p99": 11.5,
      "actual_p99": 14.9,
      "delta_pct": 29.6
    },
    {
      "workload": "W3",
      "backend": "D",
      "baseline_p99": 6.2,
      "actual_p99": 8.5,
      "delta_pct": 37.1
    },
    {
      "workload": "W4",
      "backend": "A",
      "baseline_p99": 2838.8,
      "actual_p99": 3874.0,
      "delta_pct": 36.5
    },
    {
      "workload": "W4",
      "backend": "B",
      "baseline_p99": 3008.8,
      "actual_p99": 4076.5,
      "delta_pct": 35.5
    },
    {
      "workload": "W4",
      "backend": "C",
      "baseline_p99": 2847.4,
      "actual_p99": 3911.0,
      "delta_pct": 37.4
    },
    {
      "workload": "W4",
      "backend": "D",
      "baseline_p99": 2828.5,
      "actual_p99": 3915.5,
      "delta_pct": 38.4
    },
    {
      "workload": "W5",
      "backend": "A",
      "baseline_p99": 19.1,
      "actual_p99": 24.6,
      "delta_pct": 28.8
    },
    {
      "workload": "W5",
      "backend": "B",
      "baseline_p99": 24.2,
      "actual_p99": 31.6,
      "delta_pct": 30.6
    },
    {
      "workload": "W5",
      "backend": "C",
      "baseline_p99": 24.1,
      "actual_p99": 32.0,
      "delta_pct": 32.8
    },
    {
      "workload": "W5",
      "backend": "D",
      "baseline_p99": 11.6,
      "actual_p99": 15.0,
      "delta_pct": 29.3
    }
  ]
}

=== Perf-regression status: PASSED ===
✅ No performance regressions
