==================================================
SHARD: weft-tensor-managed
DESCRIPTION: Project weft-tensor Pillar 2: WTR1 layout, TS/Python ingestion engines, DLPack/NumPy bridge, cross-language parity, React/Flutter AI hooks/widgets, 120 FPS flight demo, alloc probes
STATUS: PASSED ✅
COMMIT: c15bb591f4b4ffc6f4782d963a7ce059751d165c
RUN: 255
==================================================

[1/8] fixture determinism
OK /home/runner/work/Weft/Weft/fixtures/weft-tensor/ring-v1-f32.bin (640 B) byte-identical
OK /home/runner/work/Weft/Weft/fixtures/weft-tensor/ring-v1-u8.bin (640 B) byte-identical
[2/8] TypeScript suite
✔ zero-alloc probe [ring] — 100k steady-state ops stay flat (195.464787ms)
✔ zero-alloc probe [ingest] — 100k steady-state ops stay flat (142.940652ms)
✔ zero-alloc probe [audio] — 100k steady-state ops stay flat (123.466492ms)
✔ zero-alloc probe [render] — 100k steady-state ops stay flat (1632.707702ms)
✔ zero-alloc probe [overlay] — 100k steady-state ops stay flat (67.327629ms)
✔ negative control: a deliberately-allocating loop IS caught (64.155483ms)
✔ f32 fixture: header fields, 10 frames, dyadic payload parity (2.869132ms)
✔ u8 fixture: header fields, 6 frames, byte payload parity (1.23685ms)
✔ WebCodecs sync fast path: bytes land in ring, no intermediate (5.69935ms)
✔ WebCodecs async fast path resolves after the GPU readback lands (0.566643ms)
✔ copyTo failure is a DROP, never a throw into the frame loop (0.46383ms)
✔ legacy sync copyTo returning void still commits the full slot (2.157512ms)
✔ ImageData + raw paths (0.565511ms)
✔ ingestor dtype gate: f32 ring rejected (Law 4) (0.706454ms)
✔ AudioPcmFeeder: exact-fit chunks roll one slot per chunk (0.754345ms)
✔ AudioPcmFeeder: chunk spanning slot boundaries carries with zero gaps (0.570199ms)
✔ AudioPcmFeeder: tiny chunks accumulate then roll (worklet cadence) (0.531647ms)
✔ AudioPcmFeeder dtype gate + chunk size gate (Law 4) (0.788559ms)
✔ crc32 matches node:zlib over the static header region (2.402987ms)
✔ f16FromBits matches numpy float16 decode exactly (0.542978ms)
✔ f16ToBits matches numpy round-to-nearest-even (0.624702ms)
✔ fourcc round-trips as LE ASCII (0.262873ms)
✔ validateRingHeader accepts both golden fixtures (1.604128ms)
✔ fail-closed corruption matrix — every mutation gets a machine-readable code (1.254994ms)
✔ dtype validity table (0.151975ms)
✔ create() writes a self-validating header (round trip through attach) (1.922546ms)
✔ Canvas2DPlane: ONE ImageData reused, pixel-accurate blit per frame (5.037038ms)
✔ Canvas2DPlane dtype gate (Law 4) (0.826931ms)
✔ OverlayScratch + drawBoxes2D: bounded, reused, pixel records (1.285581ms)
✔ drawSkeleton2D honours confidence gating (0.428664ms)
✔ WebGL2Plane: zero-alloc texSubImage2D from the slot view + fullscreen tri (1.307793ms)
✔ create + typed commit + acquireLatest returns exact values, zero surprises (5.061303ms)
✔ byte commit path (Uint8Array) with short payload (bounded loop, no throw) (0.518603ms)
✔ acquireLatest(lastSeq) returns null when nothing new; acquireFrame bounds (2.439906ms)
✔ overrun: slotCount=2, 5 commits -> old seq gone, latest correct (0.559689ms)
✔ torn read: uncommitted slot is invisible, then visible after commit marker (0.4852ms)
✔ zero-copy begin/finish path matches convenience commit (0.433583ms)
✔ commit rejects wrong dtype / oversized payloads (fail-closed) (2.044184ms)
✔ create() input validation is fail-closed (0.497494ms)
✔ waitForNewFrame resolves via injected scheduler; timeout path returns null (37.768781ms)
✔ SharedArrayBuffer smoke: create(shared) + atomics publish + acquire (1.233223ms)
✔ ring stats counters are sealed and monotonic (0.442159ms)
✔ detectRuntime identifies node (this process) (1.651668ms)
✔ detectRuntime: browser / deno / bun / worker / electron fakes (0.395632ms)
✔ runtimeMatrix feature list stays sorted/deterministic (1.124649ms)
✔ assertShareable accepts SAB, rejects plain ArrayBuffer (0.807454ms)
ℹ tests 46
ℹ suites 0
ℹ pass 46
ℹ fail 0
ℹ cancelled 0
ℹ skipped 0
ℹ todo 0
ℹ duration_ms 2334.39256
[3/8] Python suite
.......s.............s................                                   [100%]
36 passed, 2 skipped in 9.56s
[4/8] TS producer -> Python consumer
{"producer":"typescript","path":"/tmp/tmp.aOqn3ReNLm/ts_ring.bin","byteLength":640,"producerSeq":10,"slotStride":128,"schemaId":"fe77000000000000"}
{"consumer": "python", "path": "/tmp/tmp.aOqn3ReNLm/ts_ring.bin", "framesValidated": [7, 8, 9, 10], "dlpackAlias": true, "ok": true}
[5/8] Python producer -> TS consumer
{"producer": "python", "path": "/tmp/tmp.aOqn3ReNLm/py_ring.bin", "byteLength": 640, "producerSeq": 10, "slotStride": 128, "schemaId": "fe77000000000001"}
{"consumer":"typescript","path":"/tmp/tmp.aOqn3ReNLm/py_ring.bin","framesValidated":[7,8,9,10],"ok":true}
[6/8] DLPack alias proof (consumed the TS-produced ring, pointer-checked)
    dlpack alias OK (slot ptr 0x563c1277ef30 inside ring 0x563c1277edf0..0x563c1277f070)
[7/8] zero-allocation probes (100k ops each, post-warmup, --expose-gc)
    {"mode":"ring","iters":100000,"heapBefore":4403936,"heapAfter":4416640,"deltaBytes":12704}
    {"mode":"ingest","iters":100000,"heapBefore":4412112,"heapAfter":4425360,"deltaBytes":13248}
    {"mode":"audio","iters":100000,"heapBefore":4406544,"heapAfter":4419848,"deltaBytes":13304}
    {"mode":"render","iters":100000,"heapBefore":4418992,"heapAfter":4420592,"deltaBytes":1600}
    {"mode":"overlay","iters":100000,"heapBefore":4298968,"heapAfter":4299680,"deltaBytes":712}
[8/8] latency gates (directive: commit < 50us)
    {"bench":"weft-tensor commit/acquire","node":"v24.21.0","video":{"geometry":"320x180 RGBA","slotCapBytes":230400,"commit":{"n":50000,"p50_us":0.18,"p99_us":1.343,"max_us":165.231},"acquire":{"n":50000,"p50_us":0.12,"p99_us":0.511,"max_us":1315.074},"commit_under_50us":true},"audio":{"geometry":"2ch x 128 f32 (interleaved quanta 256)","slotCapBytes":1024,"commit":{"n":50000,"p50_us":0.471,"p99_us":0.932,"max_us":39.454},"acquire":{"n":50000,"p50_us":0.12,"p99_us":1.543,"max_us":146.616},"commit_under_50us":true}}
weft-tensor managed shard: ALL 8 STAGES GREEN
