==================================================
SHARD: simd-blend
DESCRIPTION: Q12 raster blend: C golden gates + xlang-blend cross-language digests + bench
STATUS: PASSED ✅
COMMIT: c15bb591f4b4ffc6f4782d963a7ce059751d165c
RUN: 255
==================================================

== simd-blend shard: env x86_64/Linux ==
-- C kernel gates --
== blend_test: impl=avx2 (2) ==
B1 boundaries: OK
B2 parity sweep: OK (154 path-checks, all == scalar)
B3 alpha sweep 0..4096 (dispatched): OK
B4 in-place aliasing: OK
blend_test: ALL GATES GREEN
blend-test: ALL GATES GREEN
-- xlang-blend golden gate --
== xlang-blend golden parity: env x86_64/Linux ==
-- C kernel (golden source) --
   blend-test gates GREEN
   golden-vectors.csv matches the kernel
-- TS verifier (reference port) --
xlang-blend TS verifier: 63/63 golden digests match
-- Kotlin verifier --
xlang-blend Kotlin verifier: 63/63 golden digests match
-- Dart verifier: DECLARED skip (no dart; flutter-packages leg owns it) --
-- Swift port: DECLARED skip (no swiftc; apple-packages compiles + golden-gates it) --

xlang-blend: ran=3 declared_skips=2
✅ xlang-blend parity: every executed port byte-identical to the C kernel
xlang-blend parity GREEN
-- blend_runner benchmark --
== blend_runner: dispatch=avx2 ==
256x256-hot (65536 words): scalar   250506 ns/frame (  3.1 GB/s) | avx2    17008 ns/frame ( 46.2 GB/s) | speedup 14.73x
1080p (2073600 words): scalar  7935575 ns/frame (  3.1 GB/s) | avx2   544301 ns/frame ( 45.7 GB/s) | speedup 14.58x
4K (8294400 words): scalar 31748531 ns/frame (  3.1 GB/s) | avx2  2624679 ns/frame ( 37.9 GB/s) | speedup 12.10x
8K (33177600 words): scalar 127179060 ns/frame (  3.1 GB/s) | avx2 11203438 ns/frame ( 35.5 GB/s) | speedup 11.35x
✅ simd-blend shard GREEN
