==================================================
SHARD: perf-regression
DESCRIPTION: W-suite P99 vs pinned baseline; >15% drop = FAIL
STATUS: PASSED ✅
COMMIT: ba3106bf307d03324e8367b76393fdc9d8b7dea5
RUN: 177
==================================================

→ W1/A ... P99=129.3 alloc/frame=0.0 [PASS]
→ W1/B ... P99=164.1 alloc/frame=0.0 [PASS]
→ W1/C .../home/runner/work/Weft/Weft/core/c/weft.c:15: warning: "_GNU_SOURCE" redefined
   15 | #define _GNU_SOURCE  // for posix_memalign
      | 
<command-line>: note: this is the location of the previous definition
→ compiling Weft C kernel to /home/runner/work/Weft/Weft/core/c/libweft.so
 P99=162.5 alloc/frame=0.0 [PASS]
→ W1/D ... P99=108.1 alloc/frame=0.0 [PASS]
→ W2/A ... P99=89.9 alloc/frame=0.0 [PASS]
→ W2/B ... P99=119.2 alloc/frame=0.0 [PASS]
→ W2/C ... P99=124.1 alloc/frame=0.0 [PASS]
→ W2/D ... P99=49.6 alloc/frame=0.0 [PASS]
→ W3/A ... P99=9.0 alloc/frame=0.0 [PASS]
→ W3/B ... P99=13.1 alloc/frame=0.0 [PASS]
→ W3/C ... P99=12.9 alloc/frame=0.0 [PASS]
→ W3/D ... P99=6.5 alloc/frame=0.0 [PASS]
→ W4/A ... P99=2933.7 alloc/frame=0.0 [PASS]
→ W4/B ... P99=3472.7 alloc/frame=0.0 [PASS]
→ W4/C ... P99=3239.0 alloc/frame=0.0 [PASS]
→ W4/D ... P99=3371.1 alloc/frame=0.0 [PASS]
→ W5/A ... P99=17.2 alloc/frame=0.0 [PASS]
→ W5/B ... P99=23.5 alloc/frame=0.0 [PASS]
→ W5/C ... P99=23.0 alloc/frame=0.0 [PASS]
→ W5/D ... P99=14.3 alloc/frame=0.0 [PASS]

✓ W-suite bundle: /home/runner/work/Weft/Weft/bench/results/wsuite-x86_64-sandbox.json
  cells: 20 (target: 20 = 5 workloads × 4 backends)
  pass: 20/20
P99=164.1 alloc/frame=0.0 [PASS]
→ W1/C .../home/runner/work/Weft/Weft/core/c/weft.c:15: warning: "_GNU_SOURCE" redefined
   15 | #define _GNU_SOURCE  // for posix_memalign
      | 
<command-line>: note: this is the location of the previous definition
→ compiling Weft C kernel to /home/runner/work/Weft/Weft/core/c/libweft.so
 P99=162.5 alloc/frame=0.0 [PASS]
→ W1/D ... P99=108.1 alloc/frame=0.0 [PASS]
→ W2/A ... P99=89.9 alloc/frame=0.0 [PASS]
→ W2/B ... P99=119.2 alloc/frame=0.0 [PASS]
→ W2/C ... P99=124.1 alloc/frame=0.0 [PASS]
→ W2/D ... P99=49.6 alloc/frame=0.0 [PASS]
→ W3/A ... P99=9.0 alloc/frame=0.0 [PASS]
→ W3/B ... P99=13.1 alloc/frame=0.0 [PASS]
→ W3/C ... P99=12.9 alloc/frame=0.0 [PASS]
→ W3/D ... P99=6.5 alloc/frame=0.0 [PASS]
→ W4/A ... P99=2933.7 alloc/frame=0.0 [PASS]
→ W4/B ... P99=3472.7 alloc/frame=0.0 [PASS]
→ W4/C ... P99=3239.0 alloc/frame=0.0 [PASS]
→ W4/D ... P99=3371.1 alloc/frame=0.0 [PASS]
→ W5/A ... P99=17.2 alloc/frame=0.0 [PASS]
→ W5/B ... P99=23.5 alloc/frame=0.0 [PASS]
→ W5/C ... P99=23.0 alloc/frame=0.0 [PASS]
→ W5/D ... P99=14.3 alloc/frame=0.0 [PASS]

✓ W-suite bundle: /home/runner/work/Weft/Weft/bench/results/wsuite-x86_64-sandbox.json
  cells: 20 (target: 20 = 5 workloads × 4 backends)
  pass: 20/20
{
  "shard": "perf-regression",
  "status": "PASSED",
  "threshold_pct": 5,
  "regression_count": 0,
  "improvement_count": 20,
  "cells_compared": 20,
  "regressions": [],
  "improvements": [
    {
      "workload": "W1",
      "backend": "A",
      "baseline": 7.3,
      "actual": 129.3,
      "delta_pct": 1671.2,
      "reason": "improvement"
    },
    {
      "workload": "W1",
      "backend": "B",
      "baseline": 44.6,
      "actual": 164.1,
      "delta_pct": 267.9,
      "reason": "improvement"
    },
    {
      "workload": "W1",
      "backend": "C",
      "baseline": 7.8,
      "actual": 162.5,
      "delta_pct": 1983.3,
      "reason": "improvement"
    },
    {
      "workload": "W1",
      "backend": "D",
      "baseline": 18.6,
      "actual": 108.1,
      "delta_pct": 481.2,
      "reason": "improvement"
    },
    {
      "workload": "W2",
      "backend": "A",
      "baseline": 4.3,
      "actual": 89.9,
      "delta_pct": 1990.7,
      "reason": "improvement"
    },
    {
      "workload": "W2",
      "backend": "B",
      "baseline": 6.1,
      "actual": 119.2,
      "delta_pct": 1854.1,
      "reason": "improvement"
    },
    {
      "workload": "W2",
      "backend": "C",
      "baseline": 16.4,
      "actual": 124.1,
      "delta_pct": 656.7,
      "reason": "improvement"
    },
    {
      "workload": "W2",
      "backend": "D",
      "baseline": 7.5,
      "actual": 49.6,
      "delta_pct": 561.3,
      "reason": "improvement"
    },
    {
      "workload": "W3",
      "backend": "A",
      "baseline": 2.6,
      "actual": 9.0,
      "delta_pct": 246.2,
      "reason": "improvement"
    },
    {
      "workload": "W3",
      "backend": "B",
      "baseline": 3.7,
      "actual": 13.1,
      "delta_pct": 254.1,
      "reason": "improvement"
    },
    {
      "workload": "W3",
      "backend": "C",
      "baseline": 2.8,
      "actual": 12.9,
      "delta_pct": 360.7,
      "reason": "improvement"
    },
    {
      "workload": "W3",
      "backend": "D",
      "baseline": 1.1,
      "actual": 6.5,
      "delta_pct": 490.9,
      "reason": "improvement"
    },
    {
      "workload": "W4",
      "backend": "A",
      "baseline": 659.0,
      "actual": 2933.7,
      "delta_pct": 345.2,
      "reason": "improvement"
    },
    {
      "workload": "W4",
      "backend": "B",
      "baseline": 681.4,
      "actual": 3472.7,
      "delta_pct": 409.6,
      "reason": "improvement"
    },
    {
      "workload": "W4",
      "backend": "C",
      "baseline": 578.3,
      "actual": 3239.0,
      "delta_pct": 460.1,
      "reason": "improvement"
    },
    {
      "workload": "W4",
      "backend": "D",
      "baseline": 409.0,
      "actual": 3371.1,
      "delta_pct": 724.2,
      "reason": "improvement"
    },
    {
      "workload": "W5",
      "backend": "A",
      "baseline": 5.4,
      "actual": 17.2,
      "delta_pct": 218.5,
      "reason": "improvement"
    },
    {
      "workload": "W5",
      "backend": "B",
      "baseline": 7.7,
      "actual": 23.5,
      "delta_pct": 205.2,
      "reason": "improvement"
    },
    {
      "workload": "W5",
      "backend": "C",
      "baseline": 7.7,
      "actual": 23.0,
      "delta_pct": 198.7,
      "reason": "improvement"
    },
    {
      "workload": "W5",
      "backend": "D",
      "baseline": 3.2,
      "actual": 14.3,
      "delta_pct": 346.9,
      "reason": "improvement"
    }
  ],
  "all_compared": [
    {
      "workload": "W1",
      "backend": "A",
      "baseline_p99": 7.3,
      "actual_p99": 129.3,
      "delta_pct": 1671.2
    },
    {
      "workload": "W1",
      "backend": "B",
      "baseline_p99": 44.6,
      "actual_p99": 164.1,
      "delta_pct": 267.9
    },
    {
      "workload": "W1",
      "backend": "C",
      "baseline_p99": 7.8,
      "actual_p99": 162.5,
      "delta_pct": 1983.3
    },
    {
      "workload": "W1",
      "backend": "D",
      "baseline_p99": 18.6,
      "actual_p99": 108.1,
      "delta_pct": 481.2
    },
    {
      "workload": "W2",
      "backend": "A",
      "baseline_p99": 4.3,
      "actual_p99": 89.9,
      "delta_pct": 1990.7
    },
    {
      "workload": "W2",
      "backend": "B",
      "baseline_p99": 6.1,
      "actual_p99": 119.2,
      "delta_pct": 1854.1
    },
    {
      "workload": "W2",
      "backend": "C",
      "baseline_p99": 16.4,
      "actual_p99": 124.1,
      "delta_pct": 656.7
    },
    {
      "workload": "W2",
      "backend": "D",
      "baseline_p99": 7.5,
      "actual_p99": 49.6,
      "delta_pct": 561.3
    },
    {
      "workload": "W3",
      "backend": "A",
      "baseline_p99": 2.6,
      "actual_p99": 9.0,
      "delta_pct": 246.2
    },
    {
      "workload": "W3",
      "backend": "B",
      "baseline_p99": 3.7,
      "actual_p99": 13.1,
      "delta_pct": 254.1
    },
    {
      "workload": "W3",
      "backend": "C",
      "baseline_p99": 2.8,
      "actual_p99": 12.9,
      "delta_pct": 360.7
    },
    {
      "workload": "W3",
      "backend": "D",
      "baseline_p99": 1.1,
      "actual_p99": 6.5,
      "delta_pct": 490.9
    },
    {
      "workload": "W4",
      "backend": "A",
      "baseline_p99": 659.0,
      "actual_p99": 2933.7,
      "delta_pct": 345.2
    },
    {
      "workload": "W4",
      "backend": "B",
      "baseline_p99": 681.4,
      "actual_p99": 3472.7,
      "delta_pct": 409.6
    },
    {
      "workload": "W4",
      "backend": "C",
      "baseline_p99": 578.3,
      "actual_p99": 3239.0,
      "delta_pct": 460.1
    },
    {
      "workload": "W4",
      "backend": "D",
      "baseline_p99": 409.0,
      "actual_p99": 3371.1,
      "delta_pct": 724.2
    },
    {
      "workload": "W5",
      "backend": "A",
      "baseline_p99": 5.4,
      "actual_p99": 17.2,
      "delta_pct": 218.5
    },
    {
      "workload": "W5",
      "backend": "B",
      "baseline_p99": 7.7,
      "actual_p99": 23.5,
      "delta_pct": 205.2
    },
    {
      "workload": "W5",
      "backend": "C",
      "baseline_p99": 7.7,
      "actual_p99": 23.0,
      "delta_pct": 198.7
    },
    {
      "workload": "W5",
      "backend": "D",
      "baseline_p99": 3.2,
      "actual_p99": 14.3,
      "delta_pct": 346.9
    }
  ]
}

-> publish/claim P50+P99 latency vs ci/baselines/publish-claim-p99-baseline.json
  PASS claim_p50: {'actual': 30, 'baseline': 40, 'ok': True}
  PASS claim_p99: {'actual': 160, 'limit': 20000, 'noise_cap': 20000, 'ok': True}
  PASS publish_p50: {'actual': 40, 'baseline': 48, 'ok': True}
  PASS publish_p99: {'actual': 51, 'limit': 20000, 'noise_cap': 20000, 'ok': True}

=== Perf-regression status: PASSED ===
✅ No performance regressions
