==================================================
SHARD: weft-cluster-managed
DESCRIPTION: Project weft-cluster Pillar 3: TS wire/client/topology/router/metrics, Python wire/router/UDP parity, live UDP mesh, 100k zero-alloc probes, 1M fps burst, rendezvous router
STATUS: PASSED ✅
COMMIT: 599d1454d20ca0c442a07c8a1044d132880d7555
RUN: 230
==================================================

[1/8] kernel-core integrity (Law 3: core/c/weft.{c,h} byte-frozen)
    core/c/weft.{c,h} untouched
[2/8] TS wire vectors + cross-language guard
✔ crosslang: TS still decodes the frozen WCN1 vectors byte-exactly (1.606468ms)
✔ crosslang: TS rejects malformed fixtures with the frozen codes (0.255298ms)
✔ crosslang: FNV/CRC reference vectors match the fixture (0.363401ms)
✔ crc32 IEEE vectors (parity with Python zlib.crc32) (1.145265ms)
✔ fnv1a64 topic hash vectors (parity with Python impl) (0.33103ms)
✔ WCN1 header: little-endian byte layout is normative (0.275085ms)
✔ WCN1 round-trip: encode -> decode -> same fields (4.404969ms)
✔ Law 4: malformed datagrams map to the exact error taxonomy (0.40057ms)
✔ error names are stable (Law 4 contract) (0.34699ms)
✔ WGS1 gossip: encode + entries + decode round-trip (0.391863ms)
✔ WGS1: entry_count overrun is WC_E_TRUNCATED, not a crash (0.216936ms)
✔ Law 1: decodeInto is allocation-free (structural check) (0.464801ms)
ℹ tests 12
ℹ suites 0
ℹ pass 12
ℹ fail 0
ℹ cancelled 0
ℹ skipped 0
ℹ todo 0
ℹ duration_ms 79.799694
[3/8] Python wire + router vector parity
.........                                                                [100%]
9 passed in 0.32s
[4/8] TypeScript suite
✔ shm: publish -> subscribe async iterator, seq monotonic, payload intact (15.848899ms)
✔ shm: two subscribers fan out independently; unsubscribe stops flow (12.407906ms)
✔ shm: tryLatest reads newest without advancing the iterator (5.275179ms)
✔ Law 4: stale seq replays are dropped and counted (datagram path) (0.682167ms)
✔ udp: two clients, SUB control plane, live datagram pub/sub (40.191456ms)
✔ udp: publisher with zero subscribers stays silent (no peers dup) (1.441961ms)
✔ crosslang: TS still decodes the frozen WCN1 vectors byte-exactly (1.379924ms)
✔ crosslang: TS rejects malformed fixtures with the frozen codes (0.382236ms)
✔ crosslang: FNV/CRC reference vectors match the fixture (0.473286ms)
✔ registry: counters, gauges, histogram quantile sanity (3.750974ms)
✔ histogram bucket bounds follow the 1, 2, 3, 4, 6, 8, 12... sequence (0.433ms)
✔ prometheus: exposition format with cumulative histogram buckets (1.729228ms)
✔ otel: OTLP/JSON document shape (resourceMetrics -> metrics) (1.91168ms)
✔ perfetto: .pftrace protobuf round-trips packets and track events (2.238101ms)
✔ prometheus: embedded /metrics server answers 200 over real HTTP (67.087021ms)
✔ router: deterministic owner across calls and instances (2.036394ms)
✔ router: cross-language owner vector (node seeds 11,22,33,44 / telemetry) (2.370889ms)
✔ router: 8-node balance within 3x envelope (8.008817ms)
✔ router: minimal disruption — adding 1 of 9 nodes moves ~1/9 of topics (7.047304ms)
✔ router: unrouted topic -> WC_E_TOPIC_UNROUTED (0.288019ms)
✔ router: removeNode stops routing to it; version bumps (0.228207ms)
✔ membership: upsert + hash-index lookup round-trip (1.691467ms)
✔ membership: open addressing survives heavy collisions (1.646734ms)
✔ gossip: 3 engines converge to a full membership view (socketless) (3.036025ms)
✔ gossip: stale incarnation ignored, higher incarnation wins (0.447488ms)
✔ gossip: LEAVING is sticky at equal incarnation, revive needs higher (0.345818ms)
✔ gossip: SWIM refutation — falsely-leaving node bumps incarnation (0.320159ms)
✔ gossip: silent nodes suspect then evicted (fake clock) (0.346839ms)
✔ gossip: graceful leave announces and propagates LEAVING (0.39498ms)
✔ crc32 IEEE vectors (parity with Python zlib.crc32) (1.051328ms)
✔ fnv1a64 topic hash vectors (parity with Python impl) (0.300964ms)
✔ WCN1 header: little-endian byte layout is normative (0.275025ms)
✔ WCN1 round-trip: encode -> decode -> same fields (3.950598ms)
✔ Law 4: malformed datagrams map to the exact error taxonomy (0.326381ms)
✔ error names are stable (Law 4 contract) (0.238196ms)
✔ WGS1 gossip: encode + entries + decode round-trip (0.373559ms)
✔ WGS1: entry_count overrun is WC_E_TRUNCATED, not a crash (0.151794ms)
✔ Law 1: decodeInto is allocation-free (structural check) (0.275126ms)
ℹ tests 38
ℹ suites 0
ℹ pass 38
ℹ fail 0
ℹ cancelled 0
ℹ skipped 0
ℹ todo 0
ℹ duration_ms 2197.792559
[5/8] Python suite
.....s.........                                                          [100%]
14 passed, 1 skipped in 8.67s
[6/8] live cross-language UDP cluster (both directions)
..                                                                       [100%]
2 passed in 8.31s
[7/8] zero-allocation probes (100k ops each, post-warmup, --expose-gc)
    {"mode":"publish","iters":100000,"heapBefore":7444960,"heapAfter":7445016,"deltaBytes":56}
    {"mode":"subscribe","iters":100000,"heapBefore":7517640,"heapAfter":7528336,"deltaBytes":10696}
    {"mode":"metrics","iters":100000,"heapBefore":7365880,"heapAfter":7359392,"deltaBytes":-6488}
    {"mode":"router","iters":100000,"heapBefore":7395672,"heapAfter":7395632,"deltaBytes":-40}
[8/8] performance gates
    [8a] 4-node demo smoke (monotonicity must PASS)
    demo PASS (monotonic, 0 gaps, 0 stale)
    [8b] mesh burst >= 1,000,000 fps (mandate D)
    {"kind":"weft-cluster-mesh-burst","transport":"loopback-shm (simulated cluster)","nodes":4,"consumers":3,"topics":1,"payloadBytes":64,"fpsTarget":1000000,"seconds":2,"publishedFrames":2000000,"ingestedFrames":6000000,"expectedIngest":6000000,"achievedFps":1072762,"fanoutWritesPerSec":3218286,"elapsedSec":1.86,"sequenceGaps":0,"hopLatencyNs":{"p50":1024,"p99":2048},"at":"2026-09-23T10:26:27.334Z"}
    [8c] membership lookup latency (mandate B1)
    {"kind":"weft-cluster-router-bench","membershipLookupNs":{"p50":16.9,"p99":37.3},"routerOwnerNs":{"p50":1144.5,"p99":1157.8,"nodes":8},"mandate":"lock-free cluster state table lookups < 10 ns (Pillar 3 mandate B1)"}
    lookup p50 16.9ns (gate 25ns; mandate 10ns is bare-metal — delta recorded in D-33)
weft-cluster-managed shard: ALL 8 STAGES GREEN
