==================================================
SHARD: simd-blend
DESCRIPTION: Q12 raster blend: C golden gates + xlang-blend cross-language digests + bench
STATUS: PASSED ✅
COMMIT: 599d1454d20ca0c442a07c8a1044d132880d7555
RUN: 230
==================================================

== simd-blend shard: env x86_64/Linux ==
-- C kernel gates --
== blend_test: impl=avx2 (2) ==
B1 boundaries: OK
B2 parity sweep: OK (154 path-checks, all == scalar)
B3 alpha sweep 0..4096 (dispatched): OK
B4 in-place aliasing: OK
blend_test: ALL GATES GREEN
blend-test: ALL GATES GREEN
-- xlang-blend golden gate --
== xlang-blend golden parity: env x86_64/Linux ==
-- C kernel (golden source) --
   blend-test gates GREEN
   golden-vectors.csv matches the kernel
-- TS verifier (reference port) --
xlang-blend TS verifier: 63/63 golden digests match
-- Kotlin verifier --
xlang-blend Kotlin verifier: 63/63 golden digests match
-- Dart verifier: DECLARED skip (no dart; flutter-packages leg owns it) --
-- Swift port: DECLARED skip (no swiftc; apple-packages compiles + golden-gates it) --

xlang-blend: ran=3 declared_skips=2
✅ xlang-blend parity: every executed port byte-identical to the C kernel
xlang-blend parity GREEN
-- blend_runner benchmark --
== blend_runner: dispatch=avx2 ==
256x256-hot (65536 words): scalar   324541 ns/frame (  2.4 GB/s) | avx2    21693 ns/frame ( 36.3 GB/s) | speedup 14.96x
1080p (2073600 words): scalar 10248416 ns/frame (  2.4 GB/s) | avx2   704692 ns/frame ( 35.3 GB/s) | speedup 14.54x
4K (8294400 words): scalar 40966709 ns/frame (  2.4 GB/s) | avx2  2970446 ns/frame ( 33.5 GB/s) | speedup 13.79x
8K (33177600 words): scalar 163979036 ns/frame (  2.4 GB/s) | avx2 12609798 ns/frame ( 31.6 GB/s) | speedup 13.00x
✅ simd-blend shard GREEN
