==================================================
SHARD: perf-regression
DESCRIPTION: W-suite P99 vs pinned baseline; >15% drop = FAIL
STATUS: PASSED ✅
COMMIT: 599d1454d20ca0c442a07c8a1044d132880d7555
RUN: 230
==================================================

→ W1/A ... P99=75.5 alloc/frame=0.0 [PASS]
→ W1/B ... P99=82.0 alloc/frame=0.0 [PASS]
→ W1/C .../home/runner/work/Weft/Weft/core/c/weft.c:15: warning: "_GNU_SOURCE" redefined
   15 | #define _GNU_SOURCE  // for posix_memalign
      | 
<command-line>: note: this is the location of the previous definition
→ compiling Weft C kernel to /home/runner/work/Weft/Weft/core/c/libweft.so
 P99=88.2 alloc/frame=0.0 [PASS]
→ W1/D ... P99=48.9 alloc/frame=0.0 [PASS]
→ W2/A ... P99=47.7 alloc/frame=0.0 [PASS]
→ W2/B ... P99=68.7 alloc/frame=0.0 [PASS]
→ W2/C ... P99=71.2 alloc/frame=0.0 [PASS]
→ W2/D ... P99=27.7 alloc/frame=0.0 [PASS]
→ W3/A ... P99=6.4 alloc/frame=0.0 [PASS]
→ W3/B ... P99=7.6 alloc/frame=0.0 [PASS]
→ W3/C ... P99=7.7 alloc/frame=0.0 [PASS]
→ W3/D ... P99=4.2 alloc/frame=0.0 [PASS]
→ W4/A ... P99=1787.5 alloc/frame=0.0 [PASS]
→ W4/B ... P99=1876.4 alloc/frame=0.0 [PASS]
→ W4/C ... P99=1785.2 alloc/frame=0.0 [PASS]
→ W4/D ... P99=1656.1 alloc/frame=0.0 [PASS]
→ W5/A ... P99=12.6 alloc/frame=0.0 [PASS]
→ W5/B ... P99=16.1 alloc/frame=0.0 [PASS]
→ W5/C ... P99=13.9 alloc/frame=0.0 [PASS]
→ W5/D ... P99=6.9 alloc/frame=0.0 [PASS]

✓ W-suite bundle: /home/runner/work/Weft/Weft/bench/results/wsuite-x86_64-sandbox.json
  cells: 20 (target: 20 = 5 workloads × 4 backends)
  pass: 20/20
1/B ... P99=82.0 alloc/frame=0.0 [PASS]
→ W1/C .../home/runner/work/Weft/Weft/core/c/weft.c:15: warning: "_GNU_SOURCE" redefined
   15 | #define _GNU_SOURCE  // for posix_memalign
      | 
<command-line>: note: this is the location of the previous definition
→ compiling Weft C kernel to /home/runner/work/Weft/Weft/core/c/libweft.so
 P99=88.2 alloc/frame=0.0 [PASS]
→ W1/D ... P99=48.9 alloc/frame=0.0 [PASS]
→ W2/A ... P99=47.7 alloc/frame=0.0 [PASS]
→ W2/B ... P99=68.7 alloc/frame=0.0 [PASS]
→ W2/C ... P99=71.2 alloc/frame=0.0 [PASS]
→ W2/D ... P99=27.7 alloc/frame=0.0 [PASS]
→ W3/A ... P99=6.4 alloc/frame=0.0 [PASS]
→ W3/B ... P99=7.6 alloc/frame=0.0 [PASS]
→ W3/C ... P99=7.7 alloc/frame=0.0 [PASS]
→ W3/D ... P99=4.2 alloc/frame=0.0 [PASS]
→ W4/A ... P99=1787.5 alloc/frame=0.0 [PASS]
→ W4/B ... P99=1876.4 alloc/frame=0.0 [PASS]
→ W4/C ... P99=1785.2 alloc/frame=0.0 [PASS]
→ W4/D ... P99=1656.1 alloc/frame=0.0 [PASS]
→ W5/A ... P99=12.6 alloc/frame=0.0 [PASS]
→ W5/B ... P99=16.1 alloc/frame=0.0 [PASS]
→ W5/C ... P99=13.9 alloc/frame=0.0 [PASS]
→ W5/D ... P99=6.9 alloc/frame=0.0 [PASS]

✓ W-suite bundle: /home/runner/work/Weft/Weft/bench/results/wsuite-x86_64-sandbox.json
  cells: 20 (target: 20 = 5 workloads × 4 backends)
  pass: 20/20
{
  "shard": "perf-regression",
  "status": "PASSED",
  "threshold_pct": 5,
  "regression_count": 0,
  "improvement_count": 20,
  "cells_compared": 20,
  "regressions": [],
  "improvements": [
    {
      "workload": "W1",
      "backend": "A",
      "baseline": 7.3,
      "actual": 75.5,
      "delta_pct": 934.2,
      "reason": "improvement"
    },
    {
      "workload": "W1",
      "backend": "B",
      "baseline": 44.6,
      "actual": 82.0,
      "delta_pct": 83.9,
      "reason": "improvement"
    },
    {
      "workload": "W1",
      "backend": "C",
      "baseline": 7.8,
      "actual": 88.2,
      "delta_pct": 1030.8,
      "reason": "improvement"
    },
    {
      "workload": "W1",
      "backend": "D",
      "baseline": 18.6,
      "actual": 48.9,
      "delta_pct": 162.9,
      "reason": "improvement"
    },
    {
      "workload": "W2",
      "backend": "A",
      "baseline": 4.3,
      "actual": 47.7,
      "delta_pct": 1009.3,
      "reason": "improvement"
    },
    {
      "workload": "W2",
      "backend": "B",
      "baseline": 6.1,
      "actual": 68.7,
      "delta_pct": 1026.2,
      "reason": "improvement"
    },
    {
      "workload": "W2",
      "backend": "C",
      "baseline": 16.4,
      "actual": 71.2,
      "delta_pct": 334.1,
      "reason": "improvement"
    },
    {
      "workload": "W2",
      "backend": "D",
      "baseline": 7.5,
      "actual": 27.7,
      "delta_pct": 269.3,
      "reason": "improvement"
    },
    {
      "workload": "W3",
      "backend": "A",
      "baseline": 2.6,
      "actual": 6.4,
      "delta_pct": 146.2,
      "reason": "improvement"
    },
    {
      "workload": "W3",
      "backend": "B",
      "baseline": 3.7,
      "actual": 7.6,
      "delta_pct": 105.4,
      "reason": "improvement"
    },
    {
      "workload": "W3",
      "backend": "C",
      "baseline": 2.8,
      "actual": 7.7,
      "delta_pct": 175.0,
      "reason": "improvement"
    },
    {
      "workload": "W3",
      "backend": "D",
      "baseline": 1.1,
      "actual": 4.2,
      "delta_pct": 281.8,
      "reason": "improvement"
    },
    {
      "workload": "W4",
      "backend": "A",
      "baseline": 659.0,
      "actual": 1787.5,
      "delta_pct": 171.2,
      "reason": "improvement"
    },
    {
      "workload": "W4",
      "backend": "B",
      "baseline": 681.4,
      "actual": 1876.4,
      "delta_pct": 175.4,
      "reason": "improvement"
    },
    {
      "workload": "W4",
      "backend": "C",
      "baseline": 578.3,
      "actual": 1785.2,
      "delta_pct": 208.7,
      "reason": "improvement"
    },
    {
      "workload": "W4",
      "backend": "D",
      "baseline": 409.0,
      "actual": 1656.1,
      "delta_pct": 304.9,
      "reason": "improvement"
    },
    {
      "workload": "W5",
      "backend": "A",
      "baseline": 5.4,
      "actual": 12.6,
      "delta_pct": 133.3,
      "reason": "improvement"
    },
    {
      "workload": "W5",
      "backend": "B",
      "baseline": 7.7,
      "actual": 16.1,
      "delta_pct": 109.1,
      "reason": "improvement"
    },
    {
      "workload": "W5",
      "backend": "C",
      "baseline": 7.7,
      "actual": 13.9,
      "delta_pct": 80.5,
      "reason": "improvement"
    },
    {
      "workload": "W5",
      "backend": "D",
      "baseline": 3.2,
      "actual": 6.9,
      "delta_pct": 115.6,
      "reason": "improvement"
    }
  ],
  "all_compared": [
    {
      "workload": "W1",
      "backend": "A",
      "baseline_p99": 7.3,
      "actual_p99": 75.5,
      "delta_pct": 934.2
    },
    {
      "workload": "W1",
      "backend": "B",
      "baseline_p99": 44.6,
      "actual_p99": 82.0,
      "delta_pct": 83.9
    },
    {
      "workload": "W1",
      "backend": "C",
      "baseline_p99": 7.8,
      "actual_p99": 88.2,
      "delta_pct": 1030.8
    },
    {
      "workload": "W1",
      "backend": "D",
      "baseline_p99": 18.6,
      "actual_p99": 48.9,
      "delta_pct": 162.9
    },
    {
      "workload": "W2",
      "backend": "A",
      "baseline_p99": 4.3,
      "actual_p99": 47.7,
      "delta_pct": 1009.3
    },
    {
      "workload": "W2",
      "backend": "B",
      "baseline_p99": 6.1,
      "actual_p99": 68.7,
      "delta_pct": 1026.2
    },
    {
      "workload": "W2",
      "backend": "C",
      "baseline_p99": 16.4,
      "actual_p99": 71.2,
      "delta_pct": 334.1
    },
    {
      "workload": "W2",
      "backend": "D",
      "baseline_p99": 7.5,
      "actual_p99": 27.7,
      "delta_pct": 269.3
    },
    {
      "workload": "W3",
      "backend": "A",
      "baseline_p99": 2.6,
      "actual_p99": 6.4,
      "delta_pct": 146.2
    },
    {
      "workload": "W3",
      "backend": "B",
      "baseline_p99": 3.7,
      "actual_p99": 7.6,
      "delta_pct": 105.4
    },
    {
      "workload": "W3",
      "backend": "C",
      "baseline_p99": 2.8,
      "actual_p99": 7.7,
      "delta_pct": 175.0
    },
    {
      "workload": "W3",
      "backend": "D",
      "baseline_p99": 1.1,
      "actual_p99": 4.2,
      "delta_pct": 281.8
    },
    {
      "workload": "W4",
      "backend": "A",
      "baseline_p99": 659.0,
      "actual_p99": 1787.5,
      "delta_pct": 171.2
    },
    {
      "workload": "W4",
      "backend": "B",
      "baseline_p99": 681.4,
      "actual_p99": 1876.4,
      "delta_pct": 175.4
    },
    {
      "workload": "W4",
      "backend": "C",
      "baseline_p99": 578.3,
      "actual_p99": 1785.2,
      "delta_pct": 208.7
    },
    {
      "workload": "W4",
      "backend": "D",
      "baseline_p99": 409.0,
      "actual_p99": 1656.1,
      "delta_pct": 304.9
    },
    {
      "workload": "W5",
      "backend": "A",
      "baseline_p99": 5.4,
      "actual_p99": 12.6,
      "delta_pct": 133.3
    },
    {
      "workload": "W5",
      "backend": "B",
      "baseline_p99": 7.7,
      "actual_p99": 16.1,
      "delta_pct": 109.1
    },
    {
      "workload": "W5",
      "backend": "C",
      "baseline_p99": 7.7,
      "actual_p99": 13.9,
      "delta_pct": 80.5
    },
    {
      "workload": "W5",
      "backend": "D",
      "baseline_p99": 3.2,
      "actual_p99": 6.9,
      "delta_pct": 115.6
    }
  ]
}

-> publish/claim P50+P99 latency vs ci/baselines/publish-claim-p99-baseline.json
  PASS claim_p50: {'actual': 30, 'baseline': 40, 'ok': True}
  PASS claim_p99: {'actual': 70, 'limit': 20000, 'noise_cap': 20000, 'ok': True}
  PASS publish_p50: {'actual': 40, 'baseline': 48, 'ok': True}
  PASS publish_p99: {'actual': 120, 'limit': 20000, 'noise_cap': 20000, 'ok': True}

=== Perf-regression status: PASSED ===
✅ No performance regressions
