==================================================
SHARD: weft-tensor-managed
DESCRIPTION: Project weft-tensor Pillar 2: WTR1 layout, TS/Python ingestion engines, DLPack/NumPy bridge, cross-language parity, React/Flutter AI hooks/widgets, 120 FPS flight demo, alloc probes
STATUS: PASSED ✅
COMMIT: 599d1454d20ca0c442a07c8a1044d132880d7555
RUN: 230
==================================================

[1/8] fixture determinism
OK /home/runner/work/Weft/Weft/fixtures/weft-tensor/ring-v1-f32.bin (640 B) byte-identical
OK /home/runner/work/Weft/Weft/fixtures/weft-tensor/ring-v1-u8.bin (640 B) byte-identical
[2/8] TypeScript suite
✔ zero-alloc probe [ring] — 100k steady-state ops stay flat (213.841989ms)
✔ zero-alloc probe [ingest] — 100k steady-state ops stay flat (109.963026ms)
✔ zero-alloc probe [audio] — 100k steady-state ops stay flat (116.208084ms)
✔ zero-alloc probe [render] — 100k steady-state ops stay flat (1528.641036ms)
✔ zero-alloc probe [overlay] — 100k steady-state ops stay flat (64.313558ms)
✔ negative control: a deliberately-allocating loop IS caught (64.667905ms)
✔ f32 fixture: header fields, 10 frames, dyadic payload parity (2.56905ms)
✔ u8 fixture: header fields, 6 frames, byte payload parity (1.122578ms)
✔ WebCodecs sync fast path: bytes land in ring, no intermediate (7.181759ms)
✔ WebCodecs async fast path resolves after the GPU readback lands (0.332742ms)
✔ copyTo failure is a DROP, never a throw into the frame loop (0.309729ms)
✔ legacy sync copyTo returning void still commits the full slot (3.45193ms)
✔ ImageData + raw paths (0.601084ms)
✔ ingestor dtype gate: f32 ring rejected (Law 4) (0.532044ms)
✔ AudioPcmFeeder: exact-fit chunks roll one slot per chunk (0.741556ms)
✔ AudioPcmFeeder: chunk spanning slot boundaries carries with zero gaps (1.196215ms)
✔ AudioPcmFeeder: tiny chunks accumulate then roll (worklet cadence) (0.494644ms)
✔ AudioPcmFeeder dtype gate + chunk size gate (Law 4) (0.571407ms)
✔ crc32 matches node:zlib over the static header region (4.046592ms)
✔ f16FromBits matches numpy float16 decode exactly (0.712291ms)
✔ f16ToBits matches numpy round-to-nearest-even (0.513079ms)
✔ fourcc round-trips as LE ASCII (0.307555ms)
✔ validateRingHeader accepts both golden fixtures (1.995819ms)
✔ fail-closed corruption matrix — every mutation gets a machine-readable code (1.421286ms)
✔ dtype validity table (0.14971ms)
✔ create() writes a self-validating header (round trip through attach) (2.223104ms)
✔ Canvas2DPlane: ONE ImageData reused, pixel-accurate blit per frame (3.184019ms)
✔ Canvas2DPlane dtype gate (Law 4) (0.675873ms)
✔ OverlayScratch + drawBoxes2D: bounded, reused, pixel records (0.976254ms)
✔ drawSkeleton2D honours confidence gating (0.415766ms)
✔ WebGL2Plane: zero-alloc texSubImage2D from the slot view + fullscreen tri (0.796689ms)
✔ create + typed commit + acquireLatest returns exact values, zero surprises (4.868337ms)
✔ byte commit path (Uint8Array) with short payload (bounded loop, no throw) (1.416241ms)
✔ acquireLatest(lastSeq) returns null when nothing new; acquireFrame bounds (0.397072ms)
✔ overrun: slotCount=2, 5 commits -> old seq gone, latest correct (0.487101ms)
✔ torn read: uncommitted slot is invisible, then visible after commit marker (0.454058ms)
✔ zero-copy begin/finish path matches convenience commit (0.333153ms)
✔ commit rejects wrong dtype / oversized payloads (fail-closed) (0.88866ms)
✔ create() input validation is fail-closed (0.337481ms)
✔ waitForNewFrame resolves via injected scheduler; timeout path returns null (50.198278ms)
✔ SharedArrayBuffer smoke: create(shared) + atomics publish + acquire (0.934856ms)
✔ ring stats counters are sealed and monotonic (0.270826ms)
✔ detectRuntime identifies node (this process) (1.086029ms)
✔ detectRuntime: browser / deno / bun / worker / electron fakes (0.33719ms)
✔ runtimeMatrix feature list stays sorted/deterministic (0.973058ms)
✔ assertShareable accepts SAB, rejects plain ArrayBuffer (0.519761ms)
ℹ tests 46
ℹ suites 0
ℹ pass 46
ℹ fail 0
ℹ cancelled 0
ℹ skipped 0
ℹ todo 0
ℹ duration_ms 2201.103035
[3/8] Python suite
.......s.............s................                                   [100%]
36 passed, 2 skipped in 9.53s
[4/8] TS producer -> Python consumer
{"producer":"typescript","path":"/tmp/tmp.jf7eFkhGtL/ts_ring.bin","byteLength":640,"producerSeq":10,"slotStride":128,"schemaId":"fe77000000000000"}
{"consumer": "python", "path": "/tmp/tmp.jf7eFkhGtL/ts_ring.bin", "framesValidated": [7, 8, 9, 10], "dlpackAlias": true, "ok": true}
[5/8] Python producer -> TS consumer
{"producer": "python", "path": "/tmp/tmp.jf7eFkhGtL/py_ring.bin", "byteLength": 640, "producerSeq": 10, "slotStride": 128, "schemaId": "fe77000000000001"}
{"consumer":"typescript","path":"/tmp/tmp.jf7eFkhGtL/py_ring.bin","framesValidated":[7,8,9,10],"ok":true}
[6/8] DLPack alias proof (consumed the TS-produced ring, pointer-checked)
    dlpack alias OK (slot ptr 0x55fced590f30 inside ring 0x55fced590df0..0x55fced591070)
[7/8] zero-allocation probes (100k ops each, post-warmup, --expose-gc)
    {"mode":"ring","iters":100000,"heapBefore":4407640,"heapAfter":4402608,"deltaBytes":-5032}
    {"mode":"ingest","iters":100000,"heapBefore":4398168,"heapAfter":4411416,"deltaBytes":13248}
    {"mode":"audio","iters":100000,"heapBefore":4392680,"heapAfter":4405984,"deltaBytes":13304}
    {"mode":"render","iters":100000,"heapBefore":4404960,"heapAfter":4406560,"deltaBytes":1600}
    {"mode":"overlay","iters":100000,"heapBefore":4284176,"heapAfter":4285648,"deltaBytes":1472}
[8/8] latency gates (directive: commit < 50us)
    {"bench":"weft-tensor commit/acquire","node":"v24.20.0","video":{"geometry":"320x180 RGBA","slotCapBytes":230400,"commit":{"n":50000,"p50_us":0.18,"p99_us":1.042,"max_us":181.261},"acquire":{"n":50000,"p50_us":0.2,"p99_us":0.551,"max_us":273.895},"commit_under_50us":true},"audio":{"geometry":"2ch x 128 f32 (interleaved quanta 256)","slotCapBytes":1024,"commit":{"n":50000,"p50_us":0.471,"p99_us":0.992,"max_us":176.452},"acquire":{"n":50000,"p50_us":0.12,"p99_us":1.603,"max_us":148.48},"commit_under_50us":true}}
weft-tensor managed shard: ALL 8 STAGES GREEN
