==================================================
SHARD: weft-tensor-managed
DESCRIPTION: Project weft-tensor Pillar 2: WTR1 layout, TS/Python ingestion engines, DLPack/NumPy bridge, cross-language parity, React/Flutter AI hooks/widgets, 120 FPS flight demo, alloc probes
STATUS: PASSED ✅
COMMIT: 59c56b27d29b0311121dea34dfba116e115e76a0
RUN: 219
==================================================

[1/8] fixture determinism
OK /home/runner/work/Weft/Weft/fixtures/weft-tensor/ring-v1-f32.bin (640 B) byte-identical
OK /home/runner/work/Weft/Weft/fixtures/weft-tensor/ring-v1-u8.bin (640 B) byte-identical
[2/8] TypeScript suite
✔ zero-alloc probe [ring] — 100k steady-state ops stay flat (150.433966ms)
✔ zero-alloc probe [ingest] — 100k steady-state ops stay flat (156.70327ms)
✔ zero-alloc probe [audio] — 100k steady-state ops stay flat (121.903701ms)
✔ zero-alloc probe [render] — 100k steady-state ops stay flat (1520.073781ms)
✔ zero-alloc probe [overlay] — 100k steady-state ops stay flat (72.798003ms)
✔ negative control: a deliberately-allocating loop IS caught (61.028907ms)
✔ f32 fixture: header fields, 10 frames, dyadic payload parity (5.442647ms)
✔ u8 fixture: header fields, 6 frames, byte payload parity (1.629174ms)
✔ WebCodecs sync fast path: bytes land in ring, no intermediate (4.706044ms)
✔ WebCodecs async fast path resolves after the GPU readback lands (0.471089ms)
✔ copyTo failure is a DROP, never a throw into the frame loop (0.373818ms)
✔ legacy sync copyTo returning void still commits the full slot (2.0733ms)
✔ ImageData + raw paths (0.605465ms)
✔ ingestor dtype gate: f32 ring rejected (Law 4) (0.811802ms)
✔ AudioPcmFeeder: exact-fit chunks roll one slot per chunk (0.737054ms)
✔ AudioPcmFeeder: chunk spanning slot boundaries carries with zero gaps (0.568682ms)
✔ AudioPcmFeeder: tiny chunks accumulate then roll (worklet cadence) (0.864586ms)
✔ AudioPcmFeeder dtype gate + chunk size gate (Law 4) (1.002007ms)
✔ crc32 matches node:zlib over the static header region (1.568867ms)
✔ f16FromBits matches numpy float16 decode exactly (0.439667ms)
✔ f16ToBits matches numpy round-to-nearest-even (0.435389ms)
✔ fourcc round-trips as LE ASCII (0.216397ms)
✔ validateRingHeader accepts both golden fixtures (1.286237ms)
✔ fail-closed corruption matrix — every mutation gets a machine-readable code (1.309574ms)
✔ dtype validity table (0.148754ms)
✔ create() writes a self-validating header (round trip through attach) (1.779791ms)
✔ Canvas2DPlane: ONE ImageData reused, pixel-accurate blit per frame (6.220382ms)
✔ Canvas2DPlane dtype gate (Law 4) (0.883914ms)
✔ OverlayScratch + drawBoxes2D: bounded, reused, pixel records (1.397287ms)
✔ drawSkeleton2D honours confidence gating (0.408115ms)
✔ WebGL2Plane: zero-alloc texSubImage2D from the slot view + fullscreen tri (2.857698ms)
✔ create + typed commit + acquireLatest returns exact values, zero surprises (7.293619ms)
✔ byte commit path (Uint8Array) with short payload (bounded loop, no throw) (0.556858ms)
✔ acquireLatest(lastSeq) returns null when nothing new; acquireFrame bounds (2.224809ms)
✔ overrun: slotCount=2, 5 commits -> old seq gone, latest correct (0.851931ms)
✔ torn read: uncommitted slot is invisible, then visible after commit marker (0.9074ms)
✔ zero-copy begin/finish path matches convenience commit (0.3755ms)
✔ commit rejects wrong dtype / oversized payloads (fail-closed) (1.501923ms)
✔ create() input validation is fail-closed (0.475809ms)
✔ waitForNewFrame resolves via injected scheduler; timeout path returns null (33.616438ms)
✔ SharedArrayBuffer smoke: create(shared) + atomics publish + acquire (0.984232ms)
✔ ring stats counters are sealed and monotonic (3.375258ms)
✔ detectRuntime identifies node (this process) (1.451052ms)
✔ detectRuntime: browser / deno / bun / worker / electron fakes (0.394799ms)
✔ runtimeMatrix feature list stays sorted/deterministic (1.155449ms)
✔ assertShareable accepts SAB, rejects plain ArrayBuffer (0.753677ms)
ℹ tests 46
ℹ suites 0
ℹ pass 46
ℹ fail 0
ℹ cancelled 0
ℹ skipped 0
ℹ todo 0
ℹ duration_ms 2153.666423
[3/8] Python suite
......s................                                                  [100%]
22 passed, 1 skipped in 0.55s
[4/8] TS producer -> Python consumer
{"producer":"typescript","path":"/tmp/tmp.Po7ntMwB9J/ts_ring.bin","byteLength":640,"producerSeq":10,"slotStride":128,"schemaId":"fe77000000000000"}
{"consumer": "python", "path": "/tmp/tmp.Po7ntMwB9J/ts_ring.bin", "framesValidated": [7, 8, 9, 10], "dlpackAlias": true, "ok": true}
[5/8] Python producer -> TS consumer
{"producer": "python", "path": "/tmp/tmp.Po7ntMwB9J/py_ring.bin", "byteLength": 640, "producerSeq": 10, "slotStride": 128, "schemaId": "fe77000000000001"}
{"consumer":"typescript","path":"/tmp/tmp.Po7ntMwB9J/py_ring.bin","framesValidated":[7,8,9,10],"ok":true}
[6/8] DLPack alias proof (consumed the TS-produced ring, pointer-checked)
    dlpack alias OK (slot ptr 0x55f87aad7f30 inside ring 0x55f87aad7df0..0x55f87aad8070)
[7/8] zero-allocation probes (100k ops each, post-warmup, --expose-gc)
    {"mode":"ring","iters":100000,"heapBefore":4388808,"heapAfter":4402032,"deltaBytes":13224}
    {"mode":"ingest","iters":100000,"heapBefore":4415528,"heapAfter":4411664,"deltaBytes":-3864}
    {"mode":"audio","iters":100000,"heapBefore":4392536,"heapAfter":4405840,"deltaBytes":13304}
    {"mode":"render","iters":100000,"heapBefore":4404960,"heapAfter":4406560,"deltaBytes":1600}
    {"mode":"overlay","iters":100000,"heapBefore":4284936,"heapAfter":4285648,"deltaBytes":712}
[8/8] latency gates (directive: commit < 50us)
    {"bench":"weft-tensor commit/acquire","node":"v24.20.0","video":{"geometry":"320x180 RGBA","slotCapBytes":230400,"commit":{"n":50000,"p50_us":0.181,"p99_us":1.012,"max_us":217.674},"acquire":{"n":50000,"p50_us":0.191,"p99_us":0.551,"max_us":393.361},"commit_under_50us":true},"audio":{"geometry":"2ch x 128 f32 (interleaved quanta 256)","slotCapBytes":1024,"commit":{"n":50000,"p50_us":0.471,"p99_us":0.552,"max_us":131.023},"acquire":{"n":50000,"p50_us":0.12,"p99_us":1.603,"max_us":128.609},"commit_under_50us":true}}
weft-tensor managed shard: ALL 8 STAGES GREEN
