==================================================
SHARD: wsuite
DESCRIPTION: W1-W5 × A/B/C/D = 20 cells, P99 + alloc assertions
STATUS: PASSED ✅
COMMIT: 59c56b27d29b0311121dea34dfba116e115e76a0
RUN: 219
==================================================

→ W1/A ... P99=135.4 alloc/frame=0.0 [PASS]
→ W1/B ... P99=122.1 alloc/frame=0.0 [PASS]
→ W1/C .../home/runner/work/Weft/Weft/core/c/weft.c:15: warning: "_GNU_SOURCE" redefined
   15 | #define _GNU_SOURCE  // for posix_memalign
      | 
<command-line>: note: this is the location of the previous definition
→ compiling Weft C kernel to /home/runner/work/Weft/Weft/core/c/libweft.so
 P99=165.5 alloc/frame=0.0 [PASS]
→ W1/D ... P99=94.9 alloc/frame=0.0 [PASS]
→ W2/A ... P99=92.4 alloc/frame=0.0 [PASS]
→ W2/B ... P99=94.8 alloc/frame=0.0 [PASS]
→ W2/C ... P99=85.8 alloc/frame=0.0 [PASS]
→ W2/D ... P99=56.4 alloc/frame=0.0 [PASS]
→ W3/A ... P99=11.1 alloc/frame=0.0 [PASS]
→ W3/B ... P99=10.2 alloc/frame=0.0 [PASS]
→ W3/C ... P99=12.8 alloc/frame=0.0 [PASS]
→ W3/D ... P99=7.8 alloc/frame=0.0 [PASS]
→ W4/A ... P99=3396.3 alloc/frame=0.0 [PASS]
→ W4/B ... P99=2899.5 alloc/frame=0.0 [PASS]
→ W4/C ... P99=3265.3 alloc/frame=0.0 [PASS]
→ W4/D ... P99=2702.3 alloc/frame=0.0 [PASS]
→ W5/A ... P99=16.3 alloc/frame=0.0 [PASS]
→ W5/B ... P99=28.5 alloc/frame=0.0 [PASS]
→ W5/C ... P99=29.0 alloc/frame=0.0 [PASS]
→ W5/D ... P99=10.7 alloc/frame=0.0 [PASS]

✓ W-suite bundle: /home/runner/work/Weft/Weft/bench/results/wsuite-x86_64-sandbox.json
  cells: 20 (target: 20 = 5 workloads × 4 backends)
  pass: 20/20
e/runner/work/Weft/Weft/core/c/weft.c:15: warning: "_GNU_SOURCE" redefined
   15 | #define _GNU_SOURCE  // for posix_memalign
      | 
<command-line>: note: this is the location of the previous definition
→ compiling Weft C kernel to /home/runner/work/Weft/Weft/core/c/libweft.so
 P99=165.5 alloc/frame=0.0 [PASS]
→ W1/D ... P99=94.9 alloc/frame=0.0 [PASS]
→ W2/A ... P99=92.4 alloc/frame=0.0 [PASS]
→ W2/B ... P99=94.8 alloc/frame=0.0 [PASS]
→ W2/C ... P99=85.8 alloc/frame=0.0 [PASS]
→ W2/D ... P99=56.4 alloc/frame=0.0 [PASS]
→ W3/A ... P99=11.1 alloc/frame=0.0 [PASS]
→ W3/B ... P99=10.2 alloc/frame=0.0 [PASS]
→ W3/C ... P99=12.8 alloc/frame=0.0 [PASS]
→ W3/D ... P99=7.8 alloc/frame=0.0 [PASS]
→ W4/A ... P99=3396.3 alloc/frame=0.0 [PASS]
→ W4/B ... P99=2899.5 alloc/frame=0.0 [PASS]
→ W4/C ... P99=3265.3 alloc/frame=0.0 [PASS]
→ W4/D ... P99=2702.3 alloc/frame=0.0 [PASS]
→ W5/A ... P99=16.3 alloc/frame=0.0 [PASS]
→ W5/B ... P99=28.5 alloc/frame=0.0 [PASS]
→ W5/C ... P99=29.0 alloc/frame=0.0 [PASS]
→ W5/D ... P99=10.7 alloc/frame=0.0 [PASS]

✓ W-suite bundle: /home/runner/work/Weft/Weft/bench/results/wsuite-x86_64-sandbox.json
  cells: 20 (target: 20 = 5 workloads × 4 backends)
  pass: 20/20
{
  "shard": "wsuite",
  "status": "PASSED",
  "cells_pass": 20,
  "cells_total": 20,
  "alloc_violations": 0,
  "cells": [
    {
      "workload": "W1",
      "backend": "A",
      "pass": true,
      "p99": 135.4,
      "alloc_per_frame": 0.0,
      "alloc_violation": false
    },
    {
      "workload": "W1",
      "backend": "B",
      "pass": true,
      "p99": 122.1,
      "alloc_per_frame": 0.0,
      "alloc_violation": false
    },
    {
      "workload": "W1",
      "backend": "C",
      "pass": true,
      "p99": 165.5,
      "alloc_per_frame": 0.0,
      "alloc_violation": false
    },
    {
      "workload": "W1",
      "backend": "D",
      "pass": true,
      "p99": 94.9,
      "alloc_per_frame": 0.0,
      "alloc_violation": false
    },
    {
      "workload": "W2",
      "backend": "A",
      "pass": true,
      "p99": 92.4,
      "alloc_per_frame": 0.0,
      "alloc_violation": false
    },
    {
      "workload": "W2",
      "backend": "B",
      "pass": true,
      "p99": 94.8,
      "alloc_per_frame": 0.0,
      "alloc_violation": false
    },
    {
      "workload": "W2",
      "backend": "C",
      "pass": true,
      "p99": 85.8,
      "alloc_per_frame": 0.0,
      "alloc_violation": false
    },
    {
      "workload": "W2",
      "backend": "D",
      "pass": true,
      "p99": 56.4,
      "alloc_per_frame": 0.0,
      "alloc_violation": false
    },
    {
      "workload": "W3",
      "backend": "A",
      "pass": true,
      "p99": 11.1,
      "alloc_per_frame": 0.0,
      "alloc_violation": false
    },
    {
      "workload": "W3",
      "backend": "B",
      "pass": true,
      "p99": 10.2,
      "alloc_per_frame": 0.0,
      "alloc_violation": false
    },
    {
      "workload": "W3",
      "backend": "C",
      "pass": true,
      "p99": 12.8,
      "alloc_per_frame": 0.0,
      "alloc_violation": false
    },
    {
      "workload": "W3",
      "backend": "D",
      "pass": true,
      "p99": 7.8,
      "alloc_per_frame": 0.0,
      "alloc_violation": false
    },
    {
      "workload": "W4",
      "backend": "A",
      "pass": true,
      "p99": 3396.3,
      "alloc_per_frame": 0.0,
      "alloc_violation": false
    },
    {
      "workload": "W4",
      "backend": "B",
      "pass": true,
      "p99": 2899.5,
      "alloc_per_frame": 0.0,
      "alloc_violation": false
    },
    {
      "workload": "W4",
      "backend": "C",
      "pass": true,
      "p99": 3265.3,
      "alloc_per_frame": 0.0,
      "alloc_violation": false
    },
    {
      "workload": "W4",
      "backend": "D",
      "pass": true,
      "p99": 2702.3,
      "alloc_per_frame": 0.0,
      "alloc_violation": false
    },
    {
      "workload": "W5",
      "backend": "A",
      "pass": true,
      "p99": 16.3,
      "alloc_per_frame": 0.0,
      "alloc_violation": false
    },
    {
      "workload": "W5",
      "backend": "B",
      "pass": true,
      "p99": 28.5,
      "alloc_per_frame": 0.0,
      "alloc_violation": false
    },
    {
      "workload": "W5",
      "backend": "C",
      "pass": true,
      "p99": 29.0,
      "alloc_per_frame": 0.0,
      "alloc_violation": false
    },
    {
      "workload": "W5",
      "backend": "D",
      "pass": true,
      "p99": 10.7,
      "alloc_per_frame": 0.0,
      "alloc_violation": false
    }
  ]
}
