==================================================
SHARD: weft-tensor-managed
DESCRIPTION: Project weft-tensor Pillar 2: WTR1 layout, TS/Python ingestion engines, DLPack/NumPy bridge, cross-language parity, React/Flutter AI hooks/widgets, 120 FPS flight demo, alloc probes
STATUS: PASSED ✅
COMMIT: 5f05330d55943008550b018fe9b31ce79e83f262
RUN: 248
==================================================

[1/8] fixture determinism
OK /home/runner/work/Weft/Weft/fixtures/weft-tensor/ring-v1-f32.bin (640 B) byte-identical
OK /home/runner/work/Weft/Weft/fixtures/weft-tensor/ring-v1-u8.bin (640 B) byte-identical
[2/8] TypeScript suite
✔ zero-alloc probe [ring] — 100k steady-state ops stay flat (164.728843ms)
✔ zero-alloc probe [ingest] — 100k steady-state ops stay flat (154.620287ms)
✔ zero-alloc probe [audio] — 100k steady-state ops stay flat (113.44022ms)
✔ zero-alloc probe [render] — 100k steady-state ops stay flat (1533.268923ms)
✔ zero-alloc probe [overlay] — 100k steady-state ops stay flat (69.541272ms)
✔ negative control: a deliberately-allocating loop IS caught (64.798909ms)
✔ f32 fixture: header fields, 10 frames, dyadic payload parity (3.77766ms)
✔ u8 fixture: header fields, 6 frames, byte payload parity (1.657953ms)
✔ WebCodecs sync fast path: bytes land in ring, no intermediate (7.923077ms)
✔ WebCodecs async fast path resolves after the GPU readback lands (0.516857ms)
✔ copyTo failure is a DROP, never a throw into the frame loop (2.21267ms)
✔ legacy sync copyTo returning void still commits the full slot (0.507319ms)
✔ ImageData + raw paths (0.856764ms)
✔ ingestor dtype gate: f32 ring rejected (Law 4) (0.735537ms)
✔ AudioPcmFeeder: exact-fit chunks roll one slot per chunk (1.157337ms)
✔ AudioPcmFeeder: chunk spanning slot boundaries carries with zero gaps (0.622885ms)
✔ AudioPcmFeeder: tiny chunks accumulate then roll (worklet cadence) (1.118073ms)
✔ AudioPcmFeeder dtype gate + chunk size gate (Law 4) (0.679242ms)
✔ crc32 matches node:zlib over the static header region (1.725509ms)
✔ f16FromBits matches numpy float16 decode exactly (0.63036ms)
✔ f16ToBits matches numpy round-to-nearest-even (0.420968ms)
✔ fourcc round-trips as LE ASCII (0.281637ms)
✔ validateRingHeader accepts both golden fixtures (1.973133ms)
✔ fail-closed corruption matrix — every mutation gets a machine-readable code (1.401363ms)
✔ dtype validity table (1.585568ms)
✔ create() writes a self-validating header (round trip through attach) (1.070775ms)
✔ Canvas2DPlane: ONE ImageData reused, pixel-accurate blit per frame (3.26974ms)
✔ Canvas2DPlane dtype gate (Law 4) (0.658242ms)
✔ OverlayScratch + drawBoxes2D: bounded, reused, pixel records (1.003589ms)
✔ drawSkeleton2D honours confidence gating (0.373239ms)
✔ WebGL2Plane: zero-alloc texSubImage2D from the slot view + fullscreen tri (1.782165ms)
✔ create + typed commit + acquireLatest returns exact values, zero surprises (6.010279ms)
✔ byte commit path (Uint8Array) with short payload (bounded loop, no throw) (0.593861ms)
✔ acquireLatest(lastSeq) returns null when nothing new; acquireFrame bounds (1.495619ms)
✔ overrun: slotCount=2, 5 commits -> old seq gone, latest correct (0.588091ms)
✔ torn read: uncommitted slot is invisible, then visible after commit marker (0.469239ms)
✔ zero-copy begin/finish path matches convenience commit (0.855993ms)
✔ commit rejects wrong dtype / oversized payloads (fail-closed) (1.055295ms)
✔ create() input validation is fail-closed (0.584604ms)
✔ waitForNewFrame resolves via injected scheduler; timeout path returns null (32.837223ms)
✔ SharedArrayBuffer smoke: create(shared) + atomics publish + acquire (0.679142ms)
✔ ring stats counters are sealed and monotonic (0.262241ms)
✔ detectRuntime identifies node (this process) (1.457628ms)
✔ detectRuntime: browser / deno / bun / worker / electron fakes (0.402824ms)
✔ runtimeMatrix feature list stays sorted/deterministic (1.136417ms)
✔ assertShareable accepts SAB, rejects plain ArrayBuffer (0.943606ms)
ℹ tests 46
ℹ suites 0
ℹ pass 46
ℹ fail 0
ℹ cancelled 0
ℹ skipped 0
ℹ todo 0
ℹ duration_ms 2170.527706
[3/8] Python suite
.......s.............s................                                   [100%]
36 passed, 2 skipped in 9.46s
[4/8] TS producer -> Python consumer
{"producer":"typescript","path":"/tmp/tmp.ExVrT2lnAk/ts_ring.bin","byteLength":640,"producerSeq":10,"slotStride":128,"schemaId":"fe77000000000000"}
{"consumer": "python", "path": "/tmp/tmp.ExVrT2lnAk/ts_ring.bin", "framesValidated": [7, 8, 9, 10], "dlpackAlias": true, "ok": true}
[5/8] Python producer -> TS consumer
{"producer": "python", "path": "/tmp/tmp.ExVrT2lnAk/py_ring.bin", "byteLength": 640, "producerSeq": 10, "slotStride": 128, "schemaId": "fe77000000000001"}
{"consumer":"typescript","path":"/tmp/tmp.ExVrT2lnAk/py_ring.bin","framesValidated":[7,8,9,10],"ok":true}
[6/8] DLPack alias proof (consumed the TS-produced ring, pointer-checked)
    dlpack alias OK (slot ptr 0x5641e4fc8f30 inside ring 0x5641e4fc8df0..0x5641e4fc9070)
[7/8] zero-allocation probes (100k ops each, post-warmup, --expose-gc)
    {"mode":"ring","iters":100000,"heapBefore":4407640,"heapAfter":4402608,"deltaBytes":-5032}
    {"mode":"ingest","iters":100000,"heapBefore":4396920,"heapAfter":4411664,"deltaBytes":14744}
    {"mode":"audio","iters":100000,"heapBefore":4392536,"heapAfter":4405840,"deltaBytes":13304}
    {"mode":"render","iters":100000,"heapBefore":4404864,"heapAfter":4406464,"deltaBytes":1600}
    {"mode":"overlay","iters":100000,"heapBefore":4284936,"heapAfter":4285648,"deltaBytes":712}
[8/8] latency gates (directive: commit < 50us)
    {"bench":"weft-tensor commit/acquire","node":"v24.20.0","video":{"geometry":"320x180 RGBA","slotCapBytes":230400,"commit":{"n":50000,"p50_us":0.19,"p99_us":1.072,"max_us":141.474},"acquire":{"n":50000,"p50_us":0.2,"p99_us":0.551,"max_us":122.389},"commit_under_50us":true},"audio":{"geometry":"2ch x 128 f32 (interleaved quanta 256)","slotCapBytes":1024,"commit":{"n":50000,"p50_us":0.471,"p99_us":1.002,"max_us":112.851},"acquire":{"n":50000,"p50_us":0.12,"p99_us":1.593,"max_us":161.934},"commit_under_50us":true}}
weft-tensor managed shard: ALL 8 STAGES GREEN
