==================================================
SHARD: simd-blend
DESCRIPTION: Q12 raster blend: C golden gates + xlang-blend cross-language digests + bench
STATUS: PASSED ✅
COMMIT: 5f05330d55943008550b018fe9b31ce79e83f262
RUN: 248
==================================================

== simd-blend shard: env x86_64/Linux ==
-- C kernel gates --
== blend_test: impl=avx2 (2) ==
B1 boundaries: OK
B2 parity sweep: OK (154 path-checks, all == scalar)
B3 alpha sweep 0..4096 (dispatched): OK
B4 in-place aliasing: OK
blend_test: ALL GATES GREEN
blend-test: ALL GATES GREEN
-- xlang-blend golden gate --
== xlang-blend golden parity: env x86_64/Linux ==
-- C kernel (golden source) --
   blend-test gates GREEN
   golden-vectors.csv matches the kernel
-- TS verifier (reference port) --
xlang-blend TS verifier: 63/63 golden digests match
-- Kotlin verifier --
xlang-blend Kotlin verifier: 63/63 golden digests match
-- Dart verifier: DECLARED skip (no dart; flutter-packages leg owns it) --
-- Swift port: DECLARED skip (no swiftc; apple-packages compiles + golden-gates it) --

xlang-blend: ran=3 declared_skips=2
✅ xlang-blend parity: every executed port byte-identical to the C kernel
xlang-blend parity GREEN
-- blend_runner benchmark --
== blend_runner: dispatch=avx2 ==
256x256-hot (65536 words): scalar   197480 ns/frame (  4.0 GB/s) | avx2    23935 ns/frame ( 32.9 GB/s) | speedup 8.25x
1080p (2073600 words): scalar  6256197 ns/frame (  4.0 GB/s) | avx2   827425 ns/frame ( 30.1 GB/s) | speedup 7.56x
4K (8294400 words): scalar 26217193 ns/frame (  3.8 GB/s) | avx2  4602200 ns/frame ( 21.6 GB/s) | speedup 5.70x
8K (33177600 words): scalar 102564567 ns/frame (  3.9 GB/s) | avx2 32217528 ns/frame ( 12.4 GB/s) | speedup 3.18x
✅ simd-blend shard GREEN
