==================================================
SHARD: fanout-concurrent
DESCRIPTION: 1 writer + 4 reader workers, integrity-gated + daisy-chain
STATUS: PASSED ✅
COMMIT: 825450e47b30d02d3636ec25bd1a6d2e21441e57
RUN: 107
==================================================

────────────────────────────────────────────────────────────────────────
RFC 0004 — CONCURRENT fan-out torture test (worker_threads, true parallelism)
────────────────────────────────────────────────────────────────────────
phase 1  sprint : writer 1.900M pub/s over 400000 frames (211 ms) — 4 verifying readers
  reader[0] fresh=186420 dropped=213574 stale=485232 tornRetries=33 notReady=24716 exhausted=1 violations=0 (220 ms)
  reader[1] fresh=195332 dropped=204668 stale=448025 tornRetries=32 notReady=120640 exhausted=0 violations=0 (219 ms)
  reader[2] fresh=38211 dropped=360548 stale=414743 tornRetries=959 notReady=0 exhausted=105 violations=0 (199 ms)
  reader[3] fresh=121040 dropped=278959 stale=297168 tornRetries=16 notReady=1555 exhausted=0 violations=0 (213 ms)
phase 2  daisy  : Triad kernel → broadcaster → ring → 4 readers over 120000 frames (326 ms, 369K frames/s)
  reader[0] fresh=51051 dropped=68949 stale=749368 tornRetries=78 notReady=2941676 exhausted=0 violations=0 (465 ms)
  reader[1] fresh=66518 dropped=53368 stale=959440 tornRetries=23 notReady=2235833 exhausted=0 violations=0 (448 ms)
  reader[2] fresh=58369 dropped=61551 stale=839278 tornRetries=30 notReady=1205509 exhausted=0 violations=0 (419 ms)
  reader[3] fresh=77314 dropped=42686 stale=1004478 tornRetries=89 notReady=2779988 exhausted=0 violations=0 (440 ms)
────────────────────────────────────────────────────────────────────────
GATE: ALL PASSED ✅  (integrity, convergence, exact drop accounting, daisy-chain)
────────────────────────────────────────────────────────────────────────
RFC 0004 — CONCURRENT fan-out benchmark (1 writer + 4 readers, worker_threads)
────────────────────────────────────────────────────────────────────────
Environment Tag: node / linux-sandbox (SharedArrayBuffer + Atomics, all SeqCst)
Writer: 1000000 publishes in 544 ms  →  1.838M publishes/sec  (latch protocol INCLUDED)
  reader[0]: fresh=149783 dropped=848664 claims=1876082 → 0.281M fresh claims/sec (533 ms)
  reader[1]: fresh=915729 dropped=84271 claims=2748780 → 1.676M fresh claims/sec (546 ms)
  reader[2]: fresh=936791 dropped=63209 claims=3130173 → 1.685M fresh claims/sec (556 ms)
  reader[3]: fresh=515681 dropped=482766 claims=1825290 → 0.963M fresh claims/sec (536 ms)
Aggregate: 2.518M fresh deliveries across 4 readers; drops are per-reader (Law 4) and exact.
Law 2 invariant: publish/claim paths allocate nothing (pre-allocated views + out-params).
────────────────────────────────────────────────────────────────────────
✅ fanout-concurrent shard PASSED
748780 → 1.676M fresh claims/sec (546 ms)
  reader[2]: fresh=936791 dropped=63209 claims=3130173 → 1.685M fresh claims/sec (556 ms)
  reader[3]: fresh=515681 dropped=482766 claims=1825290 → 0.963M fresh claims/sec (536 ms)
Aggregate: 2.518M fresh deliveries across 4 readers; drops are per-reader (Law 4) and exact.
Law 2 invariant: publish/claim paths allocate nothing (pre-allocated views + out-params).
────────────────────────────────────────────────────────────────────────
