==================================================
SHARD: perf-regression
DESCRIPTION: W-suite P99 vs pinned baseline; >15% drop = FAIL
STATUS: PASSED ✅
COMMIT: 188dde0cefe0379ce333cfedaf4afa7f1ff36b1d
RUN: 228
==================================================

→ W1/A ... P99=105.4 alloc/frame=0.0 [PASS]
→ W1/B ... P99=120.3 alloc/frame=0.0 [PASS]
→ W1/C .../home/runner/work/Weft/Weft/core/c/weft.c:15: warning: "_GNU_SOURCE" redefined
   15 | #define _GNU_SOURCE  // for posix_memalign
      | 
<command-line>: note: this is the location of the previous definition
→ compiling Weft C kernel to /home/runner/work/Weft/Weft/core/c/libweft.so
 P99=119.8 alloc/frame=0.0 [PASS]
→ W1/D ... P99=75.7 alloc/frame=0.0 [PASS]
→ W2/A ... P99=70.9 alloc/frame=0.0 [PASS]
→ W2/B ... P99=93.0 alloc/frame=0.0 [PASS]
→ W2/C ... P99=98.6 alloc/frame=0.0 [PASS]
→ W2/D ... P99=40.2 alloc/frame=0.0 [PASS]
→ W3/A ... P99=8.8 alloc/frame=0.0 [PASS]
→ W3/B ... P99=10.7 alloc/frame=0.0 [PASS]
→ W3/C ... P99=10.6 alloc/frame=0.0 [PASS]
→ W3/D ... P99=5.6 alloc/frame=0.0 [PASS]
→ W4/A ... P99=2329.5 alloc/frame=0.0 [PASS]
→ W4/B ... P99=2279.8 alloc/frame=0.0 [PASS]
→ W4/C ... P99=2549.6 alloc/frame=0.0 [PASS]
→ W4/D ... P99=2592.1 alloc/frame=0.0 [PASS]
→ W5/A ... P99=17.3 alloc/frame=0.0 [PASS]
→ W5/B ... P99=22.7 alloc/frame=0.0 [PASS]
→ W5/C ... P99=22.3 alloc/frame=0.0 [PASS]
→ W5/D ... P99=10.6 alloc/frame=0.0 [PASS]

✓ W-suite bundle: /home/runner/work/Weft/Weft/bench/results/wsuite-x86_64-sandbox.json
  cells: 20 (target: 20 = 5 workloads × 4 backends)
  pass: 20/20
.. P99=120.3 alloc/frame=0.0 [PASS]
→ W1/C .../home/runner/work/Weft/Weft/core/c/weft.c:15: warning: "_GNU_SOURCE" redefined
   15 | #define _GNU_SOURCE  // for posix_memalign
      | 
<command-line>: note: this is the location of the previous definition
→ compiling Weft C kernel to /home/runner/work/Weft/Weft/core/c/libweft.so
 P99=119.8 alloc/frame=0.0 [PASS]
→ W1/D ... P99=75.7 alloc/frame=0.0 [PASS]
→ W2/A ... P99=70.9 alloc/frame=0.0 [PASS]
→ W2/B ... P99=93.0 alloc/frame=0.0 [PASS]
→ W2/C ... P99=98.6 alloc/frame=0.0 [PASS]
→ W2/D ... P99=40.2 alloc/frame=0.0 [PASS]
→ W3/A ... P99=8.8 alloc/frame=0.0 [PASS]
→ W3/B ... P99=10.7 alloc/frame=0.0 [PASS]
→ W3/C ... P99=10.6 alloc/frame=0.0 [PASS]
→ W3/D ... P99=5.6 alloc/frame=0.0 [PASS]
→ W4/A ... P99=2329.5 alloc/frame=0.0 [PASS]
→ W4/B ... P99=2279.8 alloc/frame=0.0 [PASS]
→ W4/C ... P99=2549.6 alloc/frame=0.0 [PASS]
→ W4/D ... P99=2592.1 alloc/frame=0.0 [PASS]
→ W5/A ... P99=17.3 alloc/frame=0.0 [PASS]
→ W5/B ... P99=22.7 alloc/frame=0.0 [PASS]
→ W5/C ... P99=22.3 alloc/frame=0.0 [PASS]
→ W5/D ... P99=10.6 alloc/frame=0.0 [PASS]

✓ W-suite bundle: /home/runner/work/Weft/Weft/bench/results/wsuite-x86_64-sandbox.json
  cells: 20 (target: 20 = 5 workloads × 4 backends)
  pass: 20/20
{
  "shard": "perf-regression",
  "status": "PASSED",
  "threshold_pct": 5,
  "regression_count": 0,
  "improvement_count": 20,
  "cells_compared": 20,
  "regressions": [],
  "improvements": [
    {
      "workload": "W1",
      "backend": "A",
      "baseline": 7.3,
      "actual": 105.4,
      "delta_pct": 1343.8,
      "reason": "improvement"
    },
    {
      "workload": "W1",
      "backend": "B",
      "baseline": 44.6,
      "actual": 120.3,
      "delta_pct": 169.7,
      "reason": "improvement"
    },
    {
      "workload": "W1",
      "backend": "C",
      "baseline": 7.8,
      "actual": 119.8,
      "delta_pct": 1435.9,
      "reason": "improvement"
    },
    {
      "workload": "W1",
      "backend": "D",
      "baseline": 18.6,
      "actual": 75.7,
      "delta_pct": 307.0,
      "reason": "improvement"
    },
    {
      "workload": "W2",
      "backend": "A",
      "baseline": 4.3,
      "actual": 70.9,
      "delta_pct": 1548.8,
      "reason": "improvement"
    },
    {
      "workload": "W2",
      "backend": "B",
      "baseline": 6.1,
      "actual": 93.0,
      "delta_pct": 1424.6,
      "reason": "improvement"
    },
    {
      "workload": "W2",
      "backend": "C",
      "baseline": 16.4,
      "actual": 98.6,
      "delta_pct": 501.2,
      "reason": "improvement"
    },
    {
      "workload": "W2",
      "backend": "D",
      "baseline": 7.5,
      "actual": 40.2,
      "delta_pct": 436.0,
      "reason": "improvement"
    },
    {
      "workload": "W3",
      "backend": "A",
      "baseline": 2.6,
      "actual": 8.8,
      "delta_pct": 238.5,
      "reason": "improvement"
    },
    {
      "workload": "W3",
      "backend": "B",
      "baseline": 3.7,
      "actual": 10.7,
      "delta_pct": 189.2,
      "reason": "improvement"
    },
    {
      "workload": "W3",
      "backend": "C",
      "baseline": 2.8,
      "actual": 10.6,
      "delta_pct": 278.6,
      "reason": "improvement"
    },
    {
      "workload": "W3",
      "backend": "D",
      "baseline": 1.1,
      "actual": 5.6,
      "delta_pct": 409.1,
      "reason": "improvement"
    },
    {
      "workload": "W4",
      "backend": "A",
      "baseline": 659.0,
      "actual": 2329.5,
      "delta_pct": 253.5,
      "reason": "improvement"
    },
    {
      "workload": "W4",
      "backend": "B",
      "baseline": 681.4,
      "actual": 2279.8,
      "delta_pct": 234.6,
      "reason": "improvement"
    },
    {
      "workload": "W4",
      "backend": "C",
      "baseline": 578.3,
      "actual": 2549.6,
      "delta_pct": 340.9,
      "reason": "improvement"
    },
    {
      "workload": "W4",
      "backend": "D",
      "baseline": 409.0,
      "actual": 2592.1,
      "delta_pct": 533.8,
      "reason": "improvement"
    },
    {
      "workload": "W5",
      "backend": "A",
      "baseline": 5.4,
      "actual": 17.3,
      "delta_pct": 220.4,
      "reason": "improvement"
    },
    {
      "workload": "W5",
      "backend": "B",
      "baseline": 7.7,
      "actual": 22.7,
      "delta_pct": 194.8,
      "reason": "improvement"
    },
    {
      "workload": "W5",
      "backend": "C",
      "baseline": 7.7,
      "actual": 22.3,
      "delta_pct": 189.6,
      "reason": "improvement"
    },
    {
      "workload": "W5",
      "backend": "D",
      "baseline": 3.2,
      "actual": 10.6,
      "delta_pct": 231.2,
      "reason": "improvement"
    }
  ],
  "all_compared": [
    {
      "workload": "W1",
      "backend": "A",
      "baseline_p99": 7.3,
      "actual_p99": 105.4,
      "delta_pct": 1343.8
    },
    {
      "workload": "W1",
      "backend": "B",
      "baseline_p99": 44.6,
      "actual_p99": 120.3,
      "delta_pct": 169.7
    },
    {
      "workload": "W1",
      "backend": "C",
      "baseline_p99": 7.8,
      "actual_p99": 119.8,
      "delta_pct": 1435.9
    },
    {
      "workload": "W1",
      "backend": "D",
      "baseline_p99": 18.6,
      "actual_p99": 75.7,
      "delta_pct": 307.0
    },
    {
      "workload": "W2",
      "backend": "A",
      "baseline_p99": 4.3,
      "actual_p99": 70.9,
      "delta_pct": 1548.8
    },
    {
      "workload": "W2",
      "backend": "B",
      "baseline_p99": 6.1,
      "actual_p99": 93.0,
      "delta_pct": 1424.6
    },
    {
      "workload": "W2",
      "backend": "C",
      "baseline_p99": 16.4,
      "actual_p99": 98.6,
      "delta_pct": 501.2
    },
    {
      "workload": "W2",
      "backend": "D",
      "baseline_p99": 7.5,
      "actual_p99": 40.2,
      "delta_pct": 436.0
    },
    {
      "workload": "W3",
      "backend": "A",
      "baseline_p99": 2.6,
      "actual_p99": 8.8,
      "delta_pct": 238.5
    },
    {
      "workload": "W3",
      "backend": "B",
      "baseline_p99": 3.7,
      "actual_p99": 10.7,
      "delta_pct": 189.2
    },
    {
      "workload": "W3",
      "backend": "C",
      "baseline_p99": 2.8,
      "actual_p99": 10.6,
      "delta_pct": 278.6
    },
    {
      "workload": "W3",
      "backend": "D",
      "baseline_p99": 1.1,
      "actual_p99": 5.6,
      "delta_pct": 409.1
    },
    {
      "workload": "W4",
      "backend": "A",
      "baseline_p99": 659.0,
      "actual_p99": 2329.5,
      "delta_pct": 253.5
    },
    {
      "workload": "W4",
      "backend": "B",
      "baseline_p99": 681.4,
      "actual_p99": 2279.8,
      "delta_pct": 234.6
    },
    {
      "workload": "W4",
      "backend": "C",
      "baseline_p99": 578.3,
      "actual_p99": 2549.6,
      "delta_pct": 340.9
    },
    {
      "workload": "W4",
      "backend": "D",
      "baseline_p99": 409.0,
      "actual_p99": 2592.1,
      "delta_pct": 533.8
    },
    {
      "workload": "W5",
      "backend": "A",
      "baseline_p99": 5.4,
      "actual_p99": 17.3,
      "delta_pct": 220.4
    },
    {
      "workload": "W5",
      "backend": "B",
      "baseline_p99": 7.7,
      "actual_p99": 22.7,
      "delta_pct": 194.8
    },
    {
      "workload": "W5",
      "backend": "C",
      "baseline_p99": 7.7,
      "actual_p99": 22.3,
      "delta_pct": 189.6
    },
    {
      "workload": "W5",
      "backend": "D",
      "baseline_p99": 3.2,
      "actual_p99": 10.6,
      "delta_pct": 231.2
    }
  ]
}

-> publish/claim P50+P99 latency vs ci/baselines/publish-claim-p99-baseline.json
  PASS claim_p50: {'actual': 30, 'baseline': 40, 'ok': True}
  PASS claim_p99: {'actual': 40, 'limit': 20000, 'noise_cap': 20000, 'ok': True}
  PASS publish_p50: {'actual': 30, 'baseline': 48, 'ok': True}
  PASS publish_p99: {'actual': 120, 'limit': 20000, 'noise_cap': 20000, 'ok': True}

=== Perf-regression status: PASSED ===
✅ No performance regressions
