=== Starting Flutter CI (windows-latest) ===
[PASS] core/kotlin/FrameCursor.kt  <->  android/weft-core/src/main/kotlin/dev/weft/FrameCursor.kt
[PASS] core/kotlin/Fanout.kt  <->  android/weft-core/src/main/kotlin/dev/weft/Fanout.kt
[PASS] core/kotlin/FanoutCompat.kt  <->  android/weft-core/src/main/kotlin/dev/weft/FanoutCompat.kt
[PASS] core/kotlin/Steward.kt  <->  android/weft-core/src/main/kotlin/dev/weft/Steward.kt
[PASS] core/kotlin/TriadNative.kt  <->  android/weft-core/src/main/kotlin/dev/weft/TriadNative.kt
[PASS] core/kotlin/Weft.kt  <->  android/weft-core/src/main/kotlin/dev/weft/Weft.kt
[PASS] core/kotlin/Governor.kt  <->  android/weft-core/src/main/kotlin/dev/weft/Governor.kt
[PASS] core/kotlin/Recycler.kt  <->  android/weft-core/src/main/kotlin/dev/weft/Recycler.kt
[PASS] core/kotlin/GovernedFanoutConsumer.kt  <->  android/weft-core/src/main/kotlin/dev/weft/GovernedFanoutConsumer.kt
[PASS] core/kotlin/FanoutVhBridge.java  <->  android/weft-core/src/main/java/dev/weft/FanoutVhBridge.java
[PASS] core/dart/frame_cursor.dart  <->  packages/flutter_weft/lib/src/reference/frame_cursor.dart
[PASS] core/dart/fanout.dart  <->  packages/flutter_weft/lib/src/reference/fanout.dart
[PASS] core/dart/heddle.dart  <->  packages/flutter_weft/lib/src/reference/heddle.dart
[PASS] core/dart/steward.dart  <->  packages/flutter_weft/lib/src/reference/steward.dart
[PASS] core/dart/weft.dart  <->  packages/flutter_weft/lib/src/reference/weft.dart
[PASS] core/ts/weft.ts  <->  packages/core/src/weft.ts
[PASS] core/ts/fanout.ts  <->  packages/core/src/fanout.ts
[PASS] core/ts/verified.ts  <->  packages/core/src/verified.ts
[PASS] core/kotlin/Verified.kt  <->  android/weft-core/src/main/kotlin/dev/weft/Verified.kt
[PASS] core/dart/verified.dart  <->  packages/flutter_weft/lib/src/reference/verified.dart
[PASS] core/dart/governor.dart  <->  packages/flutter_weft/lib/src/reference/governor.dart
[PASS] core/dart/recycler.dart  <->  packages/flutter_weft/lib/src/reference/recycler.dart
[PASS] core/dart/governed_consumer.dart  <->  packages/flutter_weft/lib/src/reference/governed_consumer.dart
{"shard":"binding-parity","passed":23,"failed":0,"total":23,"cells":{"core/kotlin/FrameCursor.kt":{"status":"PASS","detail":"identical"},"core/kotlin/Fanout.kt":{"status":"PASS","detail":"identical"},"core/kotlin/FanoutCompat.kt":{"status":"PASS","detail":"identical"},"core/kotlin/Steward.kt":{"status":"PASS","detail":"identical"},"core/kotlin/TriadNative.kt":{"status":"PASS","detail":"identical"},"core/kotlin/Weft.kt":{"status":"PASS","detail":"identical"},"core/kotlin/Governor.kt":{"status":"PASS","detail":"identical"},"core/kotlin/Recycler.kt":{"status":"PASS","detail":"identical"},"core/kotlin/GovernedFanoutConsumer.kt":{"status":"PASS","detail":"identical"},"core/kotlin/FanoutVhBridge.java":{"status":"PASS","detail":"identical"},"core/dart/frame_cursor.dart":{"status":"PASS","detail":"identical"},"core/dart/fanout.dart":{"status":"PASS","detail":"identical"},"core/dart/heddle.dart":{"status":"PASS","detail":"identical"},"core/dart/steward.dart":{"status":"PASS","detail":"identical"},"core/dart/weft.dart":{"status":"PASS","detail":"identical"},"core/ts/weft.ts":{"status":"PASS","detail":"identical"},"core/ts/fanout.ts":{"status":"PASS","detail":"identical"},"core/ts/verified.ts":{"status":"PASS","detail":"identical"},"core/kotlin/Verified.kt":{"status":"PASS","detail":"identical"},"core/dart/verified.dart":{"status":"PASS","detail":"identical"},"core/dart/governor.dart":{"status":"PASS","detail":"identical"},"core/dart/recycler.dart":{"status":"PASS","detail":"identical"},"core/dart/governed_consumer.dart":{"status":"PASS","detail":"identical"}}}
✅ Binding parity: 23/23 pairs byte-identical

=== heddles <-> packages surface parity (shim re-exports) ===
[PASS] heddles/react/WeftCanvas.tsx  ->  packages/react/src/index.ts
[PASS] heddles/vue/useWeft.ts  ->  packages/vue/src/index.ts
[PASS] heddles/svelte/weft-action.ts  ->  packages/svelte/src/index.ts
[PASS] heddles/react-native/weft-rn.ts  ->  packages/react-native/src/index.ts
✅ Heddles surface parity: 4/4 shims aligned
{"shard":"binding-parity","byte_pairs":{"passed":23,"failed":0,"total":23},"shim_pairs":{"passed":4,"failed":0,"total":4,"cells":{"heddles/react/WeftCanvas.tsx":{"status":"PASS","detail":"surface parity"},"heddles/vue/useWeft.ts":{"status":"PASS","detail":"surface parity"},"heddles/svelte/weft-action.ts":{"status":"PASS","detail":"surface parity"},"heddles/react-native/weft-rn.ts":{"status":"PASS","detail":"surface parity"}}}}
Resolving dependencies...
Downloading packages...
+ async 2.13.1
+ boolean_selector 2.1.2
+ characters 1.4.1
+ clock 1.1.3
+ collection 1.19.1
+ fake_async 1.3.3
+ ffi 2.2.0
+ flutter 0.0.0 from sdk flutter
+ flutter_test 0.0.0 from sdk flutter
+ leak_tracker 11.0.2
+ leak_tracker_flutter_testing 3.0.10
+ leak_tracker_testing 3.0.2
+ lints 3.0.0 (6.1.0 available)
+ matcher 0.12.20
+ material_color_utilities 0.13.0 (0.13.1 available)
+ meta 1.19.0
+ path 1.9.1
+ sky_engine 0.0.0 from sdk flutter
+ source_span 1.10.2
+ stack_trace 1.12.2
+ stream_channel 2.1.4
+ string_scanner 1.4.1
+ term_glyph 1.2.2
+ test_api 0.7.12 (0.7.14 available)
+ vector_math 2.4.2
+ vm_service 15.3.0
Changed 26 dependencies!
3 packages have newer versions incompatible with dependency constraints.
Try `flutter pub outdated` for more information.
Resolving dependencies in `.\example`...
Downloading packages...
Got dependencies in `.\example`.
Analyzing flutter_weft...
No issues found!

::group::✅ Passing tests
✅ D:/a/Weft/Weft/packages/flutter_weft/test/fanout_ffi_test.dart: DF1 geometry validation refuses bad pairs
✅ D:/a/Weft/Weft/packages/flutter_weft/test/fanout_ffi_test.dart: DF2 ring_bytes is the byte-layout interop contract
✅ D:/a/Weft/Weft/packages/flutter_weft/test/fanout_ffi_test.dart: DF3 roundtrip via the zero-copy begin cursor
✅ D:/a/Weft/Weft/packages/flutter_weft/test/fanout_ffi_test.dart: DF4 telescoping identity is exact
✅ D:/a/Weft/Weft/packages/flutter_weft/test/fanout_ffi_test.dart: DF5 graceful skip: mid-overwrite of the LATEST slot, counted
✅ D:/a/Weft/Weft/packages/flutter_weft/test/fanout_ffi_test.dart: DF6 publish without begin is a detectable no-op
✅ D:/a/Weft/Weft/packages/flutter_weft/test/fanout_ffi_test.dart: DF7 N readers on one ring are fully independent
✅ D:/a/Weft/Weft/packages/flutter_weft/test/fanout_ffi_test.dart: DF8 fill path delivers intact bytes and rejects bad lengths
✅ D:/a/Weft/Weft/packages/flutter_weft/test/fanout_ffi_test.dart: DF9 stats snapshot matches the protocol accounting
✅ D:/a/Weft/Weft/packages/flutter_weft/test/fanout_ffi_test.dart: DFT cross-isolate torture: 1 writer, 2 reader isolates, pat validation
✅ D:/a/Weft/Weft/packages/flutter_weft/test/fanout_ffi_test.dart: DC1 session lifecycle: spawn -> ready -> drive -> stopAll -> stats
✅ D:/a/Weft/Weft/packages/flutter_weft/test/fanout_ffi_test.dart: DC2 paced reader: paceMs parks (Law 1) and accounting stays exact
✅ D:/a/Weft/Weft/packages/flutter_weft/test/fanout_test.dart: fanout construction and geometry rejects bad geometry; ring_bytes formula has TS/C parity
✅ D:/a/Weft/Weft/packages/flutter_weft/test/fanout_test.dart: fanout construction and geometry initial state: no frame, nothing resident, zero telemetry
✅ D:/a/Weft/Weft/packages/flutter_weft/test/fanout_test.dart: fanout construction and geometry publish() before any begin() is a detectable no-op
✅ D:/a/Weft/Weft/packages/flutter_weft/test/fanout_test.dart: fanout writer + reader protocol one publish -> fresh claim, seq 1, dropped 0, payload intact
✅ D:/a/Weft/Weft/packages/flutter_weft/test/fanout_test.dart: fanout writer + reader protocol dropped counts frames completed without this reader seeing them
✅ D:/a/Weft/Weft/packages/flutter_weft/test/fanout_test.dart: fanout writer + reader protocol ring overwrite: after M+3 publishes the claim yields the LATEST
✅ D:/a/Weft/Weft/packages/flutter_weft/test/fanout_test.dart: fanout writer + reader protocol telescoping identity holds exactly across an interleaved run
✅ D:/a/Weft/Weft/packages/flutter_weft/test/fanout_test.dart: fanout tear discipline (graceful skip) a reader skips the tick when its target slot is mid-overwrite
✅ D:/a/Weft/Weft/packages/flutter_weft/test/fanout_test.dart: fanout tear discipline (graceful skip) abandoned begins are skip-observable, not silent
✅ D:/a/Weft/Weft/packages/flutter_weft/test/fanout_test.dart: fanout canonical four-consumer scenario exact per-reader accounting over 10,000 frames at 120/60/30/15 Hz
✅ D:/a/Weft/Weft/packages/flutter_weft/test/fanout_test.dart: fanout zero-allocation contract (Law 2) claim() mutates one record; view() is one buffer — identity-stable
✅ D:/a/Weft/Weft/packages/flutter_weft/test/fanout_test.dart: fanout layout parity (the cross-port wire contract) raw ctrl bytes match the shared layout; foreign bytes attach
✅ D:/a/Weft/Weft/packages/flutter_weft/test/fanout_test.dart: fanout layout parity (the cross-port wire contract) wordToFloat round-trips a Float32 bit pattern
✅ D:/a/Weft/Weft/packages/flutter_weft/test/fanout_test.dart: F10: 100k-frame torture (cross-port parity gates) 100k frames, 3 cadence readers, mid-overwrite windows, zero torn
✅ D:/a/Weft/Weft/packages/flutter_weft/test/ffi_test.dart: Weft FFI & Invariant Tests 10^6 Exchanges and Invariants Verification
✅ D:/a/Weft/Weft/packages/flutter_weft/test/governed_consumer_test.dart: C1 PACED 30-on-120 presents 398/400 end to end
✅ D:/a/Weft/Weft/packages/flutter_weft/test/ffi_test.dart: Weft FFI & Invariant Tests Revocation and Reclaim Invariants (I6)
✅ D:/a/Weft/Weft/packages/flutter_weft/test/governed_consumer_test.dart: C2 telescoping holds through the ring (LATEST_WINS + BURST)
✅ D:/a/Weft/Weft/packages/flutter_weft/test/governed_consumer_test.dart: C3 ladder classes from real drop accounting
✅ D:/a/Weft/Weft/packages/flutter_weft/test/governed_consumer_test.dart: C4 dispose returns the raster slot to the pool
✅ D:/a/Weft/Weft/packages/flutter_weft/test/governor_test.dart: G1 ladder: every behind 0..64 maps to the documented action
✅ D:/a/Weft/Weft/packages/flutter_weft/test/governor_test.dart: G2 monotone: larger behind never yields a fresher-class action
✅ D:/a/Weft/Weft/packages/flutter_weft/test/governor_test.dart: G3 reseed flap: 10k spike trace, bound + spacing
✅ D:/a/Weft/Weft/packages/flutter_weft/test/governor_test.dart: G3b suppressed Reseed degrades to Snapshot
✅ D:/a/Weft/Weft/packages/flutter_weft/test/governor_test.dart: G4 identity-stable record + counters (no per-step allocation)
✅ D:/a/Weft/Weft/packages/flutter_weft/test/governor_test.dart: Law 4: decidedDrops distinct from ring counters
✅ D:/a/Weft/Weft/packages/flutter_weft/test/governor_test.dart: custom ladder + reset
✅ D:/a/Weft/Weft/packages/flutter_weft/test/governor_test.dart: G5 local ladder trace hash pin (TS reference)
✅ D:/a/Weft/Weft/packages/flutter_weft/test/governor_test.dart: PC1 LATEST_WINS presents iff seq advanced; jumps coalesced
✅ D:/a/Weft/Weft/packages/flutter_weft/test/governor_test.dart: PC5 PACED 30-on-120 presents every tick after warmup (398/400)
✅ D:/a/Weft/Weft/packages/flutter_weft/test/governor_test.dart: PC5 PACED 240-on-120 presents every tick, one period behind
✅ D:/a/Weft/Weft/packages/flutter_weft/test/governor_test.dart: PC5 PACED stall saturates and elides, never extrapolates
✅ D:/a/Weft/Weft/packages/flutter_weft/test/governor_test.dart: PC6 PACED alpha ladder is the period ladder
✅ D:/a/Weft/Weft/packages/flutter_weft/test/governor_test.dart: PC5 BURST 30-on-120 locks K on the content beat (K=4)
✅ D:/a/Weft/Weft/packages/flutter_weft/test/governor_test.dart: PC5 BURST 240-on-120 degrades to newest-wins (K=1)
✅ D:/a/Weft/Weft/packages/flutter_weft/test/governor_test.dart: PC5 BURST feed paces one present per burst
✅ D:/a/Weft/Weft/packages/flutter_weft/test/governor_test.dart: PC5 BURST stall freezes cadence; recovery immediate
✅ D:/a/Weft/Weft/packages/flutter_weft/test/governor_test.dart: PC2 telescoping identities over volatile traces
✅ D:/a/Weft/Weft/packages/flutter_weft/test/governor_test.dart: PC4 cadence identity-stable record
✅ D:/a/Weft/Weft/packages/flutter_weft/test/governor_test.dart: PC6 policy switch mid-trace: monotone presentSeq
✅ D:/a/Weft/Weft/packages/flutter_weft/test/governor_test.dart: PC3 local cadence trace hash pin (TS reference)
✅ D:/a/Weft/Weft/packages/flutter_weft/test/recycler_test.dart: R1 pool reuse identity + counters
✅ D:/a/Weft/Weft/packages/flutter_weft/test/recycler_test.dart: R2 maxFreeSlots bounds steady state
✅ D:/a/Weft/Weft/packages/flutter_weft/test/recycler_test.dart: R3 trim drops only free slots; live survives; next acquire reallocates
✅ D:/a/Weft/Weft/packages/flutter_weft/test/recycler_test.dart: R4 realloc accounting (first fill != realloc; keep-all trims inert)
✅ D:/a/Weft/Weft/packages/flutter_weft/test/recycler_test.dart: R5 level mapping
✅ D:/a/Weft/Weft/packages/flutter_weft/test/recycler_test.dart: R6 center fan-out + unregister
✅ D:/a/Weft/Weft/packages/flutter_weft/test/recycler_test.dart: R7 drawing-loop churn: pool stable, counters exact, no reallocs
✅ D:/a/Weft/Weft/packages/flutter_weft/test/verified_test.dart: V1: HMAC fixture vectors (shared ground truth)
✅ D:/a/Weft/Weft/packages/flutter_weft/test/verified_test.dart: V2: domain-separated derivation
✅ D:/a/Weft/Weft/packages/flutter_weft/test/verified_test.dart: V3: record roundtrip (zero-copy views)
✅ D:/a/Weft/Weft/packages/flutter_weft/test/verified_test.dart: V4: exhaustive byte-flip tamper rejection
✅ D:/a/Weft/Weft/packages/flutter_weft/test/verified_test.dart: V5: wrong key / short / bad magic / hostile geometry
✅ D:/a/Weft/Weft/packages/flutter_weft/test/verified_test.dart: V8: pre-keyed verifier == one-shot across a stream
✅ D:/a/Weft/Weft/packages/flutter_weft/test/verified_test.dart: V9: batch decode-verify all OK, views, exact bytesConsumed
✅ D:/a/Weft/Weft/packages/flutter_weft/test/verified_test.dart: V9: batch decode-verify tamper stop + resync offset
✅ D:/a/Weft/Weft/packages/flutter_weft/test/verified_test.dart: V9: batch decode-verify truncation policy + capped views
::endgroup::

🎉 69 tests passed.
