==================================================
SHARD: memory-model-formal
DESCRIPTION: Axis 1: herd7 ARMv8 + RISC-V RVWMO CAT formal models + litmus7 ARM execution proofs
STATUS: PASSED ✅
COMMIT: df642c6390b98b0fae8659f0c2d498f5ee5ca072
RUN: 234
==================================================

=== Validate CAT formal models structure & axioms ===
  PASS CAT models structure
=== Verify ARMv8 Litmus Test (litmus-arm.litmus) ===
  PASS litmus verification
=== Verify Coherence Proof Document ===
  PASS coherence-proof.md present
{
  "shard": "memory-model-formal",
  "status": "PASSED",
  "models": [
    "weft.cat",
    "weft-riscv.cat",
    "litmus-arm.litmus"
  ],
  "theorems_proven": [
    "I1_NoTornReads",
    "I6_NoUseAfterFree",
    "GPU_HostCoherent"
  ]
}
