==================================================
SHARD: weft-tensor-managed
DESCRIPTION: Project weft-tensor Pillar 2: WTR1 layout, TS/Python ingestion engines, DLPack/NumPy bridge, cross-language parity, React/Flutter AI hooks/widgets, 120 FPS flight demo, alloc probes
STATUS: PASSED ✅
COMMIT: df642c6390b98b0fae8659f0c2d498f5ee5ca072
RUN: 234
==================================================

[1/8] fixture determinism
OK /home/runner/work/Weft/Weft/fixtures/weft-tensor/ring-v1-f32.bin (640 B) byte-identical
OK /home/runner/work/Weft/Weft/fixtures/weft-tensor/ring-v1-u8.bin (640 B) byte-identical
[2/8] TypeScript suite
✔ zero-alloc probe [ring] — 100k steady-state ops stay flat (196.394174ms)
✔ zero-alloc probe [ingest] — 100k steady-state ops stay flat (116.460273ms)
✔ zero-alloc probe [audio] — 100k steady-state ops stay flat (151.949926ms)
✔ zero-alloc probe [render] — 100k steady-state ops stay flat (1562.416442ms)
✔ zero-alloc probe [overlay] — 100k steady-state ops stay flat (68.382742ms)
✔ negative control: a deliberately-allocating loop IS caught (66.988826ms)
✔ f32 fixture: header fields, 10 frames, dyadic payload parity (2.595256ms)
✔ u8 fixture: header fields, 6 frames, byte payload parity (1.307102ms)
✔ WebCodecs sync fast path: bytes land in ring, no intermediate (6.929296ms)
✔ WebCodecs async fast path resolves after the GPU readback lands (0.448968ms)
✔ copyTo failure is a DROP, never a throw into the frame loop (0.360116ms)
✔ legacy sync copyTo returning void still commits the full slot (2.363582ms)
✔ ImageData + raw paths (0.743856ms)
✔ ingestor dtype gate: f32 ring rejected (Law 4) (0.731757ms)
✔ AudioPcmFeeder: exact-fit chunks roll one slot per chunk (0.705398ms)
✔ AudioPcmFeeder: chunk spanning slot boundaries carries with zero gaps (0.84124ms)
✔ AudioPcmFeeder: tiny chunks accumulate then roll (worklet cadence) (0.634393ms)
✔ AudioPcmFeeder dtype gate + chunk size gate (Law 4) (0.764435ms)
✔ crc32 matches node:zlib over the static header region (2.398344ms)
✔ f16FromBits matches numpy float16 decode exactly (0.597938ms)
✔ f16ToBits matches numpy round-to-nearest-even (0.45091ms)
✔ fourcc round-trips as LE ASCII (0.33013ms)
✔ validateRingHeader accepts both golden fixtures (1.861897ms)
✔ fail-closed corruption matrix — every mutation gets a machine-readable code (1.674628ms)
✔ dtype validity table (0.222451ms)
✔ create() writes a self-validating header (round trip through attach) (2.353166ms)
✔ Canvas2DPlane: ONE ImageData reused, pixel-accurate blit per frame (4.076126ms)
✔ Canvas2DPlane dtype gate (Law 4) (0.684707ms)
✔ OverlayScratch + drawBoxes2D: bounded, reused, pixel records (1.31956ms)
✔ drawSkeleton2D honours confidence gating (0.373936ms)
✔ WebGL2Plane: zero-alloc texSubImage2D from the slot view + fullscreen tri (2.799059ms)
✔ create + typed commit + acquireLatest returns exact values, zero surprises (3.515293ms)
✔ byte commit path (Uint8Array) with short payload (bounded loop, no throw) (0.445762ms)
✔ acquireLatest(lastSeq) returns null when nothing new; acquireFrame bounds (0.465141ms)
✔ overrun: slotCount=2, 5 commits -> old seq gone, latest correct (0.565ms)
✔ torn read: uncommitted slot is invisible, then visible after commit marker (0.408808ms)
✔ zero-copy begin/finish path matches convenience commit (0.356279ms)
✔ commit rejects wrong dtype / oversized payloads (fail-closed) (0.833538ms)
✔ create() input validation is fail-closed (1.4205ms)
✔ waitForNewFrame resolves via injected scheduler; timeout path returns null (32.662112ms)
✔ SharedArrayBuffer smoke: create(shared) + atomics publish + acquire (0.722764ms)
✔ ring stats counters are sealed and monotonic (0.212897ms)
✔ detectRuntime identifies node (this process) (1.005424ms)
✔ detectRuntime: browser / deno / bun / worker / electron fakes (0.290161ms)
✔ runtimeMatrix feature list stays sorted/deterministic (0.786218ms)
✔ assertShareable accepts SAB, rejects plain ArrayBuffer (0.644298ms)
ℹ tests 46
ℹ suites 0
ℹ pass 46
ℹ fail 0
ℹ cancelled 0
ℹ skipped 0
ℹ todo 0
ℹ duration_ms 2247.00599
[3/8] Python suite
.......s.............s................                                   [100%]
36 passed, 2 skipped in 9.34s
[4/8] TS producer -> Python consumer
{"producer":"typescript","path":"/tmp/tmp.LuVHtrYOku/ts_ring.bin","byteLength":640,"producerSeq":10,"slotStride":128,"schemaId":"fe77000000000000"}
{"consumer": "python", "path": "/tmp/tmp.LuVHtrYOku/ts_ring.bin", "framesValidated": [7, 8, 9, 10], "dlpackAlias": true, "ok": true}
[5/8] Python producer -> TS consumer
{"producer": "python", "path": "/tmp/tmp.LuVHtrYOku/py_ring.bin", "byteLength": 640, "producerSeq": 10, "slotStride": 128, "schemaId": "fe77000000000001"}
{"consumer":"typescript","path":"/tmp/tmp.LuVHtrYOku/py_ring.bin","framesValidated":[7,8,9,10],"ok":true}
[6/8] DLPack alias proof (consumed the TS-produced ring, pointer-checked)
    dlpack alias OK (slot ptr 0x55ac0d393f30 inside ring 0x55ac0d393df0..0x55ac0d394070)
[7/8] zero-allocation probes (100k ops each, post-warmup, --expose-gc)
    {"mode":"ring","iters":100000,"heapBefore":4421672,"heapAfter":4416640,"deltaBytes":-5032}
    {"mode":"ingest","iters":100000,"heapBefore":4431240,"heapAfter":4425448,"deltaBytes":-5792}
    {"mode":"audio","iters":100000,"heapBefore":4406592,"heapAfter":4419896,"deltaBytes":13304}
    {"mode":"render","iters":100000,"heapBefore":4418992,"heapAfter":4420592,"deltaBytes":1600}
    {"mode":"overlay","iters":100000,"heapBefore":4298968,"heapAfter":4299680,"deltaBytes":712}
[8/8] latency gates (directive: commit < 50us)
    {"bench":"weft-tensor commit/acquire","node":"v24.21.0","video":{"geometry":"320x180 RGBA","slotCapBytes":230400,"commit":{"n":50000,"p50_us":0.181,"p99_us":1.312,"max_us":177.223},"acquire":{"n":50000,"p50_us":0.131,"p99_us":0.461,"max_us":58.557},"commit_under_50us":true},"audio":{"geometry":"2ch x 128 f32 (interleaved quanta 256)","slotCapBytes":1024,"commit":{"n":50000,"p50_us":0.5,"p99_us":0.681,"max_us":162.392},"acquire":{"n":50000,"p50_us":0.17,"p99_us":1.302,"max_us":203.342},"commit_under_50us":true}}
weft-tensor managed shard: ALL 8 STAGES GREEN
