==================================================
SHARD: weft-cluster-managed
DESCRIPTION: Project weft-cluster Pillar 3: TS wire/client/topology/router/metrics, Python wire/router/UDP parity, live UDP mesh, 100k zero-alloc probes, 1M fps burst, rendezvous router
STATUS: PASSED ✅
COMMIT: df642c6390b98b0fae8659f0c2d498f5ee5ca072
RUN: 234
==================================================

[1/8] kernel-core integrity (Law 3: core/c/weft.{c,h} byte-frozen)
    core/c/weft.{c,h} untouched
[2/8] TS wire vectors + cross-language guard
✔ crosslang: TS still decodes the frozen WCN1 vectors byte-exactly (1.603509ms)
✔ crosslang: TS rejects malformed fixtures with the frozen codes (0.339481ms)
✔ crosslang: FNV/CRC reference vectors match the fixture (0.376229ms)
✔ crc32 IEEE vectors (parity with Python zlib.crc32) (1.105434ms)
✔ fnv1a64 topic hash vectors (parity with Python impl) (0.3502ms)
✔ WCN1 header: little-endian byte layout is normative (0.280561ms)
✔ WCN1 round-trip: encode -> decode -> same fields (4.990941ms)
✔ Law 4: malformed datagrams map to the exact error taxonomy (0.375007ms)
✔ error names are stable (Law 4 contract) (0.268338ms)
✔ WGS1 gossip: encode + entries + decode round-trip (0.423647ms)
✔ WGS1: entry_count overrun is WC_E_TRUNCATED, not a crash (0.15099ms)
✔ Law 1: decodeInto is allocation-free (structural check) (0.345842ms)
ℹ tests 12
ℹ suites 0
ℹ pass 12
ℹ fail 0
ℹ cancelled 0
ℹ skipped 0
ℹ todo 0
ℹ duration_ms 84.575904
[3/8] Python wire + router vector parity
.........                                                                [100%]
9 passed in 0.32s
[4/8] TypeScript suite
✔ shm: publish -> subscribe async iterator, seq monotonic, payload intact (15.264142ms)
✔ shm: two subscribers fan out independently; unsubscribe stops flow (12.234314ms)
✔ shm: tryLatest reads newest without advancing the iterator (4.593282ms)
✔ Law 4: stale seq replays are dropped and counted (datagram path) (0.616605ms)
✔ udp: two clients, SUB control plane, live datagram pub/sub (38.676049ms)
✔ udp: publisher with zero subscribers stays silent (no peers dup) (0.692277ms)
✔ crosslang: TS still decodes the frozen WCN1 vectors byte-exactly (2.069734ms)
✔ crosslang: TS rejects malformed fixtures with the frozen codes (0.38784ms)
✔ crosslang: FNV/CRC reference vectors match the fixture (0.470384ms)
✔ registry: counters, gauges, histogram quantile sanity (3.096071ms)
✔ histogram bucket bounds follow the 1, 2, 3, 4, 6, 8, 12... sequence (0.348147ms)
✔ prometheus: exposition format with cumulative histogram buckets (1.709666ms)
✔ otel: OTLP/JSON document shape (resourceMetrics -> metrics) (1.935505ms)
✔ perfetto: .pftrace protobuf round-trips packets and track events (2.347911ms)
✔ prometheus: embedded /metrics server answers 200 over real HTTP (59.013794ms)
✔ router: deterministic owner across calls and instances (1.734362ms)
✔ router: cross-language owner vector (node seeds 11,22,33,44 / telemetry) (1.756282ms)
✔ router: 8-node balance within 3x envelope (7.249907ms)
✔ router: minimal disruption — adding 1 of 9 nodes moves ~1/9 of topics (10.166826ms)
✔ router: unrouted topic -> WC_E_TOPIC_UNROUTED (0.216532ms)
✔ router: removeNode stops routing to it; version bumps (0.214849ms)
✔ membership: upsert + hash-index lookup round-trip (1.548086ms)
✔ membership: open addressing survives heavy collisions (2.028869ms)
✔ gossip: 3 engines converge to a full membership view (socketless) (5.026496ms)
✔ gossip: stale incarnation ignored, higher incarnation wins (0.569288ms)
✔ gossip: LEAVING is sticky at equal incarnation, revive needs higher (0.412246ms)
✔ gossip: SWIM refutation — falsely-leaving node bumps incarnation (0.390686ms)
✔ gossip: silent nodes suspect then evicted (fake clock) (1.481422ms)
✔ gossip: graceful leave announces and propagates LEAVING (0.443133ms)
✔ crc32 IEEE vectors (parity with Python zlib.crc32) (1.06084ms)
✔ fnv1a64 topic hash vectors (parity with Python impl) (0.298133ms)
✔ WCN1 header: little-endian byte layout is normative (0.32292ms)
✔ WCN1 round-trip: encode -> decode -> same fields (3.94591ms)
✔ Law 4: malformed datagrams map to the exact error taxonomy (0.281112ms)
✔ error names are stable (Law 4 contract) (0.240026ms)
✔ WGS1 gossip: encode + entries + decode round-trip (0.406335ms)
✔ WGS1: entry_count overrun is WC_E_TRUNCATED, not a crash (0.146412ms)
✔ Law 1: decodeInto is allocation-free (structural check) (0.277745ms)
ℹ tests 38
ℹ suites 0
ℹ pass 38
ℹ fail 0
ℹ cancelled 0
ℹ skipped 0
ℹ todo 0
ℹ duration_ms 2195.901551
[5/8] Python suite
.....s.........                                                          [100%]
14 passed, 1 skipped in 8.66s
[6/8] live cross-language UDP cluster (both directions)
..                                                                       [100%]
2 passed in 8.32s
[7/8] zero-allocation probes (100k ops each, post-warmup, --expose-gc)
    {"mode":"publish","iters":100000,"heapBefore":7444960,"heapAfter":7445016,"deltaBytes":56}
    {"mode":"subscribe","iters":100000,"heapBefore":7523952,"heapAfter":7529640,"deltaBytes":5688}
    {"mode":"metrics","iters":100000,"heapBefore":7366024,"heapAfter":7359536,"deltaBytes":-6488}
    {"mode":"router","iters":100000,"heapBefore":7395744,"heapAfter":7395704,"deltaBytes":-40}
[8/8] performance gates
    [8a] 4-node demo smoke (monotonicity must PASS)
    demo PASS (monotonic, 0 gaps, 0 stale)
    [8b] mesh burst >= 1,000,000 fps (mandate D)
    {"kind":"weft-cluster-mesh-burst","transport":"loopback-shm (simulated cluster)","nodes":4,"consumers":3,"topics":1,"payloadBytes":64,"fpsTarget":1000000,"seconds":2,"publishedFrames":2000000,"ingestedFrames":6000000,"expectedIngest":6000000,"achievedFps":1072060,"fanoutWritesPerSec":3216180,"elapsedSec":1.87,"sequenceGaps":0,"hopLatencyNs":{"p50":1024,"p99":2048},"at":"2026-09-23T10:47:07.440Z"}
    [8c] membership lookup latency (mandate B1)
    {"kind":"weft-cluster-router-bench","membershipLookupNs":{"p50":16.8,"p99":32.5},"routerOwnerNs":{"p50":1132.3,"p99":1185.1,"nodes":8},"mandate":"lock-free cluster state table lookups < 10 ns (Pillar 3 mandate B1)"}
    lookup p50 16.8ns (gate 25ns; mandate 10ns is bare-metal — delta recorded in D-33)
weft-cluster-managed shard: ALL 8 STAGES GREEN
