==================================================
SHARD: wsuite
DESCRIPTION: W1-W5 × A/B/C/D = 20 cells, P99 + alloc assertions
STATUS: PASSED ✅
COMMIT: 035fa7f3edc9c2331b48b55e944f876c8bd17e30
RUN: 78
==================================================

→ W1/A ... P99=86.8 alloc/frame=0.0 [PASS]
→ W1/B ... P99=97.7 alloc/frame=0.0 [PASS]
→ W1/C .../home/runner/work/Weft/Weft/core/c/weft.c:15: warning: "_GNU_SOURCE" redefined
   15 | #define _GNU_SOURCE  // for posix_memalign
      | 
<command-line>: note: this is the location of the previous definition
→ compiling Weft C kernel to /home/runner/work/Weft/Weft/core/c/libweft.so
 P99=98.8 alloc/frame=0.0 [PASS]
→ W1/D ... P99=63.7 alloc/frame=0.0 [PASS]
→ W2/A ... P99=58.5 alloc/frame=0.0 [PASS]
→ W2/B ... P99=80.8 alloc/frame=0.0 [PASS]
→ W2/C ... P99=80.1 alloc/frame=0.0 [PASS]
→ W2/D ... P99=34.4 alloc/frame=0.0 [PASS]
→ W3/A ... P99=7.4 alloc/frame=0.0 [PASS]
→ W3/B ... P99=8.5 alloc/frame=0.0 [PASS]
→ W3/C ... P99=8.4 alloc/frame=0.0 [PASS]
→ W3/D ... P99=4.6 alloc/frame=0.0 [PASS]
→ W4/A ... P99=2173.8 alloc/frame=0.0 [PASS]
→ W4/B ... P99=2268.9 alloc/frame=0.0 [PASS]
→ W4/C ... P99=2176.8 alloc/frame=0.0 [PASS]
→ W4/D ... P99=2151.6 alloc/frame=0.0 [PASS]
→ W5/A ... P99=14.8 alloc/frame=0.0 [PASS]
→ W5/B ... P99=18.2 alloc/frame=0.0 [PASS]
→ W5/C ... P99=18.1 alloc/frame=0.0 [PASS]
→ W5/D ... P99=8.7 alloc/frame=0.0 [PASS]

✓ W-suite bundle: /home/runner/work/Weft/Weft/bench/results/wsuite-x86_64-sandbox.json
  cells: 20 (target: 20 = 5 workloads × 4 backends)
  pass: 20/20
./home/runner/work/Weft/Weft/core/c/weft.c:15: warning: "_GNU_SOURCE" redefined
   15 | #define _GNU_SOURCE  // for posix_memalign
      | 
<command-line>: note: this is the location of the previous definition
→ compiling Weft C kernel to /home/runner/work/Weft/Weft/core/c/libweft.so
 P99=98.8 alloc/frame=0.0 [PASS]
→ W1/D ... P99=63.7 alloc/frame=0.0 [PASS]
→ W2/A ... P99=58.5 alloc/frame=0.0 [PASS]
→ W2/B ... P99=80.8 alloc/frame=0.0 [PASS]
→ W2/C ... P99=80.1 alloc/frame=0.0 [PASS]
→ W2/D ... P99=34.4 alloc/frame=0.0 [PASS]
→ W3/A ... P99=7.4 alloc/frame=0.0 [PASS]
→ W3/B ... P99=8.5 alloc/frame=0.0 [PASS]
→ W3/C ... P99=8.4 alloc/frame=0.0 [PASS]
→ W3/D ... P99=4.6 alloc/frame=0.0 [PASS]
→ W4/A ... P99=2173.8 alloc/frame=0.0 [PASS]
→ W4/B ... P99=2268.9 alloc/frame=0.0 [PASS]
→ W4/C ... P99=2176.8 alloc/frame=0.0 [PASS]
→ W4/D ... P99=2151.6 alloc/frame=0.0 [PASS]
→ W5/A ... P99=14.8 alloc/frame=0.0 [PASS]
→ W5/B ... P99=18.2 alloc/frame=0.0 [PASS]
→ W5/C ... P99=18.1 alloc/frame=0.0 [PASS]
→ W5/D ... P99=8.7 alloc/frame=0.0 [PASS]

✓ W-suite bundle: /home/runner/work/Weft/Weft/bench/results/wsuite-x86_64-sandbox.json
  cells: 20 (target: 20 = 5 workloads × 4 backends)
  pass: 20/20
{
  "shard": "wsuite",
  "status": "PASSED",
  "cells_pass": 20,
  "cells_total": 20,
  "alloc_violations": 0,
  "cells": [
    {
      "workload": "W1",
      "backend": "A",
      "pass": true,
      "p99": 86.8,
      "alloc_per_frame": 0.0,
      "alloc_violation": false
    },
    {
      "workload": "W1",
      "backend": "B",
      "pass": true,
      "p99": 97.7,
      "alloc_per_frame": 0.0,
      "alloc_violation": false
    },
    {
      "workload": "W1",
      "backend": "C",
      "pass": true,
      "p99": 98.8,
      "alloc_per_frame": 0.0,
      "alloc_violation": false
    },
    {
      "workload": "W1",
      "backend": "D",
      "pass": true,
      "p99": 63.7,
      "alloc_per_frame": 0.0,
      "alloc_violation": false
    },
    {
      "workload": "W2",
      "backend": "A",
      "pass": true,
      "p99": 58.5,
      "alloc_per_frame": 0.0,
      "alloc_violation": false
    },
    {
      "workload": "W2",
      "backend": "B",
      "pass": true,
      "p99": 80.8,
      "alloc_per_frame": 0.0,
      "alloc_violation": false
    },
    {
      "workload": "W2",
      "backend": "C",
      "pass": true,
      "p99": 80.1,
      "alloc_per_frame": 0.0,
      "alloc_violation": false
    },
    {
      "workload": "W2",
      "backend": "D",
      "pass": true,
      "p99": 34.4,
      "alloc_per_frame": 0.0,
      "alloc_violation": false
    },
    {
      "workload": "W3",
      "backend": "A",
      "pass": true,
      "p99": 7.4,
      "alloc_per_frame": 0.0,
      "alloc_violation": false
    },
    {
      "workload": "W3",
      "backend": "B",
      "pass": true,
      "p99": 8.5,
      "alloc_per_frame": 0.0,
      "alloc_violation": false
    },
    {
      "workload": "W3",
      "backend": "C",
      "pass": true,
      "p99": 8.4,
      "alloc_per_frame": 0.0,
      "alloc_violation": false
    },
    {
      "workload": "W3",
      "backend": "D",
      "pass": true,
      "p99": 4.6,
      "alloc_per_frame": 0.0,
      "alloc_violation": false
    },
    {
      "workload": "W4",
      "backend": "A",
      "pass": true,
      "p99": 2173.8,
      "alloc_per_frame": 0.0,
      "alloc_violation": false
    },
    {
      "workload": "W4",
      "backend": "B",
      "pass": true,
      "p99": 2268.9,
      "alloc_per_frame": 0.0,
      "alloc_violation": false
    },
    {
      "workload": "W4",
      "backend": "C",
      "pass": true,
      "p99": 2176.8,
      "alloc_per_frame": 0.0,
      "alloc_violation": false
    },
    {
      "workload": "W4",
      "backend": "D",
      "pass": true,
      "p99": 2151.6,
      "alloc_per_frame": 0.0,
      "alloc_violation": false
    },
    {
      "workload": "W5",
      "backend": "A",
      "pass": true,
      "p99": 14.8,
      "alloc_per_frame": 0.0,
      "alloc_violation": false
    },
    {
      "workload": "W5",
      "backend": "B",
      "pass": true,
      "p99": 18.2,
      "alloc_per_frame": 0.0,
      "alloc_violation": false
    },
    {
      "workload": "W5",
      "backend": "C",
      "pass": true,
      "p99": 18.1,
      "alloc_per_frame": 0.0,
      "alloc_violation": false
    },
    {
      "workload": "W5",
      "backend": "D",
      "pass": true,
      "p99": 8.7,
      "alloc_per_frame": 0.0,
      "alloc_violation": false
    }
  ]
}
