==============================================================================
WEFT EXTREME TEST MATRIX — RUN #144
COMMIT: 2e76e478859c79ae12a418f5810f240810759f02
UTC:    2026-09-19T08:00:37Z
==============================================================================

--- SHARD: chaos-parity (FAILED) ---
==================================================
SHARD: chaos-parity
DESCRIPTION: Cross-language chaos parity — C==TS==JVM==Dart byte-identical verdicts
STATUS: FAILED ❌
COMMIT: 2e76e478859c79ae12a418f5810f240810759f02
RUN: 144
==================================================



--- SHARD: chaos (FAILED) ---
==================================================
SHARD: chaos
DESCRIPTION: Deterministic chaos engine — stepped shapes x2 regimes + ASAN + free 2M
STATUS: FAILED ❌
COMMIT: 2e76e478859c79ae12a418f5810f240810759f02
RUN: 144
==================================================



--- SHARD: fanout-native (FAILED) ---
==================================================
SHARD: fanout-native
DESCRIPTION: C/Rust fan-out ring: F-series + torture x2 regimes + Loom + xlang
STATUS: FAILED ❌
COMMIT: 2e76e478859c79ae12a418f5810f240810759f02
RUN: 144
==================================================



--- SHARD: forensic-scan (FAILED) ---
==================================================
SHARD: forensic-scan
DESCRIPTION: PAST-CROPBOX scan at 611.5pt, whole document
STATUS: FAILED ❌
COMMIT: 2e76e478859c79ae12a418f5810f240810759f02
RUN: 144
==================================================



--- SHARD: gpu-native (FAILED) ---
==================================================
SHARD: gpu-native
DESCRIPTION: RFC-0003 spike: GPU-series + gpu-probe full dispatch (lavapipe ICD)
STATUS: FAILED ❌
COMMIT: 2e76e478859c79ae12a418f5810f240810759f02
RUN: 144
==================================================



--- SHARD: perf-regression (FAILED) ---
==================================================
SHARD: perf-regression
DESCRIPTION: W-suite P99 vs pinned baseline; >15% drop = FAIL
STATUS: FAILED ❌
COMMIT: 2e76e478859c79ae12a418f5810f240810759f02
RUN: 144
==================================================



--- SHARD: silent-green-audit (FAILED) ---
==================================================
SHARD: silent-green-audit
DESCRIPTION: pipefail in every shard + every workflow pipeline
STATUS: FAILED ❌
COMMIT: 2e76e478859c79ae12a418f5810f240810759f02
RUN: 144
==================================================



--- SHARD: simd-blend (FAILED) ---
==================================================
SHARD: simd-blend
DESCRIPTION: Q12 raster blend: C golden gates + xlang-blend cross-language digests + bench
STATUS: FAILED ❌
COMMIT: 2e76e478859c79ae12a418f5810f240810759f02
RUN: 144
==================================================



--- SHARD: tools-interop (FAILED) ---
==================================================
SHARD: tools-interop
DESCRIPTION: C→C, C→Rust, Rust→Rust, Rust→C record/replay
STATUS: FAILED ❌
COMMIT: 2e76e478859c79ae12a418f5810f240810759f02
RUN: 144
==================================================



--- SHARD: turbo-native (FAILED) ---
==================================================
SHARD: turbo-native
DESCRIPTION: RFC-0012 TLEL: T/U-series x sanitizers + seq_cst, T-bench smoke, zero-regression guardrail
STATUS: FAILED ❌
COMMIT: 2e76e478859c79ae12a418f5810f240810759f02
RUN: 144
==================================================



--- SHARD: verifiedweft (FAILED) ---
==================================================
SHARD: verifiedweft
DESCRIPTION: RFC 0005: V-series x3 kernels + C<->TS interop + tamper rejection
STATUS: FAILED ❌
COMMIT: 2e76e478859c79ae12a418f5810f240810759f02
RUN: 144
==================================================



--- SHARD: wsuite (FAILED) ---
==================================================
SHARD: wsuite
DESCRIPTION: W1-W5 × A/B/C/D = 20 cells, P99 + alloc assertions
STATUS: FAILED ❌
COMMIT: 2e76e478859c79ae12a418f5810f240810759f02
RUN: 144
==================================================


