==================================================
SHARD: litmus-c
DESCRIPTION: L1-L8 litmus suite, C kernel (8 tests, 2 build modes)
STATUS: FAILED ❌
COMMIT: 98853883d9dd68d33d508de10f79408a6618ba16
RUN: 136
==================================================

# Loaded catalog: weft-litmus v3
  running c L1-tear...
    -> exit=0 elapsed=7.6s pass=True
  running c L2-writer-steps...
    -> exit=0 elapsed=5.0s pass=True
  running c L3-reader-steps...
    -> exit=0 elapsed=0.0s pass=True
  running c L4-freshness...
    -> exit=0 elapsed=2.1s pass=True
  running c L5-progress...
    -> exit=0 elapsed=5.0s pass=True
  running c L6-ownership...
    -> exit=0 elapsed=4.0s pass=True
  running c L7-revocation...
    -> exit=0 elapsed=0.0s pass=True
  running c L8-envelope...
    -> exit=0 elapsed=0.0s pass=True
  running c L9-cross-beam...
    -> exit=0 elapsed=2.5s pass=True
  running c L10-nested-revocation...
    -> exit=0 elapsed=0.0s pass=True
  running c L12-canary-corruption...
    -> exit=0 elapsed=0.0s pass=True
  running c L13-claim-retry...
    -> exit=0 elapsed=1.2s pass=True
  running c L14-mixed-endianness...
    -> exit=0 elapsed=0.0s pass=True
  running c L15-huge-payload...
    -> exit=0 elapsed=1.7s pass=True
  running c L16-rapid-reclaim...
    -> exit=0 elapsed=0.8s pass=True
Wrote /home/runner/work/Weft/Weft/litmus/REPORT.md
Wrote /home/runner/work/Weft/Weft/litmus/results.json
=0 elapsed=0.0s pass=True
  running c L9-cross-beam...
    -> exit=0 elapsed=2.5s pass=True
  running c L10-nested-revocation...
    -> exit=0 elapsed=0.0s pass=True
  running c L12-canary-corruption...
    -> exit=0 elapsed=0.0s pass=True
  running c L13-claim-retry...
    -> exit=0 elapsed=1.2s pass=True
  running c L14-mixed-endianness...
    -> exit=0 elapsed=0.0s pass=True
  running c L15-huge-payload...
    -> exit=0 elapsed=1.7s pass=True
  running c L16-rapid-reclaim...
    -> exit=0 elapsed=0.8s pass=True
Wrote /home/runner/work/Weft/Weft/litmus/REPORT.md
Wrote /home/runner/work/Weft/Weft/litmus/results.json
=== L11-ffi-stress (script leg) ===
L11-ffi-stress: RED
ll -Wextra -pthread -D_GNU_SOURCE -o fanout-runner fanout.c frame_cursor.c weft.c fanout_runner.c
weft.c:15: warning: "_GNU_SOURCE" redefined
   15 | #define _GNU_SOURCE  // for posix_memalign
      | 
<command-line>: note: this is the location of the previous definition
L11: packages/core/dist missing — build with: pnpm --filter @weft/core build
L11-ffi-stress: RED
