==================================================
SHARD: simd-blend
DESCRIPTION: Q12 raster blend: C golden gates + xlang-blend cross-language digests + bench
STATUS: PASSED ✅
COMMIT: fcc8842036f16162700ae9b48b685414e7dad118
RUN: 181
==================================================

== simd-blend shard: env x86_64/Linux ==
-- C kernel gates --
== blend_test: impl=avx2 (2) ==
B1 boundaries: OK
B2 parity sweep: OK (154 path-checks, all == scalar)
B3 alpha sweep 0..4096 (dispatched): OK
B4 in-place aliasing: OK
blend_test: ALL GATES GREEN
blend-test: ALL GATES GREEN
-- xlang-blend golden gate --
== xlang-blend golden parity: env x86_64/Linux ==
-- C kernel (golden source) --
   blend-test gates GREEN
   golden-vectors.csv matches the kernel
-- TS verifier (reference port) --
xlang-blend TS verifier: 63/63 golden digests match
-- Kotlin verifier --
xlang-blend Kotlin verifier: 63/63 golden digests match
-- Dart verifier: DECLARED skip (no dart; flutter-packages leg owns it) --
-- Swift port: DECLARED skip (no swiftc; apple-packages compiles + golden-gates it) --

xlang-blend: ran=3 declared_skips=2
✅ xlang-blend parity: every executed port byte-identical to the C kernel
xlang-blend parity GREEN
-- blend_runner benchmark --
== blend_runner: dispatch=avx2 ==
256x256-hot (65536 words): scalar   192926 ns/frame (  4.1 GB/s) | avx2    24575 ns/frame ( 32.0 GB/s) | speedup 7.85x
1080p (2073600 words): scalar  6118274 ns/frame (  4.1 GB/s) | avx2   943343 ns/frame ( 26.4 GB/s) | speedup 6.49x
4K (8294400 words): scalar 25032069 ns/frame (  4.0 GB/s) | avx2  6021275 ns/frame ( 16.5 GB/s) | speedup 4.16x
8K (33177600 words): scalar 99511121 ns/frame (  4.0 GB/s) | avx2 26403014 ns/frame ( 15.1 GB/s) | speedup 3.77x
✅ simd-blend shard GREEN
