==================================================
SHARD: litmus-c
DESCRIPTION: L1-L8 litmus suite, C kernel (8 tests, 2 build modes)
STATUS: FAILED ❌
COMMIT: 81970268507158ca5f9faa65a95af8ac918cd53e
RUN: 154
==================================================

# Loaded catalog: weft-litmus v3
  running c L1-tear...
    -> exit=0 elapsed=7.6s pass=True
  running c L2-writer-steps...
    -> exit=0 elapsed=5.0s pass=True
  running c L3-reader-steps...
    -> exit=0 elapsed=0.0s pass=True
  running c L4-freshness...
    -> exit=0 elapsed=2.1s pass=True
  running c L5-progress...
    -> exit=0 elapsed=5.0s pass=True
  running c L6-ownership...
    -> exit=0 elapsed=3.9s pass=True
  running c L7-revocation...
    -> exit=0 elapsed=0.0s pass=True
  running c L8-envelope...
    -> exit=0 elapsed=0.0s pass=True
  running c L9-cross-beam...
    -> exit=0 elapsed=2.5s pass=True
  running c L10-nested-revocation...
    -> exit=0 elapsed=0.0s pass=True
  running c L12-canary-corruption...
    -> exit=0 elapsed=0.0s pass=True
  running c L13-claim-retry...
    -> exit=0 elapsed=1.1s pass=True
  running c L14-mixed-endianness...
    -> exit=0 elapsed=0.0s pass=True
  running c L15-huge-payload...
    -> exit=0 elapsed=1.7s pass=True
  running c L16-rapid-reclaim...
    -> exit=0 elapsed=0.9s pass=True
Wrote /home/runner/work/Weft/Weft/litmus/REPORT.md
Wrote /home/runner/work/Weft/Weft/litmus/results.json
..
    -> exit=0 elapsed=0.0s pass=True
  running c L9-cross-beam...
    -> exit=0 elapsed=2.5s pass=True
  running c L10-nested-revocation...
    -> exit=0 elapsed=0.0s pass=True
  running c L12-canary-corruption...
    -> exit=0 elapsed=0.0s pass=True
  running c L13-claim-retry...
    -> exit=0 elapsed=1.1s pass=True
  running c L14-mixed-endianness...
    -> exit=0 elapsed=0.0s pass=True
  running c L15-huge-payload...
    -> exit=0 elapsed=1.7s pass=True
  running c L16-rapid-reclaim...
    -> exit=0 elapsed=0.9s pass=True
Wrote /home/runner/work/Weft/Weft/litmus/REPORT.md
Wrote /home/runner/work/Weft/Weft/litmus/results.json
=== L11-ffi-stress (script leg) ===
gcc -O2 -std=c11 -Wall -Wextra -pthread -D_GNU_SOURCE -o fanout-runner fanout.c frame_cursor.c weft.c fanout_simd.c fanout_runner.c
weft.c:15: warning: "_GNU_SOURCE" redefined
   15 | #define _GNU_SOURCE  // for posix_memalign
      | 
<command-line>: note: this is the location of the previous definition
