# make bench
# Start: 2026-09-12T05:09:23Z
# Working dir: /home/z/my-project/scripts/_clean_tree_r3/weft
# Tarball: /home/z/my-project/download/weft-sandbox-v0.1.tar.gz

cd core/c && gcc -O2 -std=c11 -Wall -Wextra -pthread -D_GNU_SOURCE \
        -o bench bench_runner.c weft.c
=== B-suite (canonical: bench/results.json, sha256 16b5c663) ===
Canonical bundle pre-run sha256: 16b5c663433a37540c77f9dd6e4b83abe3eed929cc4c142813ad0b684f5498f8
B-suite harness: green
Re-run produced sha256: f815af8fee1d9ce0562b6b1385f51a7b98d665f1a76f88efd80b39d2acac2674 (different from canonical — expected per decision 1)
Canonical bundle restored: 16b5c663433a37540c77f9dd6e4b83abe3eed929cc4c142813ad0b684f5498f8 matches 16b5c663... ✓

=== W-suite (separate bundle: bench/results/wsuite-x86_64-sandbox.json) ===
→ W1/A ... P99=120.2 alloc/frame=0.0 [PASS]
→ W1/B ... P99=141.2 alloc/frame=0.0 [PASS]
→ W1/C ...→ compiling Weft C kernel to /home/z/my-project/upload/weft-docs/weft-docs/weft/core/c/libweft.so
 P99=140.9 alloc/frame=0.0 [PASS]
→ W1/D ... P99=87.3 alloc/frame=0.0 [PASS]
→ W2/A ... P99=79.5 alloc/frame=0.0 [PASS]
→ W2/B ... P99=111.5 alloc/frame=0.0 [PASS]
→ W2/C ... P99=111.7 alloc/frame=0.0 [PASS]
→ W2/D ... P99=45.1 alloc/frame=0.0 [PASS]
→ W3/A ... P99=9.6 alloc/frame=0.0 [PASS]
→ W3/B ... P99=11.5 alloc/frame=0.0 [PASS]
→ W3/C ... P99=11.4 alloc/frame=0.0 [PASS]
→ W3/D ... P99=6.2 alloc/frame=0.0 [PASS]
→ W4/A ... P99=2848.7 alloc/frame=0.0 [PASS]
→ W4/B ... P99=3007.2 alloc/frame=0.0 [PASS]
→ W4/C ... P99=2854.9 alloc/frame=0.0 [PASS]
→ W4/D ... P99=2826.8 alloc/frame=0.0 [PASS]
→ W5/A ... P99=18.4 alloc/frame=0.0 [PASS]
→ W5/B ... P99=24.0 alloc/frame=0.0 [PASS]
→ W5/C ... P99=24.1 alloc/frame=0.0 [PASS]
→ W5/D ... P99=11.6 alloc/frame=0.0 [PASS]

✓ W-suite bundle: /home/z/my-project/upload/weft-docs/weft-docs/weft/bench/results/wsuite-x86_64-sandbox.json
  cells: 20 (target: 20 = 5 workloads × 4 backends)
  pass: 20/20

--- STDERR ---
bench_runner.c:13:9: warning: "_GNU_SOURCE" redefined
   13 | #define _GNU_SOURCE
      |         ^~~~~~~~~~~
<command-line>: note: this is the location of the previous definition
bench_runner.c: In function ‘run_b3’:
bench_runner.c:325:9: warning: unused variable ‘stride’ [-Wunused-variable]
  325 |     int stride = c->sample_stride > 0 ? c->sample_stride : 256;
      |         ^~~~~~
bench_runner.c:323:9: warning: unused variable ‘writer_hz’ [-Wunused-variable]
  323 |     int writer_hz = c->writer_hz > 0 ? c->writer_hz : 1000;
      |         ^~~~~~~~~
bench_runner.c: At top level:
bench_runner.c:115:25: warning: ‘g_alloc_bytes’ defined but not used [-Wunused-variable]
  115 | static _Atomic uint64_t g_alloc_bytes = 0;
      |                         ^~~~~~~~~~~~~
bench_runner.c:114:25: warning: ‘g_alloc_count’ defined but not used [-Wunused-variable]
  114 | static _Atomic uint64_t g_alloc_count = 0;
      |                         ^~~~~~~~~~~~~
weft.c:15:9: warning: "_GNU_SOURCE" redefined
   15 | #define _GNU_SOURCE  // for posix_memalign
      |         ^~~~~~~~~~~
<command-line>: note: this is the location of the previous definition
# Loaded bench catalog: weft-bench v1
  running c B1-pub-throughput...
    -> exit=0 elapsed=6.0s pass=True
  running c B2-contended...
    -> exit=0 elapsed=3.0s pass=True
  running c B3-scaling-fingerprint...
    -> exit=0 elapsed=0.4s pass=True
  running c B4-display-adversarial...
    -> exit=0 elapsed=10.0s pass=True
  running c B5-memory-contract...
    -> exit=0 elapsed=0.3s pass=True
  running rust B1-pub-throughput...
    -> exit=0 elapsed=6.0s pass=True
  running rust B2-contended...
    -> exit=0 elapsed=3.0s pass=True
  running rust B3-scaling-fingerprint...
    -> exit=0 elapsed=1.1s pass=True
  running rust B4-display-adversarial...
    -> exit=0 elapsed=10.0s pass=True
  running rust B5-memory-contract...
    -> exit=0 elapsed=0.4s pass=True
  running ts B1-pub-throughput...
    -> exit=0 elapsed=6.2s pass=True
  running ts B2-contended...
    -> exit=0 elapsed=3.1s pass=True
  running ts B3-scaling-fingerprint...
    -> exit=0 elapsed=1.8s pass=True
  running ts B4-display-adversarial...
    -> exit=0 elapsed=10.1s pass=True
  running ts B5-memory-contract...
    -> exit=0 elapsed=0.7s pass=True
Wrote /home/z/my-project/scripts/_clean_tree_r3/weft/bench/REPORT.md
Wrote /home/z/my-project/scripts/_clean_tree_r3/weft/bench/results.json (sha256: 57e82fcc81c74f76...)
/home/z/my-project/upload/weft-docs/weft-docs/weft/core/c/weft.c:15:9: warning: "_GNU_SOURCE" redefined
   15 | #define _GNU_SOURCE  // for posix_memalign
      |         ^~~~~~~~~~~
<command-line>: note: this is the location of the previous definition
