==================================================
SHARD: simd-blend
DESCRIPTION: Q12 raster blend: C golden gates + xlang-blend cross-language digests + bench
STATUS: PASSED ✅
COMMIT: 8e256ce3d696f6cfb66be32d6e8ae6c326bff051
RUN: 171
==================================================

== simd-blend shard: env x86_64/Linux ==
-- C kernel gates --
Makefile:519: warning: overriding recipe for target 'tensor-test'
Makefile:335: warning: ignoring old recipe for target 'tensor-test'
Makefile:522: warning: overriding recipe for target 'tensor-test-asan'
Makefile:338: warning: ignoring old recipe for target 'tensor-test-asan'
== blend_test: impl=avx2 (2) ==
B1 boundaries: OK
B2 parity sweep: OK (154 path-checks, all == scalar)
B3 alpha sweep 0..4096 (dispatched): OK
B4 in-place aliasing: OK
blend_test: ALL GATES GREEN
blend-test: ALL GATES GREEN
-- xlang-blend golden gate --
== xlang-blend golden parity: env x86_64/Linux ==
-- C kernel (golden source) --
Makefile:519: warning: overriding recipe for target 'tensor-test'
Makefile:335: warning: ignoring old recipe for target 'tensor-test'
Makefile:522: warning: overriding recipe for target 'tensor-test-asan'
Makefile:338: warning: ignoring old recipe for target 'tensor-test-asan'
   blend-test gates GREEN
   golden-vectors.csv matches the kernel
-- TS verifier (reference port) --
xlang-blend TS verifier: 63/63 golden digests match
-- Kotlin verifier --
xlang-blend Kotlin verifier: 63/63 golden digests match
-- Dart verifier: DECLARED skip (no dart; flutter-packages leg owns it) --
-- Swift port: DECLARED skip (no swiftc; apple-packages compiles + golden-gates it) --

xlang-blend: ran=3 declared_skips=2
✅ xlang-blend parity: every executed port byte-identical to the C kernel
xlang-blend parity GREEN
-- blend_runner benchmark --
== blend_runner: dispatch=avx2 ==
256x256-hot (65536 words): scalar   287736 ns/frame (  2.7 GB/s) | avx2    21253 ns/frame ( 37.0 GB/s) | speedup 13.54x
1080p (2073600 words): scalar  9067809 ns/frame (  2.7 GB/s) | avx2   684650 ns/frame ( 36.3 GB/s) | speedup 13.24x
4K (8294400 words): scalar 36273914 ns/frame (  2.7 GB/s) | avx2  2923704 ns/frame ( 34.0 GB/s) | speedup 12.41x
8K (33177600 words): scalar 145243016 ns/frame (  2.7 GB/s) | avx2 12260816 ns/frame ( 32.5 GB/s) | speedup 11.85x
✅ simd-blend shard GREEN
