==================================================
SHARD: simd-blend
DESCRIPTION: Q12 raster blend: C golden gates + xlang-blend cross-language digests + bench
STATUS: PASSED ✅
COMMIT: c9ab26d45ba2a78511b3843aa2a163d509be9d4b
RUN: 124
==================================================

== simd-blend shard: env x86_64/Linux ==
-- C kernel gates --
== blend_test: impl=avx2 (2) ==
B1 boundaries: OK
B2 parity sweep: OK (154 path-checks, all == scalar)
B3 alpha sweep 0..4096 (dispatched): OK
B4 in-place aliasing: OK
blend_test: ALL GATES GREEN
blend-test: ALL GATES GREEN
-- xlang-blend golden gate --
== xlang-blend golden parity: env x86_64/Linux ==
-- C kernel (golden source) --
   blend-test gates GREEN
   golden-vectors.csv matches the kernel
-- TS verifier (reference port) --
xlang-blend TS verifier: 63/63 golden digests match
-- Kotlin verifier --
xlang-blend Kotlin verifier: 63/63 golden digests match
-- Dart verifier: DECLARED skip (no dart; flutter-packages leg owns it) --
-- Swift port: DECLARED skip (no swiftc; apple-packages compiles + golden-gates it) --

xlang-blend: ran=3 declared_skips=2
✅ xlang-blend parity: every executed port byte-identical to the C kernel
xlang-blend parity GREEN
-- blend_runner benchmark --
== blend_runner: dispatch=avx2 ==
256x256-hot (65536 words): scalar   195365 ns/frame (  4.0 GB/s) | avx2    24593 ns/frame ( 32.0 GB/s) | speedup 7.94x
1080p (2073600 words): scalar  6246372 ns/frame (  4.0 GB/s) | avx2  1055890 ns/frame ( 23.6 GB/s) | speedup 5.92x
4K (8294400 words): scalar 24979687 ns/frame (  4.0 GB/s) | avx2  6814211 ns/frame ( 14.6 GB/s) | speedup 3.67x
8K (33177600 words): scalar 101021046 ns/frame (  3.9 GB/s) | avx2 26640814 ns/frame ( 14.9 GB/s) | speedup 3.79x
✅ simd-blend shard GREEN
