==================================================
SHARD: simd-blend
DESCRIPTION: Q12 raster blend: C golden gates + xlang-blend cross-language digests + bench
STATUS: PASSED ✅
COMMIT: 341b54f629856dcf31bc5a05f9d65cf1f2aeb6b0
RUN: 186
==================================================

== simd-blend shard: env x86_64/Linux ==
-- C kernel gates --
== blend_test: impl=avx2 (2) ==
B1 boundaries: OK
B2 parity sweep: OK (154 path-checks, all == scalar)
B3 alpha sweep 0..4096 (dispatched): OK
B4 in-place aliasing: OK
blend_test: ALL GATES GREEN
blend-test: ALL GATES GREEN
-- xlang-blend golden gate --
== xlang-blend golden parity: env x86_64/Linux ==
-- C kernel (golden source) --
   blend-test gates GREEN
   golden-vectors.csv matches the kernel
-- TS verifier (reference port) --
xlang-blend TS verifier: 63/63 golden digests match
-- Kotlin verifier --
xlang-blend Kotlin verifier: 63/63 golden digests match
-- Dart verifier: DECLARED skip (no dart; flutter-packages leg owns it) --
-- Swift port: DECLARED skip (no swiftc; apple-packages compiles + golden-gates it) --

xlang-blend: ran=3 declared_skips=2
✅ xlang-blend parity: every executed port byte-identical to the C kernel
xlang-blend parity GREEN
-- blend_runner benchmark --
== blend_runner: dispatch=avx2 ==
256x256-hot (65536 words): scalar   252890 ns/frame (  3.1 GB/s) | avx2    17026 ns/frame ( 46.2 GB/s) | speedup 14.85x
1080p (2073600 words): scalar  7942373 ns/frame (  3.1 GB/s) | avx2   615053 ns/frame ( 40.5 GB/s) | speedup 12.91x
4K (8294400 words): scalar 31813631 ns/frame (  3.1 GB/s) | avx2  2699008 ns/frame ( 36.9 GB/s) | speedup 11.79x
8K (33177600 words): scalar 127192533 ns/frame (  3.1 GB/s) | avx2 10946269 ns/frame ( 36.4 GB/s) | speedup 11.62x
✅ simd-blend shard GREEN
