==================================================
SHARD: bench-b-ts
DESCRIPTION: B1-B5 benchmarks, TS kernel
STATUS: PASSED ✅
COMMIT: 341b54f629856dcf31bc5a05f9d65cf1f2aeb6b0
RUN: 186
==================================================

# Loaded bench catalog: weft-bench v1
  running ts B1-pub-throughput...
    -> exit=0 elapsed=6.2s pass=True
  running ts B2-contended...
    -> exit=0 elapsed=3.1s pass=True
  running ts B3-scaling-fingerprint...
    -> exit=0 elapsed=0.8s pass=True
  running ts B4-display-adversarial...
    -> exit=0 elapsed=10.1s pass=True
  running ts B5-memory-contract...
    -> exit=0 elapsed=0.7s pass=True
Wrote /home/runner/work/Weft/Weft/bench/REPORT.md
Wrote /home/runner/work/Weft/Weft/bench/results.json (sha256: 7b6f34de21c7c513...)
er/work/Weft/Weft/bench/REPORT.md
Wrote /home/runner/work/Weft/Weft/bench/results.json (sha256: 7b6f34de21c7c513...)
Canonical bundle restored: 16b5c663433a37540c77f9dd6e4b83abe3eed929cc4c142813ad0b684f5498f8
{
  "shard": "bench-b-ts",
  "status": "PASSED",
  "cells_pass": 5,
  "cells_total": 5,
  "cells": {
    "ts/B1-pub-throughput": true,
    "ts/B2-contended": true,
    "ts/B3-scaling-fingerprint": true,
    "ts/B4-display-adversarial": true,
    "ts/B5-memory-contract": true
  },
  "canonical_sha256_prefix": "16b5c663"
}
