==================================================
SHARD: weftc-codegen
DESCRIPTION: Project weftc Pillar 1: C11/Rust/WGSL/GLSL codegen — determinism + goldens + Law-4 refusal matrix + C x3 flavors + Rust no_std + xlang bit-exact + GPU double-entry
STATUS: PASSED ✅
COMMIT: 6004ec66bd06211edfeb3791c78f6d8ed6ae8dee
RUN: 191
==================================================


=== environment (glslang-tools when apt available) ===
glslangValidator present

=== weftc-codegen Pillar 1 verification gate ===
make: Entering directory '/home/runner/work/Weft/Weft/tools/weftc/codegen'
cc -std=c11 -O2 -Wall -Wextra -Werror -pedantic -o weftc-codegen main.c weftc_codegen.c weft_ir.c c/emit_c.c rust/emit_rust.c gpu/gpu_layout.c gpu/emit_wgsl.c gpu/emit_glsl.c
./tests/run_tests.sh

=== build weftc-codegen (pure C11, -Werror -pedantic) ===
[weftc-codegen] generator built

=== generate all targets for all fixtures ===
[weftc-codegen] initial generation done

=== determinism: regenerate and byte-compare ===
[weftc-codegen] PASS: two runs are byte-identical (deterministic codegen)

=== golden files: committed goldens == fresh output ===
[weftc-codegen] PASS: golden identity (generator output has not drifted)

=== Law 4: exact set of GPU refusals ===
[weftc-codegen] PASS: expected refusal present: \[wgsl\] mcu_status: storage variant withheld
[weftc-codegen] PASS: expected refusal present: \[glsl\] mcu_status: std430 variant withheld
[weftc-codegen] PASS: expected refusal present: \[wgsl\] axis_sample: storage variant withheld
[weftc-codegen] PASS: expected refusal present: \[wgsl\] sensor_event: storage variant withheld
[weftc-codegen] PASS: expected refusal present: \[glsl\] axis_sample: std430 variant withheld
[weftc-codegen] PASS: expected refusal present: \[glsl\] sensor_event: std430 variant withheld
[weftc-codegen] PASS: expected refusal present: \[glsl\] audio_peak: std430 variant withheld
[weftc-codegen] PASS: telemetry_frame is warning-free
[weftc-codegen] PASS: camera_exposure is warning-free

=== C roundtrip: build + selftest (default / AVX2 / ASAN+UBSAN) ===
[c-roundtrip] ALL PASS (65 gates)
[c-roundtrip] ALL PASS (65 gates)
[c-roundtrip] ALL PASS (65 gates)
[c-roundtrip] ALL PASS (65 gates)

=== AVX2 vs scalar: stage-1 bins byte-identical (SIMD and scalar agree) ===
[weftc-codegen] PASS: AVX2 and scalar builds produce byte-identical stage-1 bins

=== Rust: no_std lib compile (Law 2) + cross-language roundtrip ===

running 0 tests

test result: ok. 0 passed; 0 failed; 0 ignored; 0 measured; 0 filtered out; finished in 0.00s


running 8 tests
test batch_scan_helper ... ok
test stage1_audio_peak_bit_exact ... ok
test stage1_sensor_event_bit_exact ... ok
test stage1_camera_exposure_bit_exact ... ok
test stage1_mcu_status_bit_exact ... ok
test stage1_telemetry_frame_bit_exact ... ok
test stage2_write_mutations ... ok
test f16_exhaustive_identity ... ok

test result: ok. 8 passed; 0 failed; 0 ignored; 0 measured; 0 filtered out; finished in 0.00s


running 0 tests

test result: ok. 0 passed; 0 failed; 0 ignored; 0 measured; 0 filtered out; finished in 0.00s

[weftc-codegen] PASS: cargo test (no_std lib + roundtrip protocol)

=== C verify-stage2 (Rust-written bins re-read bit-exact) ===
[c-roundtrip] ALL PASS (70 gates)

=== GPU layout double-entry (emitted WGSL/GLSL vs C offsetof) ===
[gpu-check] ALL PASS (49 checks — WGSL+GLSL independently recomputed vs C offsetof)

=== glslangValidator: .comp proof shaders compile (optional) ===
[weftc-codegen] PASS: telemetry_frame_validate.comp -> SPIR-V
[weftc-codegen] PASS: camera_exposure_validate.comp -> SPIR-V

[weftc-codegen] SHARD PASSED: determinism + goldens + Law-4 matrix + C x3 flavors +
[weftc-codegen]                Rust no_std/bit-exact + stage2 verify + GPU double-entry
make: Leaving directory '/home/runner/work/Weft/Weft/tools/weftc/codegen'
gate green
✅ weftc-codegen shard PASSED
