==================================================
SHARD: simd-blend
DESCRIPTION: Q12 raster blend: C golden gates + xlang-blend cross-language digests + bench
STATUS: PASSED ✅
COMMIT: 6004ec66bd06211edfeb3791c78f6d8ed6ae8dee
RUN: 191
==================================================

== simd-blend shard: env x86_64/Linux ==
-- C kernel gates --
== blend_test: impl=avx2 (2) ==
B1 boundaries: OK
B2 parity sweep: OK (154 path-checks, all == scalar)
B3 alpha sweep 0..4096 (dispatched): OK
B4 in-place aliasing: OK
blend_test: ALL GATES GREEN
blend-test: ALL GATES GREEN
-- xlang-blend golden gate --
== xlang-blend golden parity: env x86_64/Linux ==
-- C kernel (golden source) --
   blend-test gates GREEN
   golden-vectors.csv matches the kernel
-- TS verifier (reference port) --
xlang-blend TS verifier: 63/63 golden digests match
-- Kotlin verifier --
xlang-blend Kotlin verifier: 63/63 golden digests match
-- Dart verifier: DECLARED skip (no dart; flutter-packages leg owns it) --
-- Swift port: DECLARED skip (no swiftc; apple-packages compiles + golden-gates it) --

xlang-blend: ran=3 declared_skips=2
✅ xlang-blend parity: every executed port byte-identical to the C kernel
xlang-blend parity GREEN
-- blend_runner benchmark --
== blend_runner: dispatch=avx2 ==
256x256-hot (65536 words): scalar   305585 ns/frame (  2.6 GB/s) | avx2    20729 ns/frame ( 37.9 GB/s) | speedup 14.74x
1080p (2073600 words): scalar  9684095 ns/frame (  2.6 GB/s) | avx2   656253 ns/frame ( 37.9 GB/s) | speedup 14.76x
4K (8294400 words): scalar 39130932 ns/frame (  2.5 GB/s) | avx2  3452010 ns/frame ( 28.8 GB/s) | speedup 11.34x
8K (33177600 words): scalar 153033617 ns/frame (  2.6 GB/s) | avx2 13464792 ns/frame ( 29.6 GB/s) | speedup 11.37x
✅ simd-blend shard GREEN
