==================================================
SHARD: fanout-concurrent
DESCRIPTION: 1 writer + 4 reader workers, integrity-gated + daisy-chain
STATUS: PASSED ✅
COMMIT: 6004ec66bd06211edfeb3791c78f6d8ed6ae8dee
RUN: 191
==================================================

────────────────────────────────────────────────────────────────────────
RFC 0004 — CONCURRENT fan-out torture test (worker_threads, true parallelism)
────────────────────────────────────────────────────────────────────────
phase 1  sprint : writer 2.551M pub/s over 400000 frames (157 ms) — 4 verifying readers
  reader[0] fresh=185610 dropped=214390 stale=119176 tornRetries=968 notReady=66026 exhausted=97 violations=0 (162 ms)
  reader[1] fresh=146386 dropped=253613 stale=59951 tornRetries=678 notReady=42624 exhausted=69 violations=0 (164 ms)
  reader[2] fresh=95849 dropped=304151 stale=93896 tornRetries=14 notReady=167993 exhausted=0 violations=0 (176 ms)
  reader[3] fresh=106352 dropped=293592 stale=44031 tornRetries=12 notReady=0 exhausted=0 violations=0 (151 ms)
phase 2  daisy  : Triad kernel → broadcaster → ring → 4 readers over 120000 frames (263 ms, 457K frames/s)
  reader[0] fresh=38182 dropped=81818 stale=607988 tornRetries=43 notReady=2128642 exhausted=0 violations=0 (393 ms)
  reader[1] fresh=69059 dropped=50880 stale=687598 tornRetries=57 notReady=1473553 exhausted=0 violations=0 (401 ms)
  reader[2] fresh=76256 dropped=43744 stale=713356 tornRetries=47 notReady=2625991 exhausted=0 violations=0 (405 ms)
  reader[3] fresh=83268 dropped=36731 stale=698947 tornRetries=36 notReady=2287089 exhausted=0 violations=0 (386 ms)
────────────────────────────────────────────────────────────────────────
GATE: ALL PASSED ✅  (integrity, convergence, exact drop accounting, daisy-chain)
────────────────────────────────────────────────────────────────────────
RFC 0004 — CONCURRENT fan-out benchmark (1 writer + 4 readers, worker_threads)
────────────────────────────────────────────────────────────────────────
Environment Tag: node / linux-sandbox (SharedArrayBuffer + Atomics, all SeqCst)
Writer: 1000000 publishes in 470 ms  →  2.126M publishes/sec  (latch protocol INCLUDED)
  reader[0]: fresh=532144 dropped=467856 claims=2799972 → 1.037M fresh claims/sec (513 ms)
  reader[1]: fresh=887614 dropped=112386 claims=2967541 → 1.753M fresh claims/sec (506 ms)
  reader[2]: fresh=655411 dropped=344589 claims=2760864 → 1.291M fresh claims/sec (508 ms)
  reader[3]: fresh=715187 dropped=284764 claims=2005165 → 1.510M fresh claims/sec (474 ms)
Aggregate: 2.790M fresh deliveries across 4 readers; drops are per-reader (Law 4) and exact.
Law 2 invariant: publish/claim paths allocate nothing (pre-allocated views + out-params).
────────────────────────────────────────────────────────────────────────
✅ fanout-concurrent shard PASSED
