==================================================
SHARD: perf-regression
DESCRIPTION: W-suite P99 vs pinned baseline; >15% drop = FAIL
STATUS: PASSED ✅
COMMIT: ef53e62f7b888bd1c109a24d695c26b429b8aa03
RUN: 208
==================================================

→ W1/A ... P99=77.8 alloc/frame=0.0 [PASS]
→ W1/B ... P99=76.8 alloc/frame=0.0 [PASS]
→ W1/C .../home/runner/work/Weft/Weft/core/c/weft.c:15: warning: "_GNU_SOURCE" redefined
   15 | #define _GNU_SOURCE  // for posix_memalign
      | 
<command-line>: note: this is the location of the previous definition
→ compiling Weft C kernel to /home/runner/work/Weft/Weft/core/c/libweft.so
 P99=90.2 alloc/frame=0.0 [PASS]
→ W1/D ... P99=55.0 alloc/frame=0.0 [PASS]
→ W2/A ... P99=53.0 alloc/frame=0.0 [PASS]
→ W2/B ... P99=73.6 alloc/frame=0.0 [PASS]
→ W2/C ... P99=72.6 alloc/frame=0.0 [PASS]
→ W2/D ... P99=26.7 alloc/frame=0.0 [PASS]
→ W3/A ... P99=6.3 alloc/frame=0.0 [PASS]
→ W3/B ... P99=7.9 alloc/frame=0.0 [PASS]
→ W3/C ... P99=7.1 alloc/frame=0.0 [PASS]
→ W3/D ... P99=4.3 alloc/frame=0.0 [PASS]
→ W4/A ... P99=1851.3 alloc/frame=0.0 [PASS]
→ W4/B ... P99=1903.9 alloc/frame=0.0 [PASS]
→ W4/C ... P99=1871.4 alloc/frame=0.0 [PASS]
→ W4/D ... P99=1859.7 alloc/frame=0.0 [PASS]
→ W5/A ... P99=8.3 alloc/frame=0.0 [PASS]
→ W5/B ... P99=16.5 alloc/frame=0.0 [PASS]
→ W5/C ... P99=16.6 alloc/frame=0.0 [PASS]
→ W5/D ... P99=8.0 alloc/frame=0.0 [PASS]

✓ W-suite bundle: /home/runner/work/Weft/Weft/bench/results/wsuite-x86_64-sandbox.json
  cells: 20 (target: 20 = 5 workloads × 4 backends)
  pass: 20/20
W1/B ... P99=76.8 alloc/frame=0.0 [PASS]
→ W1/C .../home/runner/work/Weft/Weft/core/c/weft.c:15: warning: "_GNU_SOURCE" redefined
   15 | #define _GNU_SOURCE  // for posix_memalign
      | 
<command-line>: note: this is the location of the previous definition
→ compiling Weft C kernel to /home/runner/work/Weft/Weft/core/c/libweft.so
 P99=90.2 alloc/frame=0.0 [PASS]
→ W1/D ... P99=55.0 alloc/frame=0.0 [PASS]
→ W2/A ... P99=53.0 alloc/frame=0.0 [PASS]
→ W2/B ... P99=73.6 alloc/frame=0.0 [PASS]
→ W2/C ... P99=72.6 alloc/frame=0.0 [PASS]
→ W2/D ... P99=26.7 alloc/frame=0.0 [PASS]
→ W3/A ... P99=6.3 alloc/frame=0.0 [PASS]
→ W3/B ... P99=7.9 alloc/frame=0.0 [PASS]
→ W3/C ... P99=7.1 alloc/frame=0.0 [PASS]
→ W3/D ... P99=4.3 alloc/frame=0.0 [PASS]
→ W4/A ... P99=1851.3 alloc/frame=0.0 [PASS]
→ W4/B ... P99=1903.9 alloc/frame=0.0 [PASS]
→ W4/C ... P99=1871.4 alloc/frame=0.0 [PASS]
→ W4/D ... P99=1859.7 alloc/frame=0.0 [PASS]
→ W5/A ... P99=8.3 alloc/frame=0.0 [PASS]
→ W5/B ... P99=16.5 alloc/frame=0.0 [PASS]
→ W5/C ... P99=16.6 alloc/frame=0.0 [PASS]
→ W5/D ... P99=8.0 alloc/frame=0.0 [PASS]

✓ W-suite bundle: /home/runner/work/Weft/Weft/bench/results/wsuite-x86_64-sandbox.json
  cells: 20 (target: 20 = 5 workloads × 4 backends)
  pass: 20/20
{
  "shard": "perf-regression",
  "status": "PASSED",
  "threshold_pct": 5,
  "regression_count": 0,
  "improvement_count": 20,
  "cells_compared": 20,
  "regressions": [],
  "improvements": [
    {
      "workload": "W1",
      "backend": "A",
      "baseline": 7.3,
      "actual": 77.8,
      "delta_pct": 965.8,
      "reason": "improvement"
    },
    {
      "workload": "W1",
      "backend": "B",
      "baseline": 44.6,
      "actual": 76.8,
      "delta_pct": 72.2,
      "reason": "improvement"
    },
    {
      "workload": "W1",
      "backend": "C",
      "baseline": 7.8,
      "actual": 90.2,
      "delta_pct": 1056.4,
      "reason": "improvement"
    },
    {
      "workload": "W1",
      "backend": "D",
      "baseline": 18.6,
      "actual": 55.0,
      "delta_pct": 195.7,
      "reason": "improvement"
    },
    {
      "workload": "W2",
      "backend": "A",
      "baseline": 4.3,
      "actual": 53.0,
      "delta_pct": 1132.6,
      "reason": "improvement"
    },
    {
      "workload": "W2",
      "backend": "B",
      "baseline": 6.1,
      "actual": 73.6,
      "delta_pct": 1106.6,
      "reason": "improvement"
    },
    {
      "workload": "W2",
      "backend": "C",
      "baseline": 16.4,
      "actual": 72.6,
      "delta_pct": 342.7,
      "reason": "improvement"
    },
    {
      "workload": "W2",
      "backend": "D",
      "baseline": 7.5,
      "actual": 26.7,
      "delta_pct": 256.0,
      "reason": "improvement"
    },
    {
      "workload": "W3",
      "backend": "A",
      "baseline": 2.6,
      "actual": 6.3,
      "delta_pct": 142.3,
      "reason": "improvement"
    },
    {
      "workload": "W3",
      "backend": "B",
      "baseline": 3.7,
      "actual": 7.9,
      "delta_pct": 113.5,
      "reason": "improvement"
    },
    {
      "workload": "W3",
      "backend": "C",
      "baseline": 2.8,
      "actual": 7.1,
      "delta_pct": 153.6,
      "reason": "improvement"
    },
    {
      "workload": "W3",
      "backend": "D",
      "baseline": 1.1,
      "actual": 4.3,
      "delta_pct": 290.9,
      "reason": "improvement"
    },
    {
      "workload": "W4",
      "backend": "A",
      "baseline": 659.0,
      "actual": 1851.3,
      "delta_pct": 180.9,
      "reason": "improvement"
    },
    {
      "workload": "W4",
      "backend": "B",
      "baseline": 681.4,
      "actual": 1903.9,
      "delta_pct": 179.4,
      "reason": "improvement"
    },
    {
      "workload": "W4",
      "backend": "C",
      "baseline": 578.3,
      "actual": 1871.4,
      "delta_pct": 223.6,
      "reason": "improvement"
    },
    {
      "workload": "W4",
      "backend": "D",
      "baseline": 409.0,
      "actual": 1859.7,
      "delta_pct": 354.7,
      "reason": "improvement"
    },
    {
      "workload": "W5",
      "backend": "A",
      "baseline": 5.4,
      "actual": 8.3,
      "delta_pct": 53.7,
      "reason": "improvement"
    },
    {
      "workload": "W5",
      "backend": "B",
      "baseline": 7.7,
      "actual": 16.5,
      "delta_pct": 114.3,
      "reason": "improvement"
    },
    {
      "workload": "W5",
      "backend": "C",
      "baseline": 7.7,
      "actual": 16.6,
      "delta_pct": 115.6,
      "reason": "improvement"
    },
    {
      "workload": "W5",
      "backend": "D",
      "baseline": 3.2,
      "actual": 8.0,
      "delta_pct": 150.0,
      "reason": "improvement"
    }
  ],
  "all_compared": [
    {
      "workload": "W1",
      "backend": "A",
      "baseline_p99": 7.3,
      "actual_p99": 77.8,
      "delta_pct": 965.8
    },
    {
      "workload": "W1",
      "backend": "B",
      "baseline_p99": 44.6,
      "actual_p99": 76.8,
      "delta_pct": 72.2
    },
    {
      "workload": "W1",
      "backend": "C",
      "baseline_p99": 7.8,
      "actual_p99": 90.2,
      "delta_pct": 1056.4
    },
    {
      "workload": "W1",
      "backend": "D",
      "baseline_p99": 18.6,
      "actual_p99": 55.0,
      "delta_pct": 195.7
    },
    {
      "workload": "W2",
      "backend": "A",
      "baseline_p99": 4.3,
      "actual_p99": 53.0,
      "delta_pct": 1132.6
    },
    {
      "workload": "W2",
      "backend": "B",
      "baseline_p99": 6.1,
      "actual_p99": 73.6,
      "delta_pct": 1106.6
    },
    {
      "workload": "W2",
      "backend": "C",
      "baseline_p99": 16.4,
      "actual_p99": 72.6,
      "delta_pct": 342.7
    },
    {
      "workload": "W2",
      "backend": "D",
      "baseline_p99": 7.5,
      "actual_p99": 26.7,
      "delta_pct": 256.0
    },
    {
      "workload": "W3",
      "backend": "A",
      "baseline_p99": 2.6,
      "actual_p99": 6.3,
      "delta_pct": 142.3
    },
    {
      "workload": "W3",
      "backend": "B",
      "baseline_p99": 3.7,
      "actual_p99": 7.9,
      "delta_pct": 113.5
    },
    {
      "workload": "W3",
      "backend": "C",
      "baseline_p99": 2.8,
      "actual_p99": 7.1,
      "delta_pct": 153.6
    },
    {
      "workload": "W3",
      "backend": "D",
      "baseline_p99": 1.1,
      "actual_p99": 4.3,
      "delta_pct": 290.9
    },
    {
      "workload": "W4",
      "backend": "A",
      "baseline_p99": 659.0,
      "actual_p99": 1851.3,
      "delta_pct": 180.9
    },
    {
      "workload": "W4",
      "backend": "B",
      "baseline_p99": 681.4,
      "actual_p99": 1903.9,
      "delta_pct": 179.4
    },
    {
      "workload": "W4",
      "backend": "C",
      "baseline_p99": 578.3,
      "actual_p99": 1871.4,
      "delta_pct": 223.6
    },
    {
      "workload": "W4",
      "backend": "D",
      "baseline_p99": 409.0,
      "actual_p99": 1859.7,
      "delta_pct": 354.7
    },
    {
      "workload": "W5",
      "backend": "A",
      "baseline_p99": 5.4,
      "actual_p99": 8.3,
      "delta_pct": 53.7
    },
    {
      "workload": "W5",
      "backend": "B",
      "baseline_p99": 7.7,
      "actual_p99": 16.5,
      "delta_pct": 114.3
    },
    {
      "workload": "W5",
      "backend": "C",
      "baseline_p99": 7.7,
      "actual_p99": 16.6,
      "delta_pct": 115.6
    },
    {
      "workload": "W5",
      "backend": "D",
      "baseline_p99": 3.2,
      "actual_p99": 8.0,
      "delta_pct": 150.0
    }
  ]
}

-> publish/claim P50+P99 latency vs ci/baselines/publish-claim-p99-baseline.json
  PASS claim_p50: {'actual': 31, 'baseline': 40, 'ok': True}
  PASS claim_p99: {'actual': 2254, 'limit': 20000, 'noise_cap': 20000, 'ok': True}
  PASS publish_p50: {'actual': 40, 'baseline': 48, 'ok': True}
  PASS publish_p99: {'actual': 130, 'limit': 20000, 'noise_cap': 20000, 'ok': True}

=== Perf-regression status: PASSED ===
✅ No performance regressions
