==================================================
SHARD: simd-blend
DESCRIPTION: Q12 raster blend: C golden gates + xlang-blend cross-language digests + bench
STATUS: PASSED ✅
COMMIT: ef53e62f7b888bd1c109a24d695c26b429b8aa03
RUN: 208
==================================================

== simd-blend shard: env x86_64/Linux ==
-- C kernel gates --
== blend_test: impl=avx2 (2) ==
B1 boundaries: OK
B2 parity sweep: OK (154 path-checks, all == scalar)
B3 alpha sweep 0..4096 (dispatched): OK
B4 in-place aliasing: OK
blend_test: ALL GATES GREEN
blend-test: ALL GATES GREEN
-- xlang-blend golden gate --
== xlang-blend golden parity: env x86_64/Linux ==
-- C kernel (golden source) --
   blend-test gates GREEN
   golden-vectors.csv matches the kernel
-- TS verifier (reference port) --
xlang-blend TS verifier: 63/63 golden digests match
-- Kotlin verifier --
xlang-blend Kotlin verifier: 63/63 golden digests match
-- Dart verifier: DECLARED skip (no dart; flutter-packages leg owns it) --
-- Swift port: DECLARED skip (no swiftc; apple-packages compiles + golden-gates it) --

xlang-blend: ran=3 declared_skips=2
✅ xlang-blend parity: every executed port byte-identical to the C kernel
xlang-blend parity GREEN
-- blend_runner benchmark --
== blend_runner: dispatch=avx2 ==
256x256-hot (65536 words): scalar   286825 ns/frame (  2.7 GB/s) | avx2    21615 ns/frame ( 36.4 GB/s) | speedup 13.27x
1080p (2073600 words): scalar  9060746 ns/frame (  2.7 GB/s) | avx2   729392 ns/frame ( 34.1 GB/s) | speedup 12.42x
4K (8294400 words): scalar 36267192 ns/frame (  2.7 GB/s) | avx2  2975396 ns/frame ( 33.5 GB/s) | speedup 12.19x
8K (33177600 words): scalar 148802822 ns/frame (  2.7 GB/s) | avx2 12385198 ns/frame ( 32.1 GB/s) | speedup 12.01x
✅ simd-blend shard GREEN
