==================================================
SHARD: weft-tensor-managed
DESCRIPTION: Project weft-tensor Pillar 2: WTR1 layout, TS/Python ingestion engines, DLPack/NumPy bridge, cross-language parity, React/Flutter AI hooks/widgets, 120 FPS flight demo, alloc probes
STATUS: PASSED ✅
COMMIT: da5e45a51f2d2520b61ea45524b7e18edb4fc957
RUN: 241
==================================================

[1/8] fixture determinism
OK /home/runner/work/Weft/Weft/fixtures/weft-tensor/ring-v1-f32.bin (640 B) byte-identical
OK /home/runner/work/Weft/Weft/fixtures/weft-tensor/ring-v1-u8.bin (640 B) byte-identical
[2/8] TypeScript suite
✔ zero-alloc probe [ring] — 100k steady-state ops stay flat (160.273128ms)
✔ zero-alloc probe [ingest] — 100k steady-state ops stay flat (80.661834ms)
✔ zero-alloc probe [audio] — 100k steady-state ops stay flat (93.170236ms)
✔ zero-alloc probe [render] — 100k steady-state ops stay flat (1208.929474ms)
✔ zero-alloc probe [overlay] — 100k steady-state ops stay flat (52.732751ms)
✔ negative control: a deliberately-allocating loop IS caught (51.296631ms)
✔ f32 fixture: header fields, 10 frames, dyadic payload parity (1.900837ms)
✔ u8 fixture: header fields, 6 frames, byte payload parity (0.863766ms)
✔ WebCodecs sync fast path: bytes land in ring, no intermediate (2.618066ms)
✔ WebCodecs async fast path resolves after the GPU readback lands (0.248637ms)
✔ copyTo failure is a DROP, never a throw into the frame loop (0.877336ms)
✔ legacy sync copyTo returning void still commits the full slot (0.306814ms)
✔ ImageData + raw paths (0.397607ms)
✔ ingestor dtype gate: f32 ring rejected (Law 4) (0.42708ms)
✔ AudioPcmFeeder: exact-fit chunks roll one slot per chunk (0.659764ms)
✔ AudioPcmFeeder: chunk spanning slot boundaries carries with zero gaps (0.385459ms)
✔ AudioPcmFeeder: tiny chunks accumulate then roll (worklet cadence) (0.337067ms)
✔ AudioPcmFeeder dtype gate + chunk size gate (Law 4) (0.417567ms)
✔ crc32 matches node:zlib over the static header region (3.004006ms)
✔ f16FromBits matches numpy float16 decode exactly (0.504265ms)
✔ f16ToBits matches numpy round-to-nearest-even (0.390577ms)
✔ fourcc round-trips as LE ASCII (0.239313ms)
✔ validateRingHeader accepts both golden fixtures (1.298358ms)
✔ fail-closed corruption matrix — every mutation gets a machine-readable code (1.045013ms)
✔ dtype validity table (0.134449ms)
✔ create() writes a self-validating header (round trip through attach) (2.108874ms)
✔ Canvas2DPlane: ONE ImageData reused, pixel-accurate blit per frame (2.360105ms)
✔ Canvas2DPlane dtype gate (Law 4) (0.538645ms)
✔ OverlayScratch + drawBoxes2D: bounded, reused, pixel records (0.770879ms)
✔ drawSkeleton2D honours confidence gating (0.321825ms)
✔ WebGL2Plane: zero-alloc texSubImage2D from the slot view + fullscreen tri (1.960235ms)
✔ create + typed commit + acquireLatest returns exact values, zero surprises (3.166425ms)
✔ byte commit path (Uint8Array) with short payload (bounded loop, no throw) (0.319462ms)
✔ acquireLatest(lastSeq) returns null when nothing new; acquireFrame bounds (1.088327ms)
✔ overrun: slotCount=2, 5 commits -> old seq gone, latest correct (0.395444ms)
✔ torn read: uncommitted slot is invisible, then visible after commit marker (0.310348ms)
✔ zero-copy begin/finish path matches convenience commit (0.261517ms)
✔ commit rejects wrong dtype / oversized payloads (fail-closed) (0.728106ms)
✔ create() input validation is fail-closed (0.287214ms)
✔ waitForNewFrame resolves via injected scheduler; timeout path returns null (39.414545ms)
✔ SharedArrayBuffer smoke: create(shared) + atomics publish + acquire (0.580538ms)
✔ ring stats counters are sealed and monotonic (0.159135ms)
✔ detectRuntime identifies node (this process) (0.828784ms)
✔ detectRuntime: browser / deno / bun / worker / electron fakes (0.216009ms)
✔ runtimeMatrix feature list stays sorted/deterministic (0.59566ms)
✔ assertShareable accepts SAB, rejects plain ArrayBuffer (0.392019ms)
ℹ tests 46
ℹ suites 0
ℹ pass 46
ℹ fail 0
ℹ cancelled 0
ℹ skipped 0
ℹ todo 0
ℹ duration_ms 1732.171964
[3/8] Python suite
.......s.............s................                                   [100%]
36 passed, 2 skipped in 9.04s
[4/8] TS producer -> Python consumer
{"producer":"typescript","path":"/tmp/tmp.gnlqBn90aI/ts_ring.bin","byteLength":640,"producerSeq":10,"slotStride":128,"schemaId":"fe77000000000000"}
{"consumer": "python", "path": "/tmp/tmp.gnlqBn90aI/ts_ring.bin", "framesValidated": [7, 8, 9, 10], "dlpackAlias": true, "ok": true}
[5/8] Python producer -> TS consumer
{"producer": "python", "path": "/tmp/tmp.gnlqBn90aI/py_ring.bin", "byteLength": 640, "producerSeq": 10, "slotStride": 128, "schemaId": "fe77000000000001"}
{"consumer":"typescript","path":"/tmp/tmp.gnlqBn90aI/py_ring.bin","framesValidated":[7,8,9,10],"ok":true}
[6/8] DLPack alias proof (consumed the TS-produced ring, pointer-checked)
    dlpack alias OK (slot ptr 0x5639066a2f30 inside ring 0x5639066a2df0..0x5639066a3070)
[7/8] zero-allocation probes (100k ops each, post-warmup, --expose-gc)
    {"mode":"ring","iters":100000,"heapBefore":4389904,"heapAfter":4402608,"deltaBytes":12704}
    {"mode":"ingest","iters":100000,"heapBefore":4417208,"heapAfter":4411416,"deltaBytes":-5792}
    {"mode":"audio","iters":100000,"heapBefore":4410792,"heapAfter":4405888,"deltaBytes":-4904}
    {"mode":"render","iters":100000,"heapBefore":4404960,"heapAfter":4406560,"deltaBytes":1600}
    {"mode":"overlay","iters":100000,"heapBefore":4284936,"heapAfter":4285648,"deltaBytes":712}
[8/8] latency gates (directive: commit < 50us)
    {"bench":"weft-tensor commit/acquire","node":"v24.20.0","video":{"geometry":"320x180 RGBA","slotCapBytes":230400,"commit":{"n":50000,"p50_us":0.15,"p99_us":0.801,"max_us":117.774},"acquire":{"n":50000,"p50_us":0.14,"p99_us":0.37,"max_us":111.564},"commit_under_50us":true},"audio":{"geometry":"2ch x 128 f32 (interleaved quanta 256)","slotCapBytes":1024,"commit":{"n":50000,"p50_us":0.381,"p99_us":0.48,"max_us":31.006},"acquire":{"n":50000,"p50_us":0.15,"p99_us":0.521,"max_us":130.102},"commit_under_50us":true}}
weft-tensor managed shard: ALL 8 STAGES GREEN
