==================================================
SHARD: weft-cluster-managed
DESCRIPTION: Project weft-cluster Pillar 3: TS wire/client/topology/router/metrics, Python wire/router/UDP parity, live UDP mesh, 100k zero-alloc probes, 1M fps burst, rendezvous router
STATUS: PASSED ✅
COMMIT: da5e45a51f2d2520b61ea45524b7e18edb4fc957
RUN: 241
==================================================

[1/8] kernel-core integrity (Law 3: core/c/weft.{c,h} byte-frozen)
    core/c/weft.{c,h} untouched
[2/8] TS wire vectors + cross-language guard
✔ crosslang: TS still decodes the frozen WCN1 vectors byte-exactly (0.947253ms)
✔ crosslang: TS rejects malformed fixtures with the frozen codes (0.148254ms)
✔ crosslang: FNV/CRC reference vectors match the fixture (0.187233ms)
✔ crc32 IEEE vectors (parity with Python zlib.crc32) (0.538675ms)
✔ fnv1a64 topic hash vectors (parity with Python impl) (0.166452ms)
✔ WCN1 header: little-endian byte layout is normative (0.146472ms)
✔ WCN1 round-trip: encode -> decode -> same fields (3.010826ms)
✔ Law 4: malformed datagrams map to the exact error taxonomy (0.184289ms)
✔ error names are stable (Law 4 contract) (0.193062ms)
✔ WGS1 gossip: encode + entries + decode round-trip (0.272853ms)
✔ WGS1: entry_count overrun is WC_E_TRUNCATED, not a crash (0.096777ms)
✔ Law 1: decodeInto is allocation-free (structural check) (0.46953ms)
ℹ tests 12
ℹ suites 0
ℹ pass 12
ℹ fail 0
ℹ cancelled 0
ℹ skipped 0
ℹ todo 0
ℹ duration_ms 49.6353
[3/8] Python wire + router vector parity
.........                                                                [100%]
9 passed in 0.18s
[4/8] TypeScript suite
✔ shm: publish -> subscribe async iterator, seq monotonic, payload intact (8.538952ms)
✔ shm: two subscribers fan out independently; unsubscribe stops flow (10.858602ms)
✔ shm: tryLatest reads newest without advancing the iterator (6.182555ms)
✔ Law 4: stale seq replays are dropped and counted (datagram path) (1.06437ms)
✔ udp: two clients, SUB control plane, live datagram pub/sub (34.534208ms)
✔ udp: publisher with zero subscribers stays silent (no peers dup) (1.062338ms)
✔ crosslang: TS still decodes the frozen WCN1 vectors byte-exactly (0.828193ms)
✔ crosslang: TS rejects malformed fixtures with the frozen codes (0.202387ms)
✔ crosslang: FNV/CRC reference vectors match the fixture (0.172551ms)
✔ registry: counters, gauges, histogram quantile sanity (1.884091ms)
✔ histogram bucket bounds follow the 1, 2, 3, 4, 6, 8, 12... sequence (0.174785ms)
✔ prometheus: exposition format with cumulative histogram buckets (0.916016ms)
✔ otel: OTLP/JSON document shape (resourceMetrics -> metrics) (0.954204ms)
✔ perfetto: .pftrace protobuf round-trips packets and track events (0.964961ms)
✔ prometheus: embedded /metrics server answers 200 over real HTTP (43.790976ms)
✔ router: deterministic owner across calls and instances (1.028025ms)
✔ router: cross-language owner vector (node seeds 11,22,33,44 / telemetry) (1.320698ms)
✔ router: 8-node balance within 3x envelope (5.044183ms)
✔ router: minimal disruption — adding 1 of 9 nodes moves ~1/9 of topics (7.642665ms)
✔ router: unrouted topic -> WC_E_TOPIC_UNROUTED (0.162907ms)
✔ router: removeNode stops routing to it; version bumps (0.110167ms)
✔ membership: upsert + hash-index lookup round-trip (1.195149ms)
✔ membership: open addressing survives heavy collisions (1.274369ms)
✔ gossip: 3 engines converge to a full membership view (socketless) (3.976918ms)
✔ gossip: stale incarnation ignored, higher incarnation wins (0.342688ms)
✔ gossip: LEAVING is sticky at equal incarnation, revive needs higher (0.233283ms)
✔ gossip: SWIM refutation — falsely-leaving node bumps incarnation (0.212762ms)
✔ gossip: silent nodes suspect then evicted (fake clock) (0.319473ms)
✔ gossip: graceful leave announces and propagates LEAVING (0.270489ms)
✔ crc32 IEEE vectors (parity with Python zlib.crc32) (0.579327ms)
✔ fnv1a64 topic hash vectors (parity with Python impl) (0.183588ms)
✔ WCN1 header: little-endian byte layout is normative (0.148494ms)
✔ WCN1 round-trip: encode -> decode -> same fields (2.448275ms)
✔ Law 4: malformed datagrams map to the exact error taxonomy (0.15214ms)
✔ error names are stable (Law 4 contract) (0.175446ms)
✔ WGS1 gossip: encode + entries + decode round-trip (0.19804ms)
✔ WGS1: entry_count overrun is WC_E_TRUNCATED, not a crash (0.058419ms)
✔ Law 1: decodeInto is allocation-free (structural check) (0.122755ms)
ℹ tests 38
ℹ suites 0
ℹ pass 38
ℹ fail 0
ℹ cancelled 0
ℹ skipped 0
ℹ todo 0
ℹ duration_ms 2139.561102
[5/8] Python suite
.....s.........                                                          [100%]
14 passed, 1 skipped in 8.49s
[6/8] live cross-language UDP cluster (both directions)
..                                                                       [100%]
2 passed in 8.28s
[7/8] zero-allocation probes (100k ops each, post-warmup, --expose-gc)
    {"mode":"publish","iters":100000,"heapBefore":7450032,"heapAfter":7450088,"deltaBytes":56}
    {"mode":"subscribe","iters":100000,"heapBefore":7518776,"heapAfter":7518408,"deltaBytes":-368}
    {"mode":"metrics","iters":100000,"heapBefore":7360008,"heapAfter":7359696,"deltaBytes":-312}
    {"mode":"router","iters":100000,"heapBefore":7395744,"heapAfter":7395704,"deltaBytes":-40}
[8/8] performance gates
    [8a] 4-node demo smoke (monotonicity must PASS)
    demo PASS (monotonic, 0 gaps, 0 stale)
    [8b] mesh burst >= 1,000,000 fps (mandate D)
    {"kind":"weft-cluster-mesh-burst","transport":"loopback-shm (simulated cluster)","nodes":4,"consumers":3,"topics":1,"payloadBytes":64,"fpsTarget":1000000,"seconds":2,"publishedFrames":2000000,"ingestedFrames":6000000,"expectedIngest":6000000,"achievedFps":1897776,"fanoutWritesPerSec":5693327,"elapsedSec":1.05,"sequenceGaps":0,"hopLatencyNs":{"p50":768,"p99":1024},"at":"2026-09-23T12:40:51.271Z"}
    [8c] membership lookup latency (mandate B1)
    {"kind":"weft-cluster-router-bench","membershipLookupNs":{"p50":10.5,"p99":17.3},"routerOwnerNs":{"p50":714.2,"p99":747,"nodes":8},"mandate":"lock-free cluster state table lookups < 10 ns (Pillar 3 mandate B1)"}
    lookup p50 10.5ns (gate 25ns; mandate 10ns is bare-metal — delta recorded in D-33)
weft-cluster-managed shard: ALL 8 STAGES GREEN
