==================================================
SHARD: perf-regression
DESCRIPTION: W-suite P99 vs pinned baseline; >15% drop = FAIL
STATUS: FAILED ❌
COMMIT: f4666e1fa7636d26828212274a19147280bdac8e
RUN: 223
==================================================

→ W1/A ... P99=94.5 alloc/frame=0.0 [PASS]
→ W1/B ... P99=119.4 alloc/frame=0.0 [PASS]
→ W1/C .../home/runner/work/Weft/Weft/core/c/weft.c:15: warning: "_GNU_SOURCE" redefined
   15 | #define _GNU_SOURCE  // for posix_memalign
      | 
<command-line>: note: this is the location of the previous definition
→ compiling Weft C kernel to /home/runner/work/Weft/Weft/core/c/libweft.so
 P99=119.8 alloc/frame=0.0 [PASS]
→ W1/D ... P99=75.2 alloc/frame=0.0 [PASS]
→ W2/A ... P99=68.0 alloc/frame=0.0 [PASS]
→ W2/B ... P99=94.2 alloc/frame=0.0 [PASS]
→ W2/C ... P99=95.0 alloc/frame=0.0 [PASS]
→ W2/D ... P99=36.3 alloc/frame=0.0 [PASS]
→ W3/A ... P99=7.9 alloc/frame=0.0 [PASS]
→ W3/B ... P99=9.9 alloc/frame=0.0 [PASS]
→ W3/C ... P99=9.2 alloc/frame=0.0 [PASS]
→ W3/D ... P99=5.5 alloc/frame=0.0 [PASS]
→ W4/A ... P99=2222.4 alloc/frame=0.0 [PASS]
→ W4/B ... P99=2344.4 alloc/frame=0.0 [PASS]
→ W4/C ... P99=2236.3 alloc/frame=0.0 [PASS]
→ W4/D ... P99=2231.4 alloc/frame=0.0 [PASS]
→ W5/A ... P99=16.2 alloc/frame=0.0 [PASS]
→ W5/B ... P99=20.3 alloc/frame=0.0 [PASS]
→ W5/C ... P99=21.1 alloc/frame=0.0 [PASS]
→ W5/D ... P99=10.2 alloc/frame=0.0 [PASS]

✓ W-suite bundle: /home/runner/work/Weft/Weft/bench/results/wsuite-x86_64-sandbox.json
  cells: 20 (target: 20 = 5 workloads × 4 backends)
  pass: 20/20
 ... P99=119.4 alloc/frame=0.0 [PASS]
→ W1/C .../home/runner/work/Weft/Weft/core/c/weft.c:15: warning: "_GNU_SOURCE" redefined
   15 | #define _GNU_SOURCE  // for posix_memalign
      | 
<command-line>: note: this is the location of the previous definition
→ compiling Weft C kernel to /home/runner/work/Weft/Weft/core/c/libweft.so
 P99=119.8 alloc/frame=0.0 [PASS]
→ W1/D ... P99=75.2 alloc/frame=0.0 [PASS]
→ W2/A ... P99=68.0 alloc/frame=0.0 [PASS]
→ W2/B ... P99=94.2 alloc/frame=0.0 [PASS]
→ W2/C ... P99=95.0 alloc/frame=0.0 [PASS]
→ W2/D ... P99=36.3 alloc/frame=0.0 [PASS]
→ W3/A ... P99=7.9 alloc/frame=0.0 [PASS]
→ W3/B ... P99=9.9 alloc/frame=0.0 [PASS]
→ W3/C ... P99=9.2 alloc/frame=0.0 [PASS]
→ W3/D ... P99=5.5 alloc/frame=0.0 [PASS]
→ W4/A ... P99=2222.4 alloc/frame=0.0 [PASS]
→ W4/B ... P99=2344.4 alloc/frame=0.0 [PASS]
→ W4/C ... P99=2236.3 alloc/frame=0.0 [PASS]
→ W4/D ... P99=2231.4 alloc/frame=0.0 [PASS]
→ W5/A ... P99=16.2 alloc/frame=0.0 [PASS]
→ W5/B ... P99=20.3 alloc/frame=0.0 [PASS]
→ W5/C ... P99=21.1 alloc/frame=0.0 [PASS]
→ W5/D ... P99=10.2 alloc/frame=0.0 [PASS]

✓ W-suite bundle: /home/runner/work/Weft/Weft/bench/results/wsuite-x86_64-sandbox.json
  cells: 20 (target: 20 = 5 workloads × 4 backends)
  pass: 20/20
{
  "shard": "perf-regression",
  "status": "PASSED",
  "threshold_pct": 5,
  "regression_count": 0,
  "improvement_count": 20,
  "cells_compared": 20,
  "regressions": [],
  "improvements": [
    {
      "workload": "W1",
      "backend": "A",
      "baseline": 7.3,
      "actual": 94.5,
      "delta_pct": 1194.5,
      "reason": "improvement"
    },
    {
      "workload": "W1",
      "backend": "B",
      "baseline": 44.6,
      "actual": 119.4,
      "delta_pct": 167.7,
      "reason": "improvement"
    },
    {
      "workload": "W1",
      "backend": "C",
      "baseline": 7.8,
      "actual": 119.8,
      "delta_pct": 1435.9,
      "reason": "improvement"
    },
    {
      "workload": "W1",
      "backend": "D",
      "baseline": 18.6,
      "actual": 75.2,
      "delta_pct": 304.3,
      "reason": "improvement"
    },
    {
      "workload": "W2",
      "backend": "A",
      "baseline": 4.3,
      "actual": 68.0,
      "delta_pct": 1481.4,
      "reason": "improvement"
    },
    {
      "workload": "W2",
      "backend": "B",
      "baseline": 6.1,
      "actual": 94.2,
      "delta_pct": 1444.3,
      "reason": "improvement"
    },
    {
      "workload": "W2",
      "backend": "C",
      "baseline": 16.4,
      "actual": 95.0,
      "delta_pct": 479.3,
      "reason": "improvement"
    },
    {
      "workload": "W2",
      "backend": "D",
      "baseline": 7.5,
      "actual": 36.3,
      "delta_pct": 384.0,
      "reason": "improvement"
    },
    {
      "workload": "W3",
      "backend": "A",
      "baseline": 2.6,
      "actual": 7.9,
      "delta_pct": 203.8,
      "reason": "improvement"
    },
    {
      "workload": "W3",
      "backend": "B",
      "baseline": 3.7,
      "actual": 9.9,
      "delta_pct": 167.6,
      "reason": "improvement"
    },
    {
      "workload": "W3",
      "backend": "C",
      "baseline": 2.8,
      "actual": 9.2,
      "delta_pct": 228.6,
      "reason": "improvement"
    },
    {
      "workload": "W3",
      "backend": "D",
      "baseline": 1.1,
      "actual": 5.5,
      "delta_pct": 400.0,
      "reason": "improvement"
    },
    {
      "workload": "W4",
      "backend": "A",
      "baseline": 659.0,
      "actual": 2222.4,
      "delta_pct": 237.2,
      "reason": "improvement"
    },
    {
      "workload": "W4",
      "backend": "B",
      "baseline": 681.4,
      "actual": 2344.4,
      "delta_pct": 244.1,
      "reason": "improvement"
    },
    {
      "workload": "W4",
      "backend": "C",
      "baseline": 578.3,
      "actual": 2236.3,
      "delta_pct": 286.7,
      "reason": "improvement"
    },
    {
      "workload": "W4",
      "backend": "D",
      "baseline": 409.0,
      "actual": 2231.4,
      "delta_pct": 445.6,
      "reason": "improvement"
    },
    {
      "workload": "W5",
      "backend": "A",
      "baseline": 5.4,
      "actual": 16.2,
      "delta_pct": 200.0,
      "reason": "improvement"
    },
    {
      "workload": "W5",
      "backend": "B",
      "baseline": 7.7,
      "actual": 20.3,
      "delta_pct": 163.6,
      "reason": "improvement"
    },
    {
      "workload": "W5",
      "backend": "C",
      "baseline": 7.7,
      "actual": 21.1,
      "delta_pct": 174.0,
      "reason": "improvement"
    },
    {
      "workload": "W5",
      "backend": "D",
      "baseline": 3.2,
      "actual": 10.2,
      "delta_pct": 218.7,
      "reason": "improvement"
    }
  ],
  "all_compared": [
    {
      "workload": "W1",
      "backend": "A",
      "baseline_p99": 7.3,
      "actual_p99": 94.5,
      "delta_pct": 1194.5
    },
    {
      "workload": "W1",
      "backend": "B",
      "baseline_p99": 44.6,
      "actual_p99": 119.4,
      "delta_pct": 167.7
    },
    {
      "workload": "W1",
      "backend": "C",
      "baseline_p99": 7.8,
      "actual_p99": 119.8,
      "delta_pct": 1435.9
    },
    {
      "workload": "W1",
      "backend": "D",
      "baseline_p99": 18.6,
      "actual_p99": 75.2,
      "delta_pct": 304.3
    },
    {
      "workload": "W2",
      "backend": "A",
      "baseline_p99": 4.3,
      "actual_p99": 68.0,
      "delta_pct": 1481.4
    },
    {
      "workload": "W2",
      "backend": "B",
      "baseline_p99": 6.1,
      "actual_p99": 94.2,
      "delta_pct": 1444.3
    },
    {
      "workload": "W2",
      "backend": "C",
      "baseline_p99": 16.4,
      "actual_p99": 95.0,
      "delta_pct": 479.3
    },
    {
      "workload": "W2",
      "backend": "D",
      "baseline_p99": 7.5,
      "actual_p99": 36.3,
      "delta_pct": 384.0
    },
    {
      "workload": "W3",
      "backend": "A",
      "baseline_p99": 2.6,
      "actual_p99": 7.9,
      "delta_pct": 203.8
    },
    {
      "workload": "W3",
      "backend": "B",
      "baseline_p99": 3.7,
      "actual_p99": 9.9,
      "delta_pct": 167.6
    },
    {
      "workload": "W3",
      "backend": "C",
      "baseline_p99": 2.8,
      "actual_p99": 9.2,
      "delta_pct": 228.6
    },
    {
      "workload": "W3",
      "backend": "D",
      "baseline_p99": 1.1,
      "actual_p99": 5.5,
      "delta_pct": 400.0
    },
    {
      "workload": "W4",
      "backend": "A",
      "baseline_p99": 659.0,
      "actual_p99": 2222.4,
      "delta_pct": 237.2
    },
    {
      "workload": "W4",
      "backend": "B",
      "baseline_p99": 681.4,
      "actual_p99": 2344.4,
      "delta_pct": 244.1
    },
    {
      "workload": "W4",
      "backend": "C",
      "baseline_p99": 578.3,
      "actual_p99": 2236.3,
      "delta_pct": 286.7
    },
    {
      "workload": "W4",
      "backend": "D",
      "baseline_p99": 409.0,
      "actual_p99": 2231.4,
      "delta_pct": 445.6
    },
    {
      "workload": "W5",
      "backend": "A",
      "baseline_p99": 5.4,
      "actual_p99": 16.2,
      "delta_pct": 200.0
    },
    {
      "workload": "W5",
      "backend": "B",
      "baseline_p99": 7.7,
      "actual_p99": 20.3,
      "delta_pct": 163.6
    },
    {
      "workload": "W5",
      "backend": "C",
      "baseline_p99": 7.7,
      "actual_p99": 21.1,
      "delta_pct": 174.0
    },
    {
      "workload": "W5",
      "backend": "D",
      "baseline_p99": 3.2,
      "actual_p99": 10.2,
      "delta_pct": 218.7
    }
  ]
}

-> publish/claim P50+P99 latency vs ci/baselines/publish-claim-p99-baseline.json
  PASS claim_p50: {'actual': 39, 'baseline': 40, 'ok': True}
  PASS claim_p99: {'actual': 44, 'limit': 20000, 'noise_cap': 20000, 'ok': True}
  FAIL publish_p50: {'actual': 52, 'baseline': 48, 'ok': False}
  PASS publish_p99: {'actual': 5096, 'limit': 20000, 'noise_cap': 20000, 'ok': True}

=== Perf-regression status: FAILED ===
❌ Performance regression detected — see ci/final-report/perf-regression.md
