==================================================
SHARD: simd-blend
DESCRIPTION: Q12 raster blend: C golden gates + xlang-blend cross-language digests + bench
STATUS: PASSED ✅
COMMIT: fdd8143035e05059e300107d0eceed56f74ca485
RUN: 183
==================================================

== simd-blend shard: env x86_64/Linux ==
-- C kernel gates --
== blend_test: impl=avx2 (2) ==
B1 boundaries: OK
B2 parity sweep: OK (154 path-checks, all == scalar)
B3 alpha sweep 0..4096 (dispatched): OK
B4 in-place aliasing: OK
blend_test: ALL GATES GREEN
blend-test: ALL GATES GREEN
-- xlang-blend golden gate --
== xlang-blend golden parity: env x86_64/Linux ==
-- C kernel (golden source) --
   blend-test gates GREEN
   golden-vectors.csv matches the kernel
-- TS verifier (reference port) --
xlang-blend TS verifier: 63/63 golden digests match
-- Kotlin verifier --
xlang-blend Kotlin verifier: 63/63 golden digests match
-- Dart verifier: DECLARED skip (no dart; flutter-packages leg owns it) --
-- Swift port: DECLARED skip (no swiftc; apple-packages compiles + golden-gates it) --

xlang-blend: ran=3 declared_skips=2
✅ xlang-blend parity: every executed port byte-identical to the C kernel
xlang-blend parity GREEN
-- blend_runner benchmark --
== blend_runner: dispatch=avx2 ==
256x256-hot (65536 words): scalar   286974 ns/frame (  2.7 GB/s) | avx2    21439 ns/frame ( 36.7 GB/s) | speedup 13.39x
1080p (2073600 words): scalar  9059225 ns/frame (  2.7 GB/s) | avx2   682515 ns/frame ( 36.5 GB/s) | speedup 13.27x
4K (8294400 words): scalar 36271095 ns/frame (  2.7 GB/s) | avx2  3027254 ns/frame ( 32.9 GB/s) | speedup 11.98x
8K (33177600 words): scalar 145115672 ns/frame (  2.7 GB/s) | avx2 12667190 ns/frame ( 31.4 GB/s) | speedup 11.46x
✅ simd-blend shard GREEN
