==================================================
SHARD: perf-regression
DESCRIPTION: W-suite P99 vs pinned baseline; >15% drop = FAIL
STATUS: PASSED ✅
COMMIT: fdd8143035e05059e300107d0eceed56f74ca485
RUN: 183
==================================================

→ W1/A ... P99=57.6 alloc/frame=0.0 [PASS]
→ W1/B ... P99=84.1 alloc/frame=0.0 [PASS]
→ W1/C .../home/runner/work/Weft/Weft/core/c/weft.c:15: warning: "_GNU_SOURCE" redefined
   15 | #define _GNU_SOURCE  // for posix_memalign
      | 
<command-line>: note: this is the location of the previous definition
→ compiling Weft C kernel to /home/runner/work/Weft/Weft/core/c/libweft.so
 P99=74.3 alloc/frame=0.0 [PASS]
→ W1/D ... P99=54.1 alloc/frame=0.0 [PASS]
→ W2/A ... P99=48.1 alloc/frame=0.0 [PASS]
→ W2/B ... P99=67.4 alloc/frame=0.0 [PASS]
→ W2/C ... P99=66.9 alloc/frame=0.0 [PASS]
→ W2/D ... P99=27.9 alloc/frame=0.0 [PASS]
→ W3/A ... P99=5.4 alloc/frame=0.0 [PASS]
→ W3/B ... P99=7.1 alloc/frame=0.0 [PASS]
→ W3/C ... P99=6.8 alloc/frame=0.0 [PASS]
→ W3/D ... P99=4.1 alloc/frame=0.0 [PASS]
→ W4/A ... P99=1664.2 alloc/frame=0.0 [PASS]
→ W4/B ... P99=1785.2 alloc/frame=0.0 [PASS]
→ W4/C ... P99=1710.2 alloc/frame=0.0 [PASS]
→ W4/D ... P99=1689.5 alloc/frame=0.0 [PASS]
→ W5/A ... P99=11.4 alloc/frame=0.0 [PASS]
→ W5/B ... P99=15.3 alloc/frame=0.0 [PASS]
→ W5/C ... P99=15.2 alloc/frame=0.0 [PASS]
→ W5/D ... P99=7.5 alloc/frame=0.0 [PASS]

✓ W-suite bundle: /home/runner/work/Weft/Weft/bench/results/wsuite-x86_64-sandbox.json
  cells: 20 (target: 20 = 5 workloads × 4 backends)
  pass: 20/20
1/B ... P99=84.1 alloc/frame=0.0 [PASS]
→ W1/C .../home/runner/work/Weft/Weft/core/c/weft.c:15: warning: "_GNU_SOURCE" redefined
   15 | #define _GNU_SOURCE  // for posix_memalign
      | 
<command-line>: note: this is the location of the previous definition
→ compiling Weft C kernel to /home/runner/work/Weft/Weft/core/c/libweft.so
 P99=74.3 alloc/frame=0.0 [PASS]
→ W1/D ... P99=54.1 alloc/frame=0.0 [PASS]
→ W2/A ... P99=48.1 alloc/frame=0.0 [PASS]
→ W2/B ... P99=67.4 alloc/frame=0.0 [PASS]
→ W2/C ... P99=66.9 alloc/frame=0.0 [PASS]
→ W2/D ... P99=27.9 alloc/frame=0.0 [PASS]
→ W3/A ... P99=5.4 alloc/frame=0.0 [PASS]
→ W3/B ... P99=7.1 alloc/frame=0.0 [PASS]
→ W3/C ... P99=6.8 alloc/frame=0.0 [PASS]
→ W3/D ... P99=4.1 alloc/frame=0.0 [PASS]
→ W4/A ... P99=1664.2 alloc/frame=0.0 [PASS]
→ W4/B ... P99=1785.2 alloc/frame=0.0 [PASS]
→ W4/C ... P99=1710.2 alloc/frame=0.0 [PASS]
→ W4/D ... P99=1689.5 alloc/frame=0.0 [PASS]
→ W5/A ... P99=11.4 alloc/frame=0.0 [PASS]
→ W5/B ... P99=15.3 alloc/frame=0.0 [PASS]
→ W5/C ... P99=15.2 alloc/frame=0.0 [PASS]
→ W5/D ... P99=7.5 alloc/frame=0.0 [PASS]

✓ W-suite bundle: /home/runner/work/Weft/Weft/bench/results/wsuite-x86_64-sandbox.json
  cells: 20 (target: 20 = 5 workloads × 4 backends)
  pass: 20/20
{
  "shard": "perf-regression",
  "status": "PASSED",
  "threshold_pct": 5,
  "regression_count": 0,
  "improvement_count": 20,
  "cells_compared": 20,
  "regressions": [],
  "improvements": [
    {
      "workload": "W1",
      "backend": "A",
      "baseline": 7.3,
      "actual": 57.6,
      "delta_pct": 689.0,
      "reason": "improvement"
    },
    {
      "workload": "W1",
      "backend": "B",
      "baseline": 44.6,
      "actual": 84.1,
      "delta_pct": 88.6,
      "reason": "improvement"
    },
    {
      "workload": "W1",
      "backend": "C",
      "baseline": 7.8,
      "actual": 74.3,
      "delta_pct": 852.6,
      "reason": "improvement"
    },
    {
      "workload": "W1",
      "backend": "D",
      "baseline": 18.6,
      "actual": 54.1,
      "delta_pct": 190.9,
      "reason": "improvement"
    },
    {
      "workload": "W2",
      "backend": "A",
      "baseline": 4.3,
      "actual": 48.1,
      "delta_pct": 1018.6,
      "reason": "improvement"
    },
    {
      "workload": "W2",
      "backend": "B",
      "baseline": 6.1,
      "actual": 67.4,
      "delta_pct": 1004.9,
      "reason": "improvement"
    },
    {
      "workload": "W2",
      "backend": "C",
      "baseline": 16.4,
      "actual": 66.9,
      "delta_pct": 307.9,
      "reason": "improvement"
    },
    {
      "workload": "W2",
      "backend": "D",
      "baseline": 7.5,
      "actual": 27.9,
      "delta_pct": 272.0,
      "reason": "improvement"
    },
    {
      "workload": "W3",
      "backend": "A",
      "baseline": 2.6,
      "actual": 5.4,
      "delta_pct": 107.7,
      "reason": "improvement"
    },
    {
      "workload": "W3",
      "backend": "B",
      "baseline": 3.7,
      "actual": 7.1,
      "delta_pct": 91.9,
      "reason": "improvement"
    },
    {
      "workload": "W3",
      "backend": "C",
      "baseline": 2.8,
      "actual": 6.8,
      "delta_pct": 142.9,
      "reason": "improvement"
    },
    {
      "workload": "W3",
      "backend": "D",
      "baseline": 1.1,
      "actual": 4.1,
      "delta_pct": 272.7,
      "reason": "improvement"
    },
    {
      "workload": "W4",
      "backend": "A",
      "baseline": 659.0,
      "actual": 1664.2,
      "delta_pct": 152.5,
      "reason": "improvement"
    },
    {
      "workload": "W4",
      "backend": "B",
      "baseline": 681.4,
      "actual": 1785.2,
      "delta_pct": 162.0,
      "reason": "improvement"
    },
    {
      "workload": "W4",
      "backend": "C",
      "baseline": 578.3,
      "actual": 1710.2,
      "delta_pct": 195.7,
      "reason": "improvement"
    },
    {
      "workload": "W4",
      "backend": "D",
      "baseline": 409.0,
      "actual": 1689.5,
      "delta_pct": 313.1,
      "reason": "improvement"
    },
    {
      "workload": "W5",
      "backend": "A",
      "baseline": 5.4,
      "actual": 11.4,
      "delta_pct": 111.1,
      "reason": "improvement"
    },
    {
      "workload": "W5",
      "backend": "B",
      "baseline": 7.7,
      "actual": 15.3,
      "delta_pct": 98.7,
      "reason": "improvement"
    },
    {
      "workload": "W5",
      "backend": "C",
      "baseline": 7.7,
      "actual": 15.2,
      "delta_pct": 97.4,
      "reason": "improvement"
    },
    {
      "workload": "W5",
      "backend": "D",
      "baseline": 3.2,
      "actual": 7.5,
      "delta_pct": 134.4,
      "reason": "improvement"
    }
  ],
  "all_compared": [
    {
      "workload": "W1",
      "backend": "A",
      "baseline_p99": 7.3,
      "actual_p99": 57.6,
      "delta_pct": 689.0
    },
    {
      "workload": "W1",
      "backend": "B",
      "baseline_p99": 44.6,
      "actual_p99": 84.1,
      "delta_pct": 88.6
    },
    {
      "workload": "W1",
      "backend": "C",
      "baseline_p99": 7.8,
      "actual_p99": 74.3,
      "delta_pct": 852.6
    },
    {
      "workload": "W1",
      "backend": "D",
      "baseline_p99": 18.6,
      "actual_p99": 54.1,
      "delta_pct": 190.9
    },
    {
      "workload": "W2",
      "backend": "A",
      "baseline_p99": 4.3,
      "actual_p99": 48.1,
      "delta_pct": 1018.6
    },
    {
      "workload": "W2",
      "backend": "B",
      "baseline_p99": 6.1,
      "actual_p99": 67.4,
      "delta_pct": 1004.9
    },
    {
      "workload": "W2",
      "backend": "C",
      "baseline_p99": 16.4,
      "actual_p99": 66.9,
      "delta_pct": 307.9
    },
    {
      "workload": "W2",
      "backend": "D",
      "baseline_p99": 7.5,
      "actual_p99": 27.9,
      "delta_pct": 272.0
    },
    {
      "workload": "W3",
      "backend": "A",
      "baseline_p99": 2.6,
      "actual_p99": 5.4,
      "delta_pct": 107.7
    },
    {
      "workload": "W3",
      "backend": "B",
      "baseline_p99": 3.7,
      "actual_p99": 7.1,
      "delta_pct": 91.9
    },
    {
      "workload": "W3",
      "backend": "C",
      "baseline_p99": 2.8,
      "actual_p99": 6.8,
      "delta_pct": 142.9
    },
    {
      "workload": "W3",
      "backend": "D",
      "baseline_p99": 1.1,
      "actual_p99": 4.1,
      "delta_pct": 272.7
    },
    {
      "workload": "W4",
      "backend": "A",
      "baseline_p99": 659.0,
      "actual_p99": 1664.2,
      "delta_pct": 152.5
    },
    {
      "workload": "W4",
      "backend": "B",
      "baseline_p99": 681.4,
      "actual_p99": 1785.2,
      "delta_pct": 162.0
    },
    {
      "workload": "W4",
      "backend": "C",
      "baseline_p99": 578.3,
      "actual_p99": 1710.2,
      "delta_pct": 195.7
    },
    {
      "workload": "W4",
      "backend": "D",
      "baseline_p99": 409.0,
      "actual_p99": 1689.5,
      "delta_pct": 313.1
    },
    {
      "workload": "W5",
      "backend": "A",
      "baseline_p99": 5.4,
      "actual_p99": 11.4,
      "delta_pct": 111.1
    },
    {
      "workload": "W5",
      "backend": "B",
      "baseline_p99": 7.7,
      "actual_p99": 15.3,
      "delta_pct": 98.7
    },
    {
      "workload": "W5",
      "backend": "C",
      "baseline_p99": 7.7,
      "actual_p99": 15.2,
      "delta_pct": 97.4
    },
    {
      "workload": "W5",
      "backend": "D",
      "baseline_p99": 3.2,
      "actual_p99": 7.5,
      "delta_pct": 134.4
    }
  ]
}

-> publish/claim P50+P99 latency vs ci/baselines/publish-claim-p99-baseline.json
  PASS claim_p50: {'actual': 30, 'baseline': 40, 'ok': True}
  PASS claim_p99: {'actual': 71, 'limit': 20000, 'noise_cap': 20000, 'ok': True}
  PASS publish_p50: {'actual': 40, 'baseline': 48, 'ok': True}
  PASS publish_p99: {'actual': 110, 'limit': 20000, 'noise_cap': 20000, 'ok': True}

=== Perf-regression status: PASSED ===
✅ No performance regressions
