==================================================
SHARD: perf-regression
DESCRIPTION: W-suite P99 vs pinned baseline; >15% drop = FAIL
STATUS: PASSED ✅
COMMIT: 33f2749483d807c6e0f261f79ba013102a255cd2
RUN: 180
==================================================

→ W1/A ... P99=70.0 alloc/frame=0.0 [PASS]
→ W1/B ... P99=93.0 alloc/frame=0.0 [PASS]
→ W1/C .../home/runner/work/Weft/Weft/core/c/weft.c:15: warning: "_GNU_SOURCE" redefined
   15 | #define _GNU_SOURCE  // for posix_memalign
      | 
<command-line>: note: this is the location of the previous definition
→ compiling Weft C kernel to /home/runner/work/Weft/Weft/core/c/libweft.so
 P99=94.7 alloc/frame=0.0 [PASS]
→ W1/D ... P99=57.6 alloc/frame=0.0 [PASS]
→ W2/A ... P99=56.1 alloc/frame=0.0 [PASS]
→ W2/B ... P99=72.3 alloc/frame=0.0 [PASS]
→ W2/C ... P99=77.2 alloc/frame=0.0 [PASS]
→ W2/D ... P99=31.3 alloc/frame=0.0 [PASS]
→ W3/A ... P99=6.8 alloc/frame=0.0 [PASS]
→ W3/B ... P99=8.2 alloc/frame=0.0 [PASS]
→ W3/C ... P99=8.2 alloc/frame=0.0 [PASS]
→ W3/D ... P99=4.4 alloc/frame=0.0 [PASS]
→ W4/A ... P99=1905.2 alloc/frame=0.0 [PASS]
→ W4/B ... P99=1979.1 alloc/frame=0.0 [PASS]
→ W4/C ... P99=1936.9 alloc/frame=0.0 [PASS]
→ W4/D ... P99=1843.1 alloc/frame=0.0 [PASS]
→ W5/A ... P99=13.4 alloc/frame=0.0 [PASS]
→ W5/B ... P99=17.0 alloc/frame=0.0 [PASS]
→ W5/C ... P99=17.1 alloc/frame=0.0 [PASS]
→ W5/D ... P99=8.1 alloc/frame=0.0 [PASS]

✓ W-suite bundle: /home/runner/work/Weft/Weft/bench/results/wsuite-x86_64-sandbox.json
  cells: 20 (target: 20 = 5 workloads × 4 backends)
  pass: 20/20
1/B ... P99=93.0 alloc/frame=0.0 [PASS]
→ W1/C .../home/runner/work/Weft/Weft/core/c/weft.c:15: warning: "_GNU_SOURCE" redefined
   15 | #define _GNU_SOURCE  // for posix_memalign
      | 
<command-line>: note: this is the location of the previous definition
→ compiling Weft C kernel to /home/runner/work/Weft/Weft/core/c/libweft.so
 P99=94.7 alloc/frame=0.0 [PASS]
→ W1/D ... P99=57.6 alloc/frame=0.0 [PASS]
→ W2/A ... P99=56.1 alloc/frame=0.0 [PASS]
→ W2/B ... P99=72.3 alloc/frame=0.0 [PASS]
→ W2/C ... P99=77.2 alloc/frame=0.0 [PASS]
→ W2/D ... P99=31.3 alloc/frame=0.0 [PASS]
→ W3/A ... P99=6.8 alloc/frame=0.0 [PASS]
→ W3/B ... P99=8.2 alloc/frame=0.0 [PASS]
→ W3/C ... P99=8.2 alloc/frame=0.0 [PASS]
→ W3/D ... P99=4.4 alloc/frame=0.0 [PASS]
→ W4/A ... P99=1905.2 alloc/frame=0.0 [PASS]
→ W4/B ... P99=1979.1 alloc/frame=0.0 [PASS]
→ W4/C ... P99=1936.9 alloc/frame=0.0 [PASS]
→ W4/D ... P99=1843.1 alloc/frame=0.0 [PASS]
→ W5/A ... P99=13.4 alloc/frame=0.0 [PASS]
→ W5/B ... P99=17.0 alloc/frame=0.0 [PASS]
→ W5/C ... P99=17.1 alloc/frame=0.0 [PASS]
→ W5/D ... P99=8.1 alloc/frame=0.0 [PASS]

✓ W-suite bundle: /home/runner/work/Weft/Weft/bench/results/wsuite-x86_64-sandbox.json
  cells: 20 (target: 20 = 5 workloads × 4 backends)
  pass: 20/20
{
  "shard": "perf-regression",
  "status": "PASSED",
  "threshold_pct": 5,
  "regression_count": 0,
  "improvement_count": 20,
  "cells_compared": 20,
  "regressions": [],
  "improvements": [
    {
      "workload": "W1",
      "backend": "A",
      "baseline": 7.3,
      "actual": 70.0,
      "delta_pct": 858.9,
      "reason": "improvement"
    },
    {
      "workload": "W1",
      "backend": "B",
      "baseline": 44.6,
      "actual": 93.0,
      "delta_pct": 108.5,
      "reason": "improvement"
    },
    {
      "workload": "W1",
      "backend": "C",
      "baseline": 7.8,
      "actual": 94.7,
      "delta_pct": 1114.1,
      "reason": "improvement"
    },
    {
      "workload": "W1",
      "backend": "D",
      "baseline": 18.6,
      "actual": 57.6,
      "delta_pct": 209.7,
      "reason": "improvement"
    },
    {
      "workload": "W2",
      "backend": "A",
      "baseline": 4.3,
      "actual": 56.1,
      "delta_pct": 1204.7,
      "reason": "improvement"
    },
    {
      "workload": "W2",
      "backend": "B",
      "baseline": 6.1,
      "actual": 72.3,
      "delta_pct": 1085.2,
      "reason": "improvement"
    },
    {
      "workload": "W2",
      "backend": "C",
      "baseline": 16.4,
      "actual": 77.2,
      "delta_pct": 370.7,
      "reason": "improvement"
    },
    {
      "workload": "W2",
      "backend": "D",
      "baseline": 7.5,
      "actual": 31.3,
      "delta_pct": 317.3,
      "reason": "improvement"
    },
    {
      "workload": "W3",
      "backend": "A",
      "baseline": 2.6,
      "actual": 6.8,
      "delta_pct": 161.5,
      "reason": "improvement"
    },
    {
      "workload": "W3",
      "backend": "B",
      "baseline": 3.7,
      "actual": 8.2,
      "delta_pct": 121.6,
      "reason": "improvement"
    },
    {
      "workload": "W3",
      "backend": "C",
      "baseline": 2.8,
      "actual": 8.2,
      "delta_pct": 192.9,
      "reason": "improvement"
    },
    {
      "workload": "W3",
      "backend": "D",
      "baseline": 1.1,
      "actual": 4.4,
      "delta_pct": 300.0,
      "reason": "improvement"
    },
    {
      "workload": "W4",
      "backend": "A",
      "baseline": 659.0,
      "actual": 1905.2,
      "delta_pct": 189.1,
      "reason": "improvement"
    },
    {
      "workload": "W4",
      "backend": "B",
      "baseline": 681.4,
      "actual": 1979.1,
      "delta_pct": 190.4,
      "reason": "improvement"
    },
    {
      "workload": "W4",
      "backend": "C",
      "baseline": 578.3,
      "actual": 1936.9,
      "delta_pct": 234.9,
      "reason": "improvement"
    },
    {
      "workload": "W4",
      "backend": "D",
      "baseline": 409.0,
      "actual": 1843.1,
      "delta_pct": 350.6,
      "reason": "improvement"
    },
    {
      "workload": "W5",
      "backend": "A",
      "baseline": 5.4,
      "actual": 13.4,
      "delta_pct": 148.1,
      "reason": "improvement"
    },
    {
      "workload": "W5",
      "backend": "B",
      "baseline": 7.7,
      "actual": 17.0,
      "delta_pct": 120.8,
      "reason": "improvement"
    },
    {
      "workload": "W5",
      "backend": "C",
      "baseline": 7.7,
      "actual": 17.1,
      "delta_pct": 122.1,
      "reason": "improvement"
    },
    {
      "workload": "W5",
      "backend": "D",
      "baseline": 3.2,
      "actual": 8.1,
      "delta_pct": 153.1,
      "reason": "improvement"
    }
  ],
  "all_compared": [
    {
      "workload": "W1",
      "backend": "A",
      "baseline_p99": 7.3,
      "actual_p99": 70.0,
      "delta_pct": 858.9
    },
    {
      "workload": "W1",
      "backend": "B",
      "baseline_p99": 44.6,
      "actual_p99": 93.0,
      "delta_pct": 108.5
    },
    {
      "workload": "W1",
      "backend": "C",
      "baseline_p99": 7.8,
      "actual_p99": 94.7,
      "delta_pct": 1114.1
    },
    {
      "workload": "W1",
      "backend": "D",
      "baseline_p99": 18.6,
      "actual_p99": 57.6,
      "delta_pct": 209.7
    },
    {
      "workload": "W2",
      "backend": "A",
      "baseline_p99": 4.3,
      "actual_p99": 56.1,
      "delta_pct": 1204.7
    },
    {
      "workload": "W2",
      "backend": "B",
      "baseline_p99": 6.1,
      "actual_p99": 72.3,
      "delta_pct": 1085.2
    },
    {
      "workload": "W2",
      "backend": "C",
      "baseline_p99": 16.4,
      "actual_p99": 77.2,
      "delta_pct": 370.7
    },
    {
      "workload": "W2",
      "backend": "D",
      "baseline_p99": 7.5,
      "actual_p99": 31.3,
      "delta_pct": 317.3
    },
    {
      "workload": "W3",
      "backend": "A",
      "baseline_p99": 2.6,
      "actual_p99": 6.8,
      "delta_pct": 161.5
    },
    {
      "workload": "W3",
      "backend": "B",
      "baseline_p99": 3.7,
      "actual_p99": 8.2,
      "delta_pct": 121.6
    },
    {
      "workload": "W3",
      "backend": "C",
      "baseline_p99": 2.8,
      "actual_p99": 8.2,
      "delta_pct": 192.9
    },
    {
      "workload": "W3",
      "backend": "D",
      "baseline_p99": 1.1,
      "actual_p99": 4.4,
      "delta_pct": 300.0
    },
    {
      "workload": "W4",
      "backend": "A",
      "baseline_p99": 659.0,
      "actual_p99": 1905.2,
      "delta_pct": 189.1
    },
    {
      "workload": "W4",
      "backend": "B",
      "baseline_p99": 681.4,
      "actual_p99": 1979.1,
      "delta_pct": 190.4
    },
    {
      "workload": "W4",
      "backend": "C",
      "baseline_p99": 578.3,
      "actual_p99": 1936.9,
      "delta_pct": 234.9
    },
    {
      "workload": "W4",
      "backend": "D",
      "baseline_p99": 409.0,
      "actual_p99": 1843.1,
      "delta_pct": 350.6
    },
    {
      "workload": "W5",
      "backend": "A",
      "baseline_p99": 5.4,
      "actual_p99": 13.4,
      "delta_pct": 148.1
    },
    {
      "workload": "W5",
      "backend": "B",
      "baseline_p99": 7.7,
      "actual_p99": 17.0,
      "delta_pct": 120.8
    },
    {
      "workload": "W5",
      "backend": "C",
      "baseline_p99": 7.7,
      "actual_p99": 17.1,
      "delta_pct": 122.1
    },
    {
      "workload": "W5",
      "backend": "D",
      "baseline_p99": 3.2,
      "actual_p99": 8.1,
      "delta_pct": 153.1
    }
  ]
}

-> publish/claim P50+P99 latency vs ci/baselines/publish-claim-p99-baseline.json
  PASS claim_p50: {'actual': 40, 'baseline': 40, 'ok': True}
  PASS claim_p99: {'actual': 41, 'limit': 20000, 'noise_cap': 20000, 'ok': True}
  PASS publish_p50: {'actual': 40, 'baseline': 48, 'ok': True}
  PASS publish_p99: {'actual': 120, 'limit': 20000, 'noise_cap': 20000, 'ok': True}

=== Perf-regression status: PASSED ===
✅ No performance regressions
