==================================================
SHARD: weft-tensor-managed
DESCRIPTION: Project weft-tensor Pillar 2: WTR1 layout, TS/Python ingestion engines, DLPack/NumPy bridge, cross-language parity, React/Flutter AI hooks/widgets, 120 FPS flight demo, alloc probes
STATUS: PASSED ✅
COMMIT: 4687925837fbf35d8cca8fd039f7ab77e621798c
RUN: 220
==================================================

[1/8] fixture determinism
OK /home/runner/work/Weft/Weft/fixtures/weft-tensor/ring-v1-f32.bin (640 B) byte-identical
OK /home/runner/work/Weft/Weft/fixtures/weft-tensor/ring-v1-u8.bin (640 B) byte-identical
[2/8] TypeScript suite
✔ zero-alloc probe [ring] — 100k steady-state ops stay flat (197.627327ms)
✔ zero-alloc probe [ingest] — 100k steady-state ops stay flat (111.951571ms)
✔ zero-alloc probe [audio] — 100k steady-state ops stay flat (121.010753ms)
✔ zero-alloc probe [render] — 100k steady-state ops stay flat (1445.449122ms)
✔ zero-alloc probe [overlay] — 100k steady-state ops stay flat (67.362622ms)
✔ negative control: a deliberately-allocating loop IS caught (62.482955ms)
✔ f32 fixture: header fields, 10 frames, dyadic payload parity (2.366688ms)
✔ u8 fixture: header fields, 6 frames, byte payload parity (1.023781ms)
✔ WebCodecs sync fast path: bytes land in ring, no intermediate (2.877817ms)
✔ WebCodecs async fast path resolves after the GPU readback lands (0.464735ms)
✔ copyTo failure is a DROP, never a throw into the frame loop (0.344624ms)
✔ legacy sync copyTo returning void still commits the full slot (2.045545ms)
✔ ImageData + raw paths (0.440063ms)
✔ ingestor dtype gate: f32 ring rejected (Law 4) (0.601823ms)
✔ AudioPcmFeeder: exact-fit chunks roll one slot per chunk (0.764506ms)
✔ AudioPcmFeeder: chunk spanning slot boundaries carries with zero gaps (1.119097ms)
✔ AudioPcmFeeder: tiny chunks accumulate then roll (worklet cadence) (0.807376ms)
✔ AudioPcmFeeder dtype gate + chunk size gate (Law 4) (0.850669ms)
✔ crc32 matches node:zlib over the static header region (2.586671ms)
✔ f16FromBits matches numpy float16 decode exactly (0.346526ms)
✔ f16ToBits matches numpy round-to-nearest-even (0.254737ms)
✔ fourcc round-trips as LE ASCII (0.168834ms)
✔ validateRingHeader accepts both golden fixtures (1.207276ms)
✔ fail-closed corruption matrix — every mutation gets a machine-readable code (1.019074ms)
✔ dtype validity table (0.128981ms)
✔ create() writes a self-validating header (round trip through attach) (1.848109ms)
✔ Canvas2DPlane: ONE ImageData reused, pixel-accurate blit per frame (7.716759ms)
✔ Canvas2DPlane dtype gate (Law 4) (0.798147ms)
✔ OverlayScratch + drawBoxes2D: bounded, reused, pixel records (1.446406ms)
✔ drawSkeleton2D honours confidence gating (0.368174ms)
✔ WebGL2Plane: zero-alloc texSubImage2D from the slot view + fullscreen tri (1.67404ms)
✔ create + typed commit + acquireLatest returns exact values, zero surprises (7.341696ms)
✔ byte commit path (Uint8Array) with short payload (bounded loop, no throw) (0.487692ms)
✔ acquireLatest(lastSeq) returns null when nothing new; acquireFrame bounds (2.190054ms)
✔ overrun: slotCount=2, 5 commits -> old seq gone, latest correct (0.765607ms)
✔ torn read: uncommitted slot is invisible, then visible after commit marker (0.810841ms)
✔ zero-copy begin/finish path matches convenience commit (0.393777ms)
✔ commit rejects wrong dtype / oversized payloads (fail-closed) (1.398334ms)
✔ create() input validation is fail-closed (0.578133ms)
✔ waitForNewFrame resolves via injected scheduler; timeout path returns null (38.481692ms)
✔ SharedArrayBuffer smoke: create(shared) + atomics publish + acquire (0.700531ms)
✔ ring stats counters are sealed and monotonic (0.282904ms)
✔ detectRuntime identifies node (this process) (0.881765ms)
✔ detectRuntime: browser / deno / bun / worker / electron fakes (0.305389ms)
✔ runtimeMatrix feature list stays sorted/deterministic (0.722242ms)
✔ assertShareable accepts SAB, rejects plain ArrayBuffer (0.516392ms)
ℹ tests 46
ℹ suites 0
ℹ pass 46
ℹ fail 0
ℹ cancelled 0
ℹ skipped 0
ℹ todo 0
ℹ duration_ms 2104.03412
[3/8] Python suite
......s................                                                  [100%]
22 passed, 1 skipped in 0.50s
[4/8] TS producer -> Python consumer
{"producer":"typescript","path":"/tmp/tmp.RX8mQMM1VK/ts_ring.bin","byteLength":640,"producerSeq":10,"slotStride":128,"schemaId":"fe77000000000000"}
{"consumer": "python", "path": "/tmp/tmp.RX8mQMM1VK/ts_ring.bin", "framesValidated": [7, 8, 9, 10], "dlpackAlias": true, "ok": true}
[5/8] Python producer -> TS consumer
{"producer": "python", "path": "/tmp/tmp.RX8mQMM1VK/py_ring.bin", "byteLength": 640, "producerSeq": 10, "slotStride": 128, "schemaId": "fe77000000000001"}
{"consumer":"typescript","path":"/tmp/tmp.RX8mQMM1VK/py_ring.bin","framesValidated":[7,8,9,10],"ok":true}
[6/8] DLPack alias proof (consumed the TS-produced ring, pointer-checked)
    dlpack alias OK (slot ptr 0x5612cb7f7f30 inside ring 0x5612cb7f7df0..0x5612cb7f8070)
[7/8] zero-allocation probes (100k ops each, post-warmup, --expose-gc)
    {"mode":"ring","iters":100000,"heapBefore":4401072,"heapAfter":4416328,"deltaBytes":15256}
    {"mode":"ingest","iters":100000,"heapBefore":4410952,"heapAfter":4425696,"deltaBytes":14744}
    {"mode":"audio","iters":100000,"heapBefore":4406568,"heapAfter":4408752,"deltaBytes":2184}
    {"mode":"render","iters":100000,"heapBefore":4418824,"heapAfter":4420424,"deltaBytes":1600}
    {"mode":"overlay","iters":100000,"heapBefore":4298208,"heapAfter":4299680,"deltaBytes":1472}
[8/8] latency gates (directive: commit < 50us)
    {"bench":"weft-tensor commit/acquire","node":"v24.21.0","video":{"geometry":"320x180 RGBA","slotCapBytes":230400,"commit":{"n":50000,"p50_us":0.187,"p99_us":0.946,"max_us":201.295},"acquire":{"n":50000,"p50_us":0.105,"p99_us":0.63,"max_us":145.72},"commit_under_50us":true},"audio":{"geometry":"2ch x 128 f32 (interleaved quanta 256)","slotCapBytes":1024,"commit":{"n":50000,"p50_us":0.513,"p99_us":0.74,"max_us":51.309},"acquire":{"n":50000,"p50_us":0.114,"p99_us":1.467,"max_us":201.763},"commit_under_50us":true}}
weft-tensor managed shard: ALL 8 STAGES GREEN
