==================================================
SHARD: simd-blend
DESCRIPTION: Q12 raster blend: C golden gates + xlang-blend cross-language digests + bench
STATUS: PASSED ✅
COMMIT: 4687925837fbf35d8cca8fd039f7ab77e621798c
RUN: 220
==================================================

== simd-blend shard: env x86_64/Linux ==
-- C kernel gates --
== blend_test: impl=avx2 (2) ==
B1 boundaries: OK
B2 parity sweep: OK (154 path-checks, all == scalar)
B3 alpha sweep 0..4096 (dispatched): OK
B4 in-place aliasing: OK
blend_test: ALL GATES GREEN
blend-test: ALL GATES GREEN
-- xlang-blend golden gate --
== xlang-blend golden parity: env x86_64/Linux ==
-- C kernel (golden source) --
   blend-test gates GREEN
   golden-vectors.csv matches the kernel
-- TS verifier (reference port) --
xlang-blend TS verifier: 63/63 golden digests match
-- Kotlin verifier --
xlang-blend Kotlin verifier: 63/63 golden digests match
-- Dart verifier: DECLARED skip (no dart; flutter-packages leg owns it) --
-- Swift port: DECLARED skip (no swiftc; apple-packages compiles + golden-gates it) --

xlang-blend: ran=3 declared_skips=2
✅ xlang-blend parity: every executed port byte-identical to the C kernel
xlang-blend parity GREEN
-- blend_runner benchmark --
== blend_runner: dispatch=avx2 ==
256x256-hot (65536 words): scalar   323099 ns/frame (  2.4 GB/s) | avx2    21733 ns/frame ( 36.2 GB/s) | speedup 14.87x
1080p (2073600 words): scalar 10295666 ns/frame (  2.4 GB/s) | avx2   687774 ns/frame ( 36.2 GB/s) | speedup 14.97x
4K (8294400 words): scalar 40947767 ns/frame (  2.4 GB/s) | avx2  3016421 ns/frame ( 33.0 GB/s) | speedup 13.57x
8K (33177600 words): scalar 163943956 ns/frame (  2.4 GB/s) | avx2 12128785 ns/frame ( 32.8 GB/s) | speedup 13.52x
✅ simd-blend shard GREEN
