==================================================
SHARD: perf-regression
DESCRIPTION: W-suite P99 vs pinned baseline; >15% drop = FAIL
STATUS: PASSED ✅
COMMIT: 4687925837fbf35d8cca8fd039f7ab77e621798c
RUN: 220
==================================================

→ W1/A ... P99=62.6 alloc/frame=0.0 [PASS]
→ W1/B ... P99=102.0 alloc/frame=0.0 [PASS]
→ W1/C .../home/runner/work/Weft/Weft/core/c/weft.c:15: warning: "_GNU_SOURCE" redefined
   15 | #define _GNU_SOURCE  // for posix_memalign
      | 
<command-line>: note: this is the location of the previous definition
→ compiling Weft C kernel to /home/runner/work/Weft/Weft/core/c/libweft.so
 P99=100.6 alloc/frame=0.0 [PASS]
→ W1/D ... P99=65.9 alloc/frame=0.0 [PASS]
→ W2/A ... P99=58.1 alloc/frame=0.0 [PASS]
→ W2/B ... P99=78.1 alloc/frame=0.0 [PASS]
→ W2/C ... P99=78.4 alloc/frame=0.0 [PASS]
→ W2/D ... P99=34.0 alloc/frame=0.0 [PASS]
→ W3/A ... P99=6.7 alloc/frame=0.0 [PASS]
→ W3/B ... P99=8.4 alloc/frame=0.0 [PASS]
→ W3/C ... P99=8.3 alloc/frame=0.0 [PASS]
→ W3/D ... P99=4.7 alloc/frame=0.0 [PASS]
→ W4/A ... P99=2098.6 alloc/frame=0.0 [PASS]
→ W4/B ... P99=2185.2 alloc/frame=0.0 [PASS]
→ W4/C ... P99=2074.0 alloc/frame=0.0 [PASS]
→ W4/D ... P99=2060.9 alloc/frame=0.0 [PASS]
→ W5/A ... P99=13.7 alloc/frame=0.0 [PASS]
→ W5/B ... P99=17.7 alloc/frame=0.0 [PASS]
→ W5/C ... P99=15.7 alloc/frame=0.0 [PASS]
→ W5/D ... P99=9.0 alloc/frame=0.0 [PASS]

✓ W-suite bundle: /home/runner/work/Weft/Weft/bench/results/wsuite-x86_64-sandbox.json
  cells: 20 (target: 20 = 5 workloads × 4 backends)
  pass: 20/20
B ... P99=102.0 alloc/frame=0.0 [PASS]
→ W1/C .../home/runner/work/Weft/Weft/core/c/weft.c:15: warning: "_GNU_SOURCE" redefined
   15 | #define _GNU_SOURCE  // for posix_memalign
      | 
<command-line>: note: this is the location of the previous definition
→ compiling Weft C kernel to /home/runner/work/Weft/Weft/core/c/libweft.so
 P99=100.6 alloc/frame=0.0 [PASS]
→ W1/D ... P99=65.9 alloc/frame=0.0 [PASS]
→ W2/A ... P99=58.1 alloc/frame=0.0 [PASS]
→ W2/B ... P99=78.1 alloc/frame=0.0 [PASS]
→ W2/C ... P99=78.4 alloc/frame=0.0 [PASS]
→ W2/D ... P99=34.0 alloc/frame=0.0 [PASS]
→ W3/A ... P99=6.7 alloc/frame=0.0 [PASS]
→ W3/B ... P99=8.4 alloc/frame=0.0 [PASS]
→ W3/C ... P99=8.3 alloc/frame=0.0 [PASS]
→ W3/D ... P99=4.7 alloc/frame=0.0 [PASS]
→ W4/A ... P99=2098.6 alloc/frame=0.0 [PASS]
→ W4/B ... P99=2185.2 alloc/frame=0.0 [PASS]
→ W4/C ... P99=2074.0 alloc/frame=0.0 [PASS]
→ W4/D ... P99=2060.9 alloc/frame=0.0 [PASS]
→ W5/A ... P99=13.7 alloc/frame=0.0 [PASS]
→ W5/B ... P99=17.7 alloc/frame=0.0 [PASS]
→ W5/C ... P99=15.7 alloc/frame=0.0 [PASS]
→ W5/D ... P99=9.0 alloc/frame=0.0 [PASS]

✓ W-suite bundle: /home/runner/work/Weft/Weft/bench/results/wsuite-x86_64-sandbox.json
  cells: 20 (target: 20 = 5 workloads × 4 backends)
  pass: 20/20
{
  "shard": "perf-regression",
  "status": "PASSED",
  "threshold_pct": 5,
  "regression_count": 0,
  "improvement_count": 20,
  "cells_compared": 20,
  "regressions": [],
  "improvements": [
    {
      "workload": "W1",
      "backend": "A",
      "baseline": 7.3,
      "actual": 62.6,
      "delta_pct": 757.5,
      "reason": "improvement"
    },
    {
      "workload": "W1",
      "backend": "B",
      "baseline": 44.6,
      "actual": 102.0,
      "delta_pct": 128.7,
      "reason": "improvement"
    },
    {
      "workload": "W1",
      "backend": "C",
      "baseline": 7.8,
      "actual": 100.6,
      "delta_pct": 1189.7,
      "reason": "improvement"
    },
    {
      "workload": "W1",
      "backend": "D",
      "baseline": 18.6,
      "actual": 65.9,
      "delta_pct": 254.3,
      "reason": "improvement"
    },
    {
      "workload": "W2",
      "backend": "A",
      "baseline": 4.3,
      "actual": 58.1,
      "delta_pct": 1251.2,
      "reason": "improvement"
    },
    {
      "workload": "W2",
      "backend": "B",
      "baseline": 6.1,
      "actual": 78.1,
      "delta_pct": 1180.3,
      "reason": "improvement"
    },
    {
      "workload": "W2",
      "backend": "C",
      "baseline": 16.4,
      "actual": 78.4,
      "delta_pct": 378.0,
      "reason": "improvement"
    },
    {
      "workload": "W2",
      "backend": "D",
      "baseline": 7.5,
      "actual": 34.0,
      "delta_pct": 353.3,
      "reason": "improvement"
    },
    {
      "workload": "W3",
      "backend": "A",
      "baseline": 2.6,
      "actual": 6.7,
      "delta_pct": 157.7,
      "reason": "improvement"
    },
    {
      "workload": "W3",
      "backend": "B",
      "baseline": 3.7,
      "actual": 8.4,
      "delta_pct": 127.0,
      "reason": "improvement"
    },
    {
      "workload": "W3",
      "backend": "C",
      "baseline": 2.8,
      "actual": 8.3,
      "delta_pct": 196.4,
      "reason": "improvement"
    },
    {
      "workload": "W3",
      "backend": "D",
      "baseline": 1.1,
      "actual": 4.7,
      "delta_pct": 327.3,
      "reason": "improvement"
    },
    {
      "workload": "W4",
      "backend": "A",
      "baseline": 659.0,
      "actual": 2098.6,
      "delta_pct": 218.5,
      "reason": "improvement"
    },
    {
      "workload": "W4",
      "backend": "B",
      "baseline": 681.4,
      "actual": 2185.2,
      "delta_pct": 220.7,
      "reason": "improvement"
    },
    {
      "workload": "W4",
      "backend": "C",
      "baseline": 578.3,
      "actual": 2074.0,
      "delta_pct": 258.6,
      "reason": "improvement"
    },
    {
      "workload": "W4",
      "backend": "D",
      "baseline": 409.0,
      "actual": 2060.9,
      "delta_pct": 403.9,
      "reason": "improvement"
    },
    {
      "workload": "W5",
      "backend": "A",
      "baseline": 5.4,
      "actual": 13.7,
      "delta_pct": 153.7,
      "reason": "improvement"
    },
    {
      "workload": "W5",
      "backend": "B",
      "baseline": 7.7,
      "actual": 17.7,
      "delta_pct": 129.9,
      "reason": "improvement"
    },
    {
      "workload": "W5",
      "backend": "C",
      "baseline": 7.7,
      "actual": 15.7,
      "delta_pct": 103.9,
      "reason": "improvement"
    },
    {
      "workload": "W5",
      "backend": "D",
      "baseline": 3.2,
      "actual": 9.0,
      "delta_pct": 181.2,
      "reason": "improvement"
    }
  ],
  "all_compared": [
    {
      "workload": "W1",
      "backend": "A",
      "baseline_p99": 7.3,
      "actual_p99": 62.6,
      "delta_pct": 757.5
    },
    {
      "workload": "W1",
      "backend": "B",
      "baseline_p99": 44.6,
      "actual_p99": 102.0,
      "delta_pct": 128.7
    },
    {
      "workload": "W1",
      "backend": "C",
      "baseline_p99": 7.8,
      "actual_p99": 100.6,
      "delta_pct": 1189.7
    },
    {
      "workload": "W1",
      "backend": "D",
      "baseline_p99": 18.6,
      "actual_p99": 65.9,
      "delta_pct": 254.3
    },
    {
      "workload": "W2",
      "backend": "A",
      "baseline_p99": 4.3,
      "actual_p99": 58.1,
      "delta_pct": 1251.2
    },
    {
      "workload": "W2",
      "backend": "B",
      "baseline_p99": 6.1,
      "actual_p99": 78.1,
      "delta_pct": 1180.3
    },
    {
      "workload": "W2",
      "backend": "C",
      "baseline_p99": 16.4,
      "actual_p99": 78.4,
      "delta_pct": 378.0
    },
    {
      "workload": "W2",
      "backend": "D",
      "baseline_p99": 7.5,
      "actual_p99": 34.0,
      "delta_pct": 353.3
    },
    {
      "workload": "W3",
      "backend": "A",
      "baseline_p99": 2.6,
      "actual_p99": 6.7,
      "delta_pct": 157.7
    },
    {
      "workload": "W3",
      "backend": "B",
      "baseline_p99": 3.7,
      "actual_p99": 8.4,
      "delta_pct": 127.0
    },
    {
      "workload": "W3",
      "backend": "C",
      "baseline_p99": 2.8,
      "actual_p99": 8.3,
      "delta_pct": 196.4
    },
    {
      "workload": "W3",
      "backend": "D",
      "baseline_p99": 1.1,
      "actual_p99": 4.7,
      "delta_pct": 327.3
    },
    {
      "workload": "W4",
      "backend": "A",
      "baseline_p99": 659.0,
      "actual_p99": 2098.6,
      "delta_pct": 218.5
    },
    {
      "workload": "W4",
      "backend": "B",
      "baseline_p99": 681.4,
      "actual_p99": 2185.2,
      "delta_pct": 220.7
    },
    {
      "workload": "W4",
      "backend": "C",
      "baseline_p99": 578.3,
      "actual_p99": 2074.0,
      "delta_pct": 258.6
    },
    {
      "workload": "W4",
      "backend": "D",
      "baseline_p99": 409.0,
      "actual_p99": 2060.9,
      "delta_pct": 403.9
    },
    {
      "workload": "W5",
      "backend": "A",
      "baseline_p99": 5.4,
      "actual_p99": 13.7,
      "delta_pct": 153.7
    },
    {
      "workload": "W5",
      "backend": "B",
      "baseline_p99": 7.7,
      "actual_p99": 17.7,
      "delta_pct": 129.9
    },
    {
      "workload": "W5",
      "backend": "C",
      "baseline_p99": 7.7,
      "actual_p99": 15.7,
      "delta_pct": 103.9
    },
    {
      "workload": "W5",
      "backend": "D",
      "baseline_p99": 3.2,
      "actual_p99": 9.0,
      "delta_pct": 181.2
    }
  ]
}

-> publish/claim P50+P99 latency vs ci/baselines/publish-claim-p99-baseline.json
  PASS claim_p50: {'actual': 36, 'baseline': 40, 'ok': True}
  PASS claim_p99: {'actual': 40, 'limit': 20000, 'noise_cap': 20000, 'ok': True}
  PASS publish_p50: {'actual': 42, 'baseline': 48, 'ok': True}
  PASS publish_p99: {'actual': 150, 'limit': 20000, 'noise_cap': 20000, 'ok': True}

=== Perf-regression status: PASSED ===
✅ No performance regressions
