==================================================
SHARD: weft-tensor-managed
DESCRIPTION: Project weft-tensor Pillar 2: WTR1 layout, TS/Python ingestion engines, DLPack/NumPy bridge, cross-language parity, React/Flutter AI hooks/widgets, 120 FPS flight demo, alloc probes
STATUS: PASSED ✅
COMMIT: bd7b7b05853361dd358040582c5b364ee5f669a4
RUN: 259
==================================================

[1/8] fixture determinism
OK /home/runner/work/Weft/Weft/fixtures/weft-tensor/ring-v1-f32.bin (640 B) byte-identical
OK /home/runner/work/Weft/Weft/fixtures/weft-tensor/ring-v1-u8.bin (640 B) byte-identical
[2/8] TypeScript suite
✔ zero-alloc probe [ring] — 100k steady-state ops stay flat (217.930529ms)
✔ zero-alloc probe [ingest] — 100k steady-state ops stay flat (122.553715ms)
✔ zero-alloc probe [audio] — 100k steady-state ops stay flat (117.06464ms)
✔ zero-alloc probe [render] — 100k steady-state ops stay flat (1562.880874ms)
✔ zero-alloc probe [overlay] — 100k steady-state ops stay flat (72.598025ms)
✔ negative control: a deliberately-allocating loop IS caught (68.494407ms)
✔ f32 fixture: header fields, 10 frames, dyadic payload parity (2.148508ms)
✔ u8 fixture: header fields, 6 frames, byte payload parity (1.039442ms)
✔ WebCodecs sync fast path: bytes land in ring, no intermediate (3.607826ms)
✔ WebCodecs async fast path resolves after the GPU readback lands (0.456792ms)
✔ copyTo failure is a DROP, never a throw into the frame loop (1.395523ms)
✔ legacy sync copyTo returning void still commits the full slot (0.444633ms)
✔ ImageData + raw paths (0.610291ms)
✔ ingestor dtype gate: f32 ring rejected (Law 4) (0.560687ms)
✔ AudioPcmFeeder: exact-fit chunks roll one slot per chunk (0.566586ms)
✔ AudioPcmFeeder: chunk spanning slot boundaries carries with zero gaps (0.488099ms)
✔ AudioPcmFeeder: tiny chunks accumulate then roll (worklet cadence) (0.349752ms)
✔ AudioPcmFeeder dtype gate + chunk size gate (Law 4) (0.484363ms)
✔ crc32 matches node:zlib over the static header region (4.145218ms)
✔ f16FromBits matches numpy float16 decode exactly (0.54933ms)
✔ f16ToBits matches numpy round-to-nearest-even (0.524784ms)
✔ fourcc round-trips as LE ASCII (0.269813ms)
✔ validateRingHeader accepts both golden fixtures (1.782261ms)
✔ fail-closed corruption matrix — every mutation gets a machine-readable code (1.733909ms)
✔ dtype validity table (0.209232ms)
✔ create() writes a self-validating header (round trip through attach) (2.875813ms)
✔ Canvas2DPlane: ONE ImageData reused, pixel-accurate blit per frame (5.925431ms)
✔ Canvas2DPlane dtype gate (Law 4) (0.835678ms)
✔ OverlayScratch + drawBoxes2D: bounded, reused, pixel records (1.306321ms)
✔ drawSkeleton2D honours confidence gating (0.377644ms)
✔ WebGL2Plane: zero-alloc texSubImage2D from the slot view + fullscreen tri (2.278772ms)
✔ create + typed commit + acquireLatest returns exact values, zero surprises (7.22125ms)
✔ byte commit path (Uint8Array) with short payload (bounded loop, no throw) (0.464103ms)
✔ acquireLatest(lastSeq) returns null when nothing new; acquireFrame bounds (2.329277ms)
✔ overrun: slotCount=2, 5 commits -> old seq gone, latest correct (0.858541ms)
✔ torn read: uncommitted slot is invisible, then visible after commit marker (0.4486ms)
✔ zero-copy begin/finish path matches convenience commit (0.661127ms)
✔ commit rejects wrong dtype / oversized payloads (fail-closed) (1.462903ms)
✔ create() input validation is fail-closed (0.462871ms)
✔ waitForNewFrame resolves via injected scheduler; timeout path returns null (32.462875ms)
✔ SharedArrayBuffer smoke: create(shared) + atomics publish + acquire (0.660736ms)
✔ ring stats counters are sealed and monotonic (0.27484ms)
✔ detectRuntime identifies node (this process) (1.282725ms)
✔ detectRuntime: browser / deno / bun / worker / electron fakes (0.366938ms)
✔ runtimeMatrix feature list stays sorted/deterministic (1.102335ms)
✔ assertShareable accepts SAB, rejects plain ArrayBuffer (0.762459ms)
ℹ tests 46
ℹ suites 0
ℹ pass 46
ℹ fail 0
ℹ cancelled 0
ℹ skipped 0
ℹ todo 0
ℹ duration_ms 2238.102561
[3/8] Python suite
.......s.............s................                                   [100%]
36 passed, 2 skipped in 9.32s
[4/8] TS producer -> Python consumer
{"producer":"typescript","path":"/tmp/tmp.LO56K5aF4a/ts_ring.bin","byteLength":640,"producerSeq":10,"slotStride":128,"schemaId":"fe77000000000000"}
{"consumer": "python", "path": "/tmp/tmp.LO56K5aF4a/ts_ring.bin", "framesValidated": [7, 8, 9, 10], "dlpackAlias": true, "ok": true}
[5/8] Python producer -> TS consumer
{"producer": "python", "path": "/tmp/tmp.LO56K5aF4a/py_ring.bin", "byteLength": 640, "producerSeq": 10, "slotStride": 128, "schemaId": "fe77000000000001"}
{"consumer":"typescript","path":"/tmp/tmp.LO56K5aF4a/py_ring.bin","framesValidated":[7,8,9,10],"ok":true}
[6/8] DLPack alias proof (consumed the TS-produced ring, pointer-checked)
    dlpack alias OK (slot ptr 0x558364f45f30 inside ring 0x558364f45df0..0x558364f46070)
[7/8] zero-allocation probes (100k ops each, post-warmup, --expose-gc)
    {"mode":"ring","iters":100000,"heapBefore":4421672,"heapAfter":4416640,"deltaBytes":-5032}
    {"mode":"ingest","iters":100000,"heapBefore":4410952,"heapAfter":4425696,"deltaBytes":14744}
    {"mode":"audio","iters":100000,"heapBefore":4424728,"heapAfter":4419824,"deltaBytes":-4904}
    {"mode":"render","iters":100000,"heapBefore":4418992,"heapAfter":4420592,"deltaBytes":1600}
    {"mode":"overlay","iters":100000,"heapBefore":4298968,"heapAfter":4299680,"deltaBytes":712}
[8/8] latency gates (directive: commit < 50us)
    {"bench":"weft-tensor commit/acquire","node":"v24.21.0","video":{"geometry":"320x180 RGBA","slotCapBytes":230400,"commit":{"n":50000,"p50_us":0.181,"p99_us":1.312,"max_us":200.45},"acquire":{"n":50000,"p50_us":0.14,"p99_us":0.46,"max_us":122.623},"commit_under_50us":true},"audio":{"geometry":"2ch x 128 f32 (interleaved quanta 256)","slotCapBytes":1024,"commit":{"n":50000,"p50_us":0.491,"p99_us":0.932,"max_us":48.122},"acquire":{"n":50000,"p50_us":0.13,"p99_us":1.272,"max_us":129.754},"commit_under_50us":true}}
weft-tensor managed shard: ALL 8 STAGES GREEN
