==================================================
SHARD: fanout-concurrent
DESCRIPTION: 1 writer + 4 reader workers, integrity-gated + daisy-chain
STATUS: PASSED ✅
COMMIT: bd7b7b05853361dd358040582c5b364ee5f669a4
RUN: 259
==================================================

────────────────────────────────────────────────────────────────────────
RFC 0004 — CONCURRENT fan-out torture test (worker_threads, true parallelism)
────────────────────────────────────────────────────────────────────────
phase 1  sprint : writer 1.722M pub/s over 400000 frames (232 ms) — 4 verifying readers
  reader[0] fresh=195182 dropped=204812 stale=623274 tornRetries=68 notReady=95824 exhausted=0 violations=0 (249 ms)
  reader[1] fresh=196159 dropped=203836 stale=662273 tornRetries=63 notReady=141179 exhausted=0 violations=0 (244 ms)
  reader[2] fresh=46 dropped=399948 stale=680312 tornRetries=20 notReady=57281 exhausted=0 violations=0 (241 ms)
  reader[3] fresh=149645 dropped=249979 stale=448014 tornRetries=39 notReady=0 exhausted=0 violations=0 (229 ms)
phase 2  daisy  : Triad kernel → broadcaster → ring → 4 readers over 120000 frames (381 ms, 315K frames/s)
  reader[0] fresh=98357 dropped=21642 stale=1265181 tornRetries=37 notReady=2396910 exhausted=0 violations=0 (529 ms)
  reader[1] fresh=42329 dropped=77613 stale=1243754 tornRetries=36 notReady=2014437 exhausted=0 violations=0 (526 ms)
  reader[2] fresh=114139 dropped=5861 stale=1735263 tornRetries=38 notReady=3879082 exhausted=0 violations=0 (543 ms)
  reader[3] fresh=34425 dropped=85517 stale=1057740 tornRetries=74 notReady=1881990 exhausted=0 violations=0 (510 ms)
────────────────────────────────────────────────────────────────────────
GATE: ALL PASSED ✅  (integrity, convergence, exact drop accounting, daisy-chain)
────────────────────────────────────────────────────────────────────────
RFC 0004 — CONCURRENT fan-out benchmark (1 writer + 4 readers, worker_threads)
────────────────────────────────────────────────────────────────────────
Environment Tag: node / linux-sandbox (SharedArrayBuffer + Atomics, all SeqCst)
Writer: 1000000 publishes in 295 ms  →  3.387M publishes/sec  (latch protocol INCLUDED)
  reader[0]: fresh=911511 dropped=88489 claims=1025870 → 3.085M fresh claims/sec (295 ms)
  reader[1]: fresh=716077 dropped=93513 claims=760571 → 3.095M fresh claims/sec (231 ms)
  reader[2]: fresh=476272 dropped=432985 claims=505397 → 1.865M fresh claims/sec (255 ms)
  reader[3]: fresh=411369 dropped=470700 claims=450578 → 1.650M fresh claims/sec (249 ms)
Aggregate: 2.515M fresh deliveries across 4 readers; drops are per-reader (Law 4) and exact.
Law 2 invariant: publish/claim paths allocate nothing (pre-allocated views + out-params).
────────────────────────────────────────────────────────────────────────
✅ fanout-concurrent shard PASSED
