==================================================
SHARD: weft-cluster-managed
DESCRIPTION: Project weft-cluster Pillar 3: TS wire/client/topology/router/metrics, Python wire/router/UDP parity, live UDP mesh, 100k zero-alloc probes, 1M fps burst, rendezvous router
STATUS: PASSED ✅
COMMIT: bd7b7b05853361dd358040582c5b364ee5f669a4
RUN: 259
==================================================

[1/8] kernel-core integrity (Law 3: core/c/weft.{c,h} byte-frozen)
    core/c/weft.{c,h} untouched
[2/8] TS wire vectors + cross-language guard
✔ crosslang: TS still decodes the frozen WCN1 vectors byte-exactly (1.119894ms)
✔ crosslang: TS rejects malformed fixtures with the frozen codes (0.201393ms)
✔ crosslang: FNV/CRC reference vectors match the fixture (0.275225ms)
✔ crc32 IEEE vectors (parity with Python zlib.crc32) (1.069573ms)
✔ fnv1a64 topic hash vectors (parity with Python impl) (0.338975ms)
✔ WCN1 header: little-endian byte layout is normative (0.35368ms)
✔ WCN1 round-trip: encode -> decode -> same fields (4.433834ms)
✔ Law 4: malformed datagrams map to the exact error taxonomy (0.244177ms)
✔ error names are stable (Law 4 contract) (0.191273ms)
✔ WGS1 gossip: encode + entries + decode round-trip (0.300432ms)
✔ WGS1: entry_count overrun is WC_E_TRUNCATED, not a crash (0.096013ms)
✔ Law 1: decodeInto is allocation-free (structural check) (0.255224ms)
ℹ tests 12
ℹ suites 0
ℹ pass 12
ℹ fail 0
ℹ cancelled 0
ℹ skipped 0
ℹ todo 0
ℹ duration_ms 67.823227
[3/8] Python wire + router vector parity
.........                                                                [100%]
9 passed in 0.26s
[4/8] TypeScript suite
✔ shm: publish -> subscribe async iterator, seq monotonic, payload intact (10.189057ms)
✔ shm: two subscribers fan out independently; unsubscribe stops flow (12.150534ms)
✔ shm: tryLatest reads newest without advancing the iterator (4.972848ms)
✔ Law 4: stale seq replays are dropped and counted (datagram path) (0.857439ms)
✔ udp: two clients, SUB control plane, live datagram pub/sub (36.021179ms)
✔ udp: publisher with zero subscribers stays silent (no peers dup) (3.576929ms)
✔ crosslang: TS still decodes the frozen WCN1 vectors byte-exactly (0.952256ms)
✔ crosslang: TS rejects malformed fixtures with the frozen codes (0.201909ms)
✔ crosslang: FNV/CRC reference vectors match the fixture (0.270053ms)
✔ registry: counters, gauges, histogram quantile sanity (2.114853ms)
✔ histogram bucket bounds follow the 1, 2, 3, 4, 6, 8, 12... sequence (0.206556ms)
✔ prometheus: exposition format with cumulative histogram buckets (0.822383ms)
✔ otel: OTLP/JSON document shape (resourceMetrics -> metrics) (1.044028ms)
✔ perfetto: .pftrace protobuf round-trips packets and track events (1.132838ms)
✔ prometheus: embedded /metrics server answers 200 over real HTTP (52.340233ms)
✔ router: deterministic owner across calls and instances (1.202823ms)
✔ router: cross-language owner vector (node seeds 11,22,33,44 / telemetry) (1.545297ms)
✔ router: 8-node balance within 3x envelope (8.096016ms)
✔ router: minimal disruption — adding 1 of 9 nodes moves ~1/9 of topics (5.557658ms)
✔ router: unrouted topic -> WC_E_TOPIC_UNROUTED (0.258591ms)
✔ router: removeNode stops routing to it; version bumps (0.170977ms)
✔ membership: upsert + hash-index lookup round-trip (1.431469ms)
✔ membership: open addressing survives heavy collisions (2.433493ms)
✔ gossip: 3 engines converge to a full membership view (socketless) (6.588919ms)
✔ gossip: stale incarnation ignored, higher incarnation wins (0.433717ms)
✔ gossip: LEAVING is sticky at equal incarnation, revive needs higher (0.323438ms)
✔ gossip: SWIM refutation — falsely-leaving node bumps incarnation (0.781704ms)
✔ gossip: silent nodes suspect then evicted (fake clock) (1.354173ms)
✔ gossip: graceful leave announces and propagates LEAVING (0.478288ms)
✔ crc32 IEEE vectors (parity with Python zlib.crc32) (0.760596ms)
✔ fnv1a64 topic hash vectors (parity with Python impl) (0.230767ms)
✔ WCN1 header: little-endian byte layout is normative (0.199811ms)
✔ WCN1 round-trip: encode -> decode -> same fields (3.589232ms)
✔ Law 4: malformed datagrams map to the exact error taxonomy (0.251877ms)
✔ error names are stable (Law 4 contract) (0.193613ms)
✔ WGS1 gossip: encode + entries + decode round-trip (0.318021ms)
✔ WGS1: entry_count overrun is WC_E_TRUNCATED, not a crash (0.095021ms)
✔ Law 1: decodeInto is allocation-free (structural check) (0.206367ms)
ℹ tests 38
ℹ suites 0
ℹ pass 38
ℹ fail 0
ℹ cancelled 0
ℹ skipped 0
ℹ todo 0
ℹ duration_ms 2161.704951
[5/8] Python suite
.....s.........                                                          [100%]
14 passed, 1 skipped in 8.59s
[6/8] live cross-language UDP cluster (both directions)
..                                                                       [100%]
2 passed in 8.32s
[7/8] zero-allocation probes (100k ops each, post-warmup, --expose-gc)
    {"mode":"publish","iters":100000,"heapBefore":7481840,"heapAfter":7481896,"deltaBytes":56}
    {"mode":"subscribe","iters":100000,"heapBefore":7558696,"heapAfter":7555496,"deltaBytes":-3200}
    {"mode":"metrics","iters":100000,"heapBefore":7396744,"heapAfter":7396432,"deltaBytes":-312}
    {"mode":"router","iters":100000,"heapBefore":7432480,"heapAfter":7432440,"deltaBytes":-40}
[8/8] performance gates
    [8a] 4-node demo smoke (monotonicity must PASS)
    demo PASS (monotonic, 0 gaps, 0 stale)
    [8b] mesh burst >= 1,000,000 fps (mandate D)
    {"kind":"weft-cluster-mesh-burst","transport":"loopback-shm (simulated cluster)","nodes":4,"consumers":3,"topics":1,"payloadBytes":64,"fpsTarget":1000000,"seconds":2,"publishedFrames":2000000,"ingestedFrames":6000000,"expectedIngest":6000000,"achievedFps":1351547,"fanoutWritesPerSec":4054640,"elapsedSec":1.48,"sequenceGaps":0,"hopLatencyNs":{"p50":768,"p99":1536},"at":"2026-09-23T13:57:29.315Z"}
    [8c] membership lookup latency (mandate B1)
    {"kind":"weft-cluster-router-bench","membershipLookupNs":{"p50":12.8,"p99":22.1},"routerOwnerNs":{"p50":943.2,"p99":996.2,"nodes":8},"mandate":"lock-free cluster state table lookups < 10 ns (Pillar 3 mandate B1)"}
    lookup p50 12.8ns (gate 25ns; mandate 10ns is bare-metal — delta recorded in D-33)
weft-cluster-managed shard: ALL 8 STAGES GREEN
