==================================================
SHARD: perf-regression
DESCRIPTION: W-suite P99 vs pinned baseline; >15% drop = FAIL
STATUS: PASSED ✅
COMMIT: 6be118663b537e669e237e08734a80e3499ab81b
RUN: 193
==================================================

→ W1/A ... P99=62.8 alloc/frame=0.0 [PASS]
→ W1/B ... P99=78.2 alloc/frame=0.0 [PASS]
→ W1/C .../home/runner/work/Weft/Weft/core/c/weft.c:15: warning: "_GNU_SOURCE" redefined
   15 | #define _GNU_SOURCE  // for posix_memalign
      | 
<command-line>: note: this is the location of the previous definition
→ compiling Weft C kernel to /home/runner/work/Weft/Weft/core/c/libweft.so
 P99=76.3 alloc/frame=0.0 [PASS]
→ W1/D ... P99=56.9 alloc/frame=0.0 [PASS]
→ W2/A ... P99=47.6 alloc/frame=0.0 [PASS]
→ W2/B ... P99=64.8 alloc/frame=0.0 [PASS]
→ W2/C ... P99=68.6 alloc/frame=0.0 [PASS]
→ W2/D ... P99=27.9 alloc/frame=0.0 [PASS]
→ W3/A ... P99=6.4 alloc/frame=0.0 [PASS]
→ W3/B ... P99=7.7 alloc/frame=0.0 [PASS]
→ W3/C ... P99=7.6 alloc/frame=0.0 [PASS]
→ W3/D ... P99=4.3 alloc/frame=0.0 [PASS]
→ W4/A ... P99=1671.7 alloc/frame=0.0 [PASS]
→ W4/B ... P99=1867.6 alloc/frame=0.0 [PASS]
→ W4/C ... P99=1752.4 alloc/frame=0.0 [PASS]
→ W4/D ... P99=1734.9 alloc/frame=0.0 [PASS]
→ W5/A ... P99=11.5 alloc/frame=0.0 [PASS]
→ W5/B ... P99=15.9 alloc/frame=0.0 [PASS]
→ W5/C ... P99=16.0 alloc/frame=0.0 [PASS]
→ W5/D ... P99=7.9 alloc/frame=0.0 [PASS]

✓ W-suite bundle: /home/runner/work/Weft/Weft/bench/results/wsuite-x86_64-sandbox.json
  cells: 20 (target: 20 = 5 workloads × 4 backends)
  pass: 20/20
1/B ... P99=78.2 alloc/frame=0.0 [PASS]
→ W1/C .../home/runner/work/Weft/Weft/core/c/weft.c:15: warning: "_GNU_SOURCE" redefined
   15 | #define _GNU_SOURCE  // for posix_memalign
      | 
<command-line>: note: this is the location of the previous definition
→ compiling Weft C kernel to /home/runner/work/Weft/Weft/core/c/libweft.so
 P99=76.3 alloc/frame=0.0 [PASS]
→ W1/D ... P99=56.9 alloc/frame=0.0 [PASS]
→ W2/A ... P99=47.6 alloc/frame=0.0 [PASS]
→ W2/B ... P99=64.8 alloc/frame=0.0 [PASS]
→ W2/C ... P99=68.6 alloc/frame=0.0 [PASS]
→ W2/D ... P99=27.9 alloc/frame=0.0 [PASS]
→ W3/A ... P99=6.4 alloc/frame=0.0 [PASS]
→ W3/B ... P99=7.7 alloc/frame=0.0 [PASS]
→ W3/C ... P99=7.6 alloc/frame=0.0 [PASS]
→ W3/D ... P99=4.3 alloc/frame=0.0 [PASS]
→ W4/A ... P99=1671.7 alloc/frame=0.0 [PASS]
→ W4/B ... P99=1867.6 alloc/frame=0.0 [PASS]
→ W4/C ... P99=1752.4 alloc/frame=0.0 [PASS]
→ W4/D ... P99=1734.9 alloc/frame=0.0 [PASS]
→ W5/A ... P99=11.5 alloc/frame=0.0 [PASS]
→ W5/B ... P99=15.9 alloc/frame=0.0 [PASS]
→ W5/C ... P99=16.0 alloc/frame=0.0 [PASS]
→ W5/D ... P99=7.9 alloc/frame=0.0 [PASS]

✓ W-suite bundle: /home/runner/work/Weft/Weft/bench/results/wsuite-x86_64-sandbox.json
  cells: 20 (target: 20 = 5 workloads × 4 backends)
  pass: 20/20
{
  "shard": "perf-regression",
  "status": "PASSED",
  "threshold_pct": 5,
  "regression_count": 0,
  "improvement_count": 20,
  "cells_compared": 20,
  "regressions": [],
  "improvements": [
    {
      "workload": "W1",
      "backend": "A",
      "baseline": 7.3,
      "actual": 62.8,
      "delta_pct": 760.3,
      "reason": "improvement"
    },
    {
      "workload": "W1",
      "backend": "B",
      "baseline": 44.6,
      "actual": 78.2,
      "delta_pct": 75.3,
      "reason": "improvement"
    },
    {
      "workload": "W1",
      "backend": "C",
      "baseline": 7.8,
      "actual": 76.3,
      "delta_pct": 878.2,
      "reason": "improvement"
    },
    {
      "workload": "W1",
      "backend": "D",
      "baseline": 18.6,
      "actual": 56.9,
      "delta_pct": 205.9,
      "reason": "improvement"
    },
    {
      "workload": "W2",
      "backend": "A",
      "baseline": 4.3,
      "actual": 47.6,
      "delta_pct": 1007.0,
      "reason": "improvement"
    },
    {
      "workload": "W2",
      "backend": "B",
      "baseline": 6.1,
      "actual": 64.8,
      "delta_pct": 962.3,
      "reason": "improvement"
    },
    {
      "workload": "W2",
      "backend": "C",
      "baseline": 16.4,
      "actual": 68.6,
      "delta_pct": 318.3,
      "reason": "improvement"
    },
    {
      "workload": "W2",
      "backend": "D",
      "baseline": 7.5,
      "actual": 27.9,
      "delta_pct": 272.0,
      "reason": "improvement"
    },
    {
      "workload": "W3",
      "backend": "A",
      "baseline": 2.6,
      "actual": 6.4,
      "delta_pct": 146.2,
      "reason": "improvement"
    },
    {
      "workload": "W3",
      "backend": "B",
      "baseline": 3.7,
      "actual": 7.7,
      "delta_pct": 108.1,
      "reason": "improvement"
    },
    {
      "workload": "W3",
      "backend": "C",
      "baseline": 2.8,
      "actual": 7.6,
      "delta_pct": 171.4,
      "reason": "improvement"
    },
    {
      "workload": "W3",
      "backend": "D",
      "baseline": 1.1,
      "actual": 4.3,
      "delta_pct": 290.9,
      "reason": "improvement"
    },
    {
      "workload": "W4",
      "backend": "A",
      "baseline": 659.0,
      "actual": 1671.7,
      "delta_pct": 153.7,
      "reason": "improvement"
    },
    {
      "workload": "W4",
      "backend": "B",
      "baseline": 681.4,
      "actual": 1867.6,
      "delta_pct": 174.1,
      "reason": "improvement"
    },
    {
      "workload": "W4",
      "backend": "C",
      "baseline": 578.3,
      "actual": 1752.4,
      "delta_pct": 203.0,
      "reason": "improvement"
    },
    {
      "workload": "W4",
      "backend": "D",
      "baseline": 409.0,
      "actual": 1734.9,
      "delta_pct": 324.2,
      "reason": "improvement"
    },
    {
      "workload": "W5",
      "backend": "A",
      "baseline": 5.4,
      "actual": 11.5,
      "delta_pct": 113.0,
      "reason": "improvement"
    },
    {
      "workload": "W5",
      "backend": "B",
      "baseline": 7.7,
      "actual": 15.9,
      "delta_pct": 106.5,
      "reason": "improvement"
    },
    {
      "workload": "W5",
      "backend": "C",
      "baseline": 7.7,
      "actual": 16.0,
      "delta_pct": 107.8,
      "reason": "improvement"
    },
    {
      "workload": "W5",
      "backend": "D",
      "baseline": 3.2,
      "actual": 7.9,
      "delta_pct": 146.9,
      "reason": "improvement"
    }
  ],
  "all_compared": [
    {
      "workload": "W1",
      "backend": "A",
      "baseline_p99": 7.3,
      "actual_p99": 62.8,
      "delta_pct": 760.3
    },
    {
      "workload": "W1",
      "backend": "B",
      "baseline_p99": 44.6,
      "actual_p99": 78.2,
      "delta_pct": 75.3
    },
    {
      "workload": "W1",
      "backend": "C",
      "baseline_p99": 7.8,
      "actual_p99": 76.3,
      "delta_pct": 878.2
    },
    {
      "workload": "W1",
      "backend": "D",
      "baseline_p99": 18.6,
      "actual_p99": 56.9,
      "delta_pct": 205.9
    },
    {
      "workload": "W2",
      "backend": "A",
      "baseline_p99": 4.3,
      "actual_p99": 47.6,
      "delta_pct": 1007.0
    },
    {
      "workload": "W2",
      "backend": "B",
      "baseline_p99": 6.1,
      "actual_p99": 64.8,
      "delta_pct": 962.3
    },
    {
      "workload": "W2",
      "backend": "C",
      "baseline_p99": 16.4,
      "actual_p99": 68.6,
      "delta_pct": 318.3
    },
    {
      "workload": "W2",
      "backend": "D",
      "baseline_p99": 7.5,
      "actual_p99": 27.9,
      "delta_pct": 272.0
    },
    {
      "workload": "W3",
      "backend": "A",
      "baseline_p99": 2.6,
      "actual_p99": 6.4,
      "delta_pct": 146.2
    },
    {
      "workload": "W3",
      "backend": "B",
      "baseline_p99": 3.7,
      "actual_p99": 7.7,
      "delta_pct": 108.1
    },
    {
      "workload": "W3",
      "backend": "C",
      "baseline_p99": 2.8,
      "actual_p99": 7.6,
      "delta_pct": 171.4
    },
    {
      "workload": "W3",
      "backend": "D",
      "baseline_p99": 1.1,
      "actual_p99": 4.3,
      "delta_pct": 290.9
    },
    {
      "workload": "W4",
      "backend": "A",
      "baseline_p99": 659.0,
      "actual_p99": 1671.7,
      "delta_pct": 153.7
    },
    {
      "workload": "W4",
      "backend": "B",
      "baseline_p99": 681.4,
      "actual_p99": 1867.6,
      "delta_pct": 174.1
    },
    {
      "workload": "W4",
      "backend": "C",
      "baseline_p99": 578.3,
      "actual_p99": 1752.4,
      "delta_pct": 203.0
    },
    {
      "workload": "W4",
      "backend": "D",
      "baseline_p99": 409.0,
      "actual_p99": 1734.9,
      "delta_pct": 324.2
    },
    {
      "workload": "W5",
      "backend": "A",
      "baseline_p99": 5.4,
      "actual_p99": 11.5,
      "delta_pct": 113.0
    },
    {
      "workload": "W5",
      "backend": "B",
      "baseline_p99": 7.7,
      "actual_p99": 15.9,
      "delta_pct": 106.5
    },
    {
      "workload": "W5",
      "backend": "C",
      "baseline_p99": 7.7,
      "actual_p99": 16.0,
      "delta_pct": 107.8
    },
    {
      "workload": "W5",
      "backend": "D",
      "baseline_p99": 3.2,
      "actual_p99": 7.9,
      "delta_pct": 146.9
    }
  ]
}

-> publish/claim P50+P99 latency vs ci/baselines/publish-claim-p99-baseline.json
  PASS claim_p50: {'actual': 30, 'baseline': 40, 'ok': True}
  PASS claim_p99: {'actual': 71, 'limit': 20000, 'noise_cap': 20000, 'ok': True}
  PASS publish_p50: {'actual': 40, 'baseline': 48, 'ok': True}
  PASS publish_p99: {'actual': 321, 'limit': 20000, 'noise_cap': 20000, 'ok': True}

=== Perf-regression status: PASSED ===
✅ No performance regressions
