STATUS: PASSED
cd core/c && make
make[1]: Entering directory '/home/runner/work/Weft/Weft/core/c'
make[1]: Nothing to be done for 'all'.
make[1]: Leaving directory '/home/runner/work/Weft/Weft/core/c'

=== Iteration 1/5 (c) ===
# Loaded catalog: weft-litmus v2
  running c L1-tear...
    -> exit=0 elapsed=7.6s pass=True
  running c L2-writer-steps...
    -> exit=0 elapsed=5.0s pass=True
  running c L3-reader-steps...
    -> exit=0 elapsed=0.0s pass=True
  running c L4-freshness...
    -> exit=0 elapsed=2.1s pass=True
  running c L5-progress...
    -> exit=0 elapsed=5.0s pass=True
  running c L6-ownership...
    -> exit=0 elapsed=3.9s pass=True
  running c L7-revocation...
    -> exit=0 elapsed=0.0s pass=True
  running c L8-envelope...
    -> exit=0 elapsed=0.0s pass=True
Wrote /home/runner/work/Weft/Weft/litmus/REPORT.md
Wrote /home/runner/work/Weft/Weft/litmus/results.json

=== Iteration 2/5 (c) ===
# Loaded catalog: weft-litmus v2
  running c L1-tear...
    -> exit=0 elapsed=7.6s pass=True
  running c L2-writer-steps...
    -> exit=0 elapsed=5.0s pass=True
  running c L3-reader-steps...
    -> exit=0 elapsed=0.0s pass=True
  running c L4-freshness...
    -> exit=0 elapsed=2.1s pass=True
  running c L5-progress...
    -> exit=0 elapsed=5.0s pass=True
  running c L6-ownership...
    -> exit=0 elapsed=3.9s pass=True
  running c L7-revocation...
    -> exit=0 elapsed=0.0s pass=True
  running c L8-envelope...
    -> exit=0 elapsed=0.0s pass=True
Wrote /home/runner/work/Weft/Weft/litmus/REPORT.md
Wrote /home/runner/work/Weft/Weft/litmus/results.json

=== Iteration 3/5 (c) ===
# Loaded catalog: weft-litmus v2
  running c L1-tear...
    -> exit=0 elapsed=7.6s pass=True
  running c L2-writer-steps...
    -> exit=0 elapsed=5.0s pass=True
  running c L3-reader-steps...
    -> exit=0 elapsed=0.0s pass=True
  running c L4-freshness...
    -> exit=0 elapsed=2.1s pass=True
  running c L5-progress...
    -> exit=0 elapsed=5.0s pass=True
  running c L6-ownership...
    -> exit=0 elapsed=3.9s pass=True
  running c L7-revocation...
    -> exit=0 elapsed=0.0s pass=True
  running c L8-envelope...
    -> exit=0 elapsed=0.0s pass=True
Wrote /home/runner/work/Weft/Weft/litmus/REPORT.md
Wrote /home/runner/work/Weft/Weft/litmus/results.json

=== Iteration 4/5 (c) ===
# Loaded catalog: weft-litmus v2
  running c L1-tear...
    -> exit=0 elapsed=7.6s pass=True
  running c L2-writer-steps...
    -> exit=0 elapsed=5.0s pass=True
  running c L3-reader-steps...
    -> exit=0 elapsed=0.0s pass=True
  running c L4-freshness...
    -> exit=0 elapsed=2.1s pass=True
  running c L5-progress...
    -> exit=0 elapsed=5.0s pass=True
  running c L6-ownership...
    -> exit=0 elapsed=3.9s pass=True
  running c L7-revocation...
    -> exit=0 elapsed=0.0s pass=True
  running c L8-envelope...
    -> exit=0 elapsed=0.0s pass=True
Wrote /home/runner/work/Weft/Weft/litmus/REPORT.md
Wrote /home/runner/work/Weft/Weft/litmus/results.json

=== Iteration 5/5 (c) ===
# Loaded catalog: weft-litmus v2
  running c L1-tear...
    -> exit=0 elapsed=7.6s pass=True
  running c L2-writer-steps...
    -> exit=0 elapsed=5.0s pass=True
  running c L3-reader-steps...
    -> exit=0 elapsed=0.0s pass=True
  running c L4-freshness...
    -> exit=0 elapsed=2.1s pass=True
  running c L5-progress...
    -> exit=0 elapsed=5.0s pass=True
  running c L6-ownership...
    -> exit=0 elapsed=3.9s pass=True
  running c L7-revocation...
    -> exit=0 elapsed=0.0s pass=True
  running c L8-envelope...
    -> exit=0 elapsed=0.0s pass=True
Wrote /home/runner/work/Weft/Weft/litmus/REPORT.md
Wrote /home/runner/work/Weft/Weft/litmus/results.json
{
  "shard": "litmus-stability-c",
  "iterations": 5,
  "runs": [
    {
      "iteration": 1,
      "status": "PASSED"
    },
    {
      "iteration": 2,
      "status": "PASSED"
    },
    {
      "iteration": 3,
      "status": "PASSED"
    },
    {
      "iteration": 4,
      "status": "PASSED"
    },
    {
      "iteration": 5,
      "status": "PASSED"
    }
  ],
  "pass_count": 5,
  "fail_count": 0,
  "status": "PASSED",
  "pass_rate": 100.0
}

=== Stability summary (c): 5/5 PASS, 0/5 FAIL ===
✅ Stability threshold met (>=80%)
