==================================================
SHARD: weft-tensor-managed
DESCRIPTION: Project weft-tensor Pillar 2: WTR1 layout, TS/Python ingestion engines, DLPack/NumPy bridge, cross-language parity, React/Flutter AI hooks/widgets, 120 FPS flight demo, alloc probes
STATUS: PASSED ✅
COMMIT: 8662a0f530463564d7001bc2652004cfb77b4139
RUN: 240
==================================================

[1/8] fixture determinism
OK /home/runner/work/Weft/Weft/fixtures/weft-tensor/ring-v1-f32.bin (640 B) byte-identical
OK /home/runner/work/Weft/Weft/fixtures/weft-tensor/ring-v1-u8.bin (640 B) byte-identical
[2/8] TypeScript suite
✔ zero-alloc probe [ring] — 100k steady-state ops stay flat (193.642021ms)
✔ zero-alloc probe [ingest] — 100k steady-state ops stay flat (110.311734ms)
✔ zero-alloc probe [audio] — 100k steady-state ops stay flat (114.837685ms)
✔ zero-alloc probe [render] — 100k steady-state ops stay flat (1614.036893ms)
✔ zero-alloc probe [overlay] — 100k steady-state ops stay flat (68.088808ms)
✔ negative control: a deliberately-allocating loop IS caught (60.344935ms)
✔ f32 fixture: header fields, 10 frames, dyadic payload parity (2.054847ms)
✔ u8 fixture: header fields, 6 frames, byte payload parity (1.352982ms)
✔ WebCodecs sync fast path: bytes land in ring, no intermediate (3.395807ms)
✔ WebCodecs async fast path resolves after the GPU readback lands (0.332021ms)
✔ copyTo failure is a DROP, never a throw into the frame loop (1.273774ms)
✔ legacy sync copyTo returning void still commits the full slot (0.43804ms)
✔ ImageData + raw paths (0.626473ms)
✔ ingestor dtype gate: f32 ring rejected (Law 4) (0.688418ms)
✔ AudioPcmFeeder: exact-fit chunks roll one slot per chunk (3.88288ms)
✔ AudioPcmFeeder: chunk spanning slot boundaries carries with zero gaps (0.647371ms)
✔ AudioPcmFeeder: tiny chunks accumulate then roll (worklet cadence) (0.532176ms)
✔ AudioPcmFeeder dtype gate + chunk size gate (Law 4) (0.656329ms)
✔ crc32 matches node:zlib over the static header region (4.099183ms)
✔ f16FromBits matches numpy float16 decode exactly (0.58769ms)
✔ f16ToBits matches numpy round-to-nearest-even (0.432279ms)
✔ fourcc round-trips as LE ASCII (0.32021ms)
✔ validateRingHeader accepts both golden fixtures (1.94451ms)
✔ fail-closed corruption matrix — every mutation gets a machine-readable code (1.897822ms)
✔ dtype validity table (0.226975ms)
✔ create() writes a self-validating header (round trip through attach) (2.866907ms)
✔ Canvas2DPlane: ONE ImageData reused, pixel-accurate blit per frame (4.548443ms)
✔ Canvas2DPlane dtype gate (Law 4) (0.882131ms)
✔ OverlayScratch + drawBoxes2D: bounded, reused, pixel records (1.432281ms)
✔ drawSkeleton2D honours confidence gating (0.427389ms)
✔ WebGL2Plane: zero-alloc texSubImage2D from the slot view + fullscreen tri (2.029759ms)
✔ create + typed commit + acquireLatest returns exact values, zero surprises (5.749062ms)
✔ byte commit path (Uint8Array) with short payload (bounded loop, no throw) (0.514604ms)
✔ acquireLatest(lastSeq) returns null when nothing new; acquireFrame bounds (2.117632ms)
✔ overrun: slotCount=2, 5 commits -> old seq gone, latest correct (0.717162ms)
✔ torn read: uncommitted slot is invisible, then visible after commit marker (0.429834ms)
✔ zero-copy begin/finish path matches convenience commit (0.387977ms)
✔ commit rejects wrong dtype / oversized payloads (fail-closed) (1.083658ms)
✔ create() input validation is fail-closed (0.547164ms)
✔ waitForNewFrame resolves via injected scheduler; timeout path returns null (37.679183ms)
✔ SharedArrayBuffer smoke: create(shared) + atomics publish + acquire (0.916676ms)
✔ ring stats counters are sealed and monotonic (0.284432ms)
✔ detectRuntime identifies node (this process) (1.442741ms)
✔ detectRuntime: browser / deno / bun / worker / electron fakes (0.370854ms)
✔ runtimeMatrix feature list stays sorted/deterministic (1.07397ms)
✔ assertShareable accepts SAB, rejects plain ArrayBuffer (0.842267ms)
ℹ tests 46
ℹ suites 0
ℹ pass 46
ℹ fail 0
ℹ cancelled 0
ℹ skipped 0
ℹ todo 0
ℹ duration_ms 2252.422599
[3/8] Python suite
.......s.............s................                                   [100%]
36 passed, 2 skipped in 9.25s
[4/8] TS producer -> Python consumer
{"producer":"typescript","path":"/tmp/tmp.fjH5h1vAJy/ts_ring.bin","byteLength":640,"producerSeq":10,"slotStride":128,"schemaId":"fe77000000000000"}
{"consumer": "python", "path": "/tmp/tmp.fjH5h1vAJy/ts_ring.bin", "framesValidated": [7, 8, 9, 10], "dlpackAlias": true, "ok": true}
[5/8] Python producer -> TS consumer
{"producer": "python", "path": "/tmp/tmp.fjH5h1vAJy/py_ring.bin", "byteLength": 640, "producerSeq": 10, "slotStride": 128, "schemaId": "fe77000000000001"}
{"consumer":"typescript","path":"/tmp/tmp.fjH5h1vAJy/py_ring.bin","framesValidated":[7,8,9,10],"ok":true}
[6/8] DLPack alias proof (consumed the TS-produced ring, pointer-checked)
    dlpack alias OK (slot ptr 0x561dbe6a4f30 inside ring 0x561dbe6a4df0..0x561dbe6a5070)
[7/8] zero-allocation probes (100k ops each, post-warmup, --expose-gc)
    {"mode":"ring","iters":100000,"heapBefore":4402752,"heapAfter":4415976,"deltaBytes":13224}
    {"mode":"ingest","iters":100000,"heapBefore":4429800,"heapAfter":4425696,"deltaBytes":-4104}
    {"mode":"audio","iters":100000,"heapBefore":4406592,"heapAfter":4419896,"deltaBytes":13304}
    {"mode":"render","iters":100000,"heapBefore":4418728,"heapAfter":4420328,"deltaBytes":1600}
    {"mode":"overlay","iters":100000,"heapBefore":4298968,"heapAfter":4299680,"deltaBytes":712}
[8/8] latency gates (directive: commit < 50us)
    {"bench":"weft-tensor commit/acquire","node":"v24.21.0","video":{"geometry":"320x180 RGBA","slotCapBytes":230400,"commit":{"n":50000,"p50_us":0.18,"p99_us":1.343,"max_us":183.653},"acquire":{"n":50000,"p50_us":0.13,"p99_us":0.511,"max_us":88.847},"commit_under_50us":true},"audio":{"geometry":"2ch x 128 f32 (interleaved quanta 256)","slotCapBytes":1024,"commit":{"n":50000,"p50_us":0.481,"p99_us":0.701,"max_us":110.035},"acquire":{"n":50000,"p50_us":0.12,"p99_us":0.731,"max_us":206.497},"commit_under_50us":true}}
weft-tensor managed shard: ALL 8 STAGES GREEN
