==================================================
SHARD: fanout-concurrent
DESCRIPTION: 1 writer + 4 reader workers, integrity-gated + daisy-chain
STATUS: PASSED ✅
COMMIT: 13fce78280318699ecd8ba6aa8ededfe61c63e0c
RUN: 56
==================================================

────────────────────────────────────────────────────────────────────────
RFC 0004 — CONCURRENT fan-out torture test (worker_threads, true parallelism)
────────────────────────────────────────────────────────────────────────
phase 1  sprint : writer 1.603M pub/s over 400000 frames (250 ms) — 4 verifying readers
  reader[0] fresh=145372 dropped=254628 stale=725789 tornRetries=978 notReady=24652 exhausted=105 violations=0 (254 ms)
  reader[1] fresh=211417 dropped=175406 stale=637433 tornRetries=1322 notReady=0 exhausted=143 violations=0 (222 ms)
  reader[2] fresh=119163 dropped=280811 stale=722826 tornRetries=20 notReady=0 exhausted=0 violations=0 (250 ms)
  reader[3] fresh=155026 dropped=244780 stale=338946 tornRetries=25 notReady=0 exhausted=0 violations=0 (253 ms)
phase 2  daisy  : Triad kernel → broadcaster → ring → 4 readers over 120000 frames (309 ms, 389K frames/s)
  reader[0] fresh=86736 dropped=33264 stale=857831 tornRetries=33 notReady=2771733 exhausted=0 violations=0 (415 ms)
  reader[1] fresh=65125 dropped=54869 stale=733866 tornRetries=28 notReady=1290569 exhausted=0 violations=0 (402 ms)
  reader[2] fresh=99444 dropped=20415 stale=1130016 tornRetries=21 notReady=1203207 exhausted=0 violations=0 (400 ms)
  reader[3] fresh=63506 dropped=56494 stale=847337 tornRetries=29 notReady=1840635 exhausted=0 violations=0 (407 ms)
────────────────────────────────────────────────────────────────────────
GATE: ALL PASSED ✅  (integrity, convergence, exact drop accounting, daisy-chain)
────────────────────────────────────────────────────────────────────────
RFC 0004 — CONCURRENT fan-out benchmark (1 writer + 4 readers, worker_threads)
────────────────────────────────────────────────────────────────────────
Environment Tag: node / linux-sandbox (SharedArrayBuffer + Atomics, all SeqCst)
Writer: 1000000 publishes in 311 ms  →  3.213M publishes/sec  (latch protocol INCLUDED)
  reader[0]: fresh=470695 dropped=527135 claims=741807 → 1.544M fresh claims/sec (305 ms)
  reader[1]: fresh=826043 dropped=172739 claims=1280557 → 2.687M fresh claims/sec (307 ms)
  reader[2]: fresh=683785 dropped=314108 claims=1115216 → 2.236M fresh claims/sec (306 ms)
  reader[3]: fresh=412944 dropped=463961 claims=601823 → 1.513M fresh claims/sec (273 ms)
Aggregate: 2.393M fresh deliveries across 4 readers; drops are per-reader (Law 4) and exact.
Law 2 invariant: publish/claim paths allocate nothing (pre-allocated views + out-params).
────────────────────────────────────────────────────────────────────────
✅ fanout-concurrent shard PASSED
e nothing (pre-allocated views + out-params).
────────────────────────────────────────────────────────────────────────
