==================================================
SHARD: revoke-stress
DESCRIPTION: Issue #16 Tier 1 Task 5 — revocation handshake stress: 100K handshakes + measured ceiling + ASAN + TSAN
STATUS: FAILED ❌
COMMIT: 76c067ad7883c06c426761244131d8b665f94d40
RUN: 198
==================================================


=== Build: revoke-stress, revoke-stress-asan, revoke-stress-tsan ===
make: Entering directory '/home/runner/work/Weft/Weft/core/c'
gcc -O2 -std=c11 -Wall -Wextra -pthread -D_GNU_SOURCE -o revoke-stress revoke_stress.c weft.c
revoke_stress.c:32: warning: "_GNU_SOURCE" redefined
   32 | #define _GNU_SOURCE
      | 
<command-line>: note: this is the location of the previous definition
weft.c:15: warning: "_GNU_SOURCE" redefined
   15 | #define _GNU_SOURCE  // for posix_memalign
      | 
<command-line>: note: this is the location of the previous definition
gcc -O1 -g -fsanitize=address -std=c11 -Wall -Wextra -pthread -D_GNU_SOURCE -o revoke-stress-asan revoke_stress.c weft.c
revoke_stress.c:32: warning: "_GNU_SOURCE" redefined
   32 | #define _GNU_SOURCE
      | 
<command-line>: note: this is the location of the previous definition
weft.c:15: warning: "_GNU_SOURCE" redefined
   15 | #define _GNU_SOURCE  // for posix_memalign
      | 
<command-line>: note: this is the location of the previous definition
gcc -O0 -g -fsanitize=thread -std=c11 -Wall -Wextra -pthread -D_GNU_SOURCE -o revoke-stress-tsan revoke_stress.c weft.c
revoke_stress.c:32: warning: "_GNU_SOURCE" redefined
   32 | #define _GNU_SOURCE
      | 
<command-line>: note: this is the location of the previous definition
weft.c:15: warning: "_GNU_SOURCE" redefined
   15 | #define _GNU_SOURCE  // for posix_memalign
      | 
<command-line>: note: this is the location of the previous definition
make: Leaving directory '/home/runner/work/Weft/Weft/core/c'

=== 1. plain 100,000 handshakes (concurrency 256) ===
revoke-stress: concurrency ceiling probe = 16384 threads (256KiB stacks, cap 16384) in 1044306 ms
revoke-stress: handshakes=100000 waves=391 (concurrency 256) timeouts=0 ack_fail=0 poison_fail=0 spawn_fail=0 elapsed=2164 ms
{"test":"revocation-stress","lang":"c","pass":true,"metrics":{"handshakes":100000,"waves":391,"concurrency":256,"ceiling_measured":16384,"timeouts":0,"ack_failures":0,"poison_failures":0,"spawn_failures":0,"elapsed_ms":2164}}

=== 2. plain 5,000 handshakes at the measured ceiling ===
revoke-stress: concurrency ceiling probe = 16384 threads (256KiB stacks, cap 16384) in 967065 ms

=== 3. ASAN 10,000 handshakes (memory-safety oracle) ===
