==================================================
SHARD: perf-regression
DESCRIPTION: W-suite P99 vs pinned baseline; >15% drop = FAIL
STATUS: PASSED ✅
COMMIT: 76c067ad7883c06c426761244131d8b665f94d40
RUN: 198
==================================================

→ W1/A ... P99=120.1 alloc/frame=0.0 [PASS]
→ W1/B ... P99=144.2 alloc/frame=0.0 [PASS]
→ W1/C .../home/runner/work/Weft/Weft/core/c/weft.c:15: warning: "_GNU_SOURCE" redefined
   15 | #define _GNU_SOURCE  // for posix_memalign
      | 
<command-line>: note: this is the location of the previous definition
→ compiling Weft C kernel to /home/runner/work/Weft/Weft/core/c/libweft.so
 P99=142.5 alloc/frame=0.0 [PASS]
→ W1/D ... P99=91.9 alloc/frame=0.0 [PASS]
→ W2/A ... P99=83.4 alloc/frame=0.0 [PASS]
→ W2/B ... P99=120.6 alloc/frame=0.0 [PASS]
→ W2/C ... P99=116.8 alloc/frame=0.0 [PASS]
→ W2/D ... P99=48.8 alloc/frame=0.0 [PASS]
→ W3/A ... P99=10.1 alloc/frame=0.0 [PASS]
→ W3/B ... P99=13.3 alloc/frame=0.0 [PASS]
→ W3/C ... P99=11.9 alloc/frame=0.0 [PASS]
→ W3/D ... P99=6.8 alloc/frame=0.0 [PASS]
→ W4/A ... P99=2906.1 alloc/frame=0.0 [PASS]
→ W4/B ... P99=3062.8 alloc/frame=0.0 [PASS]
→ W4/C ... P99=2746.9 alloc/frame=0.0 [PASS]
→ W4/D ... P99=2890.4 alloc/frame=0.0 [PASS]
→ W5/A ... P99=20.5 alloc/frame=0.0 [PASS]
→ W5/B ... P99=25.1 alloc/frame=0.0 [PASS]
→ W5/C ... P99=25.5 alloc/frame=0.0 [PASS]
→ W5/D ... P99=12.4 alloc/frame=0.0 [PASS]

✓ W-suite bundle: /home/runner/work/Weft/Weft/bench/results/wsuite-x86_64-sandbox.json
  cells: 20 (target: 20 = 5 workloads × 4 backends)
  pass: 20/20
P99=144.2 alloc/frame=0.0 [PASS]
→ W1/C .../home/runner/work/Weft/Weft/core/c/weft.c:15: warning: "_GNU_SOURCE" redefined
   15 | #define _GNU_SOURCE  // for posix_memalign
      | 
<command-line>: note: this is the location of the previous definition
→ compiling Weft C kernel to /home/runner/work/Weft/Weft/core/c/libweft.so
 P99=142.5 alloc/frame=0.0 [PASS]
→ W1/D ... P99=91.9 alloc/frame=0.0 [PASS]
→ W2/A ... P99=83.4 alloc/frame=0.0 [PASS]
→ W2/B ... P99=120.6 alloc/frame=0.0 [PASS]
→ W2/C ... P99=116.8 alloc/frame=0.0 [PASS]
→ W2/D ... P99=48.8 alloc/frame=0.0 [PASS]
→ W3/A ... P99=10.1 alloc/frame=0.0 [PASS]
→ W3/B ... P99=13.3 alloc/frame=0.0 [PASS]
→ W3/C ... P99=11.9 alloc/frame=0.0 [PASS]
→ W3/D ... P99=6.8 alloc/frame=0.0 [PASS]
→ W4/A ... P99=2906.1 alloc/frame=0.0 [PASS]
→ W4/B ... P99=3062.8 alloc/frame=0.0 [PASS]
→ W4/C ... P99=2746.9 alloc/frame=0.0 [PASS]
→ W4/D ... P99=2890.4 alloc/frame=0.0 [PASS]
→ W5/A ... P99=20.5 alloc/frame=0.0 [PASS]
→ W5/B ... P99=25.1 alloc/frame=0.0 [PASS]
→ W5/C ... P99=25.5 alloc/frame=0.0 [PASS]
→ W5/D ... P99=12.4 alloc/frame=0.0 [PASS]

✓ W-suite bundle: /home/runner/work/Weft/Weft/bench/results/wsuite-x86_64-sandbox.json
  cells: 20 (target: 20 = 5 workloads × 4 backends)
  pass: 20/20
{
  "shard": "perf-regression",
  "status": "PASSED",
  "threshold_pct": 5,
  "regression_count": 0,
  "improvement_count": 20,
  "cells_compared": 20,
  "regressions": [],
  "improvements": [
    {
      "workload": "W1",
      "backend": "A",
      "baseline": 7.3,
      "actual": 120.1,
      "delta_pct": 1545.2,
      "reason": "improvement"
    },
    {
      "workload": "W1",
      "backend": "B",
      "baseline": 44.6,
      "actual": 144.2,
      "delta_pct": 223.3,
      "reason": "improvement"
    },
    {
      "workload": "W1",
      "backend": "C",
      "baseline": 7.8,
      "actual": 142.5,
      "delta_pct": 1726.9,
      "reason": "improvement"
    },
    {
      "workload": "W1",
      "backend": "D",
      "baseline": 18.6,
      "actual": 91.9,
      "delta_pct": 394.1,
      "reason": "improvement"
    },
    {
      "workload": "W2",
      "backend": "A",
      "baseline": 4.3,
      "actual": 83.4,
      "delta_pct": 1839.5,
      "reason": "improvement"
    },
    {
      "workload": "W2",
      "backend": "B",
      "baseline": 6.1,
      "actual": 120.6,
      "delta_pct": 1877.0,
      "reason": "improvement"
    },
    {
      "workload": "W2",
      "backend": "C",
      "baseline": 16.4,
      "actual": 116.8,
      "delta_pct": 612.2,
      "reason": "improvement"
    },
    {
      "workload": "W2",
      "backend": "D",
      "baseline": 7.5,
      "actual": 48.8,
      "delta_pct": 550.7,
      "reason": "improvement"
    },
    {
      "workload": "W3",
      "backend": "A",
      "baseline": 2.6,
      "actual": 10.1,
      "delta_pct": 288.5,
      "reason": "improvement"
    },
    {
      "workload": "W3",
      "backend": "B",
      "baseline": 3.7,
      "actual": 13.3,
      "delta_pct": 259.5,
      "reason": "improvement"
    },
    {
      "workload": "W3",
      "backend": "C",
      "baseline": 2.8,
      "actual": 11.9,
      "delta_pct": 325.0,
      "reason": "improvement"
    },
    {
      "workload": "W3",
      "backend": "D",
      "baseline": 1.1,
      "actual": 6.8,
      "delta_pct": 518.2,
      "reason": "improvement"
    },
    {
      "workload": "W4",
      "backend": "A",
      "baseline": 659.0,
      "actual": 2906.1,
      "delta_pct": 341.0,
      "reason": "improvement"
    },
    {
      "workload": "W4",
      "backend": "B",
      "baseline": 681.4,
      "actual": 3062.8,
      "delta_pct": 349.5,
      "reason": "improvement"
    },
    {
      "workload": "W4",
      "backend": "C",
      "baseline": 578.3,
      "actual": 2746.9,
      "delta_pct": 375.0,
      "reason": "improvement"
    },
    {
      "workload": "W4",
      "backend": "D",
      "baseline": 409.0,
      "actual": 2890.4,
      "delta_pct": 606.7,
      "reason": "improvement"
    },
    {
      "workload": "W5",
      "backend": "A",
      "baseline": 5.4,
      "actual": 20.5,
      "delta_pct": 279.6,
      "reason": "improvement"
    },
    {
      "workload": "W5",
      "backend": "B",
      "baseline": 7.7,
      "actual": 25.1,
      "delta_pct": 226.0,
      "reason": "improvement"
    },
    {
      "workload": "W5",
      "backend": "C",
      "baseline": 7.7,
      "actual": 25.5,
      "delta_pct": 231.2,
      "reason": "improvement"
    },
    {
      "workload": "W5",
      "backend": "D",
      "baseline": 3.2,
      "actual": 12.4,
      "delta_pct": 287.5,
      "reason": "improvement"
    }
  ],
  "all_compared": [
    {
      "workload": "W1",
      "backend": "A",
      "baseline_p99": 7.3,
      "actual_p99": 120.1,
      "delta_pct": 1545.2
    },
    {
      "workload": "W1",
      "backend": "B",
      "baseline_p99": 44.6,
      "actual_p99": 144.2,
      "delta_pct": 223.3
    },
    {
      "workload": "W1",
      "backend": "C",
      "baseline_p99": 7.8,
      "actual_p99": 142.5,
      "delta_pct": 1726.9
    },
    {
      "workload": "W1",
      "backend": "D",
      "baseline_p99": 18.6,
      "actual_p99": 91.9,
      "delta_pct": 394.1
    },
    {
      "workload": "W2",
      "backend": "A",
      "baseline_p99": 4.3,
      "actual_p99": 83.4,
      "delta_pct": 1839.5
    },
    {
      "workload": "W2",
      "backend": "B",
      "baseline_p99": 6.1,
      "actual_p99": 120.6,
      "delta_pct": 1877.0
    },
    {
      "workload": "W2",
      "backend": "C",
      "baseline_p99": 16.4,
      "actual_p99": 116.8,
      "delta_pct": 612.2
    },
    {
      "workload": "W2",
      "backend": "D",
      "baseline_p99": 7.5,
      "actual_p99": 48.8,
      "delta_pct": 550.7
    },
    {
      "workload": "W3",
      "backend": "A",
      "baseline_p99": 2.6,
      "actual_p99": 10.1,
      "delta_pct": 288.5
    },
    {
      "workload": "W3",
      "backend": "B",
      "baseline_p99": 3.7,
      "actual_p99": 13.3,
      "delta_pct": 259.5
    },
    {
      "workload": "W3",
      "backend": "C",
      "baseline_p99": 2.8,
      "actual_p99": 11.9,
      "delta_pct": 325.0
    },
    {
      "workload": "W3",
      "backend": "D",
      "baseline_p99": 1.1,
      "actual_p99": 6.8,
      "delta_pct": 518.2
    },
    {
      "workload": "W4",
      "backend": "A",
      "baseline_p99": 659.0,
      "actual_p99": 2906.1,
      "delta_pct": 341.0
    },
    {
      "workload": "W4",
      "backend": "B",
      "baseline_p99": 681.4,
      "actual_p99": 3062.8,
      "delta_pct": 349.5
    },
    {
      "workload": "W4",
      "backend": "C",
      "baseline_p99": 578.3,
      "actual_p99": 2746.9,
      "delta_pct": 375.0
    },
    {
      "workload": "W4",
      "backend": "D",
      "baseline_p99": 409.0,
      "actual_p99": 2890.4,
      "delta_pct": 606.7
    },
    {
      "workload": "W5",
      "backend": "A",
      "baseline_p99": 5.4,
      "actual_p99": 20.5,
      "delta_pct": 279.6
    },
    {
      "workload": "W5",
      "backend": "B",
      "baseline_p99": 7.7,
      "actual_p99": 25.1,
      "delta_pct": 226.0
    },
    {
      "workload": "W5",
      "backend": "C",
      "baseline_p99": 7.7,
      "actual_p99": 25.5,
      "delta_pct": 231.2
    },
    {
      "workload": "W5",
      "backend": "D",
      "baseline_p99": 3.2,
      "actual_p99": 12.4,
      "delta_pct": 287.5
    }
  ]
}

-> publish/claim P50+P99 latency vs ci/baselines/publish-claim-p99-baseline.json
  PASS claim_p50: {'actual': 28, 'baseline': 40, 'ok': True}
  PASS claim_p99: {'actual': 111, 'limit': 20000, 'noise_cap': 20000, 'ok': True}
  PASS publish_p50: {'actual': 40, 'baseline': 48, 'ok': True}
  PASS publish_p99: {'actual': 164, 'limit': 20000, 'noise_cap': 20000, 'ok': True}

=== Perf-regression status: PASSED ===
✅ No performance regressions
