==================================================
SHARD: weft-tensor-managed
DESCRIPTION: Project weft-tensor Pillar 2: WTR1 layout, TS/Python ingestion engines, DLPack/NumPy bridge, cross-language parity, React/Flutter AI hooks/widgets, 120 FPS flight demo, alloc probes
STATUS: PASSED ✅
COMMIT: cfccd8b852fdf916710759968327dd6f1a9147f0
RUN: 224
==================================================

[1/8] fixture determinism
OK /home/runner/work/Weft/Weft/fixtures/weft-tensor/ring-v1-f32.bin (640 B) byte-identical
OK /home/runner/work/Weft/Weft/fixtures/weft-tensor/ring-v1-u8.bin (640 B) byte-identical
[2/8] TypeScript suite
✔ zero-alloc probe [ring] — 100k steady-state ops stay flat (243.612675ms)
✔ zero-alloc probe [ingest] — 100k steady-state ops stay flat (118.16934ms)
✔ zero-alloc probe [audio] — 100k steady-state ops stay flat (118.429618ms)
✔ zero-alloc probe [render] — 100k steady-state ops stay flat (1654.93263ms)
✔ zero-alloc probe [overlay] — 100k steady-state ops stay flat (65.312589ms)
✔ negative control: a deliberately-allocating loop IS caught (64.019474ms)
✔ f32 fixture: header fields, 10 frames, dyadic payload parity (2.747158ms)
✔ u8 fixture: header fields, 6 frames, byte payload parity (1.455858ms)
✔ WebCodecs sync fast path: bytes land in ring, no intermediate (4.004907ms)
✔ WebCodecs async fast path resolves after the GPU readback lands (0.328602ms)
✔ copyTo failure is a DROP, never a throw into the frame loop (1.109242ms)
✔ legacy sync copyTo returning void still commits the full slot (0.371511ms)
✔ ImageData + raw paths (0.639099ms)
✔ ingestor dtype gate: f32 ring rejected (Law 4) (0.652854ms)
✔ AudioPcmFeeder: exact-fit chunks roll one slot per chunk (0.738774ms)
✔ AudioPcmFeeder: chunk spanning slot boundaries carries with zero gaps (0.514527ms)
✔ AudioPcmFeeder: tiny chunks accumulate then roll (worklet cadence) (0.458753ms)
✔ AudioPcmFeeder dtype gate + chunk size gate (Law 4) (0.925992ms)
✔ crc32 matches node:zlib over the static header region (2.410713ms)
✔ f16FromBits matches numpy float16 decode exactly (0.694879ms)
✔ f16ToBits matches numpy round-to-nearest-even (0.568929ms)
✔ fourcc round-trips as LE ASCII (0.491444ms)
✔ validateRingHeader accepts both golden fixtures (1.765894ms)
✔ fail-closed corruption matrix — every mutation gets a machine-readable code (1.945097ms)
✔ dtype validity table (0.233174ms)
✔ create() writes a self-validating header (round trip through attach) (2.945748ms)
✔ Canvas2DPlane: ONE ImageData reused, pixel-accurate blit per frame (6.847934ms)
✔ Canvas2DPlane dtype gate (Law 4) (0.769821ms)
✔ OverlayScratch + drawBoxes2D: bounded, reused, pixel records (1.352675ms)
✔ drawSkeleton2D honours confidence gating (0.400234ms)
✔ WebGL2Plane: zero-alloc texSubImage2D from the slot view + fullscreen tri (2.832466ms)
✔ create + typed commit + acquireLatest returns exact values, zero surprises (4.788164ms)
✔ byte commit path (Uint8Array) with short payload (bounded loop, no throw) (0.534624ms)
✔ acquireLatest(lastSeq) returns null when nothing new; acquireFrame bounds (0.53801ms)
✔ overrun: slotCount=2, 5 commits -> old seq gone, latest correct (0.569549ms)
✔ torn read: uncommitted slot is invisible, then visible after commit marker (0.493177ms)
✔ zero-copy begin/finish path matches convenience commit (0.401838ms)
✔ commit rejects wrong dtype / oversized payloads (fail-closed) (1.011992ms)
✔ create() input validation is fail-closed (0.468922ms)
✔ waitForNewFrame resolves via injected scheduler; timeout path returns null (34.028704ms)
✔ SharedArrayBuffer smoke: create(shared) + atomics publish + acquire (0.761196ms)
✔ ring stats counters are sealed and monotonic (0.299587ms)
✔ detectRuntime identifies node (this process) (2.915782ms)
✔ detectRuntime: browser / deno / bun / worker / electron fakes (0.449465ms)
✔ runtimeMatrix feature list stays sorted/deterministic (1.166219ms)
✔ assertShareable accepts SAB, rejects plain ArrayBuffer (0.807892ms)
ℹ tests 46
ℹ suites 0
ℹ pass 46
ℹ fail 0
ℹ cancelled 0
ℹ skipped 0
ℹ todo 0
ℹ duration_ms 2348.721456
[3/8] Python suite
.......s.............s................                                   [100%]
36 passed, 2 skipped in 9.25s
[4/8] TS producer -> Python consumer
{"producer":"typescript","path":"/tmp/tmp.wXuvmgcF0O/ts_ring.bin","byteLength":640,"producerSeq":10,"slotStride":128,"schemaId":"fe77000000000000"}
{"consumer": "python", "path": "/tmp/tmp.wXuvmgcF0O/ts_ring.bin", "framesValidated": [7, 8, 9, 10], "dlpackAlias": true, "ok": true}
[5/8] Python producer -> TS consumer
{"producer": "python", "path": "/tmp/tmp.wXuvmgcF0O/py_ring.bin", "byteLength": 640, "producerSeq": 10, "slotStride": 128, "schemaId": "fe77000000000001"}
{"consumer":"typescript","path":"/tmp/tmp.wXuvmgcF0O/py_ring.bin","framesValidated":[7,8,9,10],"ok":true}
[6/8] DLPack alias proof (consumed the TS-produced ring, pointer-checked)
    dlpack alias OK (slot ptr 0x556d79dd6f30 inside ring 0x556d79dd6df0..0x556d79dd7070)
[7/8] zero-allocation probes (100k ops each, post-warmup, --expose-gc)
    {"mode":"ring","iters":100000,"heapBefore":4389904,"heapAfter":4402608,"deltaBytes":12704}
    {"mode":"ingest","iters":100000,"heapBefore":4398168,"heapAfter":4411416,"deltaBytes":13248}
    {"mode":"audio","iters":100000,"heapBefore":4392584,"heapAfter":4394768,"deltaBytes":2184}
    {"mode":"render","iters":100000,"heapBefore":4404960,"heapAfter":4406560,"deltaBytes":1600}
    {"mode":"overlay","iters":100000,"heapBefore":4284936,"heapAfter":4285648,"deltaBytes":712}
[8/8] latency gates (directive: commit < 50us)
    {"bench":"weft-tensor commit/acquire","node":"v24.20.0","video":{"geometry":"320x180 RGBA","slotCapBytes":230400,"commit":{"n":50000,"p50_us":0.171,"p99_us":1.363,"max_us":169.225},"acquire":{"n":50000,"p50_us":0.2,"p99_us":0.541,"max_us":122.538},"commit_under_50us":true},"audio":{"geometry":"2ch x 128 f32 (interleaved quanta 256)","slotCapBytes":1024,"commit":{"n":50000,"p50_us":0.48,"p99_us":0.55,"max_us":33.572},"acquire":{"n":50000,"p50_us":0.12,"p99_us":1.713,"max_us":193.291},"commit_under_50us":true}}
weft-tensor managed shard: ALL 8 STAGES GREEN
