==================================================
SHARD: weft-cluster-managed
DESCRIPTION: Project weft-cluster Pillar 3: TS wire/client/topology/router/metrics, Python wire/router/UDP parity, live UDP mesh, 100k zero-alloc probes, 1M fps burst, rendezvous router
STATUS: PASSED ✅
COMMIT: cfccd8b852fdf916710759968327dd6f1a9147f0
RUN: 224
==================================================

[1/8] kernel-core integrity (Law 3: core/c/weft.{c,h} byte-frozen)
    core/c/weft.{c,h} untouched
[2/8] TS wire vectors + cross-language guard
✔ crosslang: TS still decodes the frozen WCN1 vectors byte-exactly (1.203418ms)
✔ crosslang: TS rejects malformed fixtures with the frozen codes (0.166268ms)
✔ crosslang: FNV/CRC reference vectors match the fixture (0.219368ms)
✔ crc32 IEEE vectors (parity with Python zlib.crc32) (0.704592ms)
✔ fnv1a64 topic hash vectors (parity with Python impl) (0.199078ms)
✔ WCN1 header: little-endian byte layout is normative (0.157386ms)
✔ WCN1 round-trip: encode -> decode -> same fields (3.834289ms)
✔ Law 4: malformed datagrams map to the exact error taxonomy (0.199508ms)
✔ error names are stable (Law 4 contract) (0.211016ms)
✔ WGS1 gossip: encode + entries + decode round-trip (0.213349ms)
✔ WGS1: entry_count overrun is WC_E_TRUNCATED, not a crash (0.062743ms)
✔ Law 1: decodeInto is allocation-free (structural check) (0.186849ms)
ℹ tests 12
ℹ suites 0
ℹ pass 12
ℹ fail 0
ℹ cancelled 0
ℹ skipped 0
ℹ todo 0
ℹ duration_ms 59.081622
[3/8] Python wire + router vector parity
.........                                                                [100%]
9 passed in 0.20s
[4/8] TypeScript suite
✔ shm: publish -> subscribe async iterator, seq monotonic, payload intact (9.777459ms)
✔ shm: two subscribers fan out independently; unsubscribe stops flow (11.255829ms)
✔ shm: tryLatest reads newest without advancing the iterator (5.320889ms)
✔ Law 4: stale seq replays are dropped and counted (datagram path) (0.942659ms)
✔ udp: two clients, SUB control plane, live datagram pub/sub (37.875999ms)
✔ udp: publisher with zero subscribers stays silent (no peers dup) (0.726796ms)
✔ crosslang: TS still decodes the frozen WCN1 vectors byte-exactly (0.828448ms)
✔ crosslang: TS rejects malformed fixtures with the frozen codes (0.176905ms)
✔ crosslang: FNV/CRC reference vectors match the fixture (0.233048ms)
✔ registry: counters, gauges, histogram quantile sanity (2.422269ms)
✔ histogram bucket bounds follow the 1, 2, 3, 4, 6, 8, 12... sequence (0.218657ms)
✔ prometheus: exposition format with cumulative histogram buckets (1.446531ms)
✔ otel: OTLP/JSON document shape (resourceMetrics -> metrics) (1.006354ms)
✔ perfetto: .pftrace protobuf round-trips packets and track events (0.815388ms)
✔ prometheus: embedded /metrics server answers 200 over real HTTP (43.98487ms)
✔ router: deterministic owner across calls and instances (1.342416ms)
✔ router: cross-language owner vector (node seeds 11,22,33,44 / telemetry) (1.384569ms)
✔ router: 8-node balance within 3x envelope (4.424641ms)
✔ router: minimal disruption — adding 1 of 9 nodes moves ~1/9 of topics (4.826842ms)
✔ router: unrouted topic -> WC_E_TOPIC_UNROUTED (0.217735ms)
✔ router: removeNode stops routing to it; version bumps (0.16096ms)
✔ membership: upsert + hash-index lookup round-trip (0.881157ms)
✔ membership: open addressing survives heavy collisions (0.780846ms)
✔ gossip: 3 engines converge to a full membership view (socketless) (2.802778ms)
✔ gossip: stale incarnation ignored, higher incarnation wins (0.2944ms)
✔ gossip: LEAVING is sticky at equal incarnation, revive needs higher (0.171476ms)
✔ gossip: SWIM refutation — falsely-leaving node bumps incarnation (1.015447ms)
✔ gossip: silent nodes suspect then evicted (fake clock) (0.175422ms)
✔ gossip: graceful leave announces and propagates LEAVING (0.224656ms)
✔ crc32 IEEE vectors (parity with Python zlib.crc32) (0.617663ms)
✔ fnv1a64 topic hash vectors (parity with Python impl) (0.188552ms)
✔ WCN1 header: little-endian byte layout is normative (0.153409ms)
✔ WCN1 round-trip: encode -> decode -> same fields (2.83803ms)
✔ Law 4: malformed datagrams map to the exact error taxonomy (0.180109ms)
✔ error names are stable (Law 4 contract) (0.162262ms)
✔ WGS1 gossip: encode + entries + decode round-trip (0.2273ms)
✔ WGS1: entry_count overrun is WC_E_TRUNCATED, not a crash (0.060841ms)
✔ Law 1: decodeInto is allocation-free (structural check) (0.188451ms)
ℹ tests 38
ℹ suites 0
ℹ pass 38
ℹ fail 0
ℹ cancelled 0
ℹ skipped 0
ℹ todo 0
ℹ duration_ms 2152.38012
[5/8] Python suite
.....s.........                                                          [100%]
14 passed, 1 skipped in 8.52s
[6/8] live cross-language UDP cluster (both directions)
..                                                                       [100%]
2 passed in 8.32s
[7/8] zero-allocation probes (100k ops each, post-warmup, --expose-gc)
    {"mode":"publish","iters":100000,"heapBefore":7451024,"heapAfter":7451080,"deltaBytes":56}
    {"mode":"subscribe","iters":100000,"heapBefore":7518776,"heapAfter":7522512,"deltaBytes":3736}
    {"mode":"metrics","iters":100000,"heapBefore":7360008,"heapAfter":7359696,"deltaBytes":-312}
    {"mode":"router","iters":100000,"heapBefore":7395816,"heapAfter":7395776,"deltaBytes":-40}
[8/8] performance gates
    [8a] 4-node demo smoke (monotonicity must PASS)
    demo PASS (monotonic, 0 gaps, 0 stale)
    [8b] mesh burst >= 1,000,000 fps (mandate D)
    {"kind":"weft-cluster-mesh-burst","transport":"loopback-shm (simulated cluster)","nodes":4,"consumers":3,"topics":1,"payloadBytes":64,"fpsTarget":1000000,"seconds":2,"publishedFrames":2000000,"ingestedFrames":6000000,"expectedIngest":6000000,"achievedFps":1835542,"fanoutWritesPerSec":5506625,"elapsedSec":1.09,"sequenceGaps":0,"hopLatencyNs":{"p50":768,"p99":1024},"at":"2026-09-23T09:57:38.642Z"}
    [8c] membership lookup latency (mandate B1)
    {"kind":"weft-cluster-router-bench","membershipLookupNs":{"p50":10.7,"p99":16.3},"routerOwnerNs":{"p50":769.5,"p99":796.6,"nodes":8},"mandate":"lock-free cluster state table lookups < 10 ns (Pillar 3 mandate B1)"}
    lookup p50 10.7ns (gate 25ns; mandate 10ns is bare-metal — delta recorded in D-33)
weft-cluster-managed shard: ALL 8 STAGES GREEN
