==================================================
SHARD: simd-blend
DESCRIPTION: Q12 raster blend: C golden gates + xlang-blend cross-language digests + bench
STATUS: PASSED ✅
COMMIT: cfccd8b852fdf916710759968327dd6f1a9147f0
RUN: 224
==================================================

== simd-blend shard: env x86_64/Linux ==
-- C kernel gates --
== blend_test: impl=avx2 (2) ==
B1 boundaries: OK
B2 parity sweep: OK (154 path-checks, all == scalar)
B3 alpha sweep 0..4096 (dispatched): OK
B4 in-place aliasing: OK
blend_test: ALL GATES GREEN
blend-test: ALL GATES GREEN
-- xlang-blend golden gate --
== xlang-blend golden parity: env x86_64/Linux ==
-- C kernel (golden source) --
   blend-test gates GREEN
   golden-vectors.csv matches the kernel
-- TS verifier (reference port) --
xlang-blend TS verifier: 63/63 golden digests match
-- Kotlin verifier --
xlang-blend Kotlin verifier: 63/63 golden digests match
-- Dart verifier: DECLARED skip (no dart; flutter-packages leg owns it) --
-- Swift port: DECLARED skip (no swiftc; apple-packages compiles + golden-gates it) --

xlang-blend: ran=3 declared_skips=2
✅ xlang-blend parity: every executed port byte-identical to the C kernel
xlang-blend parity GREEN
-- blend_runner benchmark --
== blend_runner: dispatch=avx2 ==
256x256-hot (65536 words): scalar   219231 ns/frame (  3.6 GB/s) | avx2    26934 ns/frame ( 29.2 GB/s) | speedup 8.14x
1080p (2073600 words): scalar  6999396 ns/frame (  3.6 GB/s) | avx2   933944 ns/frame ( 26.6 GB/s) | speedup 7.49x
4K (8294400 words): scalar 28529926 ns/frame (  3.5 GB/s) | avx2  7689384 ns/frame ( 12.9 GB/s) | speedup 3.71x
8K (33177600 words): scalar 117642450 ns/frame (  3.4 GB/s) | avx2 30797839 ns/frame ( 12.9 GB/s) | speedup 3.82x
✅ simd-blend shard GREEN
