==================================================
SHARD: perf-regression
DESCRIPTION: W-suite P99 vs pinned baseline; >15% drop = FAIL
STATUS: PASSED ✅
COMMIT: 877a20acf8408db16ae67cbbd68a26277fd7f5ee
RUN: 137
==================================================

→ W1/A ... P99=97.9 alloc/frame=0.0 [PASS]
→ W1/B ... P99=112.0 alloc/frame=0.0 [PASS]
→ W1/C .../home/runner/work/Weft/Weft/core/c/weft.c:15: warning: "_GNU_SOURCE" redefined
   15 | #define _GNU_SOURCE  // for posix_memalign
      | 
<command-line>: note: this is the location of the previous definition
→ compiling Weft C kernel to /home/runner/work/Weft/Weft/core/c/libweft.so
 P99=102.2 alloc/frame=0.0 [PASS]
→ W1/D ... P99=72.0 alloc/frame=0.0 [PASS]
→ W2/A ... P99=66.8 alloc/frame=0.0 [PASS]
→ W2/B ... P99=86.3 alloc/frame=0.0 [PASS]
→ W2/C ... P99=92.2 alloc/frame=0.0 [PASS]
→ W2/D ... P99=37.9 alloc/frame=0.0 [PASS]
→ W3/A ... P99=7.8 alloc/frame=0.0 [PASS]
→ W3/B ... P99=9.7 alloc/frame=0.0 [PASS]
→ W3/C ... P99=8.9 alloc/frame=0.0 [PASS]
→ W3/D ... P99=5.4 alloc/frame=0.0 [PASS]
→ W4/A ... P99=2213.1 alloc/frame=0.0 [PASS]
→ W4/B ... P99=2321.2 alloc/frame=0.0 [PASS]
→ W4/C ... P99=2192.6 alloc/frame=0.0 [PASS]
→ W4/D ... P99=2197.6 alloc/frame=0.0 [PASS]
→ W5/A ... P99=15.8 alloc/frame=0.0 [PASS]
→ W5/B ... P99=20.4 alloc/frame=0.0 [PASS]
→ W5/C ... P99=20.5 alloc/frame=0.0 [PASS]
→ W5/D ... P99=9.9 alloc/frame=0.0 [PASS]

✓ W-suite bundle: /home/runner/work/Weft/Weft/bench/results/wsuite-x86_64-sandbox.json
  cells: 20 (target: 20 = 5 workloads × 4 backends)
  pass: 20/20
B ... P99=112.0 alloc/frame=0.0 [PASS]
→ W1/C .../home/runner/work/Weft/Weft/core/c/weft.c:15: warning: "_GNU_SOURCE" redefined
   15 | #define _GNU_SOURCE  // for posix_memalign
      | 
<command-line>: note: this is the location of the previous definition
→ compiling Weft C kernel to /home/runner/work/Weft/Weft/core/c/libweft.so
 P99=102.2 alloc/frame=0.0 [PASS]
→ W1/D ... P99=72.0 alloc/frame=0.0 [PASS]
→ W2/A ... P99=66.8 alloc/frame=0.0 [PASS]
→ W2/B ... P99=86.3 alloc/frame=0.0 [PASS]
→ W2/C ... P99=92.2 alloc/frame=0.0 [PASS]
→ W2/D ... P99=37.9 alloc/frame=0.0 [PASS]
→ W3/A ... P99=7.8 alloc/frame=0.0 [PASS]
→ W3/B ... P99=9.7 alloc/frame=0.0 [PASS]
→ W3/C ... P99=8.9 alloc/frame=0.0 [PASS]
→ W3/D ... P99=5.4 alloc/frame=0.0 [PASS]
→ W4/A ... P99=2213.1 alloc/frame=0.0 [PASS]
→ W4/B ... P99=2321.2 alloc/frame=0.0 [PASS]
→ W4/C ... P99=2192.6 alloc/frame=0.0 [PASS]
→ W4/D ... P99=2197.6 alloc/frame=0.0 [PASS]
→ W5/A ... P99=15.8 alloc/frame=0.0 [PASS]
→ W5/B ... P99=20.4 alloc/frame=0.0 [PASS]
→ W5/C ... P99=20.5 alloc/frame=0.0 [PASS]
→ W5/D ... P99=9.9 alloc/frame=0.0 [PASS]

✓ W-suite bundle: /home/runner/work/Weft/Weft/bench/results/wsuite-x86_64-sandbox.json
  cells: 20 (target: 20 = 5 workloads × 4 backends)
  pass: 20/20
{
  "shard": "perf-regression",
  "status": "PASSED",
  "threshold_pct": 15,
  "regression_count": 0,
  "improvement_count": 20,
  "cells_compared": 20,
  "regressions": [],
  "improvements": [
    {
      "workload": "W1",
      "backend": "A",
      "baseline": 7.3,
      "actual": 97.9,
      "delta_pct": 1241.1,
      "reason": "improvement"
    },
    {
      "workload": "W1",
      "backend": "B",
      "baseline": 44.6,
      "actual": 112.0,
      "delta_pct": 151.1,
      "reason": "improvement"
    },
    {
      "workload": "W1",
      "backend": "C",
      "baseline": 7.8,
      "actual": 102.2,
      "delta_pct": 1210.3,
      "reason": "improvement"
    },
    {
      "workload": "W1",
      "backend": "D",
      "baseline": 18.6,
      "actual": 72.0,
      "delta_pct": 287.1,
      "reason": "improvement"
    },
    {
      "workload": "W2",
      "backend": "A",
      "baseline": 4.3,
      "actual": 66.8,
      "delta_pct": 1453.5,
      "reason": "improvement"
    },
    {
      "workload": "W2",
      "backend": "B",
      "baseline": 6.1,
      "actual": 86.3,
      "delta_pct": 1314.8,
      "reason": "improvement"
    },
    {
      "workload": "W2",
      "backend": "C",
      "baseline": 16.4,
      "actual": 92.2,
      "delta_pct": 462.2,
      "reason": "improvement"
    },
    {
      "workload": "W2",
      "backend": "D",
      "baseline": 7.5,
      "actual": 37.9,
      "delta_pct": 405.3,
      "reason": "improvement"
    },
    {
      "workload": "W3",
      "backend": "A",
      "baseline": 2.6,
      "actual": 7.8,
      "delta_pct": 200.0,
      "reason": "improvement"
    },
    {
      "workload": "W3",
      "backend": "B",
      "baseline": 3.7,
      "actual": 9.7,
      "delta_pct": 162.2,
      "reason": "improvement"
    },
    {
      "workload": "W3",
      "backend": "C",
      "baseline": 2.8,
      "actual": 8.9,
      "delta_pct": 217.9,
      "reason": "improvement"
    },
    {
      "workload": "W3",
      "backend": "D",
      "baseline": 1.1,
      "actual": 5.4,
      "delta_pct": 390.9,
      "reason": "improvement"
    },
    {
      "workload": "W4",
      "backend": "A",
      "baseline": 659.0,
      "actual": 2213.1,
      "delta_pct": 235.8,
      "reason": "improvement"
    },
    {
      "workload": "W4",
      "backend": "B",
      "baseline": 681.4,
      "actual": 2321.2,
      "delta_pct": 240.7,
      "reason": "improvement"
    },
    {
      "workload": "W4",
      "backend": "C",
      "baseline": 578.3,
      "actual": 2192.6,
      "delta_pct": 279.1,
      "reason": "improvement"
    },
    {
      "workload": "W4",
      "backend": "D",
      "baseline": 409.0,
      "actual": 2197.6,
      "delta_pct": 437.3,
      "reason": "improvement"
    },
    {
      "workload": "W5",
      "backend": "A",
      "baseline": 5.4,
      "actual": 15.8,
      "delta_pct": 192.6,
      "reason": "improvement"
    },
    {
      "workload": "W5",
      "backend": "B",
      "baseline": 7.7,
      "actual": 20.4,
      "delta_pct": 164.9,
      "reason": "improvement"
    },
    {
      "workload": "W5",
      "backend": "C",
      "baseline": 7.7,
      "actual": 20.5,
      "delta_pct": 166.2,
      "reason": "improvement"
    },
    {
      "workload": "W5",
      "backend": "D",
      "baseline": 3.2,
      "actual": 9.9,
      "delta_pct": 209.4,
      "reason": "improvement"
    }
  ],
  "all_compared": [
    {
      "workload": "W1",
      "backend": "A",
      "baseline_p99": 7.3,
      "actual_p99": 97.9,
      "delta_pct": 1241.1
    },
    {
      "workload": "W1",
      "backend": "B",
      "baseline_p99": 44.6,
      "actual_p99": 112.0,
      "delta_pct": 151.1
    },
    {
      "workload": "W1",
      "backend": "C",
      "baseline_p99": 7.8,
      "actual_p99": 102.2,
      "delta_pct": 1210.3
    },
    {
      "workload": "W1",
      "backend": "D",
      "baseline_p99": 18.6,
      "actual_p99": 72.0,
      "delta_pct": 287.1
    },
    {
      "workload": "W2",
      "backend": "A",
      "baseline_p99": 4.3,
      "actual_p99": 66.8,
      "delta_pct": 1453.5
    },
    {
      "workload": "W2",
      "backend": "B",
      "baseline_p99": 6.1,
      "actual_p99": 86.3,
      "delta_pct": 1314.8
    },
    {
      "workload": "W2",
      "backend": "C",
      "baseline_p99": 16.4,
      "actual_p99": 92.2,
      "delta_pct": 462.2
    },
    {
      "workload": "W2",
      "backend": "D",
      "baseline_p99": 7.5,
      "actual_p99": 37.9,
      "delta_pct": 405.3
    },
    {
      "workload": "W3",
      "backend": "A",
      "baseline_p99": 2.6,
      "actual_p99": 7.8,
      "delta_pct": 200.0
    },
    {
      "workload": "W3",
      "backend": "B",
      "baseline_p99": 3.7,
      "actual_p99": 9.7,
      "delta_pct": 162.2
    },
    {
      "workload": "W3",
      "backend": "C",
      "baseline_p99": 2.8,
      "actual_p99": 8.9,
      "delta_pct": 217.9
    },
    {
      "workload": "W3",
      "backend": "D",
      "baseline_p99": 1.1,
      "actual_p99": 5.4,
      "delta_pct": 390.9
    },
    {
      "workload": "W4",
      "backend": "A",
      "baseline_p99": 659.0,
      "actual_p99": 2213.1,
      "delta_pct": 235.8
    },
    {
      "workload": "W4",
      "backend": "B",
      "baseline_p99": 681.4,
      "actual_p99": 2321.2,
      "delta_pct": 240.7
    },
    {
      "workload": "W4",
      "backend": "C",
      "baseline_p99": 578.3,
      "actual_p99": 2192.6,
      "delta_pct": 279.1
    },
    {
      "workload": "W4",
      "backend": "D",
      "baseline_p99": 409.0,
      "actual_p99": 2197.6,
      "delta_pct": 437.3
    },
    {
      "workload": "W5",
      "backend": "A",
      "baseline_p99": 5.4,
      "actual_p99": 15.8,
      "delta_pct": 192.6
    },
    {
      "workload": "W5",
      "backend": "B",
      "baseline_p99": 7.7,
      "actual_p99": 20.4,
      "delta_pct": 164.9
    },
    {
      "workload": "W5",
      "backend": "C",
      "baseline_p99": 7.7,
      "actual_p99": 20.5,
      "delta_pct": 166.2
    },
    {
      "workload": "W5",
      "backend": "D",
      "baseline_p99": 3.2,
      "actual_p99": 9.9,
      "delta_pct": 209.4
    }
  ]
}

=== Perf-regression status: PASSED ===
✅ No performance regressions
