==================================================
SHARD: perf-regression
DESCRIPTION: W-suite P99 vs pinned baseline; >15% drop = FAIL
STATUS: PASSED ✅
COMMIT: 060f75d83385980179f8e2c29175ed4a31cf933d
RUN: 139
==================================================

→ W1/A ... P99=73.3 alloc/frame=0.0 [PASS]
→ W1/B ... P99=89.8 alloc/frame=0.0 [PASS]
→ W1/C .../home/runner/work/Weft/Weft/core/c/weft.c:15: warning: "_GNU_SOURCE" redefined
   15 | #define _GNU_SOURCE  // for posix_memalign
      | 
<command-line>: note: this is the location of the previous definition
→ compiling Weft C kernel to /home/runner/work/Weft/Weft/core/c/libweft.so
 P99=90.3 alloc/frame=0.0 [PASS]
→ W1/D ... P99=53.8 alloc/frame=0.0 [PASS]
→ W2/A ... P99=53.1 alloc/frame=0.0 [PASS]
→ W2/B ... P99=73.5 alloc/frame=0.0 [PASS]
→ W2/C ... P99=73.7 alloc/frame=0.0 [PASS]
→ W2/D ... P99=20.2 alloc/frame=0.0 [PASS]
→ W3/A ... P99=6.4 alloc/frame=0.0 [PASS]
→ W3/B ... P99=7.8 alloc/frame=0.0 [PASS]
→ W3/C ... P99=7.6 alloc/frame=0.0 [PASS]
→ W3/D ... P99=4.3 alloc/frame=0.0 [PASS]
→ W4/A ... P99=1791.1 alloc/frame=0.0 [PASS]
→ W4/B ... P99=1913.5 alloc/frame=0.0 [PASS]
→ W4/C ... P99=1813.0 alloc/frame=0.0 [PASS]
→ W4/D ... P99=1827.6 alloc/frame=0.0 [PASS]
→ W5/A ... P99=13.0 alloc/frame=0.0 [PASS]
→ W5/B ... P99=9.7 alloc/frame=0.0 [PASS]
→ W5/C ... P99=16.4 alloc/frame=0.0 [PASS]
→ W5/D ... P99=8.0 alloc/frame=0.0 [PASS]

✓ W-suite bundle: /home/runner/work/Weft/Weft/bench/results/wsuite-x86_64-sandbox.json
  cells: 20 (target: 20 = 5 workloads × 4 backends)
  pass: 20/20
W1/B ... P99=89.8 alloc/frame=0.0 [PASS]
→ W1/C .../home/runner/work/Weft/Weft/core/c/weft.c:15: warning: "_GNU_SOURCE" redefined
   15 | #define _GNU_SOURCE  // for posix_memalign
      | 
<command-line>: note: this is the location of the previous definition
→ compiling Weft C kernel to /home/runner/work/Weft/Weft/core/c/libweft.so
 P99=90.3 alloc/frame=0.0 [PASS]
→ W1/D ... P99=53.8 alloc/frame=0.0 [PASS]
→ W2/A ... P99=53.1 alloc/frame=0.0 [PASS]
→ W2/B ... P99=73.5 alloc/frame=0.0 [PASS]
→ W2/C ... P99=73.7 alloc/frame=0.0 [PASS]
→ W2/D ... P99=20.2 alloc/frame=0.0 [PASS]
→ W3/A ... P99=6.4 alloc/frame=0.0 [PASS]
→ W3/B ... P99=7.8 alloc/frame=0.0 [PASS]
→ W3/C ... P99=7.6 alloc/frame=0.0 [PASS]
→ W3/D ... P99=4.3 alloc/frame=0.0 [PASS]
→ W4/A ... P99=1791.1 alloc/frame=0.0 [PASS]
→ W4/B ... P99=1913.5 alloc/frame=0.0 [PASS]
→ W4/C ... P99=1813.0 alloc/frame=0.0 [PASS]
→ W4/D ... P99=1827.6 alloc/frame=0.0 [PASS]
→ W5/A ... P99=13.0 alloc/frame=0.0 [PASS]
→ W5/B ... P99=9.7 alloc/frame=0.0 [PASS]
→ W5/C ... P99=16.4 alloc/frame=0.0 [PASS]
→ W5/D ... P99=8.0 alloc/frame=0.0 [PASS]

✓ W-suite bundle: /home/runner/work/Weft/Weft/bench/results/wsuite-x86_64-sandbox.json
  cells: 20 (target: 20 = 5 workloads × 4 backends)
  pass: 20/20
{
  "shard": "perf-regression",
  "status": "PASSED",
  "threshold_pct": 5,
  "regression_count": 0,
  "improvement_count": 20,
  "cells_compared": 20,
  "regressions": [],
  "improvements": [
    {
      "workload": "W1",
      "backend": "A",
      "baseline": 7.3,
      "actual": 73.3,
      "delta_pct": 904.1,
      "reason": "improvement"
    },
    {
      "workload": "W1",
      "backend": "B",
      "baseline": 44.6,
      "actual": 89.8,
      "delta_pct": 101.3,
      "reason": "improvement"
    },
    {
      "workload": "W1",
      "backend": "C",
      "baseline": 7.8,
      "actual": 90.3,
      "delta_pct": 1057.7,
      "reason": "improvement"
    },
    {
      "workload": "W1",
      "backend": "D",
      "baseline": 18.6,
      "actual": 53.8,
      "delta_pct": 189.2,
      "reason": "improvement"
    },
    {
      "workload": "W2",
      "backend": "A",
      "baseline": 4.3,
      "actual": 53.1,
      "delta_pct": 1134.9,
      "reason": "improvement"
    },
    {
      "workload": "W2",
      "backend": "B",
      "baseline": 6.1,
      "actual": 73.5,
      "delta_pct": 1104.9,
      "reason": "improvement"
    },
    {
      "workload": "W2",
      "backend": "C",
      "baseline": 16.4,
      "actual": 73.7,
      "delta_pct": 349.4,
      "reason": "improvement"
    },
    {
      "workload": "W2",
      "backend": "D",
      "baseline": 7.5,
      "actual": 20.2,
      "delta_pct": 169.3,
      "reason": "improvement"
    },
    {
      "workload": "W3",
      "backend": "A",
      "baseline": 2.6,
      "actual": 6.4,
      "delta_pct": 146.2,
      "reason": "improvement"
    },
    {
      "workload": "W3",
      "backend": "B",
      "baseline": 3.7,
      "actual": 7.8,
      "delta_pct": 110.8,
      "reason": "improvement"
    },
    {
      "workload": "W3",
      "backend": "C",
      "baseline": 2.8,
      "actual": 7.6,
      "delta_pct": 171.4,
      "reason": "improvement"
    },
    {
      "workload": "W3",
      "backend": "D",
      "baseline": 1.1,
      "actual": 4.3,
      "delta_pct": 290.9,
      "reason": "improvement"
    },
    {
      "workload": "W4",
      "backend": "A",
      "baseline": 659.0,
      "actual": 1791.1,
      "delta_pct": 171.8,
      "reason": "improvement"
    },
    {
      "workload": "W4",
      "backend": "B",
      "baseline": 681.4,
      "actual": 1913.5,
      "delta_pct": 180.8,
      "reason": "improvement"
    },
    {
      "workload": "W4",
      "backend": "C",
      "baseline": 578.3,
      "actual": 1813.0,
      "delta_pct": 213.5,
      "reason": "improvement"
    },
    {
      "workload": "W4",
      "backend": "D",
      "baseline": 409.0,
      "actual": 1827.6,
      "delta_pct": 346.8,
      "reason": "improvement"
    },
    {
      "workload": "W5",
      "backend": "A",
      "baseline": 5.4,
      "actual": 13.0,
      "delta_pct": 140.7,
      "reason": "improvement"
    },
    {
      "workload": "W5",
      "backend": "B",
      "baseline": 7.7,
      "actual": 9.7,
      "delta_pct": 26.0,
      "reason": "improvement"
    },
    {
      "workload": "W5",
      "backend": "C",
      "baseline": 7.7,
      "actual": 16.4,
      "delta_pct": 113.0,
      "reason": "improvement"
    },
    {
      "workload": "W5",
      "backend": "D",
      "baseline": 3.2,
      "actual": 8.0,
      "delta_pct": 150.0,
      "reason": "improvement"
    }
  ],
  "all_compared": [
    {
      "workload": "W1",
      "backend": "A",
      "baseline_p99": 7.3,
      "actual_p99": 73.3,
      "delta_pct": 904.1
    },
    {
      "workload": "W1",
      "backend": "B",
      "baseline_p99": 44.6,
      "actual_p99": 89.8,
      "delta_pct": 101.3
    },
    {
      "workload": "W1",
      "backend": "C",
      "baseline_p99": 7.8,
      "actual_p99": 90.3,
      "delta_pct": 1057.7
    },
    {
      "workload": "W1",
      "backend": "D",
      "baseline_p99": 18.6,
      "actual_p99": 53.8,
      "delta_pct": 189.2
    },
    {
      "workload": "W2",
      "backend": "A",
      "baseline_p99": 4.3,
      "actual_p99": 53.1,
      "delta_pct": 1134.9
    },
    {
      "workload": "W2",
      "backend": "B",
      "baseline_p99": 6.1,
      "actual_p99": 73.5,
      "delta_pct": 1104.9
    },
    {
      "workload": "W2",
      "backend": "C",
      "baseline_p99": 16.4,
      "actual_p99": 73.7,
      "delta_pct": 349.4
    },
    {
      "workload": "W2",
      "backend": "D",
      "baseline_p99": 7.5,
      "actual_p99": 20.2,
      "delta_pct": 169.3
    },
    {
      "workload": "W3",
      "backend": "A",
      "baseline_p99": 2.6,
      "actual_p99": 6.4,
      "delta_pct": 146.2
    },
    {
      "workload": "W3",
      "backend": "B",
      "baseline_p99": 3.7,
      "actual_p99": 7.8,
      "delta_pct": 110.8
    },
    {
      "workload": "W3",
      "backend": "C",
      "baseline_p99": 2.8,
      "actual_p99": 7.6,
      "delta_pct": 171.4
    },
    {
      "workload": "W3",
      "backend": "D",
      "baseline_p99": 1.1,
      "actual_p99": 4.3,
      "delta_pct": 290.9
    },
    {
      "workload": "W4",
      "backend": "A",
      "baseline_p99": 659.0,
      "actual_p99": 1791.1,
      "delta_pct": 171.8
    },
    {
      "workload": "W4",
      "backend": "B",
      "baseline_p99": 681.4,
      "actual_p99": 1913.5,
      "delta_pct": 180.8
    },
    {
      "workload": "W4",
      "backend": "C",
      "baseline_p99": 578.3,
      "actual_p99": 1813.0,
      "delta_pct": 213.5
    },
    {
      "workload": "W4",
      "backend": "D",
      "baseline_p99": 409.0,
      "actual_p99": 1827.6,
      "delta_pct": 346.8
    },
    {
      "workload": "W5",
      "backend": "A",
      "baseline_p99": 5.4,
      "actual_p99": 13.0,
      "delta_pct": 140.7
    },
    {
      "workload": "W5",
      "backend": "B",
      "baseline_p99": 7.7,
      "actual_p99": 9.7,
      "delta_pct": 26.0
    },
    {
      "workload": "W5",
      "backend": "C",
      "baseline_p99": 7.7,
      "actual_p99": 16.4,
      "delta_pct": 113.0
    },
    {
      "workload": "W5",
      "backend": "D",
      "baseline_p99": 3.2,
      "actual_p99": 8.0,
      "delta_pct": 150.0
    }
  ]
}

-> publish/claim P50+P99 latency vs ci/baselines/publish-claim-p99-baseline.json
  PASS claim_p50: {'actual': 30, 'baseline': 40, 'ok': True}
  PASS claim_p99: {'actual': 71, 'limit': 20000, 'noise_cap': 20000, 'ok': True}
  PASS publish_p50: {'actual': 40, 'baseline': 48, 'ok': True}
  PASS publish_p99: {'actual': 140, 'limit': 20000, 'noise_cap': 20000, 'ok': True}

=== Perf-regression status: PASSED ===
✅ No performance regressions
