==================================================
SHARD: bench-b-ts
DESCRIPTION: B1-B5 benchmarks, TS kernel
STATUS: PASSED ✅
COMMIT: f8a169198bdb3b42dfdb3555da73ab174c7745bb
RUN: 10
==================================================

# Loaded bench catalog: weft-bench v1
  running ts B1-pub-throughput...
    -> exit=0 elapsed=6.2s pass=True
  running ts B2-contended...
    -> exit=0 elapsed=3.1s pass=True
  running ts B3-scaling-fingerprint...
    -> exit=0 elapsed=1.1s pass=True
  running ts B4-display-adversarial...
    -> exit=0 elapsed=10.1s pass=True
  running ts B5-memory-contract...
    -> exit=0 elapsed=0.9s pass=True
Wrote /home/runner/work/Weft/Weft/bench/REPORT.md
Wrote /home/runner/work/Weft/Weft/bench/results.json (sha256: 2d2c423d444db2d4...)
er/work/Weft/Weft/bench/REPORT.md
Wrote /home/runner/work/Weft/Weft/bench/results.json (sha256: 2d2c423d444db2d4...)
Canonical bundle restored: 16b5c663433a37540c77f9dd6e4b83abe3eed929cc4c142813ad0b684f5498f8
{
  "shard": "bench-b-ts",
  "status": "PASSED",
  "cells_pass": 5,
  "cells_total": 5,
  "cells": {
    "ts/B1-pub-throughput": true,
    "ts/B2-contended": true,
    "ts/B3-scaling-fingerprint": true,
    "ts/B4-display-adversarial": true,
    "ts/B5-memory-contract": true
  },
  "canonical_sha256_prefix": "16b5c663"
}
