==================================================
SHARD: weft-cluster-managed
DESCRIPTION: Project weft-cluster Pillar 3: TS wire/client/topology/router/metrics, Python wire/router/UDP parity, live UDP mesh, 100k zero-alloc probes, 1M fps burst, rendezvous router
STATUS: PASSED ✅
COMMIT: 1ca80ea9333166e6769b5f43531532c085627c62
RUN: 226
==================================================

[1/8] kernel-core integrity (Law 3: core/c/weft.{c,h} byte-frozen)
    core/c/weft.{c,h} untouched
[2/8] TS wire vectors + cross-language guard
✔ crosslang: TS still decodes the frozen WCN1 vectors byte-exactly (2.120455ms)
✔ crosslang: TS rejects malformed fixtures with the frozen codes (0.270225ms)
✔ crosslang: FNV/CRC reference vectors match the fixture (0.357438ms)
✔ crc32 IEEE vectors (parity with Python zlib.crc32) (1.2674ms)
✔ fnv1a64 topic hash vectors (parity with Python impl) (0.303668ms)
✔ WCN1 header: little-endian byte layout is normative (0.288018ms)
✔ WCN1 round-trip: encode -> decode -> same fields (5.184492ms)
✔ Law 4: malformed datagrams map to the exact error taxonomy (0.471552ms)
✔ error names are stable (Law 4 contract) (0.341619ms)
✔ WGS1 gossip: encode + entries + decode round-trip (0.567571ms)
✔ WGS1: entry_count overrun is WC_E_TRUNCATED, not a crash (0.147937ms)
✔ Law 1: decodeInto is allocation-free (structural check) (0.353171ms)
ℹ tests 12
ℹ suites 0
ℹ pass 12
ℹ fail 0
ℹ cancelled 0
ℹ skipped 0
ℹ todo 0
ℹ duration_ms 81.668412
[3/8] Python wire + router vector parity
.........                                                                [100%]
9 passed in 0.46s
[4/8] TypeScript suite
✔ shm: publish -> subscribe async iterator, seq monotonic, payload intact (12.952823ms)
✔ shm: two subscribers fan out independently; unsubscribe stops flow (12.542279ms)
✔ shm: tryLatest reads newest without advancing the iterator (5.102533ms)
✔ Law 4: stale seq replays are dropped and counted (datagram path) (1.247673ms)
✔ udp: two clients, SUB control plane, live datagram pub/sub (38.516919ms)
✔ udp: publisher with zero subscribers stays silent (no peers dup) (1.76285ms)
✔ crosslang: TS still decodes the frozen WCN1 vectors byte-exactly (1.766924ms)
✔ crosslang: TS rejects malformed fixtures with the frozen codes (0.377576ms)
✔ crosslang: FNV/CRC reference vectors match the fixture (0.483684ms)
✔ registry: counters, gauges, histogram quantile sanity (2.859076ms)
✔ histogram bucket bounds follow the 1, 2, 3, 4, 6, 8, 12... sequence (0.270606ms)
✔ prometheus: exposition format with cumulative histogram buckets (1.025798ms)
✔ otel: OTLP/JSON document shape (resourceMetrics -> metrics) (1.555358ms)
✔ perfetto: .pftrace protobuf round-trips packets and track events (1.460751ms)
✔ prometheus: embedded /metrics server answers 200 over real HTTP (61.61417ms)
✔ router: deterministic owner across calls and instances (2.068959ms)
✔ router: cross-language owner vector (node seeds 11,22,33,44 / telemetry) (3.256891ms)
✔ router: 8-node balance within 3x envelope (10.606446ms)
✔ router: minimal disruption — adding 1 of 9 nodes moves ~1/9 of topics (12.383055ms)
✔ router: unrouted topic -> WC_E_TOPIC_UNROUTED (0.377426ms)
✔ router: removeNode stops routing to it; version bumps (0.291445ms)
✔ membership: upsert + hash-index lookup round-trip (2.017874ms)
✔ membership: open addressing survives heavy collisions (1.99988ms)
✔ gossip: 3 engines converge to a full membership view (socketless) (3.972219ms)
✔ gossip: stale incarnation ignored, higher incarnation wins (0.57717ms)
✔ gossip: LEAVING is sticky at equal incarnation, revive needs higher (0.42266ms)
✔ gossip: SWIM refutation — falsely-leaving node bumps incarnation (1.341709ms)
✔ gossip: silent nodes suspect then evicted (fake clock) (0.418754ms)
✔ gossip: graceful leave announces and propagates LEAVING (0.500325ms)
✔ crc32 IEEE vectors (parity with Python zlib.crc32) (1.105418ms)
✔ fnv1a64 topic hash vectors (parity with Python impl) (0.29979ms)
✔ WCN1 header: little-endian byte layout is normative (0.318245ms)
✔ WCN1 round-trip: encode -> decode -> same fields (4.051577ms)
✔ Law 4: malformed datagrams map to the exact error taxonomy (0.268352ms)
✔ error names are stable (Law 4 contract) (0.286145ms)
✔ WGS1 gossip: encode + entries + decode round-trip (0.375222ms)
✔ WGS1: entry_count overrun is WC_E_TRUNCATED, not a crash (0.143238ms)
✔ Law 1: decodeInto is allocation-free (structural check) (0.320219ms)
ℹ tests 38
ℹ suites 0
ℹ pass 38
ℹ fail 0
ℹ cancelled 0
ℹ skipped 0
ℹ todo 0
ℹ duration_ms 2190.197151
[5/8] Python suite
.....s.........                                                          [100%]
14 passed, 1 skipped in 8.67s
[6/8] live cross-language UDP cluster (both directions)
..                                                                       [100%]
2 passed in 8.32s
[7/8] zero-allocation probes (100k ops each, post-warmup, --expose-gc)
    {"mode":"publish","iters":100000,"heapBefore":7445976,"heapAfter":7446032,"deltaBytes":56}
    {"mode":"subscribe","iters":100000,"heapBefore":7518624,"heapAfter":7520800,"deltaBytes":2176}
    {"mode":"metrics","iters":100000,"heapBefore":7361904,"heapAfter":7359464,"deltaBytes":-2440}
    {"mode":"router","iters":100000,"heapBefore":7395888,"heapAfter":7395848,"deltaBytes":-40}
[8/8] performance gates
    [8a] 4-node demo smoke (monotonicity must PASS)
    demo PASS (monotonic, 0 gaps, 0 stale)
    [8b] mesh burst >= 1,000,000 fps (mandate D)
    {"kind":"weft-cluster-mesh-burst","transport":"loopback-shm (simulated cluster)","nodes":4,"consumers":3,"topics":1,"payloadBytes":64,"fpsTarget":1000000,"seconds":2,"publishedFrames":2000000,"ingestedFrames":6000000,"expectedIngest":6000000,"achievedFps":1052398,"fanoutWritesPerSec":3157194,"elapsedSec":1.9,"sequenceGaps":0,"hopLatencyNs":{"p50":1024,"p99":2048},"at":"2026-09-23T10:05:47.549Z"}
    [8c] membership lookup latency (mandate B1)
    {"kind":"weft-cluster-router-bench","membershipLookupNs":{"p50":16.7,"p99":34.4},"routerOwnerNs":{"p50":1140.6,"p99":1185,"nodes":8},"mandate":"lock-free cluster state table lookups < 10 ns (Pillar 3 mandate B1)"}
    lookup p50 16.7ns (gate 25ns; mandate 10ns is bare-metal — delta recorded in D-33)
weft-cluster-managed shard: ALL 8 STAGES GREEN
