==================================================
SHARD: weft-tensor-managed
DESCRIPTION: Project weft-tensor Pillar 2: WTR1 layout, TS/Python ingestion engines, DLPack/NumPy bridge, cross-language parity, React/Flutter AI hooks/widgets, 120 FPS flight demo, alloc probes
STATUS: PASSED ✅
COMMIT: 1ca80ea9333166e6769b5f43531532c085627c62
RUN: 226
==================================================

[1/8] fixture determinism
OK /home/runner/work/Weft/Weft/fixtures/weft-tensor/ring-v1-f32.bin (640 B) byte-identical
OK /home/runner/work/Weft/Weft/fixtures/weft-tensor/ring-v1-u8.bin (640 B) byte-identical
[2/8] TypeScript suite
✔ zero-alloc probe [ring] — 100k steady-state ops stay flat (389.43168ms)
✔ zero-alloc probe [ingest] — 100k steady-state ops stay flat (103.451461ms)
✔ zero-alloc probe [audio] — 100k steady-state ops stay flat (114.339892ms)
✔ zero-alloc probe [render] — 100k steady-state ops stay flat (1599.802899ms)
✔ zero-alloc probe [overlay] — 100k steady-state ops stay flat (68.097192ms)
✔ negative control: a deliberately-allocating loop IS caught (68.120833ms)
✔ f32 fixture: header fields, 10 frames, dyadic payload parity (40.781353ms)
✔ u8 fixture: header fields, 6 frames, byte payload parity (2.189857ms)
✔ WebCodecs sync fast path: bytes land in ring, no intermediate (43.686187ms)
✔ WebCodecs async fast path resolves after the GPU readback lands (0.456726ms)
✔ copyTo failure is a DROP, never a throw into the frame loop (0.757561ms)
✔ legacy sync copyTo returning void still commits the full slot (2.93283ms)
✔ ImageData + raw paths (0.60843ms)
✔ ingestor dtype gate: f32 ring rejected (Law 4) (1.110915ms)
✔ AudioPcmFeeder: exact-fit chunks roll one slot per chunk (1.105736ms)
✔ AudioPcmFeeder: chunk spanning slot boundaries carries with zero gaps (0.970436ms)
✔ AudioPcmFeeder: tiny chunks accumulate then roll (worklet cadence) (0.55443ms)
✔ AudioPcmFeeder dtype gate + chunk size gate (Law 4) (0.570074ms)
✔ crc32 matches node:zlib over the static header region (1.447222ms)
✔ f16FromBits matches numpy float16 decode exactly (0.387013ms)
✔ f16ToBits matches numpy round-to-nearest-even (0.397619ms)
✔ fourcc round-trips as LE ASCII (0.198344ms)
✔ validateRingHeader accepts both golden fixtures (1.148069ms)
✔ fail-closed corruption matrix — every mutation gets a machine-readable code (1.056624ms)
✔ dtype validity table (0.139827ms)
✔ create() writes a self-validating header (round trip through attach) (1.789759ms)
✔ Canvas2DPlane: ONE ImageData reused, pixel-accurate blit per frame (2.612887ms)
✔ Canvas2DPlane dtype gate (Law 4) (0.544997ms)
✔ OverlayScratch + drawBoxes2D: bounded, reused, pixel records (0.897489ms)
✔ drawSkeleton2D honours confidence gating (0.335987ms)
✔ WebGL2Plane: zero-alloc texSubImage2D from the slot view + fullscreen tri (1.752389ms)
✔ create + typed commit + acquireLatest returns exact values, zero surprises (3.296439ms)
✔ byte commit path (Uint8Array) with short payload (bounded loop, no throw) (1.304731ms)
✔ acquireLatest(lastSeq) returns null when nothing new; acquireFrame bounds (0.350098ms)
✔ overrun: slotCount=2, 5 commits -> old seq gone, latest correct (0.488974ms)
✔ torn read: uncommitted slot is invisible, then visible after commit marker (0.377829ms)
✔ zero-copy begin/finish path matches convenience commit (0.341165ms)
✔ commit rejects wrong dtype / oversized payloads (fail-closed) (1.182845ms)
✔ create() input validation is fail-closed (0.286024ms)
✔ waitForNewFrame resolves via injected scheduler; timeout path returns null (105.424631ms)
✔ SharedArrayBuffer smoke: create(shared) + atomics publish + acquire (0.506419ms)
✔ ring stats counters are sealed and monotonic (0.205805ms)
✔ detectRuntime identifies node (this process) (1.008473ms)
✔ detectRuntime: browser / deno / bun / worker / electron fakes (0.303399ms)
✔ runtimeMatrix feature list stays sorted/deterministic (0.741868ms)
✔ assertShareable accepts SAB, rejects plain ArrayBuffer (0.539208ms)
ℹ tests 46
ℹ suites 0
ℹ pass 46
ℹ fail 0
ℹ cancelled 0
ℹ skipped 0
ℹ todo 0
ℹ duration_ms 2427.66801
[3/8] Python suite
.......s.............s................                                   [100%]
36 passed, 2 skipped in 9.23s
[4/8] TS producer -> Python consumer
{"producer":"typescript","path":"/tmp/tmp.aomCs7vMLj/ts_ring.bin","byteLength":640,"producerSeq":10,"slotStride":128,"schemaId":"fe77000000000000"}
{"consumer": "python", "path": "/tmp/tmp.aomCs7vMLj/ts_ring.bin", "framesValidated": [7, 8, 9, 10], "dlpackAlias": true, "ok": true}
[5/8] Python producer -> TS consumer
{"producer": "python", "path": "/tmp/tmp.aomCs7vMLj/py_ring.bin", "byteLength": 640, "producerSeq": 10, "slotStride": 128, "schemaId": "fe77000000000001"}
{"consumer":"typescript","path":"/tmp/tmp.aomCs7vMLj/py_ring.bin","framesValidated":[7,8,9,10],"ok":true}
[6/8] DLPack alias proof (consumed the TS-produced ring, pointer-checked)
    dlpack alias OK (slot ptr 0x5558d0638f30 inside ring 0x5558d0638df0..0x5558d0639070)
[7/8] zero-allocation probes (100k ops each, post-warmup, --expose-gc)
    {"mode":"ring","iters":100000,"heapBefore":4388808,"heapAfter":4402032,"deltaBytes":13224}
    {"mode":"ingest","iters":100000,"heapBefore":4396920,"heapAfter":4411664,"deltaBytes":14744}
    {"mode":"audio","iters":100000,"heapBefore":4410888,"heapAfter":4394864,"deltaBytes":-16024}
    {"mode":"render","iters":100000,"heapBefore":4404960,"heapAfter":4406560,"deltaBytes":1600}
    {"mode":"overlay","iters":100000,"heapBefore":4284936,"heapAfter":4285648,"deltaBytes":712}
[8/8] latency gates (directive: commit < 50us)
    {"bench":"weft-tensor commit/acquire","node":"v24.20.0","video":{"geometry":"320x180 RGBA","slotCapBytes":230400,"commit":{"n":50000,"p50_us":0.171,"p99_us":1.042,"max_us":164.147},"acquire":{"n":50000,"p50_us":0.14,"p99_us":0.451,"max_us":43.866},"commit_under_50us":true},"audio":{"geometry":"2ch x 128 f32 (interleaved quanta 256)","slotCapBytes":1024,"commit":{"n":50000,"p50_us":0.491,"p99_us":0.712,"max_us":39.369},"acquire":{"n":50000,"p50_us":0.13,"p99_us":1.402,"max_us":417.208},"commit_under_50us":true}}
weft-tensor managed shard: ALL 8 STAGES GREEN
