==================================================
SHARD: simd-blend
DESCRIPTION: Q12 raster blend: C golden gates + xlang-blend cross-language digests + bench
STATUS: PASSED ✅
COMMIT: ebf7123d4bf695dd4264225267b8031f77781b5c
RUN: 187
==================================================

== simd-blend shard: env x86_64/Linux ==
-- C kernel gates --
== blend_test: impl=avx2 (2) ==
B1 boundaries: OK
B2 parity sweep: OK (154 path-checks, all == scalar)
B3 alpha sweep 0..4096 (dispatched): OK
B4 in-place aliasing: OK
blend_test: ALL GATES GREEN
blend-test: ALL GATES GREEN
-- xlang-blend golden gate --
== xlang-blend golden parity: env x86_64/Linux ==
-- C kernel (golden source) --
   blend-test gates GREEN
   golden-vectors.csv matches the kernel
-- TS verifier (reference port) --
xlang-blend TS verifier: 63/63 golden digests match
-- Kotlin verifier --
xlang-blend Kotlin verifier: 63/63 golden digests match
-- Dart verifier: DECLARED skip (no dart; flutter-packages leg owns it) --
-- Swift port: DECLARED skip (no swiftc; apple-packages compiles + golden-gates it) --

xlang-blend: ran=3 declared_skips=2
✅ xlang-blend parity: every executed port byte-identical to the C kernel
xlang-blend parity GREEN
-- blend_runner benchmark --
== blend_runner: dispatch=avx2 ==
256x256-hot (65536 words): scalar   135838 ns/frame (  5.8 GB/s) | avx2    13434 ns/frame ( 58.5 GB/s) | speedup 10.11x
1080p (2073600 words): scalar  4305397 ns/frame (  5.8 GB/s) | avx2   461343 ns/frame ( 53.9 GB/s) | speedup 9.33x
4K (8294400 words): scalar 17237855 ns/frame (  5.8 GB/s) | avx2  2215830 ns/frame ( 44.9 GB/s) | speedup 7.78x
8K (33177600 words): scalar 68956779 ns/frame (  5.8 GB/s) | avx2  9768846 ns/frame ( 40.8 GB/s) | speedup 7.06x
✅ simd-blend shard GREEN
