==================================================
SHARD: weft-tensor-managed
DESCRIPTION: Project weft-tensor Pillar 2: WTR1 layout, TS/Python ingestion engines, DLPack/NumPy bridge, cross-language parity, React/Flutter AI hooks/widgets, 120 FPS flight demo, alloc probes
STATUS: PASSED ✅
COMMIT: ee41f69b5ce8639fe7e607e7e4b067b1ecbb2020
RUN: 251
==================================================

[1/8] fixture determinism
OK /home/runner/work/Weft/Weft/fixtures/weft-tensor/ring-v1-f32.bin (640 B) byte-identical
OK /home/runner/work/Weft/Weft/fixtures/weft-tensor/ring-v1-u8.bin (640 B) byte-identical
[2/8] TypeScript suite
✔ zero-alloc probe [ring] — 100k steady-state ops stay flat (204.352643ms)
✔ zero-alloc probe [ingest] — 100k steady-state ops stay flat (151.773321ms)
✔ zero-alloc probe [audio] — 100k steady-state ops stay flat (121.750307ms)
✔ zero-alloc probe [render] — 100k steady-state ops stay flat (1506.435308ms)
✔ zero-alloc probe [overlay] — 100k steady-state ops stay flat (71.00306ms)
✔ negative control: a deliberately-allocating loop IS caught (67.301295ms)
✔ f32 fixture: header fields, 10 frames, dyadic payload parity (2.682736ms)
✔ u8 fixture: header fields, 6 frames, byte payload parity (1.53975ms)
✔ WebCodecs sync fast path: bytes land in ring, no intermediate (4.305423ms)
✔ WebCodecs async fast path resolves after the GPU readback lands (0.483478ms)
✔ copyTo failure is a DROP, never a throw into the frame loop (1.163034ms)
✔ legacy sync copyTo returning void still commits the full slot (0.470182ms)
✔ ImageData + raw paths (0.551766ms)
✔ ingestor dtype gate: f32 ring rejected (Law 4) (0.657414ms)
✔ AudioPcmFeeder: exact-fit chunks roll one slot per chunk (0.702028ms)
✔ AudioPcmFeeder: chunk spanning slot boundaries carries with zero gaps (0.576553ms)
✔ AudioPcmFeeder: tiny chunks accumulate then roll (worklet cadence) (0.685337ms)
✔ AudioPcmFeeder dtype gate + chunk size gate (Law 4) (0.673334ms)
✔ crc32 matches node:zlib over the static header region (2.230938ms)
✔ f16FromBits matches numpy float16 decode exactly (0.605427ms)
✔ f16ToBits matches numpy round-to-nearest-even (0.691028ms)
✔ fourcc round-trips as LE ASCII (0.341121ms)
✔ validateRingHeader accepts both golden fixtures (2.111884ms)
✔ fail-closed corruption matrix — every mutation gets a machine-readable code (1.881252ms)
✔ dtype validity table (0.210746ms)
✔ create() writes a self-validating header (round trip through attach) (1.462004ms)
✔ Canvas2DPlane: ONE ImageData reused, pixel-accurate blit per frame (6.364768ms)
✔ Canvas2DPlane dtype gate (Law 4) (1.018242ms)
✔ OverlayScratch + drawBoxes2D: bounded, reused, pixel records (1.530994ms)
✔ drawSkeleton2D honours confidence gating (0.469592ms)
✔ WebGL2Plane: zero-alloc texSubImage2D from the slot view + fullscreen tri (3.212501ms)
✔ create + typed commit + acquireLatest returns exact values, zero surprises (8.016209ms)
✔ byte commit path (Uint8Array) with short payload (bounded loop, no throw) (0.4791ms)
✔ acquireLatest(lastSeq) returns null when nothing new; acquireFrame bounds (2.287995ms)
✔ overrun: slotCount=2, 5 commits -> old seq gone, latest correct (0.565431ms)
✔ torn read: uncommitted slot is invisible, then visible after commit marker (1.066673ms)
✔ zero-copy begin/finish path matches convenience commit (0.38363ms)
✔ commit rejects wrong dtype / oversized payloads (fail-closed) (1.698679ms)
✔ create() input validation is fail-closed (0.566754ms)
✔ waitForNewFrame resolves via injected scheduler; timeout path returns null (33.381502ms)
✔ SharedArrayBuffer smoke: create(shared) + atomics publish + acquire (0.690987ms)
✔ ring stats counters are sealed and monotonic (0.258676ms)
✔ detectRuntime identifies node (this process) (1.631022ms)
✔ detectRuntime: browser / deno / bun / worker / electron fakes (0.408106ms)
✔ runtimeMatrix feature list stays sorted/deterministic (1.146122ms)
✔ assertShareable accepts SAB, rejects plain ArrayBuffer (0.785255ms)
ℹ tests 46
ℹ suites 0
ℹ pass 46
ℹ fail 0
ℹ cancelled 0
ℹ skipped 0
ℹ todo 0
ℹ duration_ms 2204.485405
[3/8] Python suite
.......s.............s................                                   [100%]
36 passed, 2 skipped in 9.29s
[4/8] TS producer -> Python consumer
{"producer":"typescript","path":"/tmp/tmp.hIxdCBff57/ts_ring.bin","byteLength":640,"producerSeq":10,"slotStride":128,"schemaId":"fe77000000000000"}
{"consumer": "python", "path": "/tmp/tmp.hIxdCBff57/ts_ring.bin", "framesValidated": [7, 8, 9, 10], "dlpackAlias": true, "ok": true}
[5/8] Python producer -> TS consumer
{"producer": "python", "path": "/tmp/tmp.hIxdCBff57/py_ring.bin", "byteLength": 640, "producerSeq": 10, "slotStride": 128, "schemaId": "fe77000000000001"}
{"consumer":"typescript","path":"/tmp/tmp.hIxdCBff57/py_ring.bin","framesValidated":[7,8,9,10],"ok":true}
[6/8] DLPack alias proof (consumed the TS-produced ring, pointer-checked)
    dlpack alias OK (slot ptr 0x5636a4f84f30 inside ring 0x5636a4f84df0..0x5636a4f85070)
[7/8] zero-allocation probes (100k ops each, post-warmup, --expose-gc)
    {"mode":"ring","iters":100000,"heapBefore":4403936,"heapAfter":4416640,"deltaBytes":12704}
    {"mode":"ingest","iters":100000,"heapBefore":4410952,"heapAfter":4425696,"deltaBytes":14744}
    {"mode":"audio","iters":100000,"heapBefore":4406592,"heapAfter":4419896,"deltaBytes":13304}
    {"mode":"render","iters":100000,"heapBefore":4418992,"heapAfter":4420592,"deltaBytes":1600}
    {"mode":"overlay","iters":100000,"heapBefore":4298968,"heapAfter":4299680,"deltaBytes":712}
[8/8] latency gates (directive: commit < 50us)
    {"bench":"weft-tensor commit/acquire","node":"v24.21.0","video":{"geometry":"320x180 RGBA","slotCapBytes":230400,"commit":{"n":50000,"p50_us":0.18,"p99_us":1.402,"max_us":343.693},"acquire":{"n":50000,"p50_us":0.19,"p99_us":0.531,"max_us":60.012},"commit_under_50us":true},"audio":{"geometry":"2ch x 128 f32 (interleaved quanta 256)","slotCapBytes":1024,"commit":{"n":50000,"p50_us":0.481,"p99_us":1.001,"max_us":166.552},"acquire":{"n":50000,"p50_us":0.12,"p99_us":1.463,"max_us":133.41},"commit_under_50us":true}}
weft-tensor managed shard: ALL 8 STAGES GREEN
