==================================================
SHARD: weft-cluster-managed
DESCRIPTION: Project weft-cluster Pillar 3: TS wire/client/topology/router/metrics, Python wire/router/UDP parity, live UDP mesh, 100k zero-alloc probes, 1M fps burst, rendezvous router
STATUS: PASSED ✅
COMMIT: ee41f69b5ce8639fe7e607e7e4b067b1ecbb2020
RUN: 251
==================================================

[1/8] kernel-core integrity (Law 3: core/c/weft.{c,h} byte-frozen)
    core/c/weft.{c,h} untouched
[2/8] TS wire vectors + cross-language guard
✔ crosslang: TS still decodes the frozen WCN1 vectors byte-exactly (1.278259ms)
✔ crosslang: TS rejects malformed fixtures with the frozen codes (0.249458ms)
✔ crosslang: FNV/CRC reference vectors match the fixture (0.328526ms)
✔ crc32 IEEE vectors (parity with Python zlib.crc32) (1.127496ms)
✔ fnv1a64 topic hash vectors (parity with Python impl) (0.29301ms)
✔ WCN1 header: little-endian byte layout is normative (0.301826ms)
✔ WCN1 round-trip: encode -> decode -> same fields (8.050657ms)
✔ Law 4: malformed datagrams map to the exact error taxonomy (0.357411ms)
✔ error names are stable (Law 4 contract) (0.235532ms)
✔ WGS1 gossip: encode + entries + decode round-trip (0.445035ms)
✔ WGS1: entry_count overrun is WC_E_TRUNCATED, not a crash (0.168035ms)
✔ Law 1: decodeInto is allocation-free (structural check) (0.365305ms)
ℹ tests 12
ℹ suites 0
ℹ pass 12
ℹ fail 0
ℹ cancelled 0
ℹ skipped 0
ℹ todo 0
ℹ duration_ms 86.631196
[3/8] Python wire + router vector parity
.........                                                                [100%]
9 passed in 0.55s
[4/8] TypeScript suite
✔ shm: publish -> subscribe async iterator, seq monotonic, payload intact (11.144866ms)
✔ shm: two subscribers fan out independently; unsubscribe stops flow (11.534285ms)
✔ shm: tryLatest reads newest without advancing the iterator (4.886309ms)
✔ Law 4: stale seq replays are dropped and counted (datagram path) (0.993985ms)
✔ udp: two clients, SUB control plane, live datagram pub/sub (36.807741ms)
✔ udp: publisher with zero subscribers stays silent (no peers dup) (0.828566ms)
✔ crosslang: TS still decodes the frozen WCN1 vectors byte-exactly (1.755965ms)
✔ crosslang: TS rejects malformed fixtures with the frozen codes (0.354125ms)
✔ crosslang: FNV/CRC reference vectors match the fixture (0.423775ms)
✔ registry: counters, gauges, histogram quantile sanity (3.449143ms)
✔ histogram bucket bounds follow the 1, 2, 3, 4, 6, 8, 12... sequence (0.384582ms)
✔ prometheus: exposition format with cumulative histogram buckets (1.457676ms)
✔ otel: OTLP/JSON document shape (resourceMetrics -> metrics) (1.701202ms)
✔ perfetto: .pftrace protobuf round-trips packets and track events (1.999232ms)
✔ prometheus: embedded /metrics server answers 200 over real HTTP (134.518709ms)
✔ router: deterministic owner across calls and instances (1.983122ms)
✔ router: cross-language owner vector (node seeds 11,22,33,44 / telemetry) (1.612196ms)
✔ router: 8-node balance within 3x envelope (5.218312ms)
✔ router: minimal disruption — adding 1 of 9 nodes moves ~1/9 of topics (6.190227ms)
✔ router: unrouted topic -> WC_E_TOPIC_UNROUTED (0.251823ms)
✔ router: removeNode stops routing to it; version bumps (0.199154ms)
✔ membership: upsert + hash-index lookup round-trip (1.956071ms)
✔ membership: open addressing survives heavy collisions (2.543179ms)
✔ gossip: 3 engines converge to a full membership view (socketless) (3.722936ms)
✔ gossip: stale incarnation ignored, higher incarnation wins (0.487104ms)
✔ gossip: LEAVING is sticky at equal incarnation, revive needs higher (0.375625ms)
✔ gossip: SWIM refutation — falsely-leaving node bumps incarnation (0.354525ms)
✔ gossip: silent nodes suspect then evicted (fake clock) (0.369744ms)
✔ gossip: graceful leave announces and propagates LEAVING (0.437972ms)
✔ crc32 IEEE vectors (parity with Python zlib.crc32) (1.173572ms)
✔ fnv1a64 topic hash vectors (parity with Python impl) (0.299472ms)
✔ WCN1 header: little-endian byte layout is normative (0.277651ms)
✔ WCN1 round-trip: encode -> decode -> same fields (4.44413ms)
✔ Law 4: malformed datagrams map to the exact error taxonomy (0.425028ms)
✔ error names are stable (Law 4 contract) (0.505379ms)
✔ WGS1 gossip: encode + entries + decode round-trip (0.507943ms)
✔ WGS1: entry_count overrun is WC_E_TRUNCATED, not a crash (0.230783ms)
✔ Law 1: decodeInto is allocation-free (structural check) (0.358132ms)
ℹ tests 38
ℹ suites 0
ℹ pass 38
ℹ fail 0
ℹ cancelled 0
ℹ skipped 0
ℹ todo 0
ℹ duration_ms 2181.82764
[5/8] Python suite
.....s.........                                                          [100%]
14 passed, 1 skipped in 8.67s
[6/8] live cross-language UDP cluster (both directions)
..                                                                       [100%]
2 passed in 8.33s
[7/8] zero-allocation probes (100k ops each, post-warmup, --expose-gc)
    {"mode":"publish","iters":100000,"heapBefore":7481496,"heapAfter":7481552,"deltaBytes":56}
    {"mode":"subscribe","iters":100000,"heapBefore":7554936,"heapAfter":7558024,"deltaBytes":3088}
    {"mode":"metrics","iters":100000,"heapBefore":7396744,"heapAfter":7396432,"deltaBytes":-312}
    {"mode":"router","iters":100000,"heapBefore":7432480,"heapAfter":7432440,"deltaBytes":-40}
[8/8] performance gates
    [8a] 4-node demo smoke (monotonicity must PASS)
    demo PASS (monotonic, 0 gaps, 0 stale)
    [8b] mesh burst >= 1,000,000 fps (mandate D)
    {"kind":"weft-cluster-mesh-burst","transport":"loopback-shm (simulated cluster)","nodes":4,"consumers":3,"topics":1,"payloadBytes":64,"fpsTarget":1000000,"seconds":2,"publishedFrames":2000000,"ingestedFrames":6000000,"expectedIngest":6000000,"achievedFps":1049220,"fanoutWritesPerSec":3147661,"elapsedSec":1.91,"sequenceGaps":0,"hopLatencyNs":{"p50":1024,"p99":2048},"at":"2026-09-23T13:23:54.158Z"}
    [8c] membership lookup latency (mandate B1)
    {"kind":"weft-cluster-router-bench","membershipLookupNs":{"p50":17.2,"p99":34.9},"routerOwnerNs":{"p50":1137.2,"p99":1157.7,"nodes":8},"mandate":"lock-free cluster state table lookups < 10 ns (Pillar 3 mandate B1)"}
    lookup p50 17.2ns (gate 25ns; mandate 10ns is bare-metal — delta recorded in D-33)
weft-cluster-managed shard: ALL 8 STAGES GREEN
