==================================================
SHARD: simd-blend
DESCRIPTION: Q12 raster blend: C golden gates + xlang-blend cross-language digests + bench
STATUS: PASSED ✅
COMMIT: 237b1b3ab6ee5bc1a262e485387ffb9ab62a8117
RUN: 214
==================================================

== simd-blend shard: env x86_64/Linux ==
-- C kernel gates --
== blend_test: impl=avx2 (2) ==
B1 boundaries: OK
B2 parity sweep: OK (154 path-checks, all == scalar)
B3 alpha sweep 0..4096 (dispatched): OK
B4 in-place aliasing: OK
blend_test: ALL GATES GREEN
blend-test: ALL GATES GREEN
-- xlang-blend golden gate --
== xlang-blend golden parity: env x86_64/Linux ==
-- C kernel (golden source) --
   blend-test gates GREEN
   golden-vectors.csv matches the kernel
-- TS verifier (reference port) --
xlang-blend TS verifier: 63/63 golden digests match
-- Kotlin verifier --
xlang-blend Kotlin verifier: 63/63 golden digests match
-- Dart verifier: DECLARED skip (no dart; flutter-packages leg owns it) --
-- Swift port: DECLARED skip (no swiftc; apple-packages compiles + golden-gates it) --

xlang-blend: ran=3 declared_skips=2
✅ xlang-blend parity: every executed port byte-identical to the C kernel
xlang-blend parity GREEN
-- blend_runner benchmark --
== blend_runner: dispatch=avx2 ==
256x256-hot (65536 words): scalar   214401 ns/frame (  3.7 GB/s) | avx2    26787 ns/frame ( 29.4 GB/s) | speedup 8.00x
1080p (2073600 words): scalar  6836813 ns/frame (  3.6 GB/s) | avx2   902250 ns/frame ( 27.6 GB/s) | speedup 7.58x
4K (8294400 words): scalar 27823787 ns/frame (  3.6 GB/s) | avx2  4732244 ns/frame ( 21.0 GB/s) | speedup 5.88x
8K (33177600 words): scalar 111405963 ns/frame (  3.6 GB/s) | avx2 30054150 ns/frame ( 13.2 GB/s) | speedup 3.71x
✅ simd-blend shard GREEN
