==================================================
SHARD: weft-tensor-managed
DESCRIPTION: Project weft-tensor Pillar 2: WTR1 layout, TS/Python ingestion engines, DLPack/NumPy bridge, cross-language parity, React/Flutter AI hooks/widgets, 120 FPS flight demo, alloc probes
STATUS: FAILED ❌
COMMIT: 237b1b3ab6ee5bc1a262e485387ffb9ab62a8117
RUN: 214
==================================================

[1/8] fixture determinism
OK /home/runner/work/Weft/Weft/fixtures/weft-tensor/ring-v1-f32.bin (640 B) byte-identical
OK /home/runner/work/Weft/Weft/fixtures/weft-tensor/ring-v1-u8.bin (640 B) byte-identical
[2/8] TypeScript suite
✔ zero-alloc probe [ring] — 100k steady-state ops stay flat (222.28685ms)
✔ zero-alloc probe [ingest] — 100k steady-state ops stay flat (116.235253ms)
✔ zero-alloc probe [audio] — 100k steady-state ops stay flat (117.028426ms)
✔ zero-alloc probe [render] — 100k steady-state ops stay flat (1535.032543ms)
✔ zero-alloc probe [overlay] — 100k steady-state ops stay flat (66.786136ms)
✔ negative control: a deliberately-allocating loop IS caught (64.314424ms)
✔ f32 fixture: header fields, 10 frames, dyadic payload parity (3.132512ms)
✔ u8 fixture: header fields, 6 frames, byte payload parity (1.452212ms)
✔ WebCodecs sync fast path: bytes land in ring, no intermediate (3.289848ms)
✔ WebCodecs async fast path resolves after the GPU readback lands (0.469172ms)
✔ copyTo failure is a DROP, never a throw into the frame loop (1.165362ms)
✔ legacy sync copyTo returning void still commits the full slot (0.327897ms)
✔ ImageData + raw paths (0.554994ms)
✔ ingestor dtype gate: f32 ring rejected (Law 4) (0.561927ms)
✔ AudioPcmFeeder: exact-fit chunks roll one slot per chunk (0.66941ms)
✔ AudioPcmFeeder: chunk spanning slot boundaries carries with zero gaps (0.523575ms)
✔ AudioPcmFeeder: tiny chunks accumulate then roll (worklet cadence) (0.399973ms)
✔ AudioPcmFeeder dtype gate + chunk size gate (Law 4) (0.574361ms)
✔ crc32 matches node:zlib over the static header region (4.174894ms)
✔ f16FromBits matches numpy float16 decode exactly (0.59007ms)
✔ f16ToBits matches numpy round-to-nearest-even (0.684677ms)
✔ fourcc round-trips as LE ASCII (0.29763ms)
✔ validateRingHeader accepts both golden fixtures (1.849629ms)
✔ fail-closed corruption matrix — every mutation gets a machine-readable code (1.974123ms)
✔ dtype validity table (0.237256ms)
✔ create() writes a self-validating header (round trip through attach) (2.576476ms)
✔ Canvas2DPlane: ONE ImageData reused, pixel-accurate blit per frame (4.67284ms)
✔ Canvas2DPlane dtype gate (Law 4) (0.84549ms)
✔ OverlayScratch + drawBoxes2D: bounded, reused, pixel records (1.509249ms)
✔ drawSkeleton2D honours confidence gating (0.582777ms)
✔ WebGL2Plane: zero-alloc texSubImage2D from the slot view + fullscreen tri (3.106183ms)
✔ create + typed commit + acquireLatest returns exact values, zero surprises (6.647424ms)
✔ byte commit path (Uint8Array) with short payload (bounded loop, no throw) (0.334579ms)
✔ acquireLatest(lastSeq) returns null when nothing new; acquireFrame bounds (1.255682ms)
✔ overrun: slotCount=2, 5 commits -> old seq gone, latest correct (0.474713ms)
✔ torn read: uncommitted slot is invisible, then visible after commit marker (0.387379ms)
✔ zero-copy begin/finish path matches convenience commit (0.2767ms)
✔ commit rejects wrong dtype / oversized payloads (fail-closed) (0.89272ms)
✔ create() input validation is fail-closed (0.316165ms)
✔ waitForNewFrame resolves via injected scheduler; timeout path returns null (32.632886ms)
✔ SharedArrayBuffer smoke: create(shared) + atomics publish + acquire (0.668147ms)
✔ ring stats counters are sealed and monotonic (0.253767ms)
✔ detectRuntime identifies node (this process) (1.327868ms)
✔ detectRuntime: browser / deno / bun / worker / electron fakes (0.315222ms)
✔ runtimeMatrix feature list stays sorted/deterministic (0.918127ms)
✔ assertShareable accepts SAB, rejects plain ArrayBuffer (0.524477ms)
ℹ tests 46
ℹ suites 0
ℹ pass 46
ℹ fail 0
ℹ cancelled 0
ℹ skipped 0
ℹ todo 0
ℹ duration_ms 2200.480852
[3/8] Python suite
/opt/hostedtoolcache/Python/3.12.14/x64/bin/python3: No module named pytest
