==================================================
SHARD: bench-b-ts
DESCRIPTION: B1-B5 benchmarks, TS kernel
STATUS: PASSED ✅
COMMIT: 881620c208239ab90e69eff1012459d6e4e1d73d
RUN: 52
==================================================

node:internal/modules/esm/resolve:272
    throw new ERR_MODULE_NOT_FOUND(
          ^

Error [ERR_MODULE_NOT_FOUND]: Cannot find module '/home/runner/work/Weft/Weft/core/ts/fanout' imported from /home/runner/work/Weft/Weft/core/ts/weft.ts
    at finalizeResolution (node:internal/modules/esm/resolve:272:11)
    at moduleResolve (node:internal/modules/esm/resolve:879:10)
    at defaultResolve (node:internal/modules/esm/resolve:1006:11)
    at #cachedDefaultResolve (node:internal/modules/esm/loader:705:20)
    at #resolveAndMaybeBlockOnLoaderThread (node:internal/modules/esm/loader:725:38)
    at ModuleLoader.resolveSync (node:internal/modules/esm/loader:763:56)
    at #resolve (node:internal/modules/esm/loader:687:17)
    at ModuleLoader.getOrCreateModuleJob (node:internal/modules/esm/loader:607:35)
    at ModuleJob.syncLink (node:internal/modules/esm/module_job:276:33)
    at ModuleJob.link (node:internal/modules/esm/module_job:381:17) {
  code: 'ERR_MODULE_NOT_FOUND',
  url: 'file:///home/runner/work/Weft/Weft/core/ts/fanout'
}

Node.js v24.20.0
make: *** [Makefile:33: build-ts] Error 1
