==================================================
SHARD: fanout-concurrent
DESCRIPTION: 1 writer + 4 reader workers, integrity-gated + daisy-chain
STATUS: PASSED ✅
COMMIT: 1b78b12ed37daca1c80c6f34cd47a9a837d95873
RUN: 158
==================================================

────────────────────────────────────────────────────────────────────────
RFC 0004 — CONCURRENT fan-out torture test (worker_threads, true parallelism)
────────────────────────────────────────────────────────────────────────
phase 1  sprint : writer 1.654M pub/s over 400000 frames (242 ms) — 4 verifying readers
  reader[0] fresh=203095 dropped=196905 stale=727509 tornRetries=23 notReady=577 exhausted=0 violations=0 (242 ms)
  reader[1] fresh=190005 dropped=209387 stale=724713 tornRetries=23 notReady=0 exhausted=0 violations=0 (235 ms)
  reader[2] fresh=2110 dropped=397888 stale=705215 tornRetries=20 notReady=0 exhausted=0 violations=0 (240 ms)
  reader[3] fresh=176738 dropped=223233 stale=713031 tornRetries=30 notReady=0 exhausted=0 violations=0 (240 ms)
phase 2  daisy  : Triad kernel → broadcaster → ring → 4 readers over 120000 frames (271 ms, 443K frames/s)
  reader[0] fresh=50150 dropped=69850 stale=515433 tornRetries=22 notReady=6258008 exhausted=0 violations=0 (549 ms)
  reader[1] fresh=91223 dropped=28777 stale=903754 tornRetries=121 notReady=6250304 exhausted=0 violations=0 (531 ms)
  reader[2] fresh=60893 dropped=59064 stale=558639 tornRetries=27 notReady=4424718 exhausted=0 violations=0 (510 ms)
  reader[3] fresh=88554 dropped=31441 stale=1029530 tornRetries=29 notReady=5515893 exhausted=0 violations=0 (547 ms)
────────────────────────────────────────────────────────────────────────
GATE: ALL PASSED ✅  (integrity, convergence, exact drop accounting, daisy-chain)
────────────────────────────────────────────────────────────────────────
RFC 0004 — CONCURRENT fan-out benchmark (1 writer + 4 readers, worker_threads)
────────────────────────────────────────────────────────────────────────
Environment Tag: node / linux-sandbox (SharedArrayBuffer + Atomics, all SeqCst)
Writer: 1000000 publishes in 310 ms  →  3.228M publishes/sec  (latch protocol INCLUDED)
  reader[0]: fresh=978681 dropped=21247 claims=1220165 → 3.144M fresh claims/sec (311 ms)
  reader[1]: fresh=599918 dropped=392777 claims=711145 → 2.077M fresh claims/sec (289 ms)
  reader[2]: fresh=832176 dropped=166661 claims=976759 → 2.786M fresh claims/sec (299 ms)
  reader[3]: fresh=488365 dropped=511502 claims=585781 → 1.563M fresh claims/sec (312 ms)
Aggregate: 2.899M fresh deliveries across 4 readers; drops are per-reader (Law 4) and exact.
Law 2 invariant: publish/claim paths allocate nothing (pre-allocated views + out-params).
────────────────────────────────────────────────────────────────────────
✅ fanout-concurrent shard PASSED
2.786M fresh claims/sec (299 ms)
  reader[3]: fresh=488365 dropped=511502 claims=585781 → 1.563M fresh claims/sec (312 ms)
Aggregate: 2.899M fresh deliveries across 4 readers; drops are per-reader (Law 4) and exact.
Law 2 invariant: publish/claim paths allocate nothing (pre-allocated views + out-params).
────────────────────────────────────────────────────────────────────────
