==================================================
SHARD: fanout-concurrent
DESCRIPTION: 1 writer + 4 reader workers, integrity-gated + daisy-chain
STATUS: PASSED ✅
COMMIT: 52b6a78abef81e17d2884058aec306e3201e791f
RUN: 51
==================================================

torture test error: Error [ERR_MODULE_NOT_FOUND]: Cannot find module '/home/runner/work/Weft/Weft/core/ts/fanout' imported from /home/runner/work/Weft/Weft/core/ts/weft.ts
    at finalizeResolution (node:internal/modules/esm/resolve:272:11)
    at moduleResolve (node:internal/modules/esm/resolve:879:10)
    at defaultResolve (node:internal/modules/esm/resolve:1006:11)
    at #cachedDefaultResolve (node:internal/modules/esm/loader:705:20)
    at #resolveAndMaybeBlockOnLoaderThread (node:internal/modules/esm/loader:725:38)
    at ModuleLoader.resolveSync (node:internal/modules/esm/loader:763:56)
    at #resolve (node:internal/modules/esm/loader:687:17)
    at ModuleLoader.getOrCreateModuleJob (node:internal/modules/esm/loader:607:35)
    at ModuleJob.syncLink (node:internal/modules/esm/module_job:276:33)
    at ModuleJob.link (node:internal/modules/esm/module_job:381:17) {
  code: 'ERR_MODULE_NOT_FOUND',
  url: 'file:///home/runner/work/Weft/Weft/core/ts/fanout'
}
