==================================================
SHARD: perf-regression
DESCRIPTION: W-suite P99 vs pinned baseline; >15% drop = FAIL
STATUS: FAILED ❌
COMMIT: 7391fee5a78dde6b46ed055daaf717424b30756b
RUN: 203
==================================================

→ W1/A ... P99=101.0 alloc/frame=0.0 [PASS]
→ W1/B ... P99=117.2 alloc/frame=0.0 [PASS]
→ W1/C .../home/runner/work/Weft/Weft/core/c/weft.c:15: warning: "_GNU_SOURCE" redefined
   15 | #define _GNU_SOURCE  // for posix_memalign
      | 
<command-line>: note: this is the location of the previous definition
→ compiling Weft C kernel to /home/runner/work/Weft/Weft/core/c/libweft.so
 P99=110.3 alloc/frame=0.0 [PASS]
→ W1/D ... P99=67.0 alloc/frame=0.0 [PASS]
→ W2/A ... P99=68.0 alloc/frame=0.0 [PASS]
→ W2/B ... P99=92.7 alloc/frame=0.0 [PASS]
→ W2/C ... P99=93.0 alloc/frame=0.0 [PASS]
→ W2/D ... P99=39.1 alloc/frame=0.0 [PASS]
→ W3/A ... P99=7.8 alloc/frame=0.0 [PASS]
→ W3/B ... P99=9.9 alloc/frame=0.0 [PASS]
→ W3/C ... P99=9.7 alloc/frame=0.0 [PASS]
→ W3/D ... P99=5.4 alloc/frame=0.0 [PASS]
→ W4/A ... P99=2210.2 alloc/frame=0.0 [PASS]
→ W4/B ... P99=2253.9 alloc/frame=0.0 [PASS]
→ W4/C ... P99=2193.6 alloc/frame=0.0 [PASS]
→ W4/D ... P99=2158.3 alloc/frame=0.0 [PASS]
→ W5/A ... P99=13.8 alloc/frame=0.0 [PASS]
→ W5/B ... P99=20.5 alloc/frame=0.0 [PASS]
→ W5/C ... P99=18.9 alloc/frame=0.0 [PASS]
→ W5/D ... P99=10.0 alloc/frame=0.0 [PASS]

✓ W-suite bundle: /home/runner/work/Weft/Weft/bench/results/wsuite-x86_64-sandbox.json
  cells: 20 (target: 20 = 5 workloads × 4 backends)
  pass: 20/20
 ... P99=117.2 alloc/frame=0.0 [PASS]
→ W1/C .../home/runner/work/Weft/Weft/core/c/weft.c:15: warning: "_GNU_SOURCE" redefined
   15 | #define _GNU_SOURCE  // for posix_memalign
      | 
<command-line>: note: this is the location of the previous definition
→ compiling Weft C kernel to /home/runner/work/Weft/Weft/core/c/libweft.so
 P99=110.3 alloc/frame=0.0 [PASS]
→ W1/D ... P99=67.0 alloc/frame=0.0 [PASS]
→ W2/A ... P99=68.0 alloc/frame=0.0 [PASS]
→ W2/B ... P99=92.7 alloc/frame=0.0 [PASS]
→ W2/C ... P99=93.0 alloc/frame=0.0 [PASS]
→ W2/D ... P99=39.1 alloc/frame=0.0 [PASS]
→ W3/A ... P99=7.8 alloc/frame=0.0 [PASS]
→ W3/B ... P99=9.9 alloc/frame=0.0 [PASS]
→ W3/C ... P99=9.7 alloc/frame=0.0 [PASS]
→ W3/D ... P99=5.4 alloc/frame=0.0 [PASS]
→ W4/A ... P99=2210.2 alloc/frame=0.0 [PASS]
→ W4/B ... P99=2253.9 alloc/frame=0.0 [PASS]
→ W4/C ... P99=2193.6 alloc/frame=0.0 [PASS]
→ W4/D ... P99=2158.3 alloc/frame=0.0 [PASS]
→ W5/A ... P99=13.8 alloc/frame=0.0 [PASS]
→ W5/B ... P99=20.5 alloc/frame=0.0 [PASS]
→ W5/C ... P99=18.9 alloc/frame=0.0 [PASS]
→ W5/D ... P99=10.0 alloc/frame=0.0 [PASS]

✓ W-suite bundle: /home/runner/work/Weft/Weft/bench/results/wsuite-x86_64-sandbox.json
  cells: 20 (target: 20 = 5 workloads × 4 backends)
  pass: 20/20
{
  "shard": "perf-regression",
  "status": "PASSED",
  "threshold_pct": 5,
  "regression_count": 0,
  "improvement_count": 20,
  "cells_compared": 20,
  "regressions": [],
  "improvements": [
    {
      "workload": "W1",
      "backend": "A",
      "baseline": 7.3,
      "actual": 101.0,
      "delta_pct": 1283.6,
      "reason": "improvement"
    },
    {
      "workload": "W1",
      "backend": "B",
      "baseline": 44.6,
      "actual": 117.2,
      "delta_pct": 162.8,
      "reason": "improvement"
    },
    {
      "workload": "W1",
      "backend": "C",
      "baseline": 7.8,
      "actual": 110.3,
      "delta_pct": 1314.1,
      "reason": "improvement"
    },
    {
      "workload": "W1",
      "backend": "D",
      "baseline": 18.6,
      "actual": 67.0,
      "delta_pct": 260.2,
      "reason": "improvement"
    },
    {
      "workload": "W2",
      "backend": "A",
      "baseline": 4.3,
      "actual": 68.0,
      "delta_pct": 1481.4,
      "reason": "improvement"
    },
    {
      "workload": "W2",
      "backend": "B",
      "baseline": 6.1,
      "actual": 92.7,
      "delta_pct": 1419.7,
      "reason": "improvement"
    },
    {
      "workload": "W2",
      "backend": "C",
      "baseline": 16.4,
      "actual": 93.0,
      "delta_pct": 467.1,
      "reason": "improvement"
    },
    {
      "workload": "W2",
      "backend": "D",
      "baseline": 7.5,
      "actual": 39.1,
      "delta_pct": 421.3,
      "reason": "improvement"
    },
    {
      "workload": "W3",
      "backend": "A",
      "baseline": 2.6,
      "actual": 7.8,
      "delta_pct": 200.0,
      "reason": "improvement"
    },
    {
      "workload": "W3",
      "backend": "B",
      "baseline": 3.7,
      "actual": 9.9,
      "delta_pct": 167.6,
      "reason": "improvement"
    },
    {
      "workload": "W3",
      "backend": "C",
      "baseline": 2.8,
      "actual": 9.7,
      "delta_pct": 246.4,
      "reason": "improvement"
    },
    {
      "workload": "W3",
      "backend": "D",
      "baseline": 1.1,
      "actual": 5.4,
      "delta_pct": 390.9,
      "reason": "improvement"
    },
    {
      "workload": "W4",
      "backend": "A",
      "baseline": 659.0,
      "actual": 2210.2,
      "delta_pct": 235.4,
      "reason": "improvement"
    },
    {
      "workload": "W4",
      "backend": "B",
      "baseline": 681.4,
      "actual": 2253.9,
      "delta_pct": 230.8,
      "reason": "improvement"
    },
    {
      "workload": "W4",
      "backend": "C",
      "baseline": 578.3,
      "actual": 2193.6,
      "delta_pct": 279.3,
      "reason": "improvement"
    },
    {
      "workload": "W4",
      "backend": "D",
      "baseline": 409.0,
      "actual": 2158.3,
      "delta_pct": 427.7,
      "reason": "improvement"
    },
    {
      "workload": "W5",
      "backend": "A",
      "baseline": 5.4,
      "actual": 13.8,
      "delta_pct": 155.6,
      "reason": "improvement"
    },
    {
      "workload": "W5",
      "backend": "B",
      "baseline": 7.7,
      "actual": 20.5,
      "delta_pct": 166.2,
      "reason": "improvement"
    },
    {
      "workload": "W5",
      "backend": "C",
      "baseline": 7.7,
      "actual": 18.9,
      "delta_pct": 145.5,
      "reason": "improvement"
    },
    {
      "workload": "W5",
      "backend": "D",
      "baseline": 3.2,
      "actual": 10.0,
      "delta_pct": 212.5,
      "reason": "improvement"
    }
  ],
  "all_compared": [
    {
      "workload": "W1",
      "backend": "A",
      "baseline_p99": 7.3,
      "actual_p99": 101.0,
      "delta_pct": 1283.6
    },
    {
      "workload": "W1",
      "backend": "B",
      "baseline_p99": 44.6,
      "actual_p99": 117.2,
      "delta_pct": 162.8
    },
    {
      "workload": "W1",
      "backend": "C",
      "baseline_p99": 7.8,
      "actual_p99": 110.3,
      "delta_pct": 1314.1
    },
    {
      "workload": "W1",
      "backend": "D",
      "baseline_p99": 18.6,
      "actual_p99": 67.0,
      "delta_pct": 260.2
    },
    {
      "workload": "W2",
      "backend": "A",
      "baseline_p99": 4.3,
      "actual_p99": 68.0,
      "delta_pct": 1481.4
    },
    {
      "workload": "W2",
      "backend": "B",
      "baseline_p99": 6.1,
      "actual_p99": 92.7,
      "delta_pct": 1419.7
    },
    {
      "workload": "W2",
      "backend": "C",
      "baseline_p99": 16.4,
      "actual_p99": 93.0,
      "delta_pct": 467.1
    },
    {
      "workload": "W2",
      "backend": "D",
      "baseline_p99": 7.5,
      "actual_p99": 39.1,
      "delta_pct": 421.3
    },
    {
      "workload": "W3",
      "backend": "A",
      "baseline_p99": 2.6,
      "actual_p99": 7.8,
      "delta_pct": 200.0
    },
    {
      "workload": "W3",
      "backend": "B",
      "baseline_p99": 3.7,
      "actual_p99": 9.9,
      "delta_pct": 167.6
    },
    {
      "workload": "W3",
      "backend": "C",
      "baseline_p99": 2.8,
      "actual_p99": 9.7,
      "delta_pct": 246.4
    },
    {
      "workload": "W3",
      "backend": "D",
      "baseline_p99": 1.1,
      "actual_p99": 5.4,
      "delta_pct": 390.9
    },
    {
      "workload": "W4",
      "backend": "A",
      "baseline_p99": 659.0,
      "actual_p99": 2210.2,
      "delta_pct": 235.4
    },
    {
      "workload": "W4",
      "backend": "B",
      "baseline_p99": 681.4,
      "actual_p99": 2253.9,
      "delta_pct": 230.8
    },
    {
      "workload": "W4",
      "backend": "C",
      "baseline_p99": 578.3,
      "actual_p99": 2193.6,
      "delta_pct": 279.3
    },
    {
      "workload": "W4",
      "backend": "D",
      "baseline_p99": 409.0,
      "actual_p99": 2158.3,
      "delta_pct": 427.7
    },
    {
      "workload": "W5",
      "backend": "A",
      "baseline_p99": 5.4,
      "actual_p99": 13.8,
      "delta_pct": 155.6
    },
    {
      "workload": "W5",
      "backend": "B",
      "baseline_p99": 7.7,
      "actual_p99": 20.5,
      "delta_pct": 166.2
    },
    {
      "workload": "W5",
      "backend": "C",
      "baseline_p99": 7.7,
      "actual_p99": 18.9,
      "delta_pct": 145.5
    },
    {
      "workload": "W5",
      "backend": "D",
      "baseline_p99": 3.2,
      "actual_p99": 10.0,
      "delta_pct": 212.5
    }
  ]
}

-> publish/claim P50+P99 latency vs ci/baselines/publish-claim-p99-baseline.json
  PASS claim_p50: {'actual': 42, 'baseline': 40, 'ok': True}
  PASS claim_p99: {'actual': 9292, 'limit': 20000, 'noise_cap': 20000, 'ok': True}
  FAIL publish_p50: {'actual': 62, 'baseline': 48, 'ok': False}
  PASS publish_p99: {'actual': 287, 'limit': 20000, 'noise_cap': 20000, 'ok': True}

=== Perf-regression status: FAILED ===
❌ Performance regression detected — see ci/final-report/perf-regression.md
