==================================================
SHARD: heterogeneous
DESCRIPTION: RFC-0016 Series 10: DMA-BUF rings, GPU external-memory wraps (fd-road zero-copy), AF_XDP state machine + uring delegation, WTS1 tensor bridge, camera seams, hetero capstone (lavapipe ICD)
STATUS: FAILED ❌
COMMIT: c32dc5e20543078bc37e4f7c3fd32d87558c66ff
RUN: 173
==================================================


=== environment ===
host: Linux 6.17.0-1022-azure (x86_64)
compiler: gcc (Ubuntu 13.3.0-6ubuntu2~24.04.1) 13.3.0

=== build (-O2 + ASAN) ===
$ make -C core/c dmabuf-test dmabuf-test-asan
  ok
$ make -C core/c gpu-extmem-test gpu-extmem-test-asan
  ok
$ make -C core/c xdp-test xdp-test-asan
  ok
$ make -C core/c tensor-test tensor-test-asan
  ok
$ make -C core/c camera-test camera-test-asan
  ok
$ make -C core/c hetero-probe
  ok
$ make -C core/c xdp-live-gate
  ok

=== no-ICD leg (every vulkan leg refuses/declares honestly) ===
$ env -u VK_ICD_FILENAMES VK_LOADER_DRIVER_SELECT= core/c/dmabuf-test
  ok
$ env -u VK_ICD_FILENAMES core/c/gpu-extmem-test
  ok
$ env -u VK_ICD_FILENAMES core/c/xdp-test
  ok
$ env -u VK_ICD_FILENAMES core/c/tensor-test
  FAILED (rc=127)
$ env -u VK_ICD_FILENAMES core/c/camera-test
  ok
$ env -u VK_ICD_FILENAMES core/c/hetero-probe
  ok
no-ICD leg failed
runcation]
  180 |             strncat(g_probe.heap_list, e->d_name, sizeof(g_probe.heap_list) - strlen(g_probe.heap_list) - 1);
      |             ^
weft_dmabuf.c:195:69: warning: ‘%s’ directive output may be truncated writing up to 95 bytes into a region of size 64 [-Wformat-truncation=]
  195 |             snprintf(g_probe.heap_path, sizeof(g_probe.heap_path), "%s", path);
      |                                                                     ^~   ~~~~
In file included from /usr/include/stdio.h:980,
                 from weft_dmabuf.c:19:
In function ‘snprintf’,
    inlined from ‘probe_run’ at weft_dmabuf.c:195:13:
/usr/include/x86_64-linux-gnu/bits/stdio2.h:54:10: note: ‘__builtin_snprintf’ output between 1 and 96 bytes into a destination of size 64
   54 |   return __builtin___snprintf_chk (__s, __n, __USE_FORTIFY_LEVEL - 1,
      |          ^~~~~~~~~~~~~~~~~~~~~~~~~~~~~~~~~~~~~~~~~~~~~~~~~~~~~~~~~~~~
   55 |                                    __glibc_objsize (__s), __fmt,
      |                                    ~~~~~~~~~~~~~~~~~~~~~~~~~~~~~
   56 |                                    __va_arg_pack ());
      |                                    ~~~~~~~~~~~~~~~~~
weft.c:15: warning: "_GNU_SOURCE" redefined
   15 | #define _GNU_SOURCE  // for posix_memalign
      | 
<command-line>: note: this is the location of the previous definition
weft_dmabuf_test.c: In function ‘main’:
weft_dmabuf_test.c:257:9: warning: ignoring return value of ‘ftruncate’ declared with attribute ‘warn_unused_result’ [-Wunused-result]
  257 |         ftruncate(fd, (off_t)weft_dmabuf_span_bytes(pb, sc));
      |         ^~~~~~~~~~~~~~~~~~~~~~~~~~~~~~~~~~~~~~~~~~~~~~~~~~~~
weft_dmabuf_test.c:274:9: warning: ignoring return value of ‘ftruncate’ declared with attribute ‘warn_unused_result’ [-Wunused-result]
  274 |         ftruncate(rfd, 65536);
      |         ^~~~~~~~~~~~~~~~~~~~~
weft_dmabuf_test.c:300:9: warning: ignoring return value of ‘ftruncate’ declared with attribute ‘warn_unused_result’ [-Wunused-result]
  300 |         ftruncate(fd, 4096);
      |         ^~~~~~~~~~~~~~~~~~~
weft_dmabuf_test.c:313:9: warning: ignoring return value of ‘ftruncate’ declared with attribute ‘warn_unused_result’ [-Wunused-result]
  313 |         ftruncate(fd, (off_t)span);
      |         ^~~~~~~~~~~~~~~~~~~~~~~~~~
weft_dmabuf_test.c:366:9: warning: ignoring return value of ‘ftruncate’ declared with attribute ‘warn_unused_result’ [-Wunused-result]
  366 |         ftruncate(fd, (off_t)weft_dmabuf_span_bytes(128, 4));
      |         ^~~~~~~~~~~~~~~~~~~~~~~~~~~~~~~~~~~~~~~~~~~~~~~~~~~~
gcc -O1 -g -fsanitize=address -std=c11 -Wall -Wextra -pthread -D_GNU_SOURCE -o dmabuf-test-asan weft_dmabuf.c shm_ring.c fanout.c frame_cursor.c weft.c fanout_simd.c weft_dmabuf_test.c -lrt
weft_dmabuf.c: In function ‘probe_run’:
weft_dmabuf.c:195:69: warning: ‘%s’ directive output may be truncated writing up to 95 bytes into a region of size 64 [-Wformat-truncation=]
  195 |             snprintf(g_probe.heap_path, sizeof(g_probe.heap_path), "%s", path);
      |                                                                     ^~   ~~~~
In file included from /usr/include/stdio.h:980,
                 from weft_dmabuf.c:19:
In function ‘snprintf’,
    inlined from ‘probe_run’ at weft_dmabuf.c:195:13:
/usr/include/x86_64-linux-gnu/bits/stdio2.h:54:10: note: ‘__builtin_snprintf’ output between 1 and 96 bytes into a destination of size 64
   54 |   return __builtin___snprintf_chk (__s, __n, __USE_FORTIFY_LEVEL - 1,
      |          ^~~~~~~~~~~~~~~~~~~~~~~~~~~~~~~~~~~~~~~~~~~~~~~~~~~~~~~~~~~~
   55 |                                    __glibc_objsize (__s), __fmt,
      |                                    ~~~~~~~~~~~~~~~~~~~~~~~~~~~~~
   56 |                                    __va_arg_pack ());
      |                                    ~~~~~~~~~~~~~~~~~
weft.c:15: warning: "_GNU_SOURCE" redefined
   15 | #define _GNU_SOURCE  // for posix_memalign
      | 
<command-line>: note: this is the location of the previous definition
weft_dmabuf_test.c: In function ‘main’:
weft_dmabuf_test.c:257:9: warning: ignoring return value of ‘ftruncate’ declared with attribute ‘warn_unused_result’ [-Wunused-result]
  257 |         ftruncate(fd, (off_t)weft_dmabuf_span_bytes(pb, sc));
      |         ^~~~~~~~~~~~~~~~~~~~~~~~~~~~~~~~~~~~~~~~~~~~~~~~~~~~
weft_dmabuf_test.c:274:9: warning: ignoring return value of ‘ftruncate’ declared with attribute ‘warn_unused_result’ [-Wunused-result]
  274 |         ftruncate(rfd, 65536);
      |         ^~~~~~~~~~~~~~~~~~~~~
weft_dmabuf_test.c:300:9: warning: ignoring return value of ‘ftruncate’ declared with attribute ‘warn_unused_result’ [-Wunused-result]
  300 |         ftruncate(fd, 4096);
      |         ^~~~~~~~~~~~~~~~~~~
weft_dmabuf_test.c:313:9: warning: ignoring return value of ‘ftruncate’ declared with attribute ‘warn_unused_result’ [-Wunused-result]
  313 |         ftruncate(fd, (off_t)span);
      |         ^~~~~~~~~~~~~~~~~~~~~~~~~~
weft_dmabuf_test.c:366:9: warning: ignoring return value of ‘ftruncate’ declared with attribute ‘warn_unused_result’ [-Wunused-result]
  366 |         ftruncate(fd, (off_t)weft_dmabuf_span_bytes(128, 4));
      |         ^~~~~~~~~~~~~~~~~~~~~~~~~~~~~~~~~~~~~~~~~~~~~~~~~~~~
make: Leaving directory '/home/runner/work/Weft/Weft/core/c'
  ok
$ make -C core/c gpu-extmem-test gpu-extmem-test-asan
make: Entering directory '/home/runner/work/Weft/Weft/core/c'
Makefile:519: warning: overriding recipe for target 'tensor-test'
Makefile:335: warning: ignoring old recipe for target 'tensor-test'
Makefile:522: warning: overriding recipe for target 'tensor-test-asan'
Makefile:338: warning: ignoring old recipe for target 'tensor-test-asan'
gcc -O2 -std=c11 -Wall -Wextra -pthread -D_GNU_SOURCE -o gpu-extmem-test gpu_ring.c gpu_stream.c weft_dmabuf.c shm_ring.c fanout.c frame_cursor.c weft.c fanout_simd.c gpu_extmem_test.c -lrt -ldl
weft_dmabuf.c: In function ‘probe_run’:
weft_dmabuf.c:180:13: warning: ‘__builtin___strncat_chk’ output may be truncated copying between 0 and 127 bytes from a string of length 255 [-Wstringop-truncation]
  180 |             strncat(g_probe.heap_list, e->d_name, sizeof(g_probe.heap_list) - strlen(g_probe.heap_list) - 1);
      |             ^
weft_dmabuf.c:195:69: warning: ‘%s’ directive output may be truncated writing up to 95 bytes into a region of size 64 [-Wformat-truncation=]
  195 |             snprintf(g_probe.heap_path, sizeof(g_probe.heap_path), "%s", path);
      |                                                                     ^~   ~~~~
In file included from /usr/include/stdio.h:980,
                 from weft_dmabuf.c:19:
In function ‘snprintf’,
    inlined from ‘probe_run’ at weft_dmabuf.c:195:13:
/usr/include/x86_64-linux-gnu/bits/stdio2.h:54:10: note: ‘__builtin_snprintf’ output between 1 and 96 bytes into a destination of size 64
   54 |   return __builtin___snprintf_chk (__s, __n, __USE_FORTIFY_LEVEL - 1,
      |          ^~~~~~~~~~~~~~~~~~~~~~~~~~~~~~~~~~~~~~~~~~~~~~~~~~~~~~~~~~~~
   55 |                                    __glibc_objsize (__s), __fmt,
      |                                    ~~~~~~~~~~~~~~~~~~~~~~~~~~~~~
   56 |                                    __va_arg_pack ());
      |                                    ~~~~~~~~~~~~~~~~~
weft.c:15: warning: "_GNU_SOURCE" redefined
   15 | #define _GNU_SOURCE  // for posix_memalign
      | 
<command-line>: note: this is the location of the previous definition
gpu_extmem_test.c: In function ‘main’:
gpu_extmem_test.c:271:13: warning: ignoring return value of ‘ftruncate’ declared with attribute ‘warn_unused_result’ [-Wunused-result]
  271 |             ftruncate(fd, (off_t)span);
      |             ^~~~~~~~~~~~~~~~~~~~~~~~~~
gpu_extmem_test.c:360:9: warning: ignoring return value of ‘ftruncate’ declared with attribute ‘warn_unused_result’ [-Wunused-result]
  360 |         ftruncate(fd, (off_t)weft_dmabuf_span_bytes(payload, slots));
      |         ^~~~~~~~~~~~~~~~~~~~~~~~~~~~~~~~~~~~~~~~~~~~~~~~~~~~~~~~~~~~
gcc -O1 -g -fsanitize=address -std=c11 -Wall -Wextra -pthread -D_GNU_SOURCE -o gpu-extmem-test-asan gpu_ring.c gpu_stream.c weft_dmabuf.c shm_ring.c fanout.c frame_cursor.c weft.c fanout_simd.c gpu_extmem_test.c -lrt -ldl
weft_dmabuf.c: In function ‘probe_run’:
weft_dmabuf.c:195:69: warning: ‘%s’ directive output may be truncated writing up to 95 bytes into a region of size 64 [-Wformat-truncation=]
  195 |             snprintf(g_probe.heap_path, sizeof(g_probe.heap_path), "%s", path);
      |                                                                     ^~   ~~~~
In file included from /usr/include/stdio.h:980,
                 from weft_dmabuf.c:19:
In function ‘snprintf’,
    inlined from ‘probe_run’ at weft_dmabuf.c:195:13:
/usr/include/x86_64-linux-gnu/bits/stdio2.h:54:10: note: ‘__builtin_snprintf’ output between 1 and 96 bytes into a destination of size 64
   54 |   return __builtin___snprintf_chk (__s, __n, __USE_FORTIFY_LEVEL - 1,
      |          ^~~~~~~~~~~~~~~~~~~~~~~~~~~~~~~~~~~~~~~~~~~~~~~~~~~~~~~~~~~~
   55 |                                    __glibc_objsize (__s), __fmt,
      |                                    ~~~~~~~~~~~~~~~~~~~~~~~~~~~~~
   56 |                                    __va_arg_pack ());
      |                                    ~~~~~~~~~~~~~~~~~
weft.c:15: warning: "_GNU_SOURCE" redefined
   15 | #define _GNU_SOURCE  // for posix_memalign
      | 
<command-line>: note: this is the location of the previous definition
gpu_extmem_test.c: In function ‘main’:
gpu_extmem_test.c:271:13: warning: ignoring return value of ‘ftruncate’ declared with attribute ‘warn_unused_result’ [-Wunused-result]
  271 |             ftruncate(fd, (off_t)span);
      |             ^~~~~~~~~~~~~~~~~~~~~~~~~~
gpu_extmem_test.c:360:9: warning: ignoring return value of ‘ftruncate’ declared with attribute ‘warn_unused_result’ [-Wunused-result]
  360 |         ftruncate(fd, (off_t)weft_dmabuf_span_bytes(payload, slots));
      |         ^~~~~~~~~~~~~~~~~~~~~~~~~~~~~~~~~~~~~~~~~~~~~~~~~~~~~~~~~~~~
make: Leaving directory '/home/runner/work/Weft/Weft/core/c'
  ok
$ make -C core/c xdp-test xdp-test-asan
make: Entering directory '/home/runner/work/Weft/Weft/core/c'
Makefile:519: warning: overriding recipe for target 'tensor-test'
Makefile:335: warning: ignoring old recipe for target 'tensor-test'
Makefile:522: warning: overriding recipe for target 'tensor-test-asan'
Makefile:338: warning: ignoring old recipe for target 'tensor-test-asan'
gcc -O2 -std=c11 -Wall -Wextra -pthread -D_GNU_SOURCE -o xdp-test xdp_rx.c uring_rx.c weft_dmabuf.c fanout.c frame_cursor.c weft.c fanout_simd.c xdp_test.c
xdp_rx.c:81:17: warning: ‘xget_u64le’ defined but not used [-Wunused-function]
   81 | static uint64_t xget_u64le(const uint8_t* p) {
      |                 ^~~~~~~~~~
uring_rx.c:10: warning: "_GNU_SOURCE" redefined
   10 | #define _GNU_SOURCE
      | 
<command-line>: note: this is the location of the previous definition
weft_dmabuf.c: In function ‘probe_run’:
weft_dmabuf.c:180:13: warning: ‘__builtin___strncat_chk’ output may be truncated copying between 0 and 127 bytes from a string of length 255 [-Wstringop-truncation]
  180 |             strncat(g_probe.heap_list, e->d_name, sizeof(g_probe.heap_list) - strlen(g_probe.heap_list) - 1);
      |             ^
weft_dmabuf.c:195:69: warning: ‘%s’ directive output may be truncated writing up to 95 bytes into a region of size 64 [-Wformat-truncation=]
  195 |             snprintf(g_probe.heap_path, sizeof(g_probe.heap_path), "%s", path);
      |                                                                     ^~   ~~~~
In file included from /usr/include/stdio.h:980,
                 from weft_dmabuf.c:19:
In function ‘snprintf’,
    inlined from ‘probe_run’ at weft_dmabuf.c:195:13:
/usr/include/x86_64-linux-gnu/bits/stdio2.h:54:10: note: ‘__builtin_snprintf’ output between 1 and 96 bytes into a destination of size 64
   54 |   return __builtin___snprintf_chk (__s, __n, __USE_FORTIFY_LEVEL - 1,
      |          ^~~~~~~~~~~~~~~~~~~~~~~~~~~~~~~~~~~~~~~~~~~~~~~~~~~~~~~~~~~~
   55 |                                    __glibc_objsize (__s), __fmt,
      |                                    ~~~~~~~~~~~~~~~~~~~~~~~~~~~~~
   56 |                                    __va_arg_pack ());
      |                                    ~~~~~~~~~~~~~~~~~
weft.c:15: warning: "_GNU_SOURCE" redefined
   15 | #define _GNU_SOURCE  // for posix_memalign
      | 
<command-line>: note: this is the location of the previous definition
xdp_test.c: In function ‘main’:
xdp_test.c:77:9: warning: ignoring return value of ‘ftruncate’ declared with attribute ‘warn_unused_result’ [-Wunused-result]
   77 |         ftruncate(fd, (off_t)weft_dmabuf_span_bytes(pb, slots));
      |         ^~~~~~~~~~~~~~~~~~~~~~~~~~~~~~~~~~~~~~~~~~~~~~~~~~~~~~~
xdp_test.c:215:9: warning: ignoring return value of ‘ftruncate’ declared with attribute ‘warn_unused_result’ [-Wunused-result]
  215 |         ftruncate(fd, (off_t)weft_dmabuf_span_bytes(pb, slots));
      |         ^~~~~~~~~~~~~~~~~~~~~~~~~~~~~~~~~~~~~~~~~~~~~~~~~~~~~~~
gcc -O1 -g -fsanitize=address -std=c11 -Wall -Wextra -pthread -D_GNU_SOURCE -o xdp-test-asan xdp_rx.c uring_rx.c weft_dmabuf.c fanout.c frame_cursor.c weft.c fanout_simd.c xdp_test.c
xdp_rx.c:81:17: warning: ‘xget_u64le’ defined but not used [-Wunused-function]
   81 | static uint64_t xget_u64le(const uint8_t* p) {
      |                 ^~~~~~~~~~
uring_rx.c:10: warning: "_GNU_SOURCE" redefined
   10 | #define _GNU_SOURCE
      | 
<command-line>: note: this is the location of the previous definition
weft_dmabuf.c: In function ‘probe_run’:
weft_dmabuf.c:195:69: warning: ‘%s’ directive output may be truncated writing up to 95 bytes into a region of size 64 [-Wformat-truncation=]
  195 |             snprintf(g_probe.heap_path, sizeof(g_probe.heap_path), "%s", path);
      |                                                                     ^~   ~~~~
In file included from /usr/include/stdio.h:980,
                 from weft_dmabuf.c:19:
In function ‘snprintf’,
    inlined from ‘probe_run’ at weft_dmabuf.c:195:13:
/usr/include/x86_64-linux-gnu/bits/stdio2.h:54:10: note: ‘__builtin_snprintf’ output between 1 and 96 bytes into a destination of size 64
   54 |   return __builtin___snprintf_chk (__s, __n, __USE_FORTIFY_LEVEL - 1,
      |          ^~~~~~~~~~~~~~~~~~~~~~~~~~~~~~~~~~~~~~~~~~~~~~~~~~~~~~~~~~~~
   55 |                                    __glibc_objsize (__s), __fmt,
      |                                    ~~~~~~~~~~~~~~~~~~~~~~~~~~~~~
   56 |                                    __va_arg_pack ());
      |                                    ~~~~~~~~~~~~~~~~~
weft.c:15: warning: "_GNU_SOURCE" redefined
   15 | #define _GNU_SOURCE  // for posix_memalign
      | 
<command-line>: note: this is the location of the previous definition
xdp_test.c: In function ‘main’:
xdp_test.c:77:9: warning: ignoring return value of ‘ftruncate’ declared with attribute ‘warn_unused_result’ [-Wunused-result]
   77 |         ftruncate(fd, (off_t)weft_dmabuf_span_bytes(pb, slots));
      |         ^~~~~~~~~~~~~~~~~~~~~~~~~~~~~~~~~~~~~~~~~~~~~~~~~~~~~~~
xdp_test.c:215:9: warning: ignoring return value of ‘ftruncate’ declared with attribute ‘warn_unused_result’ [-Wunused-result]
  215 |         ftruncate(fd, (off_t)weft_dmabuf_span_bytes(pb, slots));
      |         ^~~~~~~~~~~~~~~~~~~~~~~~~~~~~~~~~~~~~~~~~~~~~~~~~~~~~~~
make: Leaving directory '/home/runner/work/Weft/Weft/core/c'
  ok
$ make -C core/c tensor-test tensor-test-asan
make: Entering directory '/home/runner/work/Weft/Weft/core/c'
Makefile:519: warning: overriding recipe for target 'tensor-test'
Makefile:335: warning: ignoring old recipe for target 'tensor-test'
Makefile:522: warning: overriding recipe for target 'tensor-test-asan'
Makefile:338: warning: ignoring old recipe for target 'tensor-test-asan'
make -C tensor test
make[1]: Entering directory '/home/runner/work/Weft/Weft/core/c/tensor'
gcc -O2 -std=c11 -Wall -Wextra -pthread -D_GNU_SOURCE -I. -o tensor-view-test weft_tensor_view.c weft_tensor_arena.c weft_tensor_ring.c tests/test_tensor_view.c
gcc -O2 -std=c11 -Wall -Wextra -pthread -D_GNU_SOURCE -I. -o tensor-arena-test weft_tensor_view.c weft_tensor_arena.c weft_tensor_ring.c tests/test_tensor_arena.c
gcc -O2 -std=c11 -Wall -Wextra -pthread -D_GNU_SOURCE -I. -o tensor-ring-test weft_tensor_view.c weft_tensor_arena.c weft_tensor_ring.c tests/test_tensor_ring.c
./tensor-view-test
WT4 fixture: 23 golden offsets reproduced bit-exact
tensor-view: 329 checks, 0 failures
./tensor-arena-test
WT18 placement report: mlock=1 hugepage_hint=1 (refusals are honest, not fatal)
{"test":"WT23","variant":"100k","allocs":100000,"ns_per_alloc":3.2,"bytes":25600000}
tensor-arena: 91 checks, 0 failures
./tensor-ring-test
WT25 placement report: mlock=1 hugepage_hint=1
WT36 measured: full-ring claim ETIMEOUT after 60.0 ms budget
WT32 MPSC stress: 50000 messages, 25600000 word checks, 0 tears, 0 FIFO violations
WT33 SPMC stress: 50000 messages, 4 racing consumers, 0 tears, exactly-once proven
WT39 MPMC stress: 20000 messages, 2x2 sides, 0 tears
WT34 fork torture: 10000 cross-process tensors, 0 tears
{"test":"WT40","variant":"smoke-4k","producers":4,"slots":64,"payload":4096,"msgs":10000,"secs":0.0138,"msgs_s":723349,"gb_s":2.96,"verified_words":5120000}
tensor-ring: 512 checks, 0 failures
make[1]: Leaving directory '/home/runner/work/Weft/Weft/core/c/tensor'
make -C tensor test-asan
make[1]: Entering directory '/home/runner/work/Weft/Weft/core/c/tensor'
gcc -O1 -g -fsanitize=address -std=c11 -Wall -Wextra -pthread -D_GNU_SOURCE -I. -o tensor-view-test-asan weft_tensor_view.c weft_tensor_arena.c weft_tensor_ring.c tests/test_tensor_view.c
gcc -O1 -g -fsanitize=address -std=c11 -Wall -Wextra -pthread -D_GNU_SOURCE -I. -o tensor-arena-test-asan weft_tensor_view.c weft_tensor_arena.c weft_tensor_ring.c tests/test_tensor_arena.c
gcc -O1 -g -fsanitize=address -std=c11 -Wall -Wextra -pthread -D_GNU_SOURCE -I. -o tensor-ring-test-asan weft_tensor_view.c weft_tensor_arena.c weft_tensor_ring.c tests/test_tensor_ring.c
./tensor-view-test-asan
WT4 fixture: 23 golden offsets reproduced bit-exact
tensor-view: 329 checks, 0 failures
./tensor-arena-test-asan
WT18 placement report: mlock=1 hugepage_hint=1 (refusals are honest, not fatal)
{"test":"WT23","variant":"100k","allocs":100000,"ns_per_alloc":8.7,"bytes":25600000}
tensor-arena: 91 checks, 0 failures
./tensor-ring-test-asan
WT25 placement report: mlock=1 hugepage_hint=1
WT36 measured: full-ring claim ETIMEOUT after 60.0 ms budget
WT32 MPSC stress: 50000 messages, 25600000 word checks, 0 tears, 0 FIFO violations
WT33 SPMC stress: 50000 messages, 4 racing consumers, 0 tears, exactly-once proven
WT39 MPMC stress: 20000 messages, 2x2 sides, 0 tears
WT34 fork torture: 10000 cross-process tensors, 0 tears
{"test":"WT40","variant":"smoke-4k","producers":4,"slots":64,"payload":4096,"msgs":10000,"secs":0.0219,"msgs_s":455595,"gb_s":1.87,"verified_words":5120000}
tensor-ring: 512 checks, 0 failures
make[1]: Leaving directory '/home/runner/work/Weft/Weft/core/c/tensor'
make: Leaving directory '/home/runner/work/Weft/Weft/core/c'
  ok
$ make -C core/c camera-test camera-test-asan
make: Entering directory '/home/runner/work/Weft/Weft/core/c'
Makefile:519: warning: overriding recipe for target 'tensor-test'
Makefile:335: warning: ignoring old recipe for target 'tensor-test'
Makefile:522: warning: overriding recipe for target 'tensor-test-asan'
Makefile:338: warning: ignoring old recipe for target 'tensor-test-asan'
gcc -O2 -std=c11 -Wall -Wextra -pthread -D_GNU_SOURCE -o camera-test weft_hw_v4l2.c weft_hw_ahb.c weft_dmabuf.c fanout.c frame_cursor.c weft.c fanout_simd.c weft_hw_camera_test.c
weft_dmabuf.c: In function ‘probe_run’:
weft_dmabuf.c:180:13: warning: ‘__builtin___strncat_chk’ output may be truncated copying between 0 and 127 bytes from a string of length 255 [-Wstringop-truncation]
  180 |             strncat(g_probe.heap_list, e->d_name, sizeof(g_probe.heap_list) - strlen(g_probe.heap_list) - 1);
      |             ^
weft_dmabuf.c:195:69: warning: ‘%s’ directive output may be truncated writing up to 95 bytes into a region of size 64 [-Wformat-truncation=]
  195 |             snprintf(g_probe.heap_path, sizeof(g_probe.heap_path), "%s", path);
      |                                                                     ^~   ~~~~
In file included from /usr/include/stdio.h:980,
                 from weft_dmabuf.c:19:
In function ‘snprintf’,
    inlined from ‘probe_run’ at weft_dmabuf.c:195:13:
/usr/include/x86_64-linux-gnu/bits/stdio2.h:54:10: note: ‘__builtin_snprintf’ output between 1 and 96 bytes into a destination of size 64
   54 |   return __builtin___snprintf_chk (__s, __n, __USE_FORTIFY_LEVEL - 1,
      |          ^~~~~~~~~~~~~~~~~~~~~~~~~~~~~~~~~~~~~~~~~~~~~~~~~~~~~~~~~~~~
   55 |                                    __glibc_objsize (__s), __fmt,
      |                                    ~~~~~~~~~~~~~~~~~~~~~~~~~~~~~
   56 |                                    __va_arg_pack ());
      |                                    ~~~~~~~~~~~~~~~~~
weft.c:15: warning: "_GNU_SOURCE" redefined
   15 | #define _GNU_SOURCE  // for posix_memalign
      | 
<command-line>: note: this is the location of the previous definition
gcc -O1 -g -fsanitize=address -std=c11 -Wall -Wextra -pthread -D_GNU_SOURCE -o camera-test-asan weft_hw_v4l2.c weft_hw_ahb.c weft_dmabuf.c fanout.c frame_cursor.c weft.c fanout_simd.c weft_hw_camera_test.c
weft_dmabuf.c: In function ‘probe_run’:
weft_dmabuf.c:195:69: warning: ‘%s’ directive output may be truncated writing up to 95 bytes into a region of size 64 [-Wformat-truncation=]
  195 |             snprintf(g_probe.heap_path, sizeof(g_probe.heap_path), "%s", path);
      |                                                                     ^~   ~~~~
In file included from /usr/include/stdio.h:980,
                 from weft_dmabuf.c:19:
In function ‘snprintf’,
    inlined from ‘probe_run’ at weft_dmabuf.c:195:13:
/usr/include/x86_64-linux-gnu/bits/stdio2.h:54:10: note: ‘__builtin_snprintf’ output between 1 and 96 bytes into a destination of size 64
   54 |   return __builtin___snprintf_chk (__s, __n, __USE_FORTIFY_LEVEL - 1,
      |          ^~~~~~~~~~~~~~~~~~~~~~~~~~~~~~~~~~~~~~~~~~~~~~~~~~~~~~~~~~~~
   55 |                                    __glibc_objsize (__s), __fmt,
      |                                    ~~~~~~~~~~~~~~~~~~~~~~~~~~~~~
   56 |                                    __va_arg_pack ());
      |                                    ~~~~~~~~~~~~~~~~~
weft.c:15: warning: "_GNU_SOURCE" redefined
   15 | #define _GNU_SOURCE  // for posix_memalign
      | 
<command-line>: note: this is the location of the previous definition
make: Leaving directory '/home/runner/work/Weft/Weft/core/c'
  ok
$ make -C core/c hetero-probe
make: Entering directory '/home/runner/work/Weft/Weft/core/c'
Makefile:519: warning: overriding recipe for target 'tensor-test'
Makefile:335: warning: ignoring old recipe for target 'tensor-test'
Makefile:522: warning: overriding recipe for target 'tensor-test-asan'
Makefile:338: warning: ignoring old recipe for target 'tensor-test-asan'
gcc -O2 -std=c11 -Wall -Wextra -pthread -D_GNU_SOURCE -o hetero-probe gpu_ring.c gpu_stream.c weft_dmabuf.c weft_tensor.c weft_f16_codec.c shm_ring.c fanout.c frame_cursor.c weft.c fanout_simd.c hetero_probe.c -lrt -ldl -lm
weft_dmabuf.c: In function ‘probe_run’:
weft_dmabuf.c:180:13: warning: ‘__builtin___strncat_chk’ output may be truncated copying between 0 and 127 bytes from a string of length 255 [-Wstringop-truncation]
  180 |             strncat(g_probe.heap_list, e->d_name, sizeof(g_probe.heap_list) - strlen(g_probe.heap_list) - 1);
      |             ^
weft_dmabuf.c:195:69: warning: ‘%s’ directive output may be truncated writing up to 95 bytes into a region of size 64 [-Wformat-truncation=]
  195 |             snprintf(g_probe.heap_path, sizeof(g_probe.heap_path), "%s", path);
      |                                                                     ^~   ~~~~
In file included from /usr/include/stdio.h:980,
                 from weft_dmabuf.c:19:
In function ‘snprintf’,
    inlined from ‘probe_run’ at weft_dmabuf.c:195:13:
/usr/include/x86_64-linux-gnu/bits/stdio2.h:54:10: note: ‘__builtin_snprintf’ output between 1 and 96 bytes into a destination of size 64
   54 |   return __builtin___snprintf_chk (__s, __n, __USE_FORTIFY_LEVEL - 1,
      |          ^~~~~~~~~~~~~~~~~~~~~~~~~~~~~~~~~~~~~~~~~~~~~~~~~~~~~~~~~~~~
   55 |                                    __glibc_objsize (__s), __fmt,
      |                                    ~~~~~~~~~~~~~~~~~~~~~~~~~~~~~
   56 |                                    __va_arg_pack ());
      |                                    ~~~~~~~~~~~~~~~~~
weft.c:15: warning: "_GNU_SOURCE" redefined
   15 | #define _GNU_SOURCE  // for posix_memalign
      | 
<command-line>: note: this is the location of the previous definition
hetero_probe.c: In function ‘main’:
hetero_probe.c:230:25: warning: unused variable ‘got_max’ [-Wunused-variable]
  230 |             const float got_max = uint_as_f32(res[3]);
      |                         ^~~~~~~
hetero_probe.c:172:5: warning: ignoring return value of ‘ftruncate’ declared with attribute ‘warn_unused_result’ [-Wunused-result]
  172 |     ftruncate(fd, (off_t)weft_dmabuf_span_bytes(pb, slots));
      |     ^~~~~~~~~~~~~~~~~~~~~~~~~~~~~~~~~~~~~~~~~~~~~~~~~~~~~~~
make: Leaving directory '/home/runner/work/Weft/Weft/core/c'
  ok
$ make -C core/c xdp-live-gate
make: Entering directory '/home/runner/work/Weft/Weft/core/c'
Makefile:519: warning: overriding recipe for target 'tensor-test'
Makefile:335: warning: ignoring old recipe for target 'tensor-test'
Makefile:522: warning: overriding recipe for target 'tensor-test-asan'
Makefile:338: warning: ignoring old recipe for target 'tensor-test-asan'
gcc -O2 -std=c11 -Wall -Wextra -pthread -D_GNU_SOURCE -o xdp-live-gate xdp_rx.c uring_rx.c weft_dmabuf.c fanout.c frame_cursor.c weft.c fanout_simd.c xdp_live_gate.c
xdp_rx.c:81:17: warning: ‘xget_u64le’ defined but not used [-Wunused-function]
   81 | static uint64_t xget_u64le(const uint8_t* p) {
      |                 ^~~~~~~~~~
uring_rx.c:10: warning: "_GNU_SOURCE" redefined
   10 | #define _GNU_SOURCE
      | 
<command-line>: note: this is the location of the previous definition
weft_dmabuf.c: In function ‘probe_run’:
weft_dmabuf.c:180:13: warning: ‘__builtin___strncat_chk’ output may be truncated copying between 0 and 127 bytes from a string of length 255 [-Wstringop-truncation]
  180 |             strncat(g_probe.heap_list, e->d_name, sizeof(g_probe.heap_list) - strlen(g_probe.heap_list) - 1);
      |             ^
weft_dmabuf.c:195:69: warning: ‘%s’ directive output may be truncated writing up to 95 bytes into a region of size 64 [-Wformat-truncation=]
  195 |             snprintf(g_probe.heap_path, sizeof(g_probe.heap_path), "%s", path);
      |                                                                     ^~   ~~~~
In file included from /usr/include/stdio.h:980,
                 from weft_dmabuf.c:19:
In function ‘snprintf’,
    inlined from ‘probe_run’ at weft_dmabuf.c:195:13:
/usr/include/x86_64-linux-gnu/bits/stdio2.h:54:10: note: ‘__builtin_snprintf’ output between 1 and 96 bytes into a destination of size 64
   54 |   return __builtin___snprintf_chk (__s, __n, __USE_FORTIFY_LEVEL - 1,
      |          ^~~~~~~~~~~~~~~~~~~~~~~~~~~~~~~~~~~~~~~~~~~~~~~~~~~~~~~~~~~~
   55 |                                    __glibc_objsize (__s), __fmt,
      |                                    ~~~~~~~~~~~~~~~~~~~~~~~~~~~~~
   56 |                                    __va_arg_pack ());
      |                                    ~~~~~~~~~~~~~~~~~
weft.c:15: warning: "_GNU_SOURCE" redefined
   15 | #define _GNU_SOURCE  // for posix_memalign
      | 
<command-line>: note: this is the location of the previous definition
xdp_live_gate.c: In function ‘main’:
xdp_live_gate.c:64:5: warning: ignoring return value of ‘ftruncate’ declared with attribute ‘warn_unused_result’ [-Wunused-result]
   64 |     ftruncate(fd, (off_t)weft_dmabuf_span_bytes(pb, slots));
      |     ^~~~~~~~~~~~~~~~~~~~~~~~~~~~~~~~~~~~~~~~~~~~~~~~~~~~~~~
make: Leaving directory '/home/runner/work/Weft/Weft/core/c'
  ok

=== no-ICD leg (every vulkan leg refuses/declares honestly) ===
$ env -u VK_ICD_FILENAMES VK_LOADER_DRIVER_SELECT= core/c/dmabuf-test
# DB-series: weft_dmabuf conformance (RFC-0016 s3)
## DB1 capability probe
  dmabuf: unsupported heap='' heaps=[system] page=4096
  PASS probe ran once
  PASS page size reported
  PASS refusal is UNSUPPORTED
  PASS no phantom heap path
## DB2 geometry
  PASS span = 64 + ring_bytes across geometries
  PASS bad geometries refused (span 0)
## DB3 heap allocation / honest refusal
  PASS alloc refused without heap
  PASS refusal errno ENOTSUP
## DB4 WFSH dialect byte-identity
  PASS memfd substrate created
  PASS substrate sized to span
  PASS bind_fd initializes session
  PASS shm reference session created
  PASS deterministic header bytes identical (0..27]
  PASS reserved [40,64) zero in both dialects
  PASS ring_bytes field matches geometry
  PASS shm attach_fd accepts the substrate session
  PASS cross-module geometry agrees
## DB5 aliasing substrate (one allocation, two mappings)
  PASS substrate created
  PASS substrate sized
  PASS view A bound
  PASS view B mapped
  PASS byte written via A visible at B
  PASS writer on view A
  PASS reader on view B
  PASS 2000 frames: cross-view claims bit-exact
  PASS reader tracked the stream (last sampled claim s=1984)
## DB6 foreign import
  PASS session import maps
  PASS session detected + validated
  PASS imported geometry agrees
  PASS imported ring view wired
  PASS raw import maps (clamped)
  PASS raw buffer honestly not a session
  PASS raw bytes visible through the import
  PASS bad fd refused
## DB7 cache sync honesty
  PASS sync refused on non-dma-buf (recorded, not fatal)
## DB8 fork torture (substrate survives a process boundary)
  PASS parent second view
  PASS child producer exited clean
  PASS parent reader over second view
  PASS parent claims the child's last frame
  PASS claimed frame bit-exact across the process boundary
  PASS telescoping exact across fork
## DB9 ownership discipline
  PASS borrowed fd survives ring_free (caller owns it)
verdict: PASS (42 passed, 0 failed)
  ok
$ env -u VK_ICD_FILENAMES core/c/gpu-extmem-test
# XE/XD-series: gpu external-memory wrap conformance (RFC-0016 s2)
## XE1 environment probe
  (backend=cpu — vulkan legs skipped, declared)
## XE2 wrap_host: imported host memory, GPU-consumed
  (XE2 declared: no Vulkan ICD on this host)
## XE3 wrap_host: live aliasing across later publishes
  (XE3 declared: no Vulkan ICD on this host)
## XE4 alignment gate
  PASS scratch region mapped
  (declared: no Vulkan ICD — the header+alignment refusal path needs a device to probe)
## XE5-XE8 refusal ladder
  PASS uninitialized mapping refused (no session)
  PASS second session
  PASS geometry mismatch refused
  PASS malloc ring
  PASS malloc'd ring refused (documented: shm/dmabuf is the road)
  PASS NULL pointer refused
  PASS bad fd refused
## XD1 fd road: substrate import (memfd stand-in for the heap fd)
  (XD1 declared: no Vulkan ICD on this host)
## XD2 Vulkan dmabuf export -> wrap_dmabuf round-trip
  (XD2 declared: no Vulkan ICD on this host)
## XD3 heap road (weft_dmabuf -> wrap_dmabuf)
  (declared: no /dev/dma_heap on this host — the heap leg runs where heaps exist; DB-series proves the substrate)
  PASS heap absence honestly reported (Law 4)
verdict: PASS (9 passed, 0 failed)
  ok
$ env -u VK_ICD_FILENAMES core/c/xdp-test
# X-series: weft_xdp_rx conformance (RFC-0016 s4)
## X1 capability probe
  xdp: none (af_xdp socket absent (EAFNOSUPPORT))
  PASS probe reports a real rung
  (this kernel ships without CONFIG_XDP_SOCKETS — the xsk legs are DECLARED; state machine + delegation run)
  PASS mode_str agrees with the probe
## X2 pre-bracketed state machine
  PASS session substrate created
  PASS page-aligned WFSH session bound
  PASS writer over the session
  PASS reader over the session
  PASS slot-0 umem offset matches the ring layout (64 hdr + ctrl + 0*pb)
  PASS bracket opened: seq=1 slot=0
  PASS descriptor closed the bracket: seq 1
  PASS reader claims frame 1
  PASS frame 1 bit-exact + tail PADDED to zero (short packet)
  PASS slot-1 umem offset advanced by pb
  PASS stale-address descriptor refused
  PASS misorder counted
  PASS slot-1 descriptor published: seq 2
  PASS 98 synthetic frames published in-order
  PASS telescoping exact: drops = lastSeq - freshClaims (98-15)
  PASS stats: 100 frames, 100 publishes
  PASS stats: 100 fill posts (one per bracket)
  PASS stats: pads + the misorder recorded
  PASS stats: oversize packet truncated-counted
  PASS no-bracket descriptor refused
  PASS both misorders counted
  PASS detach resets the session
## X3 uring delegation with real traffic
  PASS datagram socketpair
  PASS no AF_XDP kernel: delegated to the uring ladder
  PASS producer exited clean
  PASS 500 datagrams ingested -> 500 frames
  PASS delegation counted the frames
  PASS reader claims the last frame
  PASS delegated frame bit-exact
## X4 refusal discipline
  PASS malloc'd ring
  PASS no AF_XDP + no fallback fd: refused
  PASS refusal errno recorded (EAFNOSUPPORT)
  PASS malloc ring + fd: delegated (not refused)
  PASS delegation mode recorded
  PASS NULL refused
  PASS NULL next safe
verdict: PASS (38 passed, 0 failed)
  ok
$ env -u VK_ICD_FILENAMES core/c/tensor-test
env: ‘core/c/tensor-test’: No such file or directory
  FAILED (rc=127)
$ env -u VK_ICD_FILENAMES core/c/camera-test
# V-series: camera/compositor seams (RFC-0016 s6)
## V1 v4l2 probe
  v4l2: unsupported (no /dev/video* capture device)
  PASS probe ran once
  PASS no device -> UNSUPPORTED
  PASS no phantom device
## V2 capture
  PASS no capture device: ENODEV refusal
  PASS out frame left clean
  PASS NULL out refused
## V3 ahb
  ahb: unsupported (non-android build; the NDK leg compiles this module via android/weft-core)
  PASS non-android build: UNSUPPORTED (compile-everywhere stub)
  PASS alloc refused ENOTSUP, out fd cleaned
  PASS export refused ENOTSUP
## V4 composition identities
  PASS session span identity holds for camera-size frames
verdict: PASS (10 passed, 0 failed)
  ok
$ env -u VK_ICD_FILENAMES core/c/hetero-probe
# H-series: heterogeneous pipeline capstone (RFC-0016)
## H1 session wrap (fd import)
  (wrap refused on this ICD — the heterogeneous GPU proof is hardware-deferred; wrap-refusal gates: gpu-extmem-test; exit 0, DECLARED)
  ok
no-ICD leg failed
