==================================================
SHARD: fanout-concurrent
DESCRIPTION: 1 writer + 4 reader workers, integrity-gated + daisy-chain
STATUS: PASSED ✅
COMMIT: c32dc5e20543078bc37e4f7c3fd32d87558c66ff
RUN: 173
==================================================

────────────────────────────────────────────────────────────────────────
RFC 0004 — CONCURRENT fan-out torture test (worker_threads, true parallelism)
────────────────────────────────────────────────────────────────────────
phase 1  sprint : writer 3.630M pub/s over 400000 frames (110 ms) — 4 verifying readers
  reader[0] fresh=34817 dropped=365117 stale=1863 tornRetries=7914 notReady=1622 exhausted=875 violations=0 (114 ms)
  reader[1] fresh=45364 dropped=354572 stale=1363 tornRetries=12 notReady=123224 exhausted=0 violations=0 (124 ms)
  reader[2] fresh=73581 dropped=326393 stale=1364 tornRetries=7559 notReady=6280 exhausted=834 violations=0 (117 ms)
  reader[3] fresh=67225 dropped=332709 stale=5000 tornRetries=27 notReady=10423 exhausted=0 violations=0 (118 ms)
phase 2  daisy  : Triad kernel → broadcaster → ring → 4 readers over 120000 frames (286 ms, 419K frames/s)
  reader[0] fresh=73542 dropped=46455 stale=1007764 tornRetries=29 notReady=12885434 exhausted=0 violations=0 (874 ms)
  reader[1] fresh=63740 dropped=56260 stale=946944 tornRetries=37 notReady=12812961 exhausted=0 violations=0 (830 ms)
  reader[2] fresh=80183 dropped=39817 stale=579062 tornRetries=22 notReady=14447625 exhausted=0 violations=0 (852 ms)
  reader[3] fresh=82905 dropped=37089 stale=956510 tornRetries=30 notReady=11315073 exhausted=0 violations=0 (844 ms)
────────────────────────────────────────────────────────────────────────
GATE: ALL PASSED ✅  (integrity, convergence, exact drop accounting, daisy-chain)
────────────────────────────────────────────────────────────────────────
RFC 0004 — CONCURRENT fan-out benchmark (1 writer + 4 readers, worker_threads)
────────────────────────────────────────────────────────────────────────
Environment Tag: node / linux-sandbox (SharedArrayBuffer + Atomics, all SeqCst)
Writer: 1000000 publishes in 275 ms  →  3.639M publishes/sec  (latch protocol INCLUDED)
  reader[0]: fresh=700790 dropped=213747 claims=922596 → 2.840M fresh claims/sec (247 ms)
  reader[1]: fresh=643223 dropped=339311 claims=731829 → 2.451M fresh claims/sec (262 ms)
  reader[2]: fresh=602651 dropped=327877 claims=681842 → 2.372M fresh claims/sec (254 ms)
  reader[3]: fresh=392570 dropped=517672 claims=434813 → 1.577M fresh claims/sec (249 ms)
Aggregate: 2.339M fresh deliveries across 4 readers; drops are per-reader (Law 4) and exact.
Law 2 invariant: publish/claim paths allocate nothing (pre-allocated views + out-params).
────────────────────────────────────────────────────────────────────────
✅ fanout-concurrent shard PASSED
───────────────
