==================================================
SHARD: site-determinism
DESCRIPTION: make site double-render, byte-identical sha256 check
STATUS: PASSED ✅
COMMIT: 2c98bcc524150f4a20bc4577684c89c786712844
RUN: 3
==================================================

Traceback (most recent call last):
  File "/opt/hostedtoolcache/Python/3.12.14/x64/lib/python3.12/pathlib.py", line 1311, in mkdir
    os.mkdir(self, mode)
FileNotFoundError: [Errno 2] No such file or directory: '/home/z/my-project/upload/weft-docs/weft-docs/weft/bench/site'

During handling of the above exception, another exception occurred:

Traceback (most recent call last):
  File "/opt/hostedtoolcache/Python/3.12.14/x64/lib/python3.12/pathlib.py", line 1311, in mkdir
    os.mkdir(self, mode)
FileNotFoundError: [Errno 2] No such file or directory: '/home/z/my-project/upload/weft-docs/weft-docs/weft/bench'

During handling of the above exception, another exception occurred:

Traceback (most recent call last):
  File "/opt/hostedtoolcache/Python/3.12.14/x64/lib/python3.12/pathlib.py", line 1311, in mkdir
    os.mkdir(self, mode)
FileNotFoundError: [Errno 2] No such file or directory: '/home/z/my-project/upload/weft-docs/weft-docs/weft'

During handling of the above exception, another exception occurred:

Traceback (most recent call last):
  File "/opt/hostedtoolcache/Python/3.12.14/x64/lib/python3.12/pathlib.py", line 1311, in mkdir
    os.mkdir(self, mode)
FileNotFoundError: [Errno 2] No such file or directory: '/home/z/my-project/upload/weft-docs/weft-docs'

During handling of the above exception, another exception occurred:

Traceback (most recent call last):
  File "/opt/hostedtoolcache/Python/3.12.14/x64/lib/python3.12/pathlib.py", line 1311, in mkdir
    os.mkdir(self, mode)
FileNotFoundError: [Errno 2] No such file or directory: '/home/z/my-project/upload/weft-docs'

During handling of the above exception, another exception occurred:

Traceback (most recent call last):
  File "/opt/hostedtoolcache/Python/3.12.14/x64/lib/python3.12/pathlib.py", line 1311, in mkdir
    os.mkdir(self, mode)
FileNotFoundError: [Errno 2] No such file or directory: '/home/z/my-project/upload'

During handling of the above exception, another exception occurred:

Traceback (most recent call last):
  File "/opt/hostedtoolcache/Python/3.12.14/x64/lib/python3.12/pathlib.py", line 1311, in mkdir
    os.mkdir(self, mode)
FileNotFoundError: [Errno 2] No such file or directory: '/home/z/my-project'

During handling of the above exception, another exception occurred:

Traceback (most recent call last):
  File "/home/runner/work/Weft/Weft/tools/make_site.py", line 355, in <module>
    main()
  File "/home/runner/work/Weft/Weft/tools/make_site.py", line 334, in main
    SITE_DIR.mkdir(parents=True, exist_ok=True)
  File "/opt/hostedtoolcache/Python/3.12.14/x64/lib/python3.12/pathlib.py", line 1315, in mkdir
    self.parent.mkdir(parents=True, exist_ok=True)
  File "/opt/hostedtoolcache/Python/3.12.14/x64/lib/python3.12/pathlib.py", line 1315, in mkdir
    self.parent.mkdir(parents=True, exist_ok=True)
  File "/opt/hostedtoolcache/Python/3.12.14/x64/lib/python3.12/pathlib.py", line 1315, in mkdir
    self.parent.mkdir(parents=True, exist_ok=True)
  [Previous line repeated 4 more times]
  File "/opt/hostedtoolcache/Python/3.12.14/x64/lib/python3.12/pathlib.py", line 1311, in mkdir
    os.mkdir(self, mode)
PermissionError: [Errno 13] Permission denied: '/home/z'
