==================================================
SHARD: simd-blend
DESCRIPTION: Q12 raster blend: C golden gates + xlang-blend cross-language digests + bench
STATUS: PASSED ✅
COMMIT: 01367ec6dc8ae95f9c34a29a6b500bd678fb016a
RUN: 192
==================================================

== simd-blend shard: env x86_64/Linux ==
-- C kernel gates --
== blend_test: impl=avx2 (2) ==
B1 boundaries: OK
B2 parity sweep: OK (154 path-checks, all == scalar)
B3 alpha sweep 0..4096 (dispatched): OK
B4 in-place aliasing: OK
blend_test: ALL GATES GREEN
blend-test: ALL GATES GREEN
-- xlang-blend golden gate --
== xlang-blend golden parity: env x86_64/Linux ==
-- C kernel (golden source) --
   blend-test gates GREEN
   golden-vectors.csv matches the kernel
-- TS verifier (reference port) --
xlang-blend TS verifier: 63/63 golden digests match
-- Kotlin verifier --
xlang-blend Kotlin verifier: 63/63 golden digests match
-- Dart verifier: DECLARED skip (no dart; flutter-packages leg owns it) --
-- Swift port: DECLARED skip (no swiftc; apple-packages compiles + golden-gates it) --

xlang-blend: ran=3 declared_skips=2
✅ xlang-blend parity: every executed port byte-identical to the C kernel
xlang-blend parity GREEN
-- blend_runner benchmark --
== blend_runner: dispatch=avx2 ==
256x256-hot (65536 words): scalar   193433 ns/frame (  4.1 GB/s) | avx2    24762 ns/frame ( 31.8 GB/s) | speedup 7.81x
1080p (2073600 words): scalar  6228593 ns/frame (  4.0 GB/s) | avx2   932220 ns/frame ( 26.7 GB/s) | speedup 6.68x
4K (8294400 words): scalar 24957231 ns/frame (  4.0 GB/s) | avx2  6487820 ns/frame ( 15.3 GB/s) | speedup 3.85x
8K (33177600 words): scalar 99741766 ns/frame (  4.0 GB/s) | avx2 26328734 ns/frame ( 15.1 GB/s) | speedup 3.79x
✅ simd-blend shard GREEN
