==================================================
SHARD: wsuite
DESCRIPTION: W1-W5 × A/B/C/D = 20 cells, P99 + alloc assertions
STATUS: PASSED ✅
COMMIT: 01367ec6dc8ae95f9c34a29a6b500bd678fb016a
RUN: 192
==================================================

→ W1/A ... P99=106.6 alloc/frame=0.0 [PASS]
→ W1/B ... P99=125.3 alloc/frame=0.0 [PASS]
→ W1/C .../home/runner/work/Weft/Weft/core/c/weft.c:15: warning: "_GNU_SOURCE" redefined
   15 | #define _GNU_SOURCE  // for posix_memalign
      | 
<command-line>: note: this is the location of the previous definition
→ compiling Weft C kernel to /home/runner/work/Weft/Weft/core/c/libweft.so
 P99=124.0 alloc/frame=0.0 [PASS]
→ W1/D ... P99=74.0 alloc/frame=0.0 [PASS]
→ W2/A ... P99=68.9 alloc/frame=0.0 [PASS]
→ W2/B ... P99=86.2 alloc/frame=0.0 [PASS]
→ W2/C ... P99=96.1 alloc/frame=0.0 [PASS]
→ W2/D ... P99=42.0 alloc/frame=0.0 [PASS]
→ W3/A ... P99=8.9 alloc/frame=0.0 [PASS]
→ W3/B ... P99=10.6 alloc/frame=0.0 [PASS]
→ W3/C ... P99=10.0 alloc/frame=0.0 [PASS]
→ W3/D ... P99=6.0 alloc/frame=0.0 [PASS]
→ W4/A ... P99=1859.4 alloc/frame=0.0 [PASS]
→ W4/B ... P99=2361.0 alloc/frame=0.0 [PASS]
→ W4/C ... P99=2084.2 alloc/frame=0.0 [PASS]
→ W4/D ... P99=2261.4 alloc/frame=0.0 [PASS]
→ W5/A ... P99=17.3 alloc/frame=0.0 [PASS]
→ W5/B ... P99=22.2 alloc/frame=0.0 [PASS]
→ W5/C ... P99=22.6 alloc/frame=0.0 [PASS]
→ W5/D ... P99=8.9 alloc/frame=0.0 [PASS]

✓ W-suite bundle: /home/runner/work/Weft/Weft/bench/results/wsuite-x86_64-sandbox.json
  cells: 20 (target: 20 = 5 workloads × 4 backends)
  pass: 20/20
ome/runner/work/Weft/Weft/core/c/weft.c:15: warning: "_GNU_SOURCE" redefined
   15 | #define _GNU_SOURCE  // for posix_memalign
      | 
<command-line>: note: this is the location of the previous definition
→ compiling Weft C kernel to /home/runner/work/Weft/Weft/core/c/libweft.so
 P99=124.0 alloc/frame=0.0 [PASS]
→ W1/D ... P99=74.0 alloc/frame=0.0 [PASS]
→ W2/A ... P99=68.9 alloc/frame=0.0 [PASS]
→ W2/B ... P99=86.2 alloc/frame=0.0 [PASS]
→ W2/C ... P99=96.1 alloc/frame=0.0 [PASS]
→ W2/D ... P99=42.0 alloc/frame=0.0 [PASS]
→ W3/A ... P99=8.9 alloc/frame=0.0 [PASS]
→ W3/B ... P99=10.6 alloc/frame=0.0 [PASS]
→ W3/C ... P99=10.0 alloc/frame=0.0 [PASS]
→ W3/D ... P99=6.0 alloc/frame=0.0 [PASS]
→ W4/A ... P99=1859.4 alloc/frame=0.0 [PASS]
→ W4/B ... P99=2361.0 alloc/frame=0.0 [PASS]
→ W4/C ... P99=2084.2 alloc/frame=0.0 [PASS]
→ W4/D ... P99=2261.4 alloc/frame=0.0 [PASS]
→ W5/A ... P99=17.3 alloc/frame=0.0 [PASS]
→ W5/B ... P99=22.2 alloc/frame=0.0 [PASS]
→ W5/C ... P99=22.6 alloc/frame=0.0 [PASS]
→ W5/D ... P99=8.9 alloc/frame=0.0 [PASS]

✓ W-suite bundle: /home/runner/work/Weft/Weft/bench/results/wsuite-x86_64-sandbox.json
  cells: 20 (target: 20 = 5 workloads × 4 backends)
  pass: 20/20
{
  "shard": "wsuite",
  "status": "PASSED",
  "cells_pass": 20,
  "cells_total": 20,
  "alloc_violations": 0,
  "cells": [
    {
      "workload": "W1",
      "backend": "A",
      "pass": true,
      "p99": 106.6,
      "alloc_per_frame": 0.0,
      "alloc_violation": false
    },
    {
      "workload": "W1",
      "backend": "B",
      "pass": true,
      "p99": 125.3,
      "alloc_per_frame": 0.0,
      "alloc_violation": false
    },
    {
      "workload": "W1",
      "backend": "C",
      "pass": true,
      "p99": 124.0,
      "alloc_per_frame": 0.0,
      "alloc_violation": false
    },
    {
      "workload": "W1",
      "backend": "D",
      "pass": true,
      "p99": 74.0,
      "alloc_per_frame": 0.0,
      "alloc_violation": false
    },
    {
      "workload": "W2",
      "backend": "A",
      "pass": true,
      "p99": 68.9,
      "alloc_per_frame": 0.0,
      "alloc_violation": false
    },
    {
      "workload": "W2",
      "backend": "B",
      "pass": true,
      "p99": 86.2,
      "alloc_per_frame": 0.0,
      "alloc_violation": false
    },
    {
      "workload": "W2",
      "backend": "C",
      "pass": true,
      "p99": 96.1,
      "alloc_per_frame": 0.0,
      "alloc_violation": false
    },
    {
      "workload": "W2",
      "backend": "D",
      "pass": true,
      "p99": 42.0,
      "alloc_per_frame": 0.0,
      "alloc_violation": false
    },
    {
      "workload": "W3",
      "backend": "A",
      "pass": true,
      "p99": 8.9,
      "alloc_per_frame": 0.0,
      "alloc_violation": false
    },
    {
      "workload": "W3",
      "backend": "B",
      "pass": true,
      "p99": 10.6,
      "alloc_per_frame": 0.0,
      "alloc_violation": false
    },
    {
      "workload": "W3",
      "backend": "C",
      "pass": true,
      "p99": 10.0,
      "alloc_per_frame": 0.0,
      "alloc_violation": false
    },
    {
      "workload": "W3",
      "backend": "D",
      "pass": true,
      "p99": 6.0,
      "alloc_per_frame": 0.0,
      "alloc_violation": false
    },
    {
      "workload": "W4",
      "backend": "A",
      "pass": true,
      "p99": 1859.4,
      "alloc_per_frame": 0.0,
      "alloc_violation": false
    },
    {
      "workload": "W4",
      "backend": "B",
      "pass": true,
      "p99": 2361.0,
      "alloc_per_frame": 0.0,
      "alloc_violation": false
    },
    {
      "workload": "W4",
      "backend": "C",
      "pass": true,
      "p99": 2084.2,
      "alloc_per_frame": 0.0,
      "alloc_violation": false
    },
    {
      "workload": "W4",
      "backend": "D",
      "pass": true,
      "p99": 2261.4,
      "alloc_per_frame": 0.0,
      "alloc_violation": false
    },
    {
      "workload": "W5",
      "backend": "A",
      "pass": true,
      "p99": 17.3,
      "alloc_per_frame": 0.0,
      "alloc_violation": false
    },
    {
      "workload": "W5",
      "backend": "B",
      "pass": true,
      "p99": 22.2,
      "alloc_per_frame": 0.0,
      "alloc_violation": false
    },
    {
      "workload": "W5",
      "backend": "C",
      "pass": true,
      "p99": 22.6,
      "alloc_per_frame": 0.0,
      "alloc_violation": false
    },
    {
      "workload": "W5",
      "backend": "D",
      "pass": true,
      "p99": 8.9,
      "alloc_per_frame": 0.0,
      "alloc_violation": false
    }
  ]
}
