==================================================
SHARD: simd-blend
DESCRIPTION: Q12 raster blend: C golden gates + xlang-blend cross-language digests + bench
STATUS: PASSED ✅
COMMIT: 9b98b9afde237823c7a2ac8e4711a5d2eb998e3a
RUN: 200
==================================================

== simd-blend shard: env x86_64/Linux ==
-- C kernel gates --
== blend_test: impl=avx2 (2) ==
B1 boundaries: OK
B2 parity sweep: OK (154 path-checks, all == scalar)
B3 alpha sweep 0..4096 (dispatched): OK
B4 in-place aliasing: OK
blend_test: ALL GATES GREEN
blend-test: ALL GATES GREEN
-- xlang-blend golden gate --
== xlang-blend golden parity: env x86_64/Linux ==
-- C kernel (golden source) --
   blend-test gates GREEN
   golden-vectors.csv matches the kernel
-- TS verifier (reference port) --
xlang-blend TS verifier: 63/63 golden digests match
-- Kotlin verifier --
xlang-blend Kotlin verifier: 63/63 golden digests match
-- Dart verifier: DECLARED skip (no dart; flutter-packages leg owns it) --
-- Swift port: DECLARED skip (no swiftc; apple-packages compiles + golden-gates it) --

xlang-blend: ran=3 declared_skips=2
✅ xlang-blend parity: every executed port byte-identical to the C kernel
xlang-blend parity GREEN
-- blend_runner benchmark --
== blend_runner: dispatch=avx2 ==
256x256-hot (65536 words): scalar   157761 ns/frame (  5.0 GB/s) | avx2    19456 ns/frame ( 40.4 GB/s) | speedup 8.11x
1080p (2073600 words): scalar  5637825 ns/frame (  4.4 GB/s) | avx2   851072 ns/frame ( 29.2 GB/s) | speedup 6.62x
4K (8294400 words): scalar 20712246 ns/frame (  4.8 GB/s) | avx2  6128486 ns/frame ( 16.2 GB/s) | speedup 3.38x
8K (33177600 words): scalar 83025955 ns/frame (  4.8 GB/s) | avx2 26056653 ns/frame ( 15.3 GB/s) | speedup 3.19x
✅ simd-blend shard GREEN
