=== Starting Flutter CI ===
Resolving dependencies...
Downloading packages...
+ async 2.13.1
+ boolean_selector 2.1.2
+ characters 1.4.1
+ clock 1.1.3
+ collection 1.19.1
+ fake_async 1.3.3
+ ffi 2.2.0
+ flutter 0.0.0 from sdk flutter
+ flutter_test 0.0.0 from sdk flutter
+ leak_tracker 11.0.2
+ leak_tracker_flutter_testing 3.0.10
+ leak_tracker_testing 3.0.2
+ lints 3.0.0 (6.1.0 available)
+ matcher 0.12.20
+ material_color_utilities 0.13.0 (0.13.1 available)
+ meta 1.19.0
+ path 1.9.1
+ sky_engine 0.0.0 from sdk flutter
+ source_span 1.10.2
+ stack_trace 1.12.2
+ stream_channel 2.1.4
+ string_scanner 1.4.1
+ term_glyph 1.2.2
+ test_api 0.7.12 (0.7.14 available)
+ vector_math 2.4.2
+ vm_service 15.3.0
Changed 26 dependencies!
3 packages have newer versions incompatible with dependency constraints.
Try `flutter pub outdated` for more information.
Resolving dependencies in `./example`...
Downloading packages...
Got dependencies in `./example`.
Analyzing flutter_weft...

  error - example/lib/main.dart:60:27 - The name 'Size' is defined in the libraries 'dart:ffi' and 'dart:ui (via package:flutter/material.dart)'. Try using 'as prefix' for one of the import directives, or hiding the name from all but one of the imports. - ambiguous_import

1 issue found.
[  +18 ms] Artifact Instance of 'MaterialFonts' is not required, skipping update.
[        ] Artifact Instance of 'GradleWrapper' is not required, skipping update.
[        ] Artifact Instance of 'AndroidGenSnapshotArtifacts' is not required, skipping update.
[        ] Artifact Instance of 'AndroidInternalBuildArtifacts' is not required, skipping update.
[        ] Artifact Instance of 'IOSEngineArtifacts' is not required, skipping update.
[        ] Artifact Instance of 'FlutterWebSdk' is not required, skipping update.
[        ] Artifact Instance of 'LegacyCanvasKitRemover' is not required, skipping update.
[        ] Artifact Instance of 'FlutterSdk' is not required, skipping update.
[        ] Artifact Instance of 'WindowsEngineArtifacts' is not required, skipping update.
[        ] Artifact Instance of 'MacOSEngineArtifacts' is not required, skipping update.
[        ] Artifact Instance of 'LinuxEngineArtifacts' is not required, skipping update.
[        ] Artifact Instance of 'LinuxFuchsiaSDKArtifacts' is not required, skipping update.
[        ] Artifact Instance of 'MacOSFuchsiaSDKArtifacts' is not required, skipping update.
[        ] Artifact Instance of 'FlutterRunnerSDKArtifacts' is not required, skipping update.
[        ] Artifact Instance of 'FlutterRunnerDebugSymbols' is not required, skipping update.
[        ] Artifact Instance of 'IosUsbArtifacts' is not required, skipping update.
[        ] Artifact Instance of 'IosUsbArtifacts' is not required, skipping update.
[        ] Artifact Instance of 'IosUsbArtifacts' is not required, skipping update.
[        ] Artifact Instance of 'IosUsbArtifacts' is not required, skipping update.
[        ] Artifact Instance of 'IosUsbArtifacts' is not required, skipping update.
[        ] Artifact Instance of 'IosUsbArtifacts' is not required, skipping update.
[        ] Artifact Instance of 'FontSubsetArtifacts' is not required, skipping update.
[        ] Artifact Instance of 'PubDependencies' is not required, skipping update.
[   +7 ms] Found 1 files which will be executed as Widget Tests.
[   +3 ms] Artifact Instance of 'AndroidGenSnapshotArtifacts' is not required, skipping update.
[        ] Artifact Instance of 'AndroidInternalBuildArtifacts' is not required, skipping update.
[        ] Artifact Instance of 'IOSEngineArtifacts' is not required, skipping update.
[        ] Artifact Instance of 'FlutterWebSdk' is not required, skipping update.
[        ] Artifact Instance of 'FlutterEngineStamp' is not required, skipping update.
[        ] Artifact Instance of 'LegacyCanvasKitRemover' is not required, skipping update.
[   +1 ms] Artifact Instance of 'WindowsEngineArtifacts' is not required, skipping update.
[        ] Artifact Instance of 'MacOSEngineArtifacts' is not required, skipping update.
[        ] Artifact Instance of 'LinuxEngineArtifacts' is not required, skipping update.
[        ] Artifact Instance of 'LinuxFuchsiaSDKArtifacts' is not required, skipping update.
[        ] Artifact Instance of 'MacOSFuchsiaSDKArtifacts' is not required, skipping update.
[        ] Artifact Instance of 'FlutterRunnerSDKArtifacts' is not required, skipping update.
[        ] Artifact Instance of 'FlutterRunnerDebugSymbols' is not required, skipping update.
[  +27 ms] Artifact Instance of 'MaterialFonts' is not required, skipping update.
[        ] Artifact Instance of 'GradleWrapper' is not required, skipping update.
[        ] Artifact Instance of 'AndroidGenSnapshotArtifacts' is not required, skipping update.
[        ] Artifact Instance of 'AndroidInternalBuildArtifacts' is not required, skipping update.
[        ] Artifact Instance of 'IOSEngineArtifacts' is not required, skipping update.
[        ] Artifact Instance of 'FlutterWebSdk' is not required, skipping update.
[        ] Artifact Instance of 'FlutterEngineStamp' is not required, skipping update.
[        ] Artifact Instance of 'LegacyCanvasKitRemover' is not required, skipping update.
[        ] Artifact Instance of 'FlutterSdk' is not required, skipping update.
[        ] Artifact Instance of 'WindowsEngineArtifacts' is not required, skipping update.
[        ] Artifact Instance of 'MacOSEngineArtifacts' is not required, skipping update.
[        ] Artifact Instance of 'LinuxEngineArtifacts' is not required, skipping update.
[        ] Artifact Instance of 'LinuxFuchsiaSDKArtifacts' is not required, skipping update.
[        ] Artifact Instance of 'MacOSFuchsiaSDKArtifacts' is not required, skipping update.
[        ] Artifact Instance of 'FlutterRunnerSDKArtifacts' is not required, skipping update.
[        ] Artifact Instance of 'FlutterRunnerDebugSymbols' is not required, skipping update.
[        ] Artifact Instance of 'IosUsbArtifacts' is not required, skipping update.
[        ] Artifact Instance of 'IosUsbArtifacts' is not required, skipping update.
[        ] Artifact Instance of 'IosUsbArtifacts' is not required, skipping update.
[        ] Artifact Instance of 'IosUsbArtifacts' is not required, skipping update.
[        ] Artifact Instance of 'IosUsbArtifacts' is not required, skipping update.
[        ] Artifact Instance of 'IosUsbArtifacts' is not required, skipping update.
[        ] Artifact Instance of 'FontSubsetArtifacts' is not required, skipping update.
[        ] Artifact Instance of 'PubDependencies' is not required, skipping update.
[   +8 ms] Skipping pub get: version match.
[  +46 ms] No packages with native assets. Skipping native assets compilation.
[   +5 ms] Writing native assets json to file:///home/runner/work/Weft/Weft/packages/flutter_weft/build/native_assets/linux/native_assets.json.
[   +2 ms] Writing /home/runner/work/Weft/Weft/packages/flutter_weft/build/native_assets/linux/native_assets.json done.
[  +83 ms] impellerc command: [/opt/hostedtoolcache/flutter/stable-3.47.4-x64/flutter/bin/cache/artifacts/engine/linux-x64/impellerc, --sksl, --runtime-stage-vulkan, --iplr, --sl=build/unit_test_assets/shaders/ink_sparkle.frag, --spirv=build/unit_test_assets/shaders/ink_sparkle.frag.spirv, --input=/opt/hostedtoolcache/flutter/stable-3.47.4-x64/flutter/packages/flutter/lib/src/material/shaders/ink_sparkle.frag, --input-type=frag, --include=/opt/hostedtoolcache/flutter/stable-3.47.4-x64/flutter/packages/flutter/lib/src/material/shaders, --include=/opt/hostedtoolcache/flutter/stable-3.47.4-x64/flutter/bin/cache/artifacts/engine/linux-x64/shader_lib]
[   +1 ms] impellerc command: [/opt/hostedtoolcache/flutter/stable-3.47.4-x64/flutter/bin/cache/artifacts/engine/linux-x64/impellerc, --sksl, --runtime-stage-vulkan, --iplr, --sl=build/unit_test_assets/shaders/stretch_effect.frag, --spirv=build/unit_test_assets/shaders/stretch_effect.frag.spirv, --input=/opt/hostedtoolcache/flutter/stable-3.47.4-x64/flutter/packages/flutter/lib/src/widgets/shaders/stretch_effect.frag, --input-type=frag, --include=/opt/hostedtoolcache/flutter/stable-3.47.4-x64/flutter/packages/flutter/lib/src/widgets/shaders, --include=/opt/hostedtoolcache/flutter/stable-3.47.4-x64/flutter/bin/cache/artifacts/engine/linux-x64/shader_lib]
[ +354 ms] running test package with arguments: [--no-color, --chain-stack-traces, --, file:///home/runner/work/Weft/Weft/packages/flutter_weft/test/ffi_test.dart]

[ +131 ms] test 0: starting test /home/runner/work/Weft/Weft/packages/flutter_weft/test/ffi_test.dart
[   +2 ms] Stopping scan for flutter_test_config.dart; found project root at /home/runner/work/Weft/Weft/packages/flutter_weft
[   +3 ms] Compiler will use the following file as its incremental dill file: /tmp/flutter_tools.UTPYXE/flutter_test_compiler.AEVIAX/output.dill
[        ] Listening to compiler controller...
[   +7 ms] Compiling file:///tmp/flutter_tools.UTPYXE/flutter_test_listener.LGNEKZ/listener.dart
[  +40 ms] /opt/hostedtoolcache/flutter/stable-3.47.4-x64/flutter/bin/cache/dart-sdk/bin/dartaotruntime /opt/hostedtoolcache/flutter/stable-3.47.4-x64/flutter/bin/cache/dart-sdk/bin/snapshots/frontend_server_aot.dart.snapshot --sdk-root /opt/hostedtoolcache/flutter/stable-3.47.4-x64/flutter/bin/cache/artifacts/engine/common/flutter_patched_sdk/ --incremental --no-print-incremental-dependencies --target=flutter --experimental-emit-debug-metadata -DFLUTTER_BUILD_NAME=0.1.0 -DFLUTTER_VERSION=3.47.4 -DFLUTTER_CHANNEL=stable -DFLUTTER_GIT_URL=https://github.com/flutter/flutter.git -DFLUTTER_FRAMEWORK_REVISION=9584c6713b -DFLUTTER_ENGINE_REVISION=06a2e2a110 -DFLUTTER_DART_VERSION=3.13.3 --output-dill /tmp/flutter_tools.UTPYXE/flutter_test_compiler.AEVIAX/output.dill --packages /home/runner/work/Weft/Weft/packages/flutter_weft/.dart_tool/package_config.json -Ddart.vm.profile=false -Ddart.vm.product=false --enable-asserts --track-widget-creation --initialize-from-dill /home/runner/work/Weft/Weft/packages/flutter_weft/build/test_cache/build/394af582a92e29ee2992952af39c9aac.cache.dill.track.dill --verbosity=error --enable-experiment=alternative-invalidation-strategy
[   +8 ms] <- compile file:///tmp/flutter_tools.UTPYXE/flutter_test_listener.LGNEKZ/listener.dart
[+7094 ms] <- accept
[        ] <- reset
[        ] Compiling file:///tmp/flutter_tools.UTPYXE/flutter_test_listener.LGNEKZ/listener.dart took 7143ms
[        ] test 0: starting test device
[   +3 ms] test 0: awaiting connection to test device
[   +1 ms] test 0: VM Service uri is not available
[   +3 ms] test 0: test harness socket server is running at port:42647
[        ] Using this directory for fonts configuration: /tmp/flutter_tools.UTPYXE/flutter_test_fonts.JUJSQY
[        ] test 0: Starting flutter_tester process with command=[/opt/hostedtoolcache/flutter/stable-3.47.4-x64/flutter/bin/cache/artifacts/engine/linux-x64/flutter_tester, --disable-vm-service, --enable-checked-mode, --verify-entry-points, --enable-software-rendering, --skia-deterministic-rendering, --enable-dart-profiling, --non-interactive, --use-test-fonts, --disable-asset-fonts, --packages=/home/runner/work/Weft/Weft/packages/flutter_weft/.dart_tool/package_config.json, --flutter-assets-dir=/home/runner/work/Weft/Weft/packages/flutter_weft/build/unit_test_assets, /tmp/flutter_tools.UTPYXE/flutter_test_listener.LGNEKZ/listener.dart.dill], environment={FLUTTER_TEST: true, FONTCONFIG_FILE: /tmp/flutter_tools.UTPYXE/flutter_test_fonts.JUJSQY/fonts.conf, SERVER_PORT: 42647, APP_NAME: weft_flutter, UNIT_TEST_ASSETS: /home/runner/work/Weft/Weft/packages/flutter_weft/build/unit_test_assets}
[   +4 ms] test 0: Started flutter_tester process at pid 2629
[ +329 ms] test 0: connected to test device, now awaiting test result
[        ] test 0: Waiting for test harness or tests to finish
::group::✅ Passing tests
✅ Weft FFI & Invariant Tests 10^6 Exchanges and Invariants Verification
✅ Weft FFI & Invariant Tests Revocation and Reclaim Invariants (I6)
[ +750 ms] test 0: Test harness is no longer needed by test process
[        ] test 0: finished
[        ] test 0: cleaning up...
[        ] test 0: ensuring test device is terminated.
[        ] test 0: Terminating flutter_tester process
[        ] test 0: Shutting down DevTools server
[        ] test 0: Test process is no longer needed by test harness
[   +3 ms] test 0: Shutting down test harness socket server
[   +4 ms] test 0: flutter_tester process at pid 2629 exited with code=-9
[        ] test 0: deleting temporary directory
[   +3 ms] test 0: finished
::endgroup::

🎉 2 tests passed.
[   +6 ms] Deleting /tmp/flutter_tools.UTPYXE/flutter_test_compiler.AEVIAX...
[   +2 ms] killing pid 2619
[  +39 ms] Deleting /tmp/flutter_tools.UTPYXE/flutter_test_fonts.JUJSQY...
[   +2 ms] test package returned with exit code 0
[        ] Runtime for phase TestRunner: Wall-clock: 0:00:08.454085; combined: 0:00:08.454108.
[        ] Runtime for phase Compile: Wall-clock: 0:00:07.143542; combined: 0:00:07.143565.
[        ] Runtime for phase Run: Wall-clock: 0:00:01.094067; combined: 0:00:01.094073.
[        ] Runtime for phase CoverageTotal: Wall-clock: 0:00:00.000000; combined: 0:00:00.000000.
[        ] Runtime for phase CoverageCollect: Wall-clock: 0:00:00.000000; combined: 0:00:00.000000.
[        ] Runtime for phase CoverageParseJson: Wall-clock: 0:00:00.000000; combined: 0:00:00.000000.
[        ] Runtime for phase CoverageAddHitmap: Wall-clock: 0:00:00.000000; combined: 0:00:00.000000.
[        ] Runtime for phase CoverageDataCollect: Wall-clock: 0:00:00.000000; combined: 0:00:00.000000.
[        ] Runtime for phase WatcherFinishedTest: Wall-clock: 0:00:00.000505; combined: 0:00:00.000507.
[        ] "flutter test" took 8,991ms.
[   +1 ms] Running 3 shutdown hooks
[        ] Shutdown hooks complete
[        ] exiting with code 0
Resolving dependencies...
Downloading packages...
  lints 3.0.0 (6.1.0 available)
  material_color_utilities 0.13.0 (0.13.1 available)
  test_api 0.7.12 (0.7.14 available)
Got dependencies!
3 packages have newer versions incompatible with dependency constraints.
Try `dart pub outdated` for more information.
Publishing weft_flutter 0.1.0 to https://pub.dev:
├── CHANGELOG.md (<1 KB)
├── LICENSE (1 KB)
├── README.md (<1 KB)
├── build
│   ├── native_assets
│   │   └── linux
│   │       └── native_assets.json (<1 KB)
│   ├── test_cache
│   │   └── build
│   │       └── 394af582a92e29ee2992952af39c9aac.cache.dill.track.dill (45 MB)
│   └── unit_test_assets
│       ├── AssetManifest.bin (<1 KB)
│       ├── FontManifest.json (<1 KB)
│       ├── NOTICES.Z (95 KB)
│       ├── NativeAssetsManifest.json (<1 KB)
│       └── shaders
│           ├── ink_sparkle.frag (13 KB)
│           └── stretch_effect.frag (9 KB)
├── example
│   ├── README.md (<1 KB)
│   ├── lib
│   │   └── main.dart (2 KB)
│   └── pubspec.yaml (<1 KB)
├── lib
│   ├── src
│   │   ├── bindings.dart (3 KB)
│   │   ├── reference
│   │   │   ├── heddle.dart (1 KB)
│   │   │   ├── steward.dart (1 KB)
│   │   │   └── weft.dart (5 KB)
│   │   ├── weft_ffi.dart (2 KB)
│   │   ├── weft_painter.dart (1 KB)
│   │   └── weft_reference.dart (<1 KB)
│   └── weft_flutter.dart (<1 KB)
├── pubspec.yaml (<1 KB)
└── test
    └── ffi_test.dart (2 KB)

Total compressed archive size: 14 MB.
Validating package...
The server may enforce additional checks.

Package has 0 warnings.
