==================================================
SHARD: weft-tensor-managed
DESCRIPTION: Project weft-tensor Pillar 2: WTR1 layout, TS/Python ingestion engines, DLPack/NumPy bridge, cross-language parity, React/Flutter AI hooks/widgets, 120 FPS flight demo, alloc probes
STATUS: PASSED ✅
COMMIT: e131ef88bb61edef3d432ebc036acef924ef5619
RUN: 252
==================================================

[1/8] fixture determinism
OK /home/runner/work/Weft/Weft/fixtures/weft-tensor/ring-v1-f32.bin (640 B) byte-identical
OK /home/runner/work/Weft/Weft/fixtures/weft-tensor/ring-v1-u8.bin (640 B) byte-identical
[2/8] TypeScript suite
✔ zero-alloc probe [ring] — 100k steady-state ops stay flat (186.618587ms)
✔ zero-alloc probe [ingest] — 100k steady-state ops stay flat (188.079267ms)
✔ zero-alloc probe [audio] — 100k steady-state ops stay flat (127.014522ms)
✔ zero-alloc probe [render] — 100k steady-state ops stay flat (1600.401692ms)
✔ zero-alloc probe [overlay] — 100k steady-state ops stay flat (74.587656ms)
✔ negative control: a deliberately-allocating loop IS caught (70.979854ms)
✔ f32 fixture: header fields, 10 frames, dyadic payload parity (2.433749ms)
✔ u8 fixture: header fields, 6 frames, byte payload parity (1.36117ms)
✔ WebCodecs sync fast path: bytes land in ring, no intermediate (5.18326ms)
✔ WebCodecs async fast path resolves after the GPU readback lands (0.340838ms)
✔ copyTo failure is a DROP, never a throw into the frame loop (0.278496ms)
✔ legacy sync copyTo returning void still commits the full slot (1.746775ms)
✔ ImageData + raw paths (0.615829ms)
✔ ingestor dtype gate: f32 ring rejected (Law 4) (0.584682ms)
✔ AudioPcmFeeder: exact-fit chunks roll one slot per chunk (0.686254ms)
✔ AudioPcmFeeder: chunk spanning slot boundaries carries with zero gaps (0.485274ms)
✔ AudioPcmFeeder: tiny chunks accumulate then roll (worklet cadence) (0.466366ms)
✔ AudioPcmFeeder dtype gate + chunk size gate (Law 4) (0.501648ms)
✔ crc32 matches node:zlib over the static header region (2.026982ms)
✔ f16FromBits matches numpy float16 decode exactly (0.458934ms)
✔ f16ToBits matches numpy round-to-nearest-even (0.417482ms)
✔ fourcc round-trips as LE ASCII (0.208371ms)
✔ validateRingHeader accepts both golden fixtures (1.239569ms)
✔ fail-closed corruption matrix — every mutation gets a machine-readable code (1.191697ms)
✔ dtype validity table (1.886223ms)
✔ create() writes a self-validating header (round trip through attach) (1.037748ms)
✔ Canvas2DPlane: ONE ImageData reused, pixel-accurate blit per frame (6.644258ms)
✔ Canvas2DPlane dtype gate (Law 4) (0.718692ms)
✔ OverlayScratch + drawBoxes2D: bounded, reused, pixel records (1.283574ms)
✔ drawSkeleton2D honours confidence gating (0.346727ms)
✔ WebGL2Plane: zero-alloc texSubImage2D from the slot view + fullscreen tri (2.897711ms)
✔ create + typed commit + acquireLatest returns exact values, zero surprises (7.599313ms)
✔ byte commit path (Uint8Array) with short payload (bounded loop, no throw) (0.647666ms)
✔ acquireLatest(lastSeq) returns null when nothing new; acquireFrame bounds (2.236716ms)
✔ overrun: slotCount=2, 5 commits -> old seq gone, latest correct (0.761426ms)
✔ torn read: uncommitted slot is invisible, then visible after commit marker (0.698552ms)
✔ zero-copy begin/finish path matches convenience commit (0.361149ms)
✔ commit rejects wrong dtype / oversized payloads (fail-closed) (1.477393ms)
✔ create() input validation is fail-closed (0.453647ms)
✔ waitForNewFrame resolves via injected scheduler; timeout path returns null (36.840519ms)
✔ SharedArrayBuffer smoke: create(shared) + atomics publish + acquire (2.567469ms)
✔ ring stats counters are sealed and monotonic (2.413348ms)
✔ detectRuntime identifies node (this process) (1.396433ms)
✔ detectRuntime: browser / deno / bun / worker / electron fakes (0.375731ms)
✔ runtimeMatrix feature list stays sorted/deterministic (1.065069ms)
✔ assertShareable accepts SAB, rejects plain ArrayBuffer (0.710079ms)
ℹ tests 46
ℹ suites 0
ℹ pass 46
ℹ fail 0
ℹ cancelled 0
ℹ skipped 0
ℹ todo 0
ℹ duration_ms 2332.147871
[3/8] Python suite
.......s.............s................                                   [100%]
36 passed, 2 skipped in 9.25s
[4/8] TS producer -> Python consumer
{"producer":"typescript","path":"/tmp/tmp.3NKUec8Emj/ts_ring.bin","byteLength":640,"producerSeq":10,"slotStride":128,"schemaId":"fe77000000000000"}
{"consumer": "python", "path": "/tmp/tmp.3NKUec8Emj/ts_ring.bin", "framesValidated": [7, 8, 9, 10], "dlpackAlias": true, "ok": true}
[5/8] Python producer -> TS consumer
{"producer": "python", "path": "/tmp/tmp.3NKUec8Emj/py_ring.bin", "byteLength": 640, "producerSeq": 10, "slotStride": 128, "schemaId": "fe77000000000001"}
{"consumer":"typescript","path":"/tmp/tmp.3NKUec8Emj/py_ring.bin","framesValidated":[7,8,9,10],"ok":true}
[6/8] DLPack alias proof (consumed the TS-produced ring, pointer-checked)
    dlpack alias OK (slot ptr 0x56358cb73f30 inside ring 0x56358cb73df0..0x56358cb74070)
[7/8] zero-allocation probes (100k ops each, post-warmup, --expose-gc)
    {"mode":"ring","iters":100000,"heapBefore":4402840,"heapAfter":4416064,"deltaBytes":13224}
    {"mode":"ingest","iters":100000,"heapBefore":4413288,"heapAfter":4426072,"deltaBytes":12784}
    {"mode":"audio","iters":100000,"heapBefore":4424920,"heapAfter":4420016,"deltaBytes":-4904}
    {"mode":"render","iters":100000,"heapBefore":4418992,"heapAfter":4420592,"deltaBytes":1600}
    {"mode":"overlay","iters":100000,"heapBefore":4298968,"heapAfter":4299680,"deltaBytes":712}
[8/8] latency gates (directive: commit < 50us)
    {"bench":"weft-tensor commit/acquire","node":"v24.21.0","video":{"geometry":"320x180 RGBA","slotCapBytes":230400,"commit":{"n":50000,"p50_us":0.171,"p99_us":1.332,"max_us":295.811},"acquire":{"n":50000,"p50_us":0.13,"p99_us":0.47,"max_us":47.901},"commit_under_50us":true},"audio":{"geometry":"2ch x 128 f32 (interleaved quanta 256)","slotCapBytes":1024,"commit":{"n":50000,"p50_us":0.491,"p99_us":0.941,"max_us":55.402},"acquire":{"n":50000,"p50_us":0.13,"p99_us":1.382,"max_us":209.182},"commit_under_50us":true}}
weft-tensor managed shard: ALL 8 STAGES GREEN
