==================================================
SHARD: perf-regression
DESCRIPTION: W-suite P99 vs pinned baseline; >15% drop = FAIL
STATUS: PASSED ✅
COMMIT: e131ef88bb61edef3d432ebc036acef924ef5619
RUN: 252
==================================================

→ W1/A ... P99=77.2 alloc/frame=0.0 [PASS]
→ W1/B ... P99=90.8 alloc/frame=0.0 [PASS]
→ W1/C .../home/runner/work/Weft/Weft/core/c/weft.c:15: warning: "_GNU_SOURCE" redefined
   15 | #define _GNU_SOURCE  // for posix_memalign
      | 
<command-line>: note: this is the location of the previous definition
→ compiling Weft C kernel to /home/runner/work/Weft/Weft/core/c/libweft.so
 P99=90.0 alloc/frame=0.0 [PASS]
→ W1/D ... P99=50.4 alloc/frame=0.0 [PASS]
→ W2/A ... P99=51.6 alloc/frame=0.0 [PASS]
→ W2/B ... P99=72.0 alloc/frame=0.0 [PASS]
→ W2/C ... P99=73.6 alloc/frame=0.0 [PASS]
→ W2/D ... P99=30.7 alloc/frame=0.0 [PASS]
→ W3/A ... P99=6.3 alloc/frame=0.0 [PASS]
→ W3/B ... P99=7.6 alloc/frame=0.0 [PASS]
→ W3/C ... P99=7.2 alloc/frame=0.0 [PASS]
→ W3/D ... P99=4.3 alloc/frame=0.0 [PASS]
→ W4/A ... P99=1802.8 alloc/frame=0.0 [PASS]
→ W4/B ... P99=1892.6 alloc/frame=0.0 [PASS]
→ W4/C ... P99=1882.5 alloc/frame=0.0 [PASS]
→ W4/D ... P99=1837.3 alloc/frame=0.0 [PASS]
→ W5/A ... P99=12.8 alloc/frame=0.0 [PASS]
→ W5/B ... P99=16.6 alloc/frame=0.0 [PASS]
→ W5/C ... P99=16.1 alloc/frame=0.0 [PASS]
→ W5/D ... P99=8.1 alloc/frame=0.0 [PASS]

✓ W-suite bundle: /home/runner/work/Weft/Weft/bench/results/wsuite-x86_64-sandbox.json
  cells: 20 (target: 20 = 5 workloads × 4 backends)
  pass: 20/20
1/B ... P99=90.8 alloc/frame=0.0 [PASS]
→ W1/C .../home/runner/work/Weft/Weft/core/c/weft.c:15: warning: "_GNU_SOURCE" redefined
   15 | #define _GNU_SOURCE  // for posix_memalign
      | 
<command-line>: note: this is the location of the previous definition
→ compiling Weft C kernel to /home/runner/work/Weft/Weft/core/c/libweft.so
 P99=90.0 alloc/frame=0.0 [PASS]
→ W1/D ... P99=50.4 alloc/frame=0.0 [PASS]
→ W2/A ... P99=51.6 alloc/frame=0.0 [PASS]
→ W2/B ... P99=72.0 alloc/frame=0.0 [PASS]
→ W2/C ... P99=73.6 alloc/frame=0.0 [PASS]
→ W2/D ... P99=30.7 alloc/frame=0.0 [PASS]
→ W3/A ... P99=6.3 alloc/frame=0.0 [PASS]
→ W3/B ... P99=7.6 alloc/frame=0.0 [PASS]
→ W3/C ... P99=7.2 alloc/frame=0.0 [PASS]
→ W3/D ... P99=4.3 alloc/frame=0.0 [PASS]
→ W4/A ... P99=1802.8 alloc/frame=0.0 [PASS]
→ W4/B ... P99=1892.6 alloc/frame=0.0 [PASS]
→ W4/C ... P99=1882.5 alloc/frame=0.0 [PASS]
→ W4/D ... P99=1837.3 alloc/frame=0.0 [PASS]
→ W5/A ... P99=12.8 alloc/frame=0.0 [PASS]
→ W5/B ... P99=16.6 alloc/frame=0.0 [PASS]
→ W5/C ... P99=16.1 alloc/frame=0.0 [PASS]
→ W5/D ... P99=8.1 alloc/frame=0.0 [PASS]

✓ W-suite bundle: /home/runner/work/Weft/Weft/bench/results/wsuite-x86_64-sandbox.json
  cells: 20 (target: 20 = 5 workloads × 4 backends)
  pass: 20/20
{
  "shard": "perf-regression",
  "status": "PASSED",
  "threshold_pct": 5,
  "regression_count": 0,
  "improvement_count": 20,
  "cells_compared": 20,
  "regressions": [],
  "improvements": [
    {
      "workload": "W1",
      "backend": "A",
      "baseline": 7.3,
      "actual": 77.2,
      "delta_pct": 957.5,
      "reason": "improvement"
    },
    {
      "workload": "W1",
      "backend": "B",
      "baseline": 44.6,
      "actual": 90.8,
      "delta_pct": 103.6,
      "reason": "improvement"
    },
    {
      "workload": "W1",
      "backend": "C",
      "baseline": 7.8,
      "actual": 90.0,
      "delta_pct": 1053.8,
      "reason": "improvement"
    },
    {
      "workload": "W1",
      "backend": "D",
      "baseline": 18.6,
      "actual": 50.4,
      "delta_pct": 171.0,
      "reason": "improvement"
    },
    {
      "workload": "W2",
      "backend": "A",
      "baseline": 4.3,
      "actual": 51.6,
      "delta_pct": 1100.0,
      "reason": "improvement"
    },
    {
      "workload": "W2",
      "backend": "B",
      "baseline": 6.1,
      "actual": 72.0,
      "delta_pct": 1080.3,
      "reason": "improvement"
    },
    {
      "workload": "W2",
      "backend": "C",
      "baseline": 16.4,
      "actual": 73.6,
      "delta_pct": 348.8,
      "reason": "improvement"
    },
    {
      "workload": "W2",
      "backend": "D",
      "baseline": 7.5,
      "actual": 30.7,
      "delta_pct": 309.3,
      "reason": "improvement"
    },
    {
      "workload": "W3",
      "backend": "A",
      "baseline": 2.6,
      "actual": 6.3,
      "delta_pct": 142.3,
      "reason": "improvement"
    },
    {
      "workload": "W3",
      "backend": "B",
      "baseline": 3.7,
      "actual": 7.6,
      "delta_pct": 105.4,
      "reason": "improvement"
    },
    {
      "workload": "W3",
      "backend": "C",
      "baseline": 2.8,
      "actual": 7.2,
      "delta_pct": 157.1,
      "reason": "improvement"
    },
    {
      "workload": "W3",
      "backend": "D",
      "baseline": 1.1,
      "actual": 4.3,
      "delta_pct": 290.9,
      "reason": "improvement"
    },
    {
      "workload": "W4",
      "backend": "A",
      "baseline": 659.0,
      "actual": 1802.8,
      "delta_pct": 173.6,
      "reason": "improvement"
    },
    {
      "workload": "W4",
      "backend": "B",
      "baseline": 681.4,
      "actual": 1892.6,
      "delta_pct": 177.8,
      "reason": "improvement"
    },
    {
      "workload": "W4",
      "backend": "C",
      "baseline": 578.3,
      "actual": 1882.5,
      "delta_pct": 225.5,
      "reason": "improvement"
    },
    {
      "workload": "W4",
      "backend": "D",
      "baseline": 409.0,
      "actual": 1837.3,
      "delta_pct": 349.2,
      "reason": "improvement"
    },
    {
      "workload": "W5",
      "backend": "A",
      "baseline": 5.4,
      "actual": 12.8,
      "delta_pct": 137.0,
      "reason": "improvement"
    },
    {
      "workload": "W5",
      "backend": "B",
      "baseline": 7.7,
      "actual": 16.6,
      "delta_pct": 115.6,
      "reason": "improvement"
    },
    {
      "workload": "W5",
      "backend": "C",
      "baseline": 7.7,
      "actual": 16.1,
      "delta_pct": 109.1,
      "reason": "improvement"
    },
    {
      "workload": "W5",
      "backend": "D",
      "baseline": 3.2,
      "actual": 8.1,
      "delta_pct": 153.1,
      "reason": "improvement"
    }
  ],
  "all_compared": [
    {
      "workload": "W1",
      "backend": "A",
      "baseline_p99": 7.3,
      "actual_p99": 77.2,
      "delta_pct": 957.5
    },
    {
      "workload": "W1",
      "backend": "B",
      "baseline_p99": 44.6,
      "actual_p99": 90.8,
      "delta_pct": 103.6
    },
    {
      "workload": "W1",
      "backend": "C",
      "baseline_p99": 7.8,
      "actual_p99": 90.0,
      "delta_pct": 1053.8
    },
    {
      "workload": "W1",
      "backend": "D",
      "baseline_p99": 18.6,
      "actual_p99": 50.4,
      "delta_pct": 171.0
    },
    {
      "workload": "W2",
      "backend": "A",
      "baseline_p99": 4.3,
      "actual_p99": 51.6,
      "delta_pct": 1100.0
    },
    {
      "workload": "W2",
      "backend": "B",
      "baseline_p99": 6.1,
      "actual_p99": 72.0,
      "delta_pct": 1080.3
    },
    {
      "workload": "W2",
      "backend": "C",
      "baseline_p99": 16.4,
      "actual_p99": 73.6,
      "delta_pct": 348.8
    },
    {
      "workload": "W2",
      "backend": "D",
      "baseline_p99": 7.5,
      "actual_p99": 30.7,
      "delta_pct": 309.3
    },
    {
      "workload": "W3",
      "backend": "A",
      "baseline_p99": 2.6,
      "actual_p99": 6.3,
      "delta_pct": 142.3
    },
    {
      "workload": "W3",
      "backend": "B",
      "baseline_p99": 3.7,
      "actual_p99": 7.6,
      "delta_pct": 105.4
    },
    {
      "workload": "W3",
      "backend": "C",
      "baseline_p99": 2.8,
      "actual_p99": 7.2,
      "delta_pct": 157.1
    },
    {
      "workload": "W3",
      "backend": "D",
      "baseline_p99": 1.1,
      "actual_p99": 4.3,
      "delta_pct": 290.9
    },
    {
      "workload": "W4",
      "backend": "A",
      "baseline_p99": 659.0,
      "actual_p99": 1802.8,
      "delta_pct": 173.6
    },
    {
      "workload": "W4",
      "backend": "B",
      "baseline_p99": 681.4,
      "actual_p99": 1892.6,
      "delta_pct": 177.8
    },
    {
      "workload": "W4",
      "backend": "C",
      "baseline_p99": 578.3,
      "actual_p99": 1882.5,
      "delta_pct": 225.5
    },
    {
      "workload": "W4",
      "backend": "D",
      "baseline_p99": 409.0,
      "actual_p99": 1837.3,
      "delta_pct": 349.2
    },
    {
      "workload": "W5",
      "backend": "A",
      "baseline_p99": 5.4,
      "actual_p99": 12.8,
      "delta_pct": 137.0
    },
    {
      "workload": "W5",
      "backend": "B",
      "baseline_p99": 7.7,
      "actual_p99": 16.6,
      "delta_pct": 115.6
    },
    {
      "workload": "W5",
      "backend": "C",
      "baseline_p99": 7.7,
      "actual_p99": 16.1,
      "delta_pct": 109.1
    },
    {
      "workload": "W5",
      "backend": "D",
      "baseline_p99": 3.2,
      "actual_p99": 8.1,
      "delta_pct": 153.1
    }
  ]
}

-> publish/claim P50+P99 latency vs ci/baselines/publish-claim-p99-baseline.json
  PASS claim_p50: {'actual': 30, 'baseline': 40, 'ok': True}
  PASS claim_p99: {'actual': 41, 'limit': 20000, 'noise_cap': 20000, 'ok': True}
  PASS publish_p50: {'actual': 40, 'baseline': 48, 'ok': True}
  PASS publish_p99: {'actual': 100, 'limit': 20000, 'noise_cap': 20000, 'ok': True}

=== Perf-regression status: PASSED ===
✅ No performance regressions
