==================================================
SHARD: weft-cluster-managed
DESCRIPTION: Project weft-cluster Pillar 3: TS wire/client/topology/router/metrics, Python wire/router/UDP parity, live UDP mesh, 100k zero-alloc probes, 1M fps burst, rendezvous router
STATUS: PASSED ✅
COMMIT: e131ef88bb61edef3d432ebc036acef924ef5619
RUN: 252
==================================================

[1/8] kernel-core integrity (Law 3: core/c/weft.{c,h} byte-frozen)
    core/c/weft.{c,h} untouched
[2/8] TS wire vectors + cross-language guard
✔ crosslang: TS still decodes the frozen WCN1 vectors byte-exactly (1.575983ms)
✔ crosslang: TS rejects malformed fixtures with the frozen codes (0.301525ms)
✔ crosslang: FNV/CRC reference vectors match the fixture (0.375113ms)
✔ crc32 IEEE vectors (parity with Python zlib.crc32) (1.144467ms)
✔ fnv1a64 topic hash vectors (parity with Python impl) (0.343877ms)
✔ WCN1 header: little-endian byte layout is normative (0.324147ms)
✔ WCN1 round-trip: encode -> decode -> same fields (5.860319ms)
✔ Law 4: malformed datagrams map to the exact error taxonomy (0.388933ms)
✔ error names are stable (Law 4 contract) (0.289457ms)
✔ WGS1 gossip: encode + entries + decode round-trip (0.441361ms)
✔ WGS1: entry_count overrun is WC_E_TRUNCATED, not a crash (0.165364ms)
✔ Law 1: decodeInto is allocation-free (structural check) (0.416745ms)
ℹ tests 12
ℹ suites 0
ℹ pass 12
ℹ fail 0
ℹ cancelled 0
ℹ skipped 0
ℹ todo 0
ℹ duration_ms 86.381895
[3/8] Python wire + router vector parity
.........                                                                [100%]
9 passed in 0.33s
[4/8] TypeScript suite
✔ shm: publish -> subscribe async iterator, seq monotonic, payload intact (11.597256ms)
✔ shm: two subscribers fan out independently; unsubscribe stops flow (11.636984ms)
✔ shm: tryLatest reads newest without advancing the iterator (5.565975ms)
✔ Law 4: stale seq replays are dropped and counted (datagram path) (0.841701ms)
✔ udp: two clients, SUB control plane, live datagram pub/sub (39.524043ms)
✔ udp: publisher with zero subscribers stays silent (no peers dup) (1.118018ms)
✔ crosslang: TS still decodes the frozen WCN1 vectors byte-exactly (1.318784ms)
✔ crosslang: TS rejects malformed fixtures with the frozen codes (0.295506ms)
✔ crosslang: FNV/CRC reference vectors match the fixture (0.456854ms)
✔ registry: counters, gauges, histogram quantile sanity (3.247307ms)
✔ histogram bucket bounds follow the 1, 2, 3, 4, 6, 8, 12... sequence (0.396114ms)
✔ prometheus: exposition format with cumulative histogram buckets (1.792643ms)
✔ otel: OTLP/JSON document shape (resourceMetrics -> metrics) (2.114477ms)
✔ perfetto: .pftrace protobuf round-trips packets and track events (2.160204ms)
✔ prometheus: embedded /metrics server answers 200 over real HTTP (61.859177ms)
✔ router: deterministic owner across calls and instances (2.08286ms)
✔ router: cross-language owner vector (node seeds 11,22,33,44 / telemetry) (3.096575ms)
✔ router: 8-node balance within 3x envelope (8.029206ms)
✔ router: minimal disruption — adding 1 of 9 nodes moves ~1/9 of topics (8.995911ms)
✔ router: unrouted topic -> WC_E_TOPIC_UNROUTED (0.370707ms)
✔ router: removeNode stops routing to it; version bumps (0.927717ms)
✔ membership: upsert + hash-index lookup round-trip (1.807714ms)
✔ membership: open addressing survives heavy collisions (1.681198ms)
✔ gossip: 3 engines converge to a full membership view (socketless) (3.722267ms)
✔ gossip: stale incarnation ignored, higher incarnation wins (0.506807ms)
✔ gossip: LEAVING is sticky at equal incarnation, revive needs higher (0.393029ms)
✔ gossip: SWIM refutation — falsely-leaving node bumps incarnation (2.076671ms)
✔ gossip: silent nodes suspect then evicted (fake clock) (0.455772ms)
✔ gossip: graceful leave announces and propagates LEAVING (0.439268ms)
✔ crc32 IEEE vectors (parity with Python zlib.crc32) (1.118619ms)
✔ fnv1a64 topic hash vectors (parity with Python impl) (0.29855ms)
✔ WCN1 header: little-endian byte layout is normative (0.275797ms)
✔ WCN1 round-trip: encode -> decode -> same fields (4.25363ms)
✔ Law 4: malformed datagrams map to the exact error taxonomy (0.28462ms)
✔ error names are stable (Law 4 contract) (0.261785ms)
✔ WGS1 gossip: encode + entries + decode round-trip (0.429102ms)
✔ WGS1: entry_count overrun is WC_E_TRUNCATED, not a crash (0.130472ms)
✔ Law 1: decodeInto is allocation-free (structural check) (0.25762ms)
ℹ tests 38
ℹ suites 0
ℹ pass 38
ℹ fail 0
ℹ cancelled 0
ℹ skipped 0
ℹ todo 0
ℹ duration_ms 2190.267467
[5/8] Python suite
.....s.........                                                          [100%]
14 passed, 1 skipped in 8.68s
[6/8] live cross-language UDP cluster (both directions)
..                                                                       [100%]
2 passed in 8.34s
[7/8] zero-allocation probes (100k ops each, post-warmup, --expose-gc)
    {"mode":"publish","iters":100000,"heapBefore":7444688,"heapAfter":7444744,"deltaBytes":56}
    {"mode":"subscribe","iters":100000,"heapBefore":7521544,"heapAfter":7521144,"deltaBytes":-400}
    {"mode":"metrics","iters":100000,"heapBefore":7361832,"heapAfter":7359392,"deltaBytes":-2440}
    {"mode":"router","iters":100000,"heapBefore":7395672,"heapAfter":7395632,"deltaBytes":-40}
[8/8] performance gates
    [8a] 4-node demo smoke (monotonicity must PASS)
    demo PASS (monotonic, 0 gaps, 0 stale)
    [8b] mesh burst >= 1,000,000 fps (mandate D)
    {"kind":"weft-cluster-mesh-burst","transport":"loopback-shm (simulated cluster)","nodes":4,"consumers":3,"topics":1,"payloadBytes":64,"fpsTarget":1000000,"seconds":2,"publishedFrames":2000000,"ingestedFrames":6000000,"expectedIngest":6000000,"achievedFps":1094043,"fanoutWritesPerSec":3282130,"elapsedSec":1.83,"sequenceGaps":0,"hopLatencyNs":{"p50":1024,"p99":3072},"at":"2026-09-23T13:32:43.803Z"}
    [8c] membership lookup latency (mandate B1)
    {"kind":"weft-cluster-router-bench","membershipLookupNs":{"p50":18.8,"p99":31.6},"routerOwnerNs":{"p50":1081,"p99":1102.7,"nodes":8},"mandate":"lock-free cluster state table lookups < 10 ns (Pillar 3 mandate B1)"}
    lookup p50 18.8ns (gate 25ns; mandate 10ns is bare-metal — delta recorded in D-33)
weft-cluster-managed shard: ALL 8 STAGES GREEN
