==================================================
SHARD: weft-tensor-managed
DESCRIPTION: Project weft-tensor Pillar 2: WTR1 layout, TS/Python ingestion engines, DLPack/NumPy bridge, cross-language parity, React/Flutter AI hooks/widgets, 120 FPS flight demo, alloc probes
STATUS: PASSED ✅
COMMIT: d67893eabff2cd8f00b206477cbd4d49e25e6a26
RUN: 260
==================================================

[1/8] fixture determinism
OK /home/runner/work/Weft/Weft/fixtures/weft-tensor/ring-v1-f32.bin (640 B) byte-identical
OK /home/runner/work/Weft/Weft/fixtures/weft-tensor/ring-v1-u8.bin (640 B) byte-identical
[2/8] TypeScript suite
✔ zero-alloc probe [ring] — 100k steady-state ops stay flat (160.020501ms)
✔ zero-alloc probe [ingest] — 100k steady-state ops stay flat (157.784544ms)
✔ zero-alloc probe [audio] — 100k steady-state ops stay flat (127.780711ms)
✔ zero-alloc probe [render] — 100k steady-state ops stay flat (1552.792212ms)
✔ zero-alloc probe [overlay] — 100k steady-state ops stay flat (72.87535ms)
✔ negative control: a deliberately-allocating loop IS caught (71.770434ms)
✔ f32 fixture: header fields, 10 frames, dyadic payload parity (2.326438ms)
✔ u8 fixture: header fields, 6 frames, byte payload parity (1.217137ms)
✔ WebCodecs sync fast path: bytes land in ring, no intermediate (6.56955ms)
✔ WebCodecs async fast path resolves after the GPU readback lands (0.465338ms)
✔ copyTo failure is a DROP, never a throw into the frame loop (1.91443ms)
✔ legacy sync copyTo returning void still commits the full slot (0.375881ms)
✔ ImageData + raw paths (1.028718ms)
✔ ingestor dtype gate: f32 ring rejected (Law 4) (0.767802ms)
✔ AudioPcmFeeder: exact-fit chunks roll one slot per chunk (0.700055ms)
✔ AudioPcmFeeder: chunk spanning slot boundaries carries with zero gaps (1.200509ms)
✔ AudioPcmFeeder: tiny chunks accumulate then roll (worklet cadence) (1.025833ms)
✔ AudioPcmFeeder dtype gate + chunk size gate (Law 4) (0.918202ms)
✔ crc32 matches node:zlib over the static header region (4.659568ms)
✔ f16FromBits matches numpy float16 decode exactly (0.653258ms)
✔ f16ToBits matches numpy round-to-nearest-even (0.68112ms)
✔ fourcc round-trips as LE ASCII (0.313715ms)
✔ validateRingHeader accepts both golden fixtures (2.026729ms)
✔ fail-closed corruption matrix — every mutation gets a machine-readable code (1.893821ms)
✔ dtype validity table (0.231692ms)
✔ create() writes a self-validating header (round trip through attach) (3.155073ms)
✔ Canvas2DPlane: ONE ImageData reused, pixel-accurate blit per frame (6.933709ms)
✔ Canvas2DPlane dtype gate (Law 4) (0.967143ms)
✔ OverlayScratch + drawBoxes2D: bounded, reused, pixel records (1.550712ms)
✔ drawSkeleton2D honours confidence gating (0.430492ms)
✔ WebGL2Plane: zero-alloc texSubImage2D from the slot view + fullscreen tri (3.082487ms)
✔ create + typed commit + acquireLatest returns exact values, zero surprises (5.367088ms)
✔ byte commit path (Uint8Array) with short payload (bounded loop, no throw) (0.576445ms)
✔ acquireLatest(lastSeq) returns null when nothing new; acquireFrame bounds (0.496034ms)
✔ overrun: slotCount=2, 5 commits -> old seq gone, latest correct (0.911109ms)
✔ torn read: uncommitted slot is invisible, then visible after commit marker (0.531752ms)
✔ zero-copy begin/finish path matches convenience commit (0.437826ms)
✔ commit rejects wrong dtype / oversized payloads (fail-closed) (1.577251ms)
✔ create() input validation is fail-closed (0.621219ms)
✔ waitForNewFrame resolves via injected scheduler; timeout path returns null (35.734043ms)
✔ SharedArrayBuffer smoke: create(shared) + atomics publish + acquire (0.775817ms)
✔ ring stats counters are sealed and monotonic (0.289891ms)
✔ detectRuntime identifies node (this process) (1.504174ms)
✔ detectRuntime: browser / deno / bun / worker / electron fakes (0.394245ms)
✔ runtimeMatrix feature list stays sorted/deterministic (1.228421ms)
✔ assertShareable accepts SAB, rejects plain ArrayBuffer (0.776588ms)
ℹ tests 46
ℹ suites 0
ℹ pass 46
ℹ fail 0
ℹ cancelled 0
ℹ skipped 0
ℹ todo 0
ℹ duration_ms 2226.045695
[3/8] Python suite
.......s.............s................                                   [100%]
36 passed, 2 skipped in 9.29s
[4/8] TS producer -> Python consumer
{"producer":"typescript","path":"/tmp/tmp.dWNmJStzGQ/ts_ring.bin","byteLength":640,"producerSeq":10,"slotStride":128,"schemaId":"fe77000000000000"}
{"consumer": "python", "path": "/tmp/tmp.dWNmJStzGQ/ts_ring.bin", "framesValidated": [7, 8, 9, 10], "dlpackAlias": true, "ok": true}
[5/8] Python producer -> TS consumer
{"producer": "python", "path": "/tmp/tmp.dWNmJStzGQ/py_ring.bin", "byteLength": 640, "producerSeq": 10, "slotStride": 128, "schemaId": "fe77000000000001"}
{"consumer":"typescript","path":"/tmp/tmp.dWNmJStzGQ/py_ring.bin","framesValidated":[7,8,9,10],"ok":true}
[6/8] DLPack alias proof (consumed the TS-produced ring, pointer-checked)
    dlpack alias OK (slot ptr 0x5578f96a7f30 inside ring 0x5578f96a7df0..0x5578f96a8070)
[7/8] zero-allocation probes (100k ops each, post-warmup, --expose-gc)
    {"mode":"ring","iters":100000,"heapBefore":4389904,"heapAfter":4402608,"deltaBytes":12704}
    {"mode":"ingest","iters":100000,"heapBefore":4415768,"heapAfter":4411664,"deltaBytes":-4104}
    {"mode":"audio","iters":100000,"heapBefore":4392536,"heapAfter":4405840,"deltaBytes":13304}
    {"mode":"render","iters":100000,"heapBefore":4404960,"heapAfter":4406560,"deltaBytes":1600}
    {"mode":"overlay","iters":100000,"heapBefore":4284936,"heapAfter":4285648,"deltaBytes":712}
[8/8] latency gates (directive: commit < 50us)
    {"bench":"weft-tensor commit/acquire","node":"v24.20.0","video":{"geometry":"320x180 RGBA","slotCapBytes":230400,"commit":{"n":50000,"p50_us":0.18,"p99_us":1.383,"max_us":163.614},"acquire":{"n":50000,"p50_us":0.2,"p99_us":0.541,"max_us":85.549},"commit_under_50us":true},"audio":{"geometry":"2ch x 128 f32 (interleaved quanta 256)","slotCapBytes":1024,"commit":{"n":50000,"p50_us":0.481,"p99_us":0.551,"max_us":149.247},"acquire":{"n":50000,"p50_us":0.12,"p99_us":1.252,"max_us":437.474},"commit_under_50us":true}}
weft-tensor managed shard: ALL 8 STAGES GREEN
