==================================================
SHARD: weft-cluster-managed
DESCRIPTION: Project weft-cluster Pillar 3: TS wire/client/topology/router/metrics, Python wire/router/UDP parity, live UDP mesh, 100k zero-alloc probes, 1M fps burst, rendezvous router
STATUS: PASSED ✅
COMMIT: d67893eabff2cd8f00b206477cbd4d49e25e6a26
RUN: 260
==================================================

[1/8] kernel-core integrity (Law 3: core/c/weft.{c,h} byte-frozen)
    core/c/weft.{c,h} untouched
[2/8] TS wire vectors + cross-language guard
✔ crosslang: TS still decodes the frozen WCN1 vectors byte-exactly (1.35916ms)
✔ crosslang: TS rejects malformed fixtures with the frozen codes (0.299104ms)
✔ crosslang: FNV/CRC reference vectors match the fixture (0.37691ms)
✔ crc32 IEEE vectors (parity with Python zlib.crc32) (1.334513ms)
✔ fnv1a64 topic hash vectors (parity with Python impl) (0.386608ms)
✔ WCN1 header: little-endian byte layout is normative (0.446351ms)
✔ WCN1 round-trip: encode -> decode -> same fields (5.648679ms)
✔ Law 4: malformed datagrams map to the exact error taxonomy (0.343097ms)
✔ error names are stable (Law 4 contract) (0.335562ms)
✔ WGS1 gossip: encode + entries + decode round-trip (0.586425ms)
✔ WGS1: entry_count overrun is WC_E_TRUNCATED, not a crash (0.162697ms)
✔ Law 1: decodeInto is allocation-free (structural check) (0.383733ms)
ℹ tests 12
ℹ suites 0
ℹ pass 12
ℹ fail 0
ℹ cancelled 0
ℹ skipped 0
ℹ todo 0
ℹ duration_ms 87.838607
[3/8] Python wire + router vector parity
.........                                                                [100%]
9 passed in 0.33s
[4/8] TypeScript suite
✔ shm: publish -> subscribe async iterator, seq monotonic, payload intact (15.033726ms)
✔ shm: two subscribers fan out independently; unsubscribe stops flow (12.469167ms)
✔ shm: tryLatest reads newest without advancing the iterator (5.751453ms)
✔ Law 4: stale seq replays are dropped and counted (datagram path) (0.810486ms)
✔ udp: two clients, SUB control plane, live datagram pub/sub (44.031267ms)
✔ udp: publisher with zero subscribers stays silent (no peers dup) (0.939119ms)
✔ crosslang: TS still decodes the frozen WCN1 vectors byte-exactly (1.435945ms)
✔ crosslang: TS rejects malformed fixtures with the frozen codes (0.274837ms)
✔ crosslang: FNV/CRC reference vectors match the fixture (0.350951ms)
✔ registry: counters, gauges, histogram quantile sanity (3.951062ms)
✔ histogram bucket bounds follow the 1, 2, 3, 4, 6, 8, 12... sequence (0.498288ms)
✔ prometheus: exposition format with cumulative histogram buckets (1.797155ms)
✔ otel: OTLP/JSON document shape (resourceMetrics -> metrics) (1.865042ms)
✔ perfetto: .pftrace protobuf round-trips packets and track events (2.466917ms)
✔ prometheus: embedded /metrics server answers 200 over real HTTP (67.422094ms)
✔ router: deterministic owner across calls and instances (1.808256ms)
✔ router: cross-language owner vector (node seeds 11,22,33,44 / telemetry) (1.920498ms)
✔ router: 8-node balance within 3x envelope (7.161098ms)
✔ router: minimal disruption — adding 1 of 9 nodes moves ~1/9 of topics (11.834351ms)
✔ router: unrouted topic -> WC_E_TOPIC_UNROUTED (0.246545ms)
✔ router: removeNode stops routing to it; version bumps (0.263676ms)
✔ membership: upsert + hash-index lookup round-trip (1.681788ms)
✔ membership: open addressing survives heavy collisions (1.564497ms)
✔ gossip: 3 engines converge to a full membership view (socketless) (3.370929ms)
✔ gossip: stale incarnation ignored, higher incarnation wins (0.4938ms)
✔ gossip: LEAVING is sticky at equal incarnation, revive needs higher (0.358785ms)
✔ gossip: SWIM refutation — falsely-leaving node bumps incarnation (0.327928ms)
✔ gossip: silent nodes suspect then evicted (fake clock) (0.342795ms)
✔ gossip: graceful leave announces and propagates LEAVING (0.372051ms)
✔ crc32 IEEE vectors (parity with Python zlib.crc32) (1.117926ms)
✔ fnv1a64 topic hash vectors (parity with Python impl) (0.317027ms)
✔ WCN1 header: little-endian byte layout is normative (0.276691ms)
✔ WCN1 round-trip: encode -> decode -> same fields (4.475771ms)
✔ Law 4: malformed datagrams map to the exact error taxonomy (0.348667ms)
✔ error names are stable (Law 4 contract) (0.315394ms)
✔ WGS1 gossip: encode + entries + decode round-trip (0.398862ms)
✔ WGS1: entry_count overrun is WC_E_TRUNCATED, not a crash (0.144381ms)
✔ Law 1: decodeInto is allocation-free (structural check) (0.324842ms)
ℹ tests 38
ℹ suites 0
ℹ pass 38
ℹ fail 0
ℹ cancelled 0
ℹ skipped 0
ℹ todo 0
ℹ duration_ms 2217.429473
[5/8] Python suite
.....s.........                                                          [100%]
14 passed, 1 skipped in 8.69s
[6/8] live cross-language UDP cluster (both directions)
..                                                                       [100%]
2 passed in 8.34s
[7/8] zero-allocation probes (100k ops each, post-warmup, --expose-gc)
    {"mode":"publish","iters":100000,"heapBefore":7486840,"heapAfter":7486896,"deltaBytes":56}
    {"mode":"subscribe","iters":100000,"heapBefore":7554592,"heapAfter":7557992,"deltaBytes":3400}
    {"mode":"metrics","iters":100000,"heapBefore":7396768,"heapAfter":7396456,"deltaBytes":-312}
    {"mode":"router","iters":100000,"heapBefore":7432480,"heapAfter":7432440,"deltaBytes":-40}
[8/8] performance gates
    [8a] 4-node demo smoke (monotonicity must PASS)
    demo PASS (monotonic, 0 gaps, 0 stale)
    [8b] mesh burst >= 1,000,000 fps (mandate D)
    {"kind":"weft-cluster-mesh-burst","transport":"loopback-shm (simulated cluster)","nodes":4,"consumers":3,"topics":1,"payloadBytes":64,"fpsTarget":1000000,"seconds":2,"publishedFrames":2000000,"ingestedFrames":6000000,"expectedIngest":6000000,"achievedFps":1016875,"fanoutWritesPerSec":3050625,"elapsedSec":1.97,"sequenceGaps":0,"hopLatencyNs":{"p50":1024,"p99":2048},"at":"2026-09-23T14:02:41.530Z"}
    [8c] membership lookup latency (mandate B1)
    {"kind":"weft-cluster-router-bench","membershipLookupNs":{"p50":17,"p99":35.2},"routerOwnerNs":{"p50":1141.7,"p99":1161.3,"nodes":8},"mandate":"lock-free cluster state table lookups < 10 ns (Pillar 3 mandate B1)"}
    lookup p50 17ns (gate 25ns; mandate 10ns is bare-metal — delta recorded in D-33)
weft-cluster-managed shard: ALL 8 STAGES GREEN
