==================================================
SHARD: perf-regression
DESCRIPTION: W-suite P99 vs pinned baseline; >15% drop = FAIL
STATUS: PASSED ✅
COMMIT: d67893eabff2cd8f00b206477cbd4d49e25e6a26
RUN: 260
==================================================

→ W1/A ... P99=146.6 alloc/frame=0.0 [PASS]
→ W1/B ... P99=165.3 alloc/frame=0.0 [PASS]
→ W1/C .../home/runner/work/Weft/Weft/core/c/weft.c:15: warning: "_GNU_SOURCE" redefined
   15 | #define _GNU_SOURCE  // for posix_memalign
      | 
<command-line>: note: this is the location of the previous definition
→ compiling Weft C kernel to /home/runner/work/Weft/Weft/core/c/libweft.so
 P99=144.7 alloc/frame=0.0 [PASS]
→ W1/D ... P99=109.3 alloc/frame=0.0 [PASS]
→ W2/A ... P99=95.0 alloc/frame=0.0 [PASS]
→ W2/B ... P99=134.1 alloc/frame=0.0 [PASS]
→ W2/C ... P99=112.3 alloc/frame=0.0 [PASS]
→ W2/D ... P99=49.5 alloc/frame=0.0 [PASS]
→ W3/A ... P99=8.7 alloc/frame=0.0 [PASS]
→ W3/B ... P99=10.3 alloc/frame=0.0 [PASS]
→ W3/C ... P99=14.0 alloc/frame=0.0 [PASS]
→ W3/D ... P99=7.2 alloc/frame=0.0 [PASS]
→ W4/A ... P99=3359.5 alloc/frame=0.0 [PASS]
→ W4/B ... P99=2933.7 alloc/frame=0.0 [PASS]
→ W4/C ... P99=3443.6 alloc/frame=0.0 [PASS]
→ W4/D ... P99=3131.0 alloc/frame=0.0 [PASS]
→ W5/A ... P99=22.9 alloc/frame=0.0 [PASS]
→ W5/B ... P99=28.7 alloc/frame=0.0 [PASS]
→ W5/C ... P99=22.9 alloc/frame=0.0 [PASS]
→ W5/D ... P99=12.5 alloc/frame=0.0 [PASS]

✓ W-suite bundle: /home/runner/work/Weft/Weft/bench/results/wsuite-x86_64-sandbox.json
  cells: 20 (target: 20 = 5 workloads × 4 backends)
  pass: 20/20
P99=165.3 alloc/frame=0.0 [PASS]
→ W1/C .../home/runner/work/Weft/Weft/core/c/weft.c:15: warning: "_GNU_SOURCE" redefined
   15 | #define _GNU_SOURCE  // for posix_memalign
      | 
<command-line>: note: this is the location of the previous definition
→ compiling Weft C kernel to /home/runner/work/Weft/Weft/core/c/libweft.so
 P99=144.7 alloc/frame=0.0 [PASS]
→ W1/D ... P99=109.3 alloc/frame=0.0 [PASS]
→ W2/A ... P99=95.0 alloc/frame=0.0 [PASS]
→ W2/B ... P99=134.1 alloc/frame=0.0 [PASS]
→ W2/C ... P99=112.3 alloc/frame=0.0 [PASS]
→ W2/D ... P99=49.5 alloc/frame=0.0 [PASS]
→ W3/A ... P99=8.7 alloc/frame=0.0 [PASS]
→ W3/B ... P99=10.3 alloc/frame=0.0 [PASS]
→ W3/C ... P99=14.0 alloc/frame=0.0 [PASS]
→ W3/D ... P99=7.2 alloc/frame=0.0 [PASS]
→ W4/A ... P99=3359.5 alloc/frame=0.0 [PASS]
→ W4/B ... P99=2933.7 alloc/frame=0.0 [PASS]
→ W4/C ... P99=3443.6 alloc/frame=0.0 [PASS]
→ W4/D ... P99=3131.0 alloc/frame=0.0 [PASS]
→ W5/A ... P99=22.9 alloc/frame=0.0 [PASS]
→ W5/B ... P99=28.7 alloc/frame=0.0 [PASS]
→ W5/C ... P99=22.9 alloc/frame=0.0 [PASS]
→ W5/D ... P99=12.5 alloc/frame=0.0 [PASS]

✓ W-suite bundle: /home/runner/work/Weft/Weft/bench/results/wsuite-x86_64-sandbox.json
  cells: 20 (target: 20 = 5 workloads × 4 backends)
  pass: 20/20
{
  "shard": "perf-regression",
  "status": "PASSED",
  "threshold_pct": 5,
  "regression_count": 0,
  "improvement_count": 20,
  "cells_compared": 20,
  "regressions": [],
  "improvements": [
    {
      "workload": "W1",
      "backend": "A",
      "baseline": 7.3,
      "actual": 146.6,
      "delta_pct": 1908.2,
      "reason": "improvement"
    },
    {
      "workload": "W1",
      "backend": "B",
      "baseline": 44.6,
      "actual": 165.3,
      "delta_pct": 270.6,
      "reason": "improvement"
    },
    {
      "workload": "W1",
      "backend": "C",
      "baseline": 7.8,
      "actual": 144.7,
      "delta_pct": 1755.1,
      "reason": "improvement"
    },
    {
      "workload": "W1",
      "backend": "D",
      "baseline": 18.6,
      "actual": 109.3,
      "delta_pct": 487.6,
      "reason": "improvement"
    },
    {
      "workload": "W2",
      "backend": "A",
      "baseline": 4.3,
      "actual": 95.0,
      "delta_pct": 2109.3,
      "reason": "improvement"
    },
    {
      "workload": "W2",
      "backend": "B",
      "baseline": 6.1,
      "actual": 134.1,
      "delta_pct": 2098.4,
      "reason": "improvement"
    },
    {
      "workload": "W2",
      "backend": "C",
      "baseline": 16.4,
      "actual": 112.3,
      "delta_pct": 584.8,
      "reason": "improvement"
    },
    {
      "workload": "W2",
      "backend": "D",
      "baseline": 7.5,
      "actual": 49.5,
      "delta_pct": 560.0,
      "reason": "improvement"
    },
    {
      "workload": "W3",
      "backend": "A",
      "baseline": 2.6,
      "actual": 8.7,
      "delta_pct": 234.6,
      "reason": "improvement"
    },
    {
      "workload": "W3",
      "backend": "B",
      "baseline": 3.7,
      "actual": 10.3,
      "delta_pct": 178.4,
      "reason": "improvement"
    },
    {
      "workload": "W3",
      "backend": "C",
      "baseline": 2.8,
      "actual": 14.0,
      "delta_pct": 400.0,
      "reason": "improvement"
    },
    {
      "workload": "W3",
      "backend": "D",
      "baseline": 1.1,
      "actual": 7.2,
      "delta_pct": 554.5,
      "reason": "improvement"
    },
    {
      "workload": "W4",
      "backend": "A",
      "baseline": 659.0,
      "actual": 3359.5,
      "delta_pct": 409.8,
      "reason": "improvement"
    },
    {
      "workload": "W4",
      "backend": "B",
      "baseline": 681.4,
      "actual": 2933.7,
      "delta_pct": 330.5,
      "reason": "improvement"
    },
    {
      "workload": "W4",
      "backend": "C",
      "baseline": 578.3,
      "actual": 3443.6,
      "delta_pct": 495.5,
      "reason": "improvement"
    },
    {
      "workload": "W4",
      "backend": "D",
      "baseline": 409.0,
      "actual": 3131.0,
      "delta_pct": 665.5,
      "reason": "improvement"
    },
    {
      "workload": "W5",
      "backend": "A",
      "baseline": 5.4,
      "actual": 22.9,
      "delta_pct": 324.1,
      "reason": "improvement"
    },
    {
      "workload": "W5",
      "backend": "B",
      "baseline": 7.7,
      "actual": 28.7,
      "delta_pct": 272.7,
      "reason": "improvement"
    },
    {
      "workload": "W5",
      "backend": "C",
      "baseline": 7.7,
      "actual": 22.9,
      "delta_pct": 197.4,
      "reason": "improvement"
    },
    {
      "workload": "W5",
      "backend": "D",
      "baseline": 3.2,
      "actual": 12.5,
      "delta_pct": 290.6,
      "reason": "improvement"
    }
  ],
  "all_compared": [
    {
      "workload": "W1",
      "backend": "A",
      "baseline_p99": 7.3,
      "actual_p99": 146.6,
      "delta_pct": 1908.2
    },
    {
      "workload": "W1",
      "backend": "B",
      "baseline_p99": 44.6,
      "actual_p99": 165.3,
      "delta_pct": 270.6
    },
    {
      "workload": "W1",
      "backend": "C",
      "baseline_p99": 7.8,
      "actual_p99": 144.7,
      "delta_pct": 1755.1
    },
    {
      "workload": "W1",
      "backend": "D",
      "baseline_p99": 18.6,
      "actual_p99": 109.3,
      "delta_pct": 487.6
    },
    {
      "workload": "W2",
      "backend": "A",
      "baseline_p99": 4.3,
      "actual_p99": 95.0,
      "delta_pct": 2109.3
    },
    {
      "workload": "W2",
      "backend": "B",
      "baseline_p99": 6.1,
      "actual_p99": 134.1,
      "delta_pct": 2098.4
    },
    {
      "workload": "W2",
      "backend": "C",
      "baseline_p99": 16.4,
      "actual_p99": 112.3,
      "delta_pct": 584.8
    },
    {
      "workload": "W2",
      "backend": "D",
      "baseline_p99": 7.5,
      "actual_p99": 49.5,
      "delta_pct": 560.0
    },
    {
      "workload": "W3",
      "backend": "A",
      "baseline_p99": 2.6,
      "actual_p99": 8.7,
      "delta_pct": 234.6
    },
    {
      "workload": "W3",
      "backend": "B",
      "baseline_p99": 3.7,
      "actual_p99": 10.3,
      "delta_pct": 178.4
    },
    {
      "workload": "W3",
      "backend": "C",
      "baseline_p99": 2.8,
      "actual_p99": 14.0,
      "delta_pct": 400.0
    },
    {
      "workload": "W3",
      "backend": "D",
      "baseline_p99": 1.1,
      "actual_p99": 7.2,
      "delta_pct": 554.5
    },
    {
      "workload": "W4",
      "backend": "A",
      "baseline_p99": 659.0,
      "actual_p99": 3359.5,
      "delta_pct": 409.8
    },
    {
      "workload": "W4",
      "backend": "B",
      "baseline_p99": 681.4,
      "actual_p99": 2933.7,
      "delta_pct": 330.5
    },
    {
      "workload": "W4",
      "backend": "C",
      "baseline_p99": 578.3,
      "actual_p99": 3443.6,
      "delta_pct": 495.5
    },
    {
      "workload": "W4",
      "backend": "D",
      "baseline_p99": 409.0,
      "actual_p99": 3131.0,
      "delta_pct": 665.5
    },
    {
      "workload": "W5",
      "backend": "A",
      "baseline_p99": 5.4,
      "actual_p99": 22.9,
      "delta_pct": 324.1
    },
    {
      "workload": "W5",
      "backend": "B",
      "baseline_p99": 7.7,
      "actual_p99": 28.7,
      "delta_pct": 272.7
    },
    {
      "workload": "W5",
      "backend": "C",
      "baseline_p99": 7.7,
      "actual_p99": 22.9,
      "delta_pct": 197.4
    },
    {
      "workload": "W5",
      "backend": "D",
      "baseline_p99": 3.2,
      "actual_p99": 12.5,
      "delta_pct": 290.6
    }
  ]
}

-> publish/claim P50+P99 latency vs ci/baselines/publish-claim-p99-baseline.json
  PASS claim_p50: {'actual': 30, 'baseline': 40, 'ok': True}
  PASS claim_p99: {'actual': 60, 'limit': 20000, 'noise_cap': 20000, 'ok': True}
  PASS publish_p50: {'actual': 40, 'baseline': 48, 'ok': True}
  PASS publish_p99: {'actual': 41, 'limit': 20000, 'noise_cap': 20000, 'ok': True}

=== Perf-regression status: PASSED ===
✅ No performance regressions
