==================================================
SHARD: simd-blend
DESCRIPTION: Q12 raster blend: C golden gates + xlang-blend cross-language digests + bench
STATUS: PASSED ✅
COMMIT: db2425477edf7d2cce814d4451b47f403b4bf487
RUN: 168
==================================================

== simd-blend shard: env x86_64/Linux ==
-- C kernel gates --
== blend_test: impl=avx2 (2) ==
B1 boundaries: OK
B2 parity sweep: OK (154 path-checks, all == scalar)
B3 alpha sweep 0..4096 (dispatched): OK
B4 in-place aliasing: OK
blend_test: ALL GATES GREEN
blend-test: ALL GATES GREEN
-- xlang-blend golden gate --
== xlang-blend golden parity: env x86_64/Linux ==
-- C kernel (golden source) --
   blend-test gates GREEN
   golden-vectors.csv matches the kernel
-- TS verifier (reference port) --
xlang-blend TS verifier: 63/63 golden digests match
-- Kotlin verifier --
xlang-blend Kotlin verifier: 63/63 golden digests match
-- Dart verifier: DECLARED skip (no dart; flutter-packages leg owns it) --
-- Swift port: DECLARED skip (no swiftc; apple-packages compiles + golden-gates it) --

xlang-blend: ran=3 declared_skips=2
✅ xlang-blend parity: every executed port byte-identical to the C kernel
xlang-blend parity GREEN
-- blend_runner benchmark --
== blend_runner: dispatch=avx2 ==
256x256-hot (65536 words): scalar   142060 ns/frame (  5.5 GB/s) | avx2    14004 ns/frame ( 56.2 GB/s) | speedup 10.14x
1080p (2073600 words): scalar  4406066 ns/frame (  5.6 GB/s) | avx2   449967 ns/frame ( 55.3 GB/s) | speedup 9.79x
4K (8294400 words): scalar 17780772 ns/frame (  5.6 GB/s) | avx2  2109276 ns/frame ( 47.2 GB/s) | speedup 8.43x
8K (33177600 words): scalar 70785816 ns/frame (  5.6 GB/s) | avx2  9592462 ns/frame ( 41.5 GB/s) | speedup 7.38x
✅ simd-blend shard GREEN
