==================================================
SHARD: perf-regression
DESCRIPTION: W-suite P99 vs pinned baseline; >15% drop = FAIL
STATUS: PASSED ✅
COMMIT: db2425477edf7d2cce814d4451b47f403b4bf487
RUN: 168
==================================================

→ W1/A ... P99=133.0 alloc/frame=0.0 [PASS]
→ W1/B ... P99=144.1 alloc/frame=0.0 [PASS]
→ W1/C .../home/runner/work/Weft/Weft/core/c/weft.c:15: warning: "_GNU_SOURCE" redefined
   15 | #define _GNU_SOURCE  // for posix_memalign
      | 
<command-line>: note: this is the location of the previous definition
→ compiling Weft C kernel to /home/runner/work/Weft/Weft/core/c/libweft.so
 P99=145.8 alloc/frame=0.0 [PASS]
→ W1/D ... P99=78.6 alloc/frame=0.0 [PASS]
→ W2/A ... P99=87.6 alloc/frame=0.0 [PASS]
→ W2/B ... P99=127.3 alloc/frame=0.0 [PASS]
→ W2/C ... P99=133.6 alloc/frame=0.0 [PASS]
→ W2/D ... P99=43.0 alloc/frame=0.0 [PASS]
→ W3/A ... P99=10.8 alloc/frame=0.0 [PASS]
→ W3/B ... P99=9.6 alloc/frame=0.0 [PASS]
→ W3/C ... P99=12.1 alloc/frame=0.0 [PASS]
→ W3/D ... P99=6.2 alloc/frame=0.0 [PASS]
→ W4/A ... P99=2684.1 alloc/frame=0.0 [PASS]
→ W4/B ... P99=3053.6 alloc/frame=0.0 [PASS]
→ W4/C ... P99=2833.0 alloc/frame=0.0 [PASS]
→ W4/D ... P99=3184.7 alloc/frame=0.0 [PASS]
→ W5/A ... P99=19.8 alloc/frame=0.0 [PASS]
→ W5/B ... P99=30.0 alloc/frame=0.0 [PASS]
→ W5/C ... P99=29.4 alloc/frame=0.0 [PASS]
→ W5/D ... P99=13.3 alloc/frame=0.0 [PASS]

✓ W-suite bundle: /home/runner/work/Weft/Weft/bench/results/wsuite-x86_64-sandbox.json
  cells: 20 (target: 20 = 5 workloads × 4 backends)
  pass: 20/20
 P99=144.1 alloc/frame=0.0 [PASS]
→ W1/C .../home/runner/work/Weft/Weft/core/c/weft.c:15: warning: "_GNU_SOURCE" redefined
   15 | #define _GNU_SOURCE  // for posix_memalign
      | 
<command-line>: note: this is the location of the previous definition
→ compiling Weft C kernel to /home/runner/work/Weft/Weft/core/c/libweft.so
 P99=145.8 alloc/frame=0.0 [PASS]
→ W1/D ... P99=78.6 alloc/frame=0.0 [PASS]
→ W2/A ... P99=87.6 alloc/frame=0.0 [PASS]
→ W2/B ... P99=127.3 alloc/frame=0.0 [PASS]
→ W2/C ... P99=133.6 alloc/frame=0.0 [PASS]
→ W2/D ... P99=43.0 alloc/frame=0.0 [PASS]
→ W3/A ... P99=10.8 alloc/frame=0.0 [PASS]
→ W3/B ... P99=9.6 alloc/frame=0.0 [PASS]
→ W3/C ... P99=12.1 alloc/frame=0.0 [PASS]
→ W3/D ... P99=6.2 alloc/frame=0.0 [PASS]
→ W4/A ... P99=2684.1 alloc/frame=0.0 [PASS]
→ W4/B ... P99=3053.6 alloc/frame=0.0 [PASS]
→ W4/C ... P99=2833.0 alloc/frame=0.0 [PASS]
→ W4/D ... P99=3184.7 alloc/frame=0.0 [PASS]
→ W5/A ... P99=19.8 alloc/frame=0.0 [PASS]
→ W5/B ... P99=30.0 alloc/frame=0.0 [PASS]
→ W5/C ... P99=29.4 alloc/frame=0.0 [PASS]
→ W5/D ... P99=13.3 alloc/frame=0.0 [PASS]

✓ W-suite bundle: /home/runner/work/Weft/Weft/bench/results/wsuite-x86_64-sandbox.json
  cells: 20 (target: 20 = 5 workloads × 4 backends)
  pass: 20/20
{
  "shard": "perf-regression",
  "status": "PASSED",
  "threshold_pct": 5,
  "regression_count": 0,
  "improvement_count": 20,
  "cells_compared": 20,
  "regressions": [],
  "improvements": [
    {
      "workload": "W1",
      "backend": "A",
      "baseline": 7.3,
      "actual": 133.0,
      "delta_pct": 1721.9,
      "reason": "improvement"
    },
    {
      "workload": "W1",
      "backend": "B",
      "baseline": 44.6,
      "actual": 144.1,
      "delta_pct": 223.1,
      "reason": "improvement"
    },
    {
      "workload": "W1",
      "backend": "C",
      "baseline": 7.8,
      "actual": 145.8,
      "delta_pct": 1769.2,
      "reason": "improvement"
    },
    {
      "workload": "W1",
      "backend": "D",
      "baseline": 18.6,
      "actual": 78.6,
      "delta_pct": 322.6,
      "reason": "improvement"
    },
    {
      "workload": "W2",
      "backend": "A",
      "baseline": 4.3,
      "actual": 87.6,
      "delta_pct": 1937.2,
      "reason": "improvement"
    },
    {
      "workload": "W2",
      "backend": "B",
      "baseline": 6.1,
      "actual": 127.3,
      "delta_pct": 1986.9,
      "reason": "improvement"
    },
    {
      "workload": "W2",
      "backend": "C",
      "baseline": 16.4,
      "actual": 133.6,
      "delta_pct": 714.6,
      "reason": "improvement"
    },
    {
      "workload": "W2",
      "backend": "D",
      "baseline": 7.5,
      "actual": 43.0,
      "delta_pct": 473.3,
      "reason": "improvement"
    },
    {
      "workload": "W3",
      "backend": "A",
      "baseline": 2.6,
      "actual": 10.8,
      "delta_pct": 315.4,
      "reason": "improvement"
    },
    {
      "workload": "W3",
      "backend": "B",
      "baseline": 3.7,
      "actual": 9.6,
      "delta_pct": 159.5,
      "reason": "improvement"
    },
    {
      "workload": "W3",
      "backend": "C",
      "baseline": 2.8,
      "actual": 12.1,
      "delta_pct": 332.1,
      "reason": "improvement"
    },
    {
      "workload": "W3",
      "backend": "D",
      "baseline": 1.1,
      "actual": 6.2,
      "delta_pct": 463.6,
      "reason": "improvement"
    },
    {
      "workload": "W4",
      "backend": "A",
      "baseline": 659.0,
      "actual": 2684.1,
      "delta_pct": 307.3,
      "reason": "improvement"
    },
    {
      "workload": "W4",
      "backend": "B",
      "baseline": 681.4,
      "actual": 3053.6,
      "delta_pct": 348.1,
      "reason": "improvement"
    },
    {
      "workload": "W4",
      "backend": "C",
      "baseline": 578.3,
      "actual": 2833.0,
      "delta_pct": 389.9,
      "reason": "improvement"
    },
    {
      "workload": "W4",
      "backend": "D",
      "baseline": 409.0,
      "actual": 3184.7,
      "delta_pct": 678.7,
      "reason": "improvement"
    },
    {
      "workload": "W5",
      "backend": "A",
      "baseline": 5.4,
      "actual": 19.8,
      "delta_pct": 266.7,
      "reason": "improvement"
    },
    {
      "workload": "W5",
      "backend": "B",
      "baseline": 7.7,
      "actual": 30.0,
      "delta_pct": 289.6,
      "reason": "improvement"
    },
    {
      "workload": "W5",
      "backend": "C",
      "baseline": 7.7,
      "actual": 29.4,
      "delta_pct": 281.8,
      "reason": "improvement"
    },
    {
      "workload": "W5",
      "backend": "D",
      "baseline": 3.2,
      "actual": 13.3,
      "delta_pct": 315.6,
      "reason": "improvement"
    }
  ],
  "all_compared": [
    {
      "workload": "W1",
      "backend": "A",
      "baseline_p99": 7.3,
      "actual_p99": 133.0,
      "delta_pct": 1721.9
    },
    {
      "workload": "W1",
      "backend": "B",
      "baseline_p99": 44.6,
      "actual_p99": 144.1,
      "delta_pct": 223.1
    },
    {
      "workload": "W1",
      "backend": "C",
      "baseline_p99": 7.8,
      "actual_p99": 145.8,
      "delta_pct": 1769.2
    },
    {
      "workload": "W1",
      "backend": "D",
      "baseline_p99": 18.6,
      "actual_p99": 78.6,
      "delta_pct": 322.6
    },
    {
      "workload": "W2",
      "backend": "A",
      "baseline_p99": 4.3,
      "actual_p99": 87.6,
      "delta_pct": 1937.2
    },
    {
      "workload": "W2",
      "backend": "B",
      "baseline_p99": 6.1,
      "actual_p99": 127.3,
      "delta_pct": 1986.9
    },
    {
      "workload": "W2",
      "backend": "C",
      "baseline_p99": 16.4,
      "actual_p99": 133.6,
      "delta_pct": 714.6
    },
    {
      "workload": "W2",
      "backend": "D",
      "baseline_p99": 7.5,
      "actual_p99": 43.0,
      "delta_pct": 473.3
    },
    {
      "workload": "W3",
      "backend": "A",
      "baseline_p99": 2.6,
      "actual_p99": 10.8,
      "delta_pct": 315.4
    },
    {
      "workload": "W3",
      "backend": "B",
      "baseline_p99": 3.7,
      "actual_p99": 9.6,
      "delta_pct": 159.5
    },
    {
      "workload": "W3",
      "backend": "C",
      "baseline_p99": 2.8,
      "actual_p99": 12.1,
      "delta_pct": 332.1
    },
    {
      "workload": "W3",
      "backend": "D",
      "baseline_p99": 1.1,
      "actual_p99": 6.2,
      "delta_pct": 463.6
    },
    {
      "workload": "W4",
      "backend": "A",
      "baseline_p99": 659.0,
      "actual_p99": 2684.1,
      "delta_pct": 307.3
    },
    {
      "workload": "W4",
      "backend": "B",
      "baseline_p99": 681.4,
      "actual_p99": 3053.6,
      "delta_pct": 348.1
    },
    {
      "workload": "W4",
      "backend": "C",
      "baseline_p99": 578.3,
      "actual_p99": 2833.0,
      "delta_pct": 389.9
    },
    {
      "workload": "W4",
      "backend": "D",
      "baseline_p99": 409.0,
      "actual_p99": 3184.7,
      "delta_pct": 678.7
    },
    {
      "workload": "W5",
      "backend": "A",
      "baseline_p99": 5.4,
      "actual_p99": 19.8,
      "delta_pct": 266.7
    },
    {
      "workload": "W5",
      "backend": "B",
      "baseline_p99": 7.7,
      "actual_p99": 30.0,
      "delta_pct": 289.6
    },
    {
      "workload": "W5",
      "backend": "C",
      "baseline_p99": 7.7,
      "actual_p99": 29.4,
      "delta_pct": 281.8
    },
    {
      "workload": "W5",
      "backend": "D",
      "baseline_p99": 3.2,
      "actual_p99": 13.3,
      "delta_pct": 315.6
    }
  ]
}

-> publish/claim P50+P99 latency vs ci/baselines/publish-claim-p99-baseline.json
  PASS claim_p50: {'actual': 31, 'baseline': 40, 'ok': True}
  PASS claim_p99: {'actual': 130, 'limit': 20000, 'noise_cap': 20000, 'ok': True}
  PASS publish_p50: {'actual': 39, 'baseline': 48, 'ok': True}
  PASS publish_p99: {'actual': 145, 'limit': 20000, 'noise_cap': 20000, 'ok': True}

=== Perf-regression status: PASSED ===
✅ No performance regressions
