[1/8] kernel-core integrity (Law 3: core/c/weft.{c,h} byte-frozen)
    core/c/weft.{c,h} untouched
[2/8] TS wire vectors + cross-language guard
✔ crosslang: TS still decodes the frozen WCN1 vectors byte-exactly (1.871146ms)
✔ crosslang: TS rejects malformed fixtures with the frozen codes (0.251317ms)
✔ crosslang: FNV/CRC reference vectors match the fixture (0.254195ms)
✔ crc32 IEEE vectors (parity with Python zlib.crc32) (1.330241ms)
✔ fnv1a64 topic hash vectors (parity with Python impl) (0.296543ms)
✔ WCN1 header: little-endian byte layout is normative (0.274393ms)
✔ WCN1 round-trip: encode -> decode -> same fields (5.211702ms)
✔ Law 4: malformed datagrams map to the exact error taxonomy (0.366126ms)
✔ error names are stable (Law 4 contract) (0.419357ms)
✔ WGS1 gossip: encode + entries + decode round-trip (0.692799ms)
✔ WGS1: entry_count overrun is WC_E_TRUNCATED, not a crash (0.26996ms)
✔ Law 1: decodeInto is allocation-free (structural check) (0.538941ms)
ℹ tests 12
ℹ suites 0
ℹ pass 12
ℹ fail 0
ℹ cancelled 0
ℹ skipped 0
ℹ todo 0
ℹ duration_ms 170.742904
[3/8] Python wire + router vector parity
.........                                                                [100%]
9 passed in 0.25s
[4/8] TypeScript suite
✔ shm: publish -> subscribe async iterator, seq monotonic, payload intact (8.88366ms)
✔ shm: two subscribers fan out independently; unsubscribe stops flow (11.073868ms)
✔ shm: tryLatest reads newest without advancing the iterator (6.192529ms)
✔ Law 4: stale seq replays are dropped and counted (datagram path) (0.652923ms)
✔ udp: two clients, SUB control plane, live datagram pub/sub (34.256848ms)
✔ udp: publisher with zero subscribers stays silent (no peers dup) (0.55812ms)
✔ crosslang: TS still decodes the frozen WCN1 vectors byte-exactly (5.070674ms)
✔ crosslang: TS rejects malformed fixtures with the frozen codes (0.282452ms)
✔ crosslang: FNV/CRC reference vectors match the fixture (0.289125ms)
✔ registry: counters, gauges, histogram quantile sanity (1.830805ms)
✔ histogram bucket bounds follow the 1, 2, 3, 4, 6, 8, 12... sequence (0.21813ms)
✔ prometheus: exposition format with cumulative histogram buckets (1.114088ms)
✔ otel: OTLP/JSON document shape (resourceMetrics -> metrics) (1.188979ms)
✔ perfetto: .pftrace protobuf round-trips packets and track events (1.240655ms)
✔ prometheus: embedded /metrics server answers 200 over real HTTP (33.00485ms)
✔ router: deterministic owner across calls and instances (1.346401ms)
✔ router: cross-language owner vector (node seeds 11,22,33,44 / telemetry) (1.832846ms)
✔ router: 8-node balance within 3x envelope (5.395276ms)
✔ router: minimal disruption — adding 1 of 9 nodes moves ~1/9 of topics (5.657507ms)
✔ router: unrouted topic -> WC_E_TOPIC_UNROUTED (0.27262ms)
✔ router: removeNode stops routing to it; version bumps (0.20172ms)
✔ membership: upsert + hash-index lookup round-trip (1.227782ms)
✔ membership: open addressing survives heavy collisions (1.655451ms)
✔ gossip: 3 engines converge to a full membership view (socketless) (2.509612ms)
✔ gossip: stale incarnation ignored, higher incarnation wins (0.42565ms)
✔ gossip: LEAVING is sticky at equal incarnation, revive needs higher (1.167851ms)
✔ gossip: SWIM refutation — falsely-leaving node bumps incarnation (0.375266ms)
✔ gossip: silent nodes suspect then evicted (fake clock) (0.377698ms)
✔ gossip: graceful leave announces and propagates LEAVING (0.3304ms)
✔ crc32 IEEE vectors (parity with Python zlib.crc32) (0.90904ms)
✔ fnv1a64 topic hash vectors (parity with Python impl) (0.27532ms)
✔ WCN1 header: little-endian byte layout is normative (0.232188ms)
✔ WCN1 round-trip: encode -> decode -> same fields (4.244007ms)
✔ Law 4: malformed datagrams map to the exact error taxonomy (0.382566ms)
✔ error names are stable (Law 4 contract) (0.228473ms)
✔ WGS1 gossip: encode + entries + decode round-trip (0.344037ms)
✔ WGS1: entry_count overrun is WC_E_TRUNCATED, not a crash (0.119832ms)
✔ Law 1: decodeInto is allocation-free (structural check) (0.343617ms)
ℹ tests 38
ℹ suites 0
ℹ pass 38
ℹ fail 0
ℹ cancelled 0
ℹ skipped 0
ℹ todo 0
ℹ duration_ms 2546.936115
[5/8] Python suite
.......s.............s................                                   [100%]
36 passed, 2 skipped in 9.25s
[6/8] live cross-language UDP cluster (both directions)
..                                                                       [100%]
2 passed in 8.35s
[7/8] zero-allocation probes (100k ops each, post-warmup, --expose-gc)
    {"mode":"publish","iters":100000,"heapBefore":7458312,"heapAfter":7481584,"deltaBytes":23272}
    {"mode":"subscribe","iters":100000,"heapBefore":7604768,"heapAfter":7548664,"deltaBytes":-56104}
    {"mode":"metrics","iters":100000,"heapBefore":7395448,"heapAfter":7386288,"deltaBytes":-9160}
    {"mode":"router","iters":100000,"heapBefore":7437768,"heapAfter":7422464,"deltaBytes":-15304}
[8/8] performance gates
    [8a] 4-node demo smoke (monotonicity must PASS)
    demo PASS (monotonic, 0 gaps, 0 stale)
    [8b] mesh burst >= 1,000,000 fps (mandate D)
    {"kind":"weft-cluster-mesh-burst","transport":"loopback-shm (simulated cluster)","nodes":4,"consumers":3,"topics":1,"payloadBytes":64,"fpsTarget":1000000,"seconds":2,"publishedFrames":2000000,"ingestedFrames":6000000,"expectedIngest":6000000,"achievedFps":1014723,"fanoutWritesPerSec":3044168,"elapsedSec":1.97,"sequenceGaps":0,"hopLatencyNs":{"p50":1024,"p99":3072},"at":"2026-09-20T07:28:49.786Z"}
    [8c] membership lookup latency (mandate B1)
    {"kind":"weft-cluster-router-bench","membershipLookupNs":{"p50":19.2,"p99":34.3},"routerOwnerNs":{"p50":917.8,"p99":3595,"nodes":8},"mandate":"lock-free cluster state table lookups < 10 ns (Pillar 3 mandate B1)"}
    lookup p50 19.2ns (gate 25ns; mandate 10ns is bare-metal — delta recorded in D-33)
weft-cluster shard: ALL 8 STAGES GREEN
