==================================================
SHARD: perf-regression
DESCRIPTION: W-suite P99 vs pinned baseline; >15% drop = FAIL
STATUS: PASSED ✅
COMMIT: 08e3a53ec1e2a687d90374e7a479de9d41ac242b
RUN: 264
==================================================

→ W1/A ... P99=137.5 alloc/frame=0.0 [PASS]
→ W1/B ... P99=143.8 alloc/frame=0.0 [PASS]
→ W1/C .../home/runner/work/Weft/Weft/core/c/weft.c:15: warning: "_GNU_SOURCE" redefined
   15 | #define _GNU_SOURCE  // for posix_memalign
      | 
<command-line>: note: this is the location of the previous definition
→ compiling Weft C kernel to /home/runner/work/Weft/Weft/core/c/libweft.so
 P99=160.0 alloc/frame=0.0 [PASS]
→ W1/D ... P99=102.8 alloc/frame=0.0 [PASS]
→ W2/A ... P99=75.7 alloc/frame=0.0 [PASS]
→ W2/B ... P99=123.3 alloc/frame=0.0 [PASS]
→ W2/C ... P99=125.8 alloc/frame=0.0 [PASS]
→ W2/D ... P99=47.4 alloc/frame=0.0 [PASS]
→ W3/A ... P99=11.1 alloc/frame=0.0 [PASS]
→ W3/B ... P99=13.4 alloc/frame=0.0 [PASS]
→ W3/C ... P99=10.6 alloc/frame=0.0 [PASS]
→ W3/D ... P99=6.8 alloc/frame=0.0 [PASS]
→ W4/A ... P99=3177.7 alloc/frame=0.0 [PASS]
→ W4/B ... P99=3383.1 alloc/frame=0.0 [PASS]
→ W4/C ... P99=3234.4 alloc/frame=0.0 [PASS]
→ W4/D ... P99=3247.0 alloc/frame=0.0 [PASS]
→ W5/A ... P99=15.7 alloc/frame=0.0 [PASS]
→ W5/B ... P99=21.3 alloc/frame=0.0 [PASS]
→ W5/C ... P99=22.2 alloc/frame=0.0 [PASS]
→ W5/D ... P99=14.4 alloc/frame=0.0 [PASS]

✓ W-suite bundle: /home/runner/work/Weft/Weft/bench/results/wsuite-x86_64-sandbox.json
  cells: 20 (target: 20 = 5 workloads × 4 backends)
  pass: 20/20
99=143.8 alloc/frame=0.0 [PASS]
→ W1/C .../home/runner/work/Weft/Weft/core/c/weft.c:15: warning: "_GNU_SOURCE" redefined
   15 | #define _GNU_SOURCE  // for posix_memalign
      | 
<command-line>: note: this is the location of the previous definition
→ compiling Weft C kernel to /home/runner/work/Weft/Weft/core/c/libweft.so
 P99=160.0 alloc/frame=0.0 [PASS]
→ W1/D ... P99=102.8 alloc/frame=0.0 [PASS]
→ W2/A ... P99=75.7 alloc/frame=0.0 [PASS]
→ W2/B ... P99=123.3 alloc/frame=0.0 [PASS]
→ W2/C ... P99=125.8 alloc/frame=0.0 [PASS]
→ W2/D ... P99=47.4 alloc/frame=0.0 [PASS]
→ W3/A ... P99=11.1 alloc/frame=0.0 [PASS]
→ W3/B ... P99=13.4 alloc/frame=0.0 [PASS]
→ W3/C ... P99=10.6 alloc/frame=0.0 [PASS]
→ W3/D ... P99=6.8 alloc/frame=0.0 [PASS]
→ W4/A ... P99=3177.7 alloc/frame=0.0 [PASS]
→ W4/B ... P99=3383.1 alloc/frame=0.0 [PASS]
→ W4/C ... P99=3234.4 alloc/frame=0.0 [PASS]
→ W4/D ... P99=3247.0 alloc/frame=0.0 [PASS]
→ W5/A ... P99=15.7 alloc/frame=0.0 [PASS]
→ W5/B ... P99=21.3 alloc/frame=0.0 [PASS]
→ W5/C ... P99=22.2 alloc/frame=0.0 [PASS]
→ W5/D ... P99=14.4 alloc/frame=0.0 [PASS]

✓ W-suite bundle: /home/runner/work/Weft/Weft/bench/results/wsuite-x86_64-sandbox.json
  cells: 20 (target: 20 = 5 workloads × 4 backends)
  pass: 20/20
{
  "shard": "perf-regression",
  "status": "PASSED",
  "threshold_pct": 5,
  "regression_count": 0,
  "improvement_count": 20,
  "cells_compared": 20,
  "regressions": [],
  "improvements": [
    {
      "workload": "W1",
      "backend": "A",
      "baseline": 7.3,
      "actual": 137.5,
      "delta_pct": 1783.6,
      "reason": "improvement"
    },
    {
      "workload": "W1",
      "backend": "B",
      "baseline": 44.6,
      "actual": 143.8,
      "delta_pct": 222.4,
      "reason": "improvement"
    },
    {
      "workload": "W1",
      "backend": "C",
      "baseline": 7.8,
      "actual": 160.0,
      "delta_pct": 1951.3,
      "reason": "improvement"
    },
    {
      "workload": "W1",
      "backend": "D",
      "baseline": 18.6,
      "actual": 102.8,
      "delta_pct": 452.7,
      "reason": "improvement"
    },
    {
      "workload": "W2",
      "backend": "A",
      "baseline": 4.3,
      "actual": 75.7,
      "delta_pct": 1660.5,
      "reason": "improvement"
    },
    {
      "workload": "W2",
      "backend": "B",
      "baseline": 6.1,
      "actual": 123.3,
      "delta_pct": 1921.3,
      "reason": "improvement"
    },
    {
      "workload": "W2",
      "backend": "C",
      "baseline": 16.4,
      "actual": 125.8,
      "delta_pct": 667.1,
      "reason": "improvement"
    },
    {
      "workload": "W2",
      "backend": "D",
      "baseline": 7.5,
      "actual": 47.4,
      "delta_pct": 532.0,
      "reason": "improvement"
    },
    {
      "workload": "W3",
      "backend": "A",
      "baseline": 2.6,
      "actual": 11.1,
      "delta_pct": 326.9,
      "reason": "improvement"
    },
    {
      "workload": "W3",
      "backend": "B",
      "baseline": 3.7,
      "actual": 13.4,
      "delta_pct": 262.2,
      "reason": "improvement"
    },
    {
      "workload": "W3",
      "backend": "C",
      "baseline": 2.8,
      "actual": 10.6,
      "delta_pct": 278.6,
      "reason": "improvement"
    },
    {
      "workload": "W3",
      "backend": "D",
      "baseline": 1.1,
      "actual": 6.8,
      "delta_pct": 518.2,
      "reason": "improvement"
    },
    {
      "workload": "W4",
      "backend": "A",
      "baseline": 659.0,
      "actual": 3177.7,
      "delta_pct": 382.2,
      "reason": "improvement"
    },
    {
      "workload": "W4",
      "backend": "B",
      "baseline": 681.4,
      "actual": 3383.1,
      "delta_pct": 396.5,
      "reason": "improvement"
    },
    {
      "workload": "W4",
      "backend": "C",
      "baseline": 578.3,
      "actual": 3234.4,
      "delta_pct": 459.3,
      "reason": "improvement"
    },
    {
      "workload": "W4",
      "backend": "D",
      "baseline": 409.0,
      "actual": 3247.0,
      "delta_pct": 693.9,
      "reason": "improvement"
    },
    {
      "workload": "W5",
      "backend": "A",
      "baseline": 5.4,
      "actual": 15.7,
      "delta_pct": 190.7,
      "reason": "improvement"
    },
    {
      "workload": "W5",
      "backend": "B",
      "baseline": 7.7,
      "actual": 21.3,
      "delta_pct": 176.6,
      "reason": "improvement"
    },
    {
      "workload": "W5",
      "backend": "C",
      "baseline": 7.7,
      "actual": 22.2,
      "delta_pct": 188.3,
      "reason": "improvement"
    },
    {
      "workload": "W5",
      "backend": "D",
      "baseline": 3.2,
      "actual": 14.4,
      "delta_pct": 350.0,
      "reason": "improvement"
    }
  ],
  "all_compared": [
    {
      "workload": "W1",
      "backend": "A",
      "baseline_p99": 7.3,
      "actual_p99": 137.5,
      "delta_pct": 1783.6
    },
    {
      "workload": "W1",
      "backend": "B",
      "baseline_p99": 44.6,
      "actual_p99": 143.8,
      "delta_pct": 222.4
    },
    {
      "workload": "W1",
      "backend": "C",
      "baseline_p99": 7.8,
      "actual_p99": 160.0,
      "delta_pct": 1951.3
    },
    {
      "workload": "W1",
      "backend": "D",
      "baseline_p99": 18.6,
      "actual_p99": 102.8,
      "delta_pct": 452.7
    },
    {
      "workload": "W2",
      "backend": "A",
      "baseline_p99": 4.3,
      "actual_p99": 75.7,
      "delta_pct": 1660.5
    },
    {
      "workload": "W2",
      "backend": "B",
      "baseline_p99": 6.1,
      "actual_p99": 123.3,
      "delta_pct": 1921.3
    },
    {
      "workload": "W2",
      "backend": "C",
      "baseline_p99": 16.4,
      "actual_p99": 125.8,
      "delta_pct": 667.1
    },
    {
      "workload": "W2",
      "backend": "D",
      "baseline_p99": 7.5,
      "actual_p99": 47.4,
      "delta_pct": 532.0
    },
    {
      "workload": "W3",
      "backend": "A",
      "baseline_p99": 2.6,
      "actual_p99": 11.1,
      "delta_pct": 326.9
    },
    {
      "workload": "W3",
      "backend": "B",
      "baseline_p99": 3.7,
      "actual_p99": 13.4,
      "delta_pct": 262.2
    },
    {
      "workload": "W3",
      "backend": "C",
      "baseline_p99": 2.8,
      "actual_p99": 10.6,
      "delta_pct": 278.6
    },
    {
      "workload": "W3",
      "backend": "D",
      "baseline_p99": 1.1,
      "actual_p99": 6.8,
      "delta_pct": 518.2
    },
    {
      "workload": "W4",
      "backend": "A",
      "baseline_p99": 659.0,
      "actual_p99": 3177.7,
      "delta_pct": 382.2
    },
    {
      "workload": "W4",
      "backend": "B",
      "baseline_p99": 681.4,
      "actual_p99": 3383.1,
      "delta_pct": 396.5
    },
    {
      "workload": "W4",
      "backend": "C",
      "baseline_p99": 578.3,
      "actual_p99": 3234.4,
      "delta_pct": 459.3
    },
    {
      "workload": "W4",
      "backend": "D",
      "baseline_p99": 409.0,
      "actual_p99": 3247.0,
      "delta_pct": 693.9
    },
    {
      "workload": "W5",
      "backend": "A",
      "baseline_p99": 5.4,
      "actual_p99": 15.7,
      "delta_pct": 190.7
    },
    {
      "workload": "W5",
      "backend": "B",
      "baseline_p99": 7.7,
      "actual_p99": 21.3,
      "delta_pct": 176.6
    },
    {
      "workload": "W5",
      "backend": "C",
      "baseline_p99": 7.7,
      "actual_p99": 22.2,
      "delta_pct": 188.3
    },
    {
      "workload": "W5",
      "backend": "D",
      "baseline_p99": 3.2,
      "actual_p99": 14.4,
      "delta_pct": 350.0
    }
  ]
}

-> publish/claim P50+P99 latency vs ci/baselines/publish-claim-p99-baseline.json
  PASS claim_p50: {'actual': 30, 'baseline': 40, 'ok': True}
  PASS claim_p99: {'actual': 50, 'limit': 20000, 'noise_cap': 20000, 'ok': True}
  PASS publish_p50: {'actual': 40, 'baseline': 48, 'ok': True}
  PASS publish_p99: {'actual': 130, 'limit': 20000, 'noise_cap': 20000, 'ok': True}

=== Perf-regression status: PASSED ===
✅ No performance regressions
