==================================================
SHARD: weft-cluster-managed
DESCRIPTION: Project weft-cluster Pillar 3: TS wire/client/topology/router/metrics, Python wire/router/UDP parity, live UDP mesh, 100k zero-alloc probes, 1M fps burst, rendezvous router
STATUS: PASSED ✅
COMMIT: 08e3a53ec1e2a687d90374e7a479de9d41ac242b
RUN: 264
==================================================

[1/8] kernel-core integrity (Law 3: core/c/weft.{c,h} byte-frozen)
    core/c/weft.{c,h} untouched
[2/8] TS wire vectors + cross-language guard
✔ crosslang: TS still decodes the frozen WCN1 vectors byte-exactly (1.385445ms)
✔ crosslang: TS rejects malformed fixtures with the frozen codes (0.25654ms)
✔ crosslang: FNV/CRC reference vectors match the fixture (0.406682ms)
✔ crc32 IEEE vectors (parity with Python zlib.crc32) (1.362713ms)
✔ fnv1a64 topic hash vectors (parity with Python impl) (0.48608ms)
✔ WCN1 header: little-endian byte layout is normative (0.462546ms)
✔ WCN1 round-trip: encode -> decode -> same fields (5.459037ms)
✔ Law 4: malformed datagrams map to the exact error taxonomy (0.317745ms)
✔ error names are stable (Law 4 contract) (0.257702ms)
✔ WGS1 gossip: encode + entries + decode round-trip (0.5236ms)
✔ WGS1: entry_count overrun is WC_E_TRUNCATED, not a crash (0.158737ms)
✔ Law 1: decodeInto is allocation-free (structural check) (0.263353ms)
ℹ tests 12
ℹ suites 0
ℹ pass 12
ℹ fail 0
ℹ cancelled 0
ℹ skipped 0
ℹ todo 0
ℹ duration_ms 84.48705
[3/8] Python wire + router vector parity
.........                                                                [100%]
9 passed in 0.33s
[4/8] TypeScript suite
✔ shm: publish -> subscribe async iterator, seq monotonic, payload intact (15.325592ms)
✔ shm: two subscribers fan out independently; unsubscribe stops flow (11.984721ms)
✔ shm: tryLatest reads newest without advancing the iterator (6.060824ms)
✔ Law 4: stale seq replays are dropped and counted (datagram path) (0.674344ms)
✔ udp: two clients, SUB control plane, live datagram pub/sub (39.205852ms)
✔ udp: publisher with zero subscribers stays silent (no peers dup) (0.790291ms)
✔ crosslang: TS still decodes the frozen WCN1 vectors byte-exactly (1.412797ms)
✔ crosslang: TS rejects malformed fixtures with the frozen codes (0.29392ms)
✔ crosslang: FNV/CRC reference vectors match the fixture (0.332363ms)
✔ registry: counters, gauges, histogram quantile sanity (3.492252ms)
✔ histogram bucket bounds follow the 1, 2, 3, 4, 6, 8, 12... sequence (0.644868ms)
✔ prometheus: exposition format with cumulative histogram buckets (1.165772ms)
✔ otel: OTLP/JSON document shape (resourceMetrics -> metrics) (1.356211ms)
✔ perfetto: .pftrace protobuf round-trips packets and track events (1.931047ms)
✔ prometheus: embedded /metrics server answers 200 over real HTTP (66.344084ms)
✔ router: deterministic owner across calls and instances (1.877134ms)
✔ router: cross-language owner vector (node seeds 11,22,33,44 / telemetry) (1.934484ms)
✔ router: 8-node balance within 3x envelope (8.28904ms)
✔ router: minimal disruption — adding 1 of 9 nodes moves ~1/9 of topics (10.032614ms)
✔ router: unrouted topic -> WC_E_TOPIC_UNROUTED (0.342842ms)
✔ router: removeNode stops routing to it; version bumps (0.332864ms)
✔ membership: upsert + hash-index lookup round-trip (1.55349ms)
✔ membership: open addressing survives heavy collisions (1.412707ms)
✔ gossip: 3 engines converge to a full membership view (socketless) (2.767785ms)
✔ gossip: stale incarnation ignored, higher incarnation wins (0.477965ms)
✔ gossip: LEAVING is sticky at equal incarnation, revive needs higher (0.305893ms)
✔ gossip: SWIM refutation — falsely-leaving node bumps incarnation (0.317184ms)
✔ gossip: silent nodes suspect then evicted (fake clock) (1.52173ms)
✔ gossip: graceful leave announces and propagates LEAVING (0.535904ms)
✔ crc32 IEEE vectors (parity with Python zlib.crc32) (1.066809ms)
✔ fnv1a64 topic hash vectors (parity with Python impl) (0.328946ms)
✔ WCN1 header: little-endian byte layout is normative (0.286417ms)
✔ WCN1 round-trip: encode -> decode -> same fields (3.43799ms)
✔ Law 4: malformed datagrams map to the exact error taxonomy (0.330028ms)
✔ error names are stable (Law 4 contract) (0.244919ms)
✔ WGS1 gossip: encode + entries + decode round-trip (0.455122ms)
✔ WGS1: entry_count overrun is WC_E_TRUNCATED, not a crash (0.158938ms)
✔ Law 1: decodeInto is allocation-free (structural check) (0.248866ms)
ℹ tests 38
ℹ suites 0
ℹ pass 38
ℹ fail 0
ℹ cancelled 0
ℹ skipped 0
ℹ todo 0
ℹ duration_ms 2196.1645
[5/8] Python suite
.....s.........                                                          [100%]
14 passed, 1 skipped in 8.67s
[6/8] live cross-language UDP cluster (both directions)
..                                                                       [100%]
2 passed in 8.32s
[7/8] zero-allocation probes (100k ops each, post-warmup, --expose-gc)
    {"mode":"publish","iters":100000,"heapBefore":7488464,"heapAfter":7488520,"deltaBytes":56}
    {"mode":"subscribe","iters":100000,"heapBefore":7559408,"heapAfter":7557952,"deltaBytes":-1456}
    {"mode":"metrics","iters":100000,"heapBefore":7396816,"heapAfter":7396504,"deltaBytes":-312}
    {"mode":"router","iters":100000,"heapBefore":7432480,"heapAfter":7432440,"deltaBytes":-40}
[8/8] performance gates
    [8a] 4-node demo smoke (monotonicity must PASS)
    demo PASS (monotonic, 0 gaps, 0 stale)
    [8b] mesh burst >= 1,000,000 fps (mandate D)
    {"kind":"weft-cluster-mesh-burst","transport":"loopback-shm (simulated cluster)","nodes":4,"consumers":3,"topics":1,"payloadBytes":64,"fpsTarget":1000000,"seconds":2,"publishedFrames":2000000,"ingestedFrames":6000000,"expectedIngest":6000000,"achievedFps":1065782,"fanoutWritesPerSec":3197347,"elapsedSec":1.88,"sequenceGaps":0,"hopLatencyNs":{"p50":1024,"p99":2048},"at":"2026-09-25T06:41:28.592Z"}
    [8c] membership lookup latency (mandate B1)
    {"kind":"weft-cluster-router-bench","membershipLookupNs":{"p50":16.9,"p99":51.5},"routerOwnerNs":{"p50":1145.6,"p99":1192.1,"nodes":8},"mandate":"lock-free cluster state table lookups < 10 ns (Pillar 3 mandate B1)"}
    lookup p50 16.9ns (gate 25ns; mandate 10ns is bare-metal — delta recorded in D-33)
weft-cluster-managed shard: ALL 8 STAGES GREEN
