==================================================
SHARD: weft-tensor-managed
DESCRIPTION: Project weft-tensor Pillar 2: WTR1 layout, TS/Python ingestion engines, DLPack/NumPy bridge, cross-language parity, React/Flutter AI hooks/widgets, 120 FPS flight demo, alloc probes
STATUS: PASSED ✅
COMMIT: 08e3a53ec1e2a687d90374e7a479de9d41ac242b
RUN: 264
==================================================

[1/8] fixture determinism
OK /home/runner/work/Weft/Weft/fixtures/weft-tensor/ring-v1-f32.bin (640 B) byte-identical
OK /home/runner/work/Weft/Weft/fixtures/weft-tensor/ring-v1-u8.bin (640 B) byte-identical
[2/8] TypeScript suite
✔ zero-alloc probe [ring] — 100k steady-state ops stay flat (159.951525ms)
✔ zero-alloc probe [ingest] — 100k steady-state ops stay flat (157.928622ms)
✔ zero-alloc probe [audio] — 100k steady-state ops stay flat (120.804928ms)
✔ zero-alloc probe [render] — 100k steady-state ops stay flat (1616.532002ms)
✔ zero-alloc probe [overlay] — 100k steady-state ops stay flat (70.140433ms)
✔ negative control: a deliberately-allocating loop IS caught (65.599576ms)
✔ f32 fixture: header fields, 10 frames, dyadic payload parity (7.836151ms)
✔ u8 fixture: header fields, 6 frames, byte payload parity (1.610541ms)
✔ WebCodecs sync fast path: bytes land in ring, no intermediate (5.850631ms)
✔ WebCodecs async fast path resolves after the GPU readback lands (0.501103ms)
✔ copyTo failure is a DROP, never a throw into the frame loop (0.360222ms)
✔ legacy sync copyTo returning void still commits the full slot (2.299033ms)
✔ ImageData + raw paths (0.907531ms)
✔ ingestor dtype gate: f32 ring rejected (Law 4) (0.769002ms)
✔ AudioPcmFeeder: exact-fit chunks roll one slot per chunk (1.069924ms)
✔ AudioPcmFeeder: chunk spanning slot boundaries carries with zero gaps (0.556136ms)
✔ AudioPcmFeeder: tiny chunks accumulate then roll (worklet cadence) (1.155673ms)
✔ AudioPcmFeeder dtype gate + chunk size gate (Law 4) (0.813115ms)
✔ crc32 matches node:zlib over the static header region (1.535831ms)
✔ f16FromBits matches numpy float16 decode exactly (0.490334ms)
✔ f16ToBits matches numpy round-to-nearest-even (0.444709ms)
✔ fourcc round-trips as LE ASCII (0.423499ms)
✔ validateRingHeader accepts both golden fixtures (1.257083ms)
✔ fail-closed corruption matrix — every mutation gets a machine-readable code (1.21314ms)
✔ dtype validity table (0.190916ms)
✔ create() writes a self-validating header (round trip through attach) (1.688366ms)
✔ Canvas2DPlane: ONE ImageData reused, pixel-accurate blit per frame (5.925841ms)
✔ Canvas2DPlane dtype gate (Law 4) (0.933259ms)
✔ OverlayScratch + drawBoxes2D: bounded, reused, pixel records (1.577108ms)
✔ drawSkeleton2D honours confidence gating (0.409533ms)
✔ WebGL2Plane: zero-alloc texSubImage2D from the slot view + fullscreen tri (2.214055ms)
✔ create + typed commit + acquireLatest returns exact values, zero surprises (5.195481ms)
✔ byte commit path (Uint8Array) with short payload (bounded loop, no throw) (2.15202ms)
✔ acquireLatest(lastSeq) returns null when nothing new; acquireFrame bounds (0.514138ms)
✔ overrun: slotCount=2, 5 commits -> old seq gone, latest correct (0.747352ms)
✔ torn read: uncommitted slot is invisible, then visible after commit marker (0.484753ms)
✔ zero-copy begin/finish path matches convenience commit (0.394805ms)
✔ commit rejects wrong dtype / oversized payloads (fail-closed) (1.978406ms)
✔ create() input validation is fail-closed (0.500283ms)
✔ waitForNewFrame resolves via injected scheduler; timeout path returns null (34.0627ms)
✔ SharedArrayBuffer smoke: create(shared) + atomics publish + acquire (0.795512ms)
✔ ring stats counters are sealed and monotonic (0.276395ms)
✔ detectRuntime identifies node (this process) (1.533287ms)
✔ detectRuntime: browser / deno / bun / worker / electron fakes (0.395917ms)
✔ runtimeMatrix feature list stays sorted/deterministic (1.161635ms)
✔ assertShareable accepts SAB, rejects plain ArrayBuffer (0.753023ms)
ℹ tests 46
ℹ suites 0
ℹ pass 46
ℹ fail 0
ℹ cancelled 0
ℹ skipped 0
ℹ todo 0
ℹ duration_ms 2265.268506
[3/8] Python suite
.......s.............s................                                   [100%]
36 passed, 2 skipped in 9.46s
[4/8] TS producer -> Python consumer
{"producer":"typescript","path":"/tmp/tmp.kdT7HhGRLj/ts_ring.bin","byteLength":640,"producerSeq":10,"slotStride":128,"schemaId":"fe77000000000000"}
{"consumer": "python", "path": "/tmp/tmp.kdT7HhGRLj/ts_ring.bin", "framesValidated": [7, 8, 9, 10], "dlpackAlias": true, "ok": true}
[5/8] Python producer -> TS consumer
{"producer": "python", "path": "/tmp/tmp.kdT7HhGRLj/py_ring.bin", "byteLength": 640, "producerSeq": 10, "slotStride": 128, "schemaId": "fe77000000000001"}
{"consumer":"typescript","path":"/tmp/tmp.kdT7HhGRLj/py_ring.bin","framesValidated":[7,8,9,10],"ok":true}
[6/8] DLPack alias proof (consumed the TS-produced ring, pointer-checked)
    dlpack alias OK (slot ptr 0x557fe120ef30 inside ring 0x557fe120edf0..0x557fe120f070)
[7/8] zero-allocation probes (100k ops each, post-warmup, --expose-gc)
    {"mode":"ring","iters":100000,"heapBefore":4401072,"heapAfter":4416328,"deltaBytes":15256}
    {"mode":"ingest","iters":100000,"heapBefore":4410952,"heapAfter":4425696,"deltaBytes":14744}
    {"mode":"audio","iters":100000,"heapBefore":4406544,"heapAfter":4408728,"deltaBytes":2184}
    {"mode":"render","iters":100000,"heapBefore":4418992,"heapAfter":4420592,"deltaBytes":1600}
    {"mode":"overlay","iters":100000,"heapBefore":4298968,"heapAfter":4299680,"deltaBytes":712}
[8/8] latency gates (directive: commit < 50us)
    {"bench":"weft-tensor commit/acquire","node":"v24.21.0","video":{"geometry":"320x180 RGBA","slotCapBytes":230400,"commit":{"n":50000,"p50_us":0.19,"p99_us":1.373,"max_us":168.544},"acquire":{"n":50000,"p50_us":0.121,"p99_us":0.551,"max_us":49.513},"commit_under_50us":true},"audio":{"geometry":"2ch x 128 f32 (interleaved quanta 256)","slotCapBytes":1024,"commit":{"n":50000,"p50_us":0.481,"p99_us":1.011,"max_us":42.93},"acquire":{"n":50000,"p50_us":0.12,"p99_us":1.593,"max_us":162.462},"commit_under_50us":true}}
weft-tensor managed shard: ALL 8 STAGES GREEN
