=== Starting npm Packages CI (Node 22) ===
[PASS] core/kotlin/FrameCursor.kt  <->  android/weft-core/src/main/kotlin/dev/weft/FrameCursor.kt
[PASS] core/kotlin/Fanout.kt  <->  android/weft-core/src/main/kotlin/dev/weft/Fanout.kt
[PASS] core/kotlin/FanoutCompat.kt  <->  android/weft-core/src/main/kotlin/dev/weft/FanoutCompat.kt
[PASS] core/kotlin/Steward.kt  <->  android/weft-core/src/main/kotlin/dev/weft/Steward.kt
[PASS] core/kotlin/TriadNative.kt  <->  android/weft-core/src/main/kotlin/dev/weft/TriadNative.kt
[PASS] core/kotlin/Weft.kt  <->  android/weft-core/src/main/kotlin/dev/weft/Weft.kt
[PASS] core/kotlin/Governor.kt  <->  android/weft-core/src/main/kotlin/dev/weft/Governor.kt
[PASS] core/kotlin/Recycler.kt  <->  android/weft-core/src/main/kotlin/dev/weft/Recycler.kt
[PASS] core/kotlin/GovernedFanoutConsumer.kt  <->  android/weft-core/src/main/kotlin/dev/weft/GovernedFanoutConsumer.kt
[PASS] core/kotlin/FanoutVhBridge.java  <->  android/weft-core/src/main/java/dev/weft/FanoutVhBridge.java
[PASS] core/dart/frame_cursor.dart  <->  packages/flutter_weft/lib/src/reference/frame_cursor.dart
[PASS] core/dart/fanout.dart  <->  packages/flutter_weft/lib/src/reference/fanout.dart
[PASS] core/dart/heddle.dart  <->  packages/flutter_weft/lib/src/reference/heddle.dart
[PASS] core/dart/steward.dart  <->  packages/flutter_weft/lib/src/reference/steward.dart
[PASS] core/dart/weft.dart  <->  packages/flutter_weft/lib/src/reference/weft.dart
[PASS] core/ts/weft.ts  <->  packages/core/src/weft.ts
[PASS] core/ts/fanout.ts  <->  packages/core/src/fanout.ts
[PASS] core/ts/verified.ts  <->  packages/core/src/verified.ts
[PASS] core/kotlin/Verified.kt  <->  android/weft-core/src/main/kotlin/dev/weft/Verified.kt
[PASS] core/dart/verified.dart  <->  packages/flutter_weft/lib/src/reference/verified.dart
[PASS] core/dart/governor.dart  <->  packages/flutter_weft/lib/src/reference/governor.dart
[PASS] core/dart/recycler.dart  <->  packages/flutter_weft/lib/src/reference/recycler.dart
[PASS] core/dart/governed_consumer.dart  <->  packages/flutter_weft/lib/src/reference/governed_consumer.dart
[PASS] core/kotlin/BlendQ12.kt  <->  android/weft-core/src/main/kotlin/dev/weft/BlendQ12.kt
[PASS] core/kotlin/RenderQos.kt  <->  android/weft-core/src/main/kotlin/dev/weft/RenderQos.kt
[PASS] core/dart/blend_q12.dart  <->  packages/flutter_weft/lib/src/reference/blend_q12.dart
[PASS] core/dart/render_qos.dart  <->  packages/flutter_weft/lib/src/reference/render_qos.dart
{"shard":"binding-parity","passed":27,"failed":0,"total":27,"cells":{"core/kotlin/FrameCursor.kt":{"status":"PASS","detail":"identical"},"core/kotlin/Fanout.kt":{"status":"PASS","detail":"identical"},"core/kotlin/FanoutCompat.kt":{"status":"PASS","detail":"identical"},"core/kotlin/Steward.kt":{"status":"PASS","detail":"identical"},"core/kotlin/TriadNative.kt":{"status":"PASS","detail":"identical"},"core/kotlin/Weft.kt":{"status":"PASS","detail":"identical"},"core/kotlin/Governor.kt":{"status":"PASS","detail":"identical"},"core/kotlin/Recycler.kt":{"status":"PASS","detail":"identical"},"core/kotlin/GovernedFanoutConsumer.kt":{"status":"PASS","detail":"identical"},"core/kotlin/FanoutVhBridge.java":{"status":"PASS","detail":"identical"},"core/dart/frame_cursor.dart":{"status":"PASS","detail":"identical"},"core/dart/fanout.dart":{"status":"PASS","detail":"identical"},"core/dart/heddle.dart":{"status":"PASS","detail":"identical"},"core/dart/steward.dart":{"status":"PASS","detail":"identical"},"core/dart/weft.dart":{"status":"PASS","detail":"identical"},"core/ts/weft.ts":{"status":"PASS","detail":"identical"},"core/ts/fanout.ts":{"status":"PASS","detail":"identical"},"core/ts/verified.ts":{"status":"PASS","detail":"identical"},"core/kotlin/Verified.kt":{"status":"PASS","detail":"identical"},"core/dart/verified.dart":{"status":"PASS","detail":"identical"},"core/dart/governor.dart":{"status":"PASS","detail":"identical"},"core/dart/recycler.dart":{"status":"PASS","detail":"identical"},"core/dart/governed_consumer.dart":{"status":"PASS","detail":"identical"},"core/kotlin/BlendQ12.kt":{"status":"PASS","detail":"identical"},"core/kotlin/RenderQos.kt":{"status":"PASS","detail":"identical"},"core/dart/blend_q12.dart":{"status":"PASS","detail":"identical"},"core/dart/render_qos.dart":{"status":"PASS","detail":"identical"}}}
✅ Binding parity: 27/27 pairs byte-identical

=== heddles <-> packages surface parity (shim re-exports) ===
[PASS] heddles/react/WeftCanvas.tsx  ->  packages/react/src/index.ts
[PASS] heddles/vue/useWeft.ts  ->  packages/vue/src/index.ts
[PASS] heddles/svelte/weft-action.ts  ->  packages/svelte/src/index.ts
[PASS] heddles/react-native/weft-rn.ts  ->  packages/react-native/src/index.ts
✅ Heddles surface parity: 4/4 shims aligned
{"shard":"binding-parity","byte_pairs":{"passed":27,"failed":0,"total":27},"shim_pairs":{"passed":4,"failed":0,"total":4,"cells":{"heddles/react/WeftCanvas.tsx":{"status":"PASS","detail":"surface parity"},"heddles/vue/useWeft.ts":{"status":"PASS","detail":"surface parity"},"heddles/svelte/weft-action.ts":{"status":"PASS","detail":"surface parity"},"heddles/react-native/weft-rn.ts":{"status":"PASS","detail":"surface parity"}}}}
Scope: all 20 workspace projects
Lockfile is up to date, resolution step is skipped
Progress: resolved 1, reused 0, downloaded 0, added 0
Packages: +447
++++++++++++++++++++++++++++++++++++++++++++++++++++++++++++++++++++++++++++++++
Progress: resolved 447, reused 436, downloaded 0, added 447, done

devDependencies:
+ @microsoft/api-extractor 7.59.1
+ tsup 8.5.1
+ typescript 5.9.3

Done in 2.1s
Scope: 19 of 20 workspace projects
packages/core build$ tsup
packages/heddle-canvas build$ tsup
packages/core build: [34mCLI[39m Building entry: src/index.ts, src/worker.ts
packages/core build: [34mCLI[39m Using tsconfig: tsconfig.json
packages/core build: [34mCLI[39m tsup v8.5.1
packages/core build: [34mCLI[39m Using tsup config: /home/runner/work/Weft/Weft/packages/core/tsup.config.ts
packages/core build: [34mCLI[39m Target: es2022
packages/core build: [34mCLI[39m Cleaning output folder
packages/core build: [34mESM[39m Build start
packages/core build: [34mCJS[39m Build start
packages/heddle-canvas build: [34mCLI[39m Building entry: src/index.ts
packages/heddle-canvas build: [34mCLI[39m Using tsconfig: tsconfig.json
packages/heddle-canvas build: [34mCLI[39m tsup v8.5.1
packages/heddle-canvas build: [34mCLI[39m Using tsup config: /home/runner/work/Weft/Weft/packages/heddle-canvas/tsup.config.ts
packages/heddle-canvas build: [34mCLI[39m Target: es2022
packages/heddle-canvas build: [34mCLI[39m Cleaning output folder
packages/heddle-canvas build: [34mESM[39m Build start
packages/heddle-canvas build: [34mCJS[39m Build start
packages/core build: [34mDTS[39m Build start
packages/heddle-canvas build: [34mDTS[39m Build start
packages/core build: [32mESM[39m [1mdist/worker.mjs     [22m[32m5.09 KB[39m
packages/core build: [32mESM[39m [1mdist/index.mjs      [22m[32m81.19 KB[39m
packages/core build: [32mESM[39m [1mdist/worker.mjs.map [22m[32m16.83 KB[39m
packages/core build: [32mESM[39m [1mdist/index.mjs.map  [22m[32m221.69 KB[39m
packages/core build: [32mESM[39m ⚡️ Build success in 1136ms
packages/core build: [32mCJS[39m [1mdist/worker.js     [22m[32m5.27 KB[39m
packages/core build: [32mCJS[39m [1mdist/index.js      [22m[32m83.18 KB[39m
packages/core build: [32mCJS[39m [1mdist/worker.js.map [22m[32m16.83 KB[39m
packages/core build: [32mCJS[39m [1mdist/index.js.map  [22m[32m221.69 KB[39m
packages/core build: [32mCJS[39m ⚡️ Build success in 1137ms
packages/heddle-canvas build: [32mCJS[39m [1mdist/index.cjs     [22m[32m105.96 KB[39m
packages/heddle-canvas build: [32mCJS[39m [1mdist/index.cjs.map [22m[32m266.91 KB[39m
packages/heddle-canvas build: [32mCJS[39m ⚡️ Build success in 1307ms
packages/heddle-canvas build: [32mESM[39m [1mdist/index.js     [22m[32m103.78 KB[39m
packages/heddle-canvas build: [32mESM[39m [1mdist/index.js.map [22m[32m266.91 KB[39m
packages/heddle-canvas build: [32mESM[39m ⚡️ Build success in 1308ms
packages/core build: [32mDTS[39m ⚡️ Build success in 2966ms
packages/core build: [32mDTS[39m [1mdist/index.d.mts         [22m[32m15.65 KB[39m
packages/core build: [32mDTS[39m [1mdist/worker.d.mts        [22m[32m5.48 KB[39m
packages/core build: [32mDTS[39m [1mdist/weft-BrIlH2fY.d.mts [22m[32m4.04 KB[39m
packages/core build: [32mDTS[39m [1mdist/index.d.ts          [22m[32m15.65 KB[39m
packages/core build: [32mDTS[39m [1mdist/worker.d.ts         [22m[32m5.47 KB[39m
packages/core build: [32mDTS[39m [1mdist/weft-BrIlH2fY.d.ts  [22m[32m4.04 KB[39m
packages/heddle-canvas build: [32mDTS[39m ⚡️ Build success in 3027ms
packages/heddle-canvas build: [32mDTS[39m [1mdist/index.d.ts  [22m[32m41.35 KB[39m
packages/heddle-canvas build: [32mDTS[39m [1mdist/index.d.cts [22m[32m41.35 KB[39m
packages/core build: Done
packages/heddle-canvas build: Done
fixtures/node-litmus build$ tsup litmus-packaged.ts --format esm --target node20
packages/react build$ tsup
packages/react-native build$ tsup
packages/svelte build$ tsup
fixtures/node-litmus build: [34mCLI[39m Building entry: litmus-packaged.ts
fixtures/node-litmus build: [34mCLI[39m tsup v8.5.1
packages/react build: [34mCLI[39m Building entry: src/index.ts
packages/react build: [34mCLI[39m Using tsconfig: tsconfig.json
packages/react build: [34mCLI[39m tsup v8.5.1
packages/react build: [34mCLI[39m Using tsup config: /home/runner/work/Weft/Weft/packages/react/tsup.config.ts
fixtures/node-litmus build: [34mCLI[39m Target: node20
fixtures/node-litmus build: [34mESM[39m Build start
packages/react build: [34mCLI[39m Target: es2022
packages/react build: [34mCLI[39m Cleaning output folder
packages/react build: [34mESM[39m Build start
packages/react build: [34mCJS[39m Build start
packages/svelte build: [34mCLI[39m Building entry: src/index.ts
packages/svelte build: [34mCLI[39m Using tsconfig: tsconfig.json
packages/svelte build: [34mCLI[39m tsup v8.5.1
packages/svelte build: [34mCLI[39m Using tsup config: /home/runner/work/Weft/Weft/packages/svelte/tsup.config.ts
fixtures/node-litmus build: [32mESM[39m [1mdist/litmus-packaged.js [22m[32m21.43 KB[39m
fixtures/node-litmus build: [32mESM[39m ⚡️ Build success in 31ms
packages/svelte build: [34mCLI[39m Target: es2022
fixtures/node-litmus build: Done
packages/svelte build: [34mCLI[39m Cleaning output folder
packages/vue build$ tsup
packages/svelte build: [34mESM[39m Build start
packages/svelte build: [34mCJS[39m Build start
packages/react build: [32mCJS[39m [1mdist/index.js     [22m[32m7.49 KB[39m
packages/react build: [32mCJS[39m [1mdist/index.js.map [22m[32m16.96 KB[39m
packages/react build: [32mCJS[39m ⚡️ Build success in 47ms
packages/react build: [32mESM[39m [1mdist/index.mjs     [22m[32m5.68 KB[39m
packages/react build: [32mESM[39m [1mdist/index.mjs.map [22m[32m16.94 KB[39m
packages/react build: [32mESM[39m ⚡️ Build success in 49ms
packages/react-native build: [34mCLI[39m Building entry: src/index.ts
packages/react-native build: [34mCLI[39m Using tsconfig: tsconfig.json
packages/react-native build: [34mCLI[39m tsup v8.5.1
packages/react-native build: [34mCLI[39m Using tsup config: /home/runner/work/Weft/Weft/packages/react-native/tsup.config.ts
packages/svelte build: [32mCJS[39m [1mdist/index.js     [22m[32m2.18 KB[39m
packages/svelte build: [32mCJS[39m [1mdist/index.js.map [22m[32m4.48 KB[39m
packages/svelte build: [32mCJS[39m ⚡️ Build success in 43ms
packages/svelte build: [32mESM[39m [1mdist/index.mjs     [22m[32m1.15 KB[39m
packages/svelte build: [32mESM[39m [1mdist/index.mjs.map [22m[32m4.43 KB[39m
packages/svelte build: [32mESM[39m ⚡️ Build success in 45ms
packages/react-native build: [34mCLI[39m Target: es2022
packages/react-native build: [34mCLI[39m Cleaning output folder
packages/react-native build: [34mESM[39m Build start
packages/react-native build: [34mCJS[39m Build start
packages/react-native build: [32mESM[39m [1mdist/index.mjs     [22m[32m11.17 KB[39m
packages/react-native build: [32mESM[39m [1mdist/index.mjs.map [22m[32m38.33 KB[39m
packages/react-native build: [32mESM[39m ⚡️ Build success in 52ms
packages/react-native build: [32mCJS[39m [1mdist/index.js     [22m[32m12.67 KB[39m
packages/react-native build: [32mCJS[39m [1mdist/index.js.map [22m[32m38.40 KB[39m
packages/react-native build: [32mCJS[39m ⚡️ Build success in 56ms
packages/react build: [34mDTS[39m Build start
packages/svelte build: [34mDTS[39m Build start
packages/react-native build: [34mDTS[39m Build start
packages/vue build: [34mCLI[39m Building entry: src/index.ts
packages/vue build: [34mCLI[39m Using tsconfig: tsconfig.json
packages/vue build: [34mCLI[39m tsup v8.5.1
packages/vue build: [34mCLI[39m Using tsup config: /home/runner/work/Weft/Weft/packages/vue/tsup.config.ts
packages/vue build: [34mCLI[39m Target: es2022
packages/vue build: [34mCLI[39m Cleaning output folder
packages/vue build: [34mESM[39m Build start
packages/vue build: [34mCJS[39m Build start
packages/vue build: [32mESM[39m [1mdist/index.mjs     [22m[32m3.09 KB[39m
packages/vue build: [32mESM[39m [1mdist/index.mjs.map [22m[32m8.58 KB[39m
packages/vue build: [32mESM[39m ⚡️ Build success in 83ms
packages/vue build: [32mCJS[39m [1mdist/index.js     [22m[32m4.18 KB[39m
packages/vue build: [32mCJS[39m [1mdist/index.js.map [22m[32m8.62 KB[39m
packages/vue build: [32mCJS[39m ⚡️ Build success in 82ms
packages/vue build: [34mDTS[39m Build start
packages/svelte build: [32mDTS[39m ⚡️ Build success in 2384ms
packages/svelte build: [32mDTS[39m [1mdist/index.d.mts [22m[32m645.00 B[39m
packages/svelte build: [32mDTS[39m [1mdist/index.d.ts  [22m[32m645.00 B[39m
packages/react-native build: [32mDTS[39m ⚡️ Build success in 2465ms
packages/react-native build: [32mDTS[39m [1mdist/index.d.mts [22m[32m5.96 KB[39m
packages/react-native build: [32mDTS[39m [1mdist/index.d.ts  [22m[32m5.96 KB[39m
packages/svelte build: Done
packages/react-native build: Done
packages/react build: [32mDTS[39m ⚡️ Build success in 3045ms
packages/react build: [32mDTS[39m [1mdist/index.d.mts [22m[32m36.68 KB[39m
packages/react build: [32mDTS[39m [1mdist/index.d.ts  [22m[32m36.68 KB[39m
packages/react build: Done
packages/vue build: [32mDTS[39m ⚡️ Build success in 2278ms
packages/vue build: [32mDTS[39m [1mdist/index.d.mts [22m[32m1.99 KB[39m
packages/vue build: [32mDTS[39m [1mdist/index.d.ts  [22m[32m1.99 KB[39m
packages/vue build: Done
demos/web build$ tsc && vite build
fixtures/vite-react build$ vite build
fixtures/vite-react build: [36mvite v6.4.3 [32mbuilding for production...[36m[39m
fixtures/vite-react build: transforming...
fixtures/vite-react build: [32m✓[39m 28 modules transformed.
fixtures/vite-react build: rendering chunks...
fixtures/vite-react build: computing gzip size...
fixtures/vite-react build: [2mdist/[22m[32mindex.html                [39m[1m[2m  0.33 kB[22m[1m[22m[2m │ gzip:  0.24 kB[22m
fixtures/vite-react build: [2mdist/[22m[2massets/[22m[36mindex-DgIEMwtT.js  [39m[1m[2m151.94 kB[22m[1m[22m[2m │ gzip: 48.92 kB[22m
fixtures/vite-react build: [32m✓ built in 1.53s[39m
fixtures/vite-react build: Done
demos/web build: [36mvite v6.4.3 [32mbuilding for production...[36m[39m
demos/web build: transforming...
demos/web build: [32m✓[39m 39 modules transformed.
demos/web build: rendering chunks...
demos/web build: computing gzip size...
demos/web build: [2mdist/[22m[32mindex.html                [39m[1m[2m  0.47 kB[22m[1m[22m[2m │ gzip:  0.35 kB[22m
demos/web build: [2mdist/[22m[2massets/[22m[36mindex-BfGpNA1C.js  [39m[1m[2m203.83 kB[22m[1m[22m[2m │ gzip: 64.29 kB[22m
demos/web build: [32m✓ built in 1.02s[39m
demos/web build: Done
Scope: 14 of 20 workspace projects
packages/core test$ vitest run
packages/heddle-canvas test$ vitest run
packages/heddle-core test$ node --test test/*.test.mjs
packages/heddle-hotplane test$ node test/golden.test.mjs
packages/heddle-hotplane test: PASS J1 mode decoded (state)
packages/heddle-hotplane test: PASS J1 lane_count decoded
packages/heddle-hotplane test: PASS J1 lane_stride decoded
packages/heddle-hotplane test: PASS J1 sample_size decoded
packages/heddle-hotplane test: PASS J1 slot_capacity decoded
packages/heddle-hotplane test: PASS J1 plane_size decoded
packages/heddle-hotplane test: PASS J1 create_stamp_ns decoded
packages/heddle-hotplane test: PASS J1 magic constant parity
packages/heddle-hotplane test: PASS J2 begin_seq
packages/heddle-hotplane test: PASS J2 commit_seq
packages/heddle-hotplane test: PASS J2 dirty_mask
packages/heddle-hotplane test: PASS J2 dirty_transitions
packages/heddle-hotplane test: PASS J2 render_frame_id
packages/heddle-hotplane test: PASS J2 epoch (derived from commit_seq)
packages/heddle-hotplane test: PASS J3 lane 0 commit_count
packages/heddle-hotplane test: PASS J3 lane 0 min/max/current raw bits
packages/heddle-hotplane test: PASS J3 lane 0 bbox [0,31]
packages/heddle-hotplane test: PASS J4 lane 0: all 32 cells byte-exact
packages/heddle-hotplane test: PASS J3 lane 1 commit_count
packages/heddle-hotplane test: PASS J3 lane 1 min/max/current raw bits
packages/heddle-hotplane test: PASS J3 lane 1 bbox [0,31]
packages/heddle-hotplane test: PASS J4 lane 1: all 32 cells byte-exact
packages/heddle-hotplane test: PASS J3 lane 2 commit_count
packages/heddle-hotplane test: PASS J3 lane 2 min/max/current raw bits
packages/heddle-hotplane test: PASS J3 lane 2 bbox [2,31]
packages/heddle-hotplane test: PASS J4 lane 2: all 32 cells byte-exact
packages/heddle-hotplane test: PASS J3 lane 3 commit_count
packages/heddle-hotplane test: PASS J3 lane 3 min/max/current raw bits
packages/heddle-hotplane test: PASS J3 lane 3 bbox [0,31]
packages/heddle-hotplane test: PASS J4 lane 3: all 32 cells byte-exact
packages/heddle-hotplane test: PASS J5 harvest returns mask 0xf
packages/heddle-hotplane test: PASS J5 second harvest empty
packages/heddle-hotplane test: PASS J5 remark visible next harvest
packages/heddle-hotplane test: PASS J5 frame ids 1, 2
packages/heddle-hotplane test: PASS J6 producer-role harvest refused
packages/heddle-hotplane test: PASS J6 misaligned offset refused
packages/heddle-hotplane test: PASS J6 corrupt magic refused
packages/heddle-hotplane test: J-SERIES: 37 checks, 0 failures
packages/heddle-hotplane test: Done
packages/react-hooks test$ node --test test/hooks.test.mjs
packages/heddle-core test: TAP version 13
packages/react-hooks test: TAP version 13
packages/heddle-core test: # Subtest: fixture hpl1-basic-4x8: manifest sha256 matches bytes
packages/heddle-core test: ok 1 - fixture hpl1-basic-4x8: manifest sha256 matches bytes
packages/heddle-core test:   ---
packages/heddle-core test:   duration_ms: 2.139146
packages/heddle-core test:   type: 'test'
packages/heddle-core test:   ...
packages/heddle-core test: # Subtest: fixture hpl1-basic-4x8: validates and parses field-by-field through heddle-core
packages/heddle-core test: ok 2 - fixture hpl1-basic-4x8: validates and parses field-by-field through heddle-core
packages/heddle-core test:   ---
packages/heddle-core test:   duration_ms: 4.296097
packages/heddle-core test:   type: 'test'
packages/heddle-core test:   ...
packages/heddle-core test: # Subtest: fixture hpl1-edge-1x2: manifest sha256 matches bytes
packages/heddle-core test: ok 3 - fixture hpl1-edge-1x2: manifest sha256 matches bytes
packages/heddle-core test:   ---
packages/heddle-core test:   duration_ms: 0.314093
packages/heddle-core test:   type: 'test'
packages/heddle-core test:   ...
packages/heddle-core test: # Subtest: fixture hpl1-edge-1x2: validates and parses field-by-field through heddle-core
packages/heddle-core test: ok 4 - fixture hpl1-edge-1x2: validates and parses field-by-field through heddle-core
packages/heddle-core test:   ---
packages/heddle-core test:   duration_ms: 0.367583
packages/heddle-core test:   type: 'test'
packages/heddle-core test:   ...
packages/heddle-core test: # Subtest: fixture magic is the pinned HPL1 magic
packages/heddle-core test: ok 5 - fixture magic is the pinned HPL1 magic
packages/heddle-core test:   ---
packages/heddle-core test:   duration_ms: 0.298941
packages/heddle-core test:   type: 'test'
packages/heddle-core test:   ...
packages/heddle-core test: # Subtest: align8 + geometry derivation matches the spec tables
packages/heddle-core test: ok 6 - align8 + geometry derivation matches the spec tables
packages/heddle-core test:   ---
packages/heddle-core test:   duration_ms: 1.550798
packages/heddle-core test:   type: 'test'
packages/heddle-core test:   ...
packages/heddle-core test: # Subtest: isPow2 gate
packages/heddle-core test: ok 7 - isPow2 gate
packages/heddle-core test:   ---
packages/heddle-core test:   duration_ms: 0.295436
packages/heddle-core test:   type: 'test'
packages/heddle-core test:   ...
packages/heddle-core test: # Subtest: validatePlane accepts a well-formed plane and returns geometry
packages/heddle-core test: ok 8 - validatePlane accepts a well-formed plane and returns geometry
packages/heddle-core test:   ---
packages/heddle-core test:   duration_ms: 5.672167
packages/heddle-core test:   type: 'test'
packages/heddle-core test:   ...
packages/heddle-core test: # Subtest: validatePlane fails closed: bad magic
packages/heddle-core test: ok 9 - validatePlane fails closed: bad magic
packages/heddle-core test:   ---
packages/heddle-core test:   duration_ms: 0.692642
packages/heddle-core test:   type: 'test'
packages/heddle-core test:   ...
packages/heddle-core test: # Subtest: validatePlane fails closed: bad version
packages/heddle-core test: ok 10 - validatePlane fails closed: bad version
packages/heddle-core test:   ---
packages/heddle-core test:   duration_ms: 0.339701
packages/heddle-core test:   type: 'test'
packages/heddle-core test:   ...
packages/heddle-core test: # Subtest: validatePlane fails closed: LE flag clear
packages/heddle-core test: ok 11 - validatePlane fails closed: LE flag clear
packages/heddle-core test:   ---
packages/heddle-core test:   duration_ms: 0.226774
packages/heddle-core test:   type: 'test'
packages/heddle-core test:   ...
packages/heddle-core test: # Subtest: validatePlane fails closed: laneCount 0
packages/heddle-core test: ok 12 - validatePlane fails closed: laneCount 0
packages/heddle-core test:   ---
packages/heddle-core test:   duration_ms: 0.301404
packages/heddle-core test:   type: 'test'
packages/heddle-core test:   ...
packages/heddle-core test: # Subtest: validatePlane fails closed: laneCount > MAX
packages/heddle-core test: ok 13 - validatePlane fails closed: laneCount > MAX
packages/heddle-core test:   ---
packages/heddle-core test:   duration_ms: 0.204662
packages/heddle-core test:   type: 'test'
packages/heddle-core test:   ...
packages/heddle-core test: # Subtest: validatePlane fails closed: non-pow2 samples
packages/heddle-core test: ok 14 - validatePlane fails closed: non-pow2 samples
packages/heddle-core test:   ---
packages/heddle-core test:   duration_ms: 0.93561
packages/heddle-core test:   type: 'test'
packages/heddle-core test:   ...
packages/heddle-core test: # Subtest: validatePlane fails closed: ringMask drift
packages/heddle-core test: ok 15 - validatePlane fails closed: ringMask drift
packages/heddle-core test:   ---
packages/heddle-core test:   duration_ms: 0.575629
packages/heddle-core test:   type: 'test'
packages/heddle-core test:   ...
packages/heddle-core test: # Subtest: validatePlane fails closed: dirtyWords drift
packages/heddle-core test: ok 16 - validatePlane fails closed: dirtyWords drift
packages/heddle-core test:   ---
packages/heddle-core test:   duration_ms: 0.285411
packages/heddle-core test:   type: 'test'
packages/heddle-core test:   ...
packages/heddle-core test: # Subtest: validatePlane fails closed: stride drift
packages/heddle-core test: ok 17 - validatePlane fails closed: stride drift
packages/heddle-core test:   ---
packages/heddle-core test:   duration_ms: 0.362234
packages/heddle-core test:   type: 'test'
packages/heddle-core test:   ...
packages/heddle-core test: # Subtest: validatePlane fails closed: ringBase drift
packages/heddle-core test: ok 18 - validatePlane fails closed: ringBase drift
packages/heddle-core test:   ---
packages/heddle-core test:   duration_ms: 4.696098
packages/heddle-core test:   type: 'test'
packages/heddle-core test:   ...
packages/heddle-core test: # Subtest: validatePlane fails closed: totalBytes drift
packages/heddle-core test: ok 19 - validatePlane fails closed: totalBytes drift
packages/heddle-core test:   ---
packages/heddle-core test:   duration_ms: 0.20355
packages/heddle-core test:   type: 'test'
packages/heddle-core test:   ...
packages/heddle-core test: # Subtest: validatePlane rejects undersized buffers and bad byteOffset
packages/heddle-core test: ok 20 - validatePlane rejects undersized buffers and bad byteOffset
packages/heddle-core test:   ---
packages/heddle-core test:   duration_ms: 0.214256
packages/heddle-core test:   type: 'test'
packages/heddle-core test:   ...
packages/heddle-core test: # Subtest: constants are the pinned HPL1 v1 values
packages/heddle-core test: ok 21 - constants are the pinned HPL1 v1 values
packages/heddle-core test:   ---
packages/heddle-core test:   duration_ms: 0.110303
packages/heddle-core test:   type: 'test'
packages/heddle-core test:   ...
packages/heddle-core test: # Subtest: readLane returns published stats in place (zero new objects)
packages/heddle-core test: ok 22 - readLane returns published stats in place (zero new objects)
packages/heddle-core test:   ---
packages/heddle-core test:   duration_ms: 7.323103
packages/heddle-core test:   type: 'test'
packages/heddle-core test:   ...
packages/heddle-core test: # Subtest: readRecent returns newest-first ring order and wraps
packages/heddle-core test: ok 23 - readRecent returns newest-first ring order and wraps
packages/heddle-core test:   ---
packages/heddle-core test:   duration_ms: 4.77266
packages/heddle-core test:   type: 'test'
packages/heddle-core test:   ...
packages/heddle-core test: # Subtest: readRecent underrun: fewer samples than requested returns available count
packages/heddle-core test: ok 24 - readRecent underrun: fewer samples than requested returns available count
packages/heddle-core test:   ---
packages/heddle-core test:   duration_ms: 1.661021
packages/heddle-core test:   type: 'test'
packages/heddle-core test:   ...
packages/heddle-core test: # Subtest: lane out of range is a caller error (Law 4 taxonomy code 5)
packages/heddle-core test: ok 25 - lane out of range is a caller error (Law 4 taxonomy code 5)
packages/heddle-core test:   ---
packages/heddle-core test:   duration_ms: 1.669423
packages/heddle-core test:   type: 'test'
packages/heddle-core test:   ...
packages/heddle-core test: # Subtest: header seqlock read + epoch change detection
packages/heddle-core test: ok 26 - header seqlock read + epoch change detection
packages/heddle-core test:   ---
packages/heddle-core test:   duration_ms: 1.520493
packages/heddle-core test:   type: 'test'
packages/heddle-core test:   ...
packages/heddle-core test: # Subtest: dirty mask: producer-set bits observed, consumers never write
packages/heddle-core test: ok 27 - dirty mask: producer-set bits observed, consumers never write
packages/heddle-core test:   ---
packages/heddle-core test:   duration_ms: 3.298837
packages/heddle-core test:   type: 'test'
packages/heddle-core test:   ...
packages/heddle-core test: # Subtest: torn seqlock: a concurrent writer is detected, value NOT returned
packages/heddle-core test: ok 28 - torn seqlock: a concurrent writer is detected, value NOT returned
packages/heddle-core test:   ---
packages/heddle-core test:   duration_ms: 0.430735
packages/heddle-core test:   type: 'test'
packages/heddle-core test:   ...
packages/heddle-core test: # Subtest: reader works on a plain ArrayBuffer (fixture mode, non-shared)
packages/heddle-core test: ok 29 - reader works on a plain ArrayBuffer (fixture mode, non-shared)
packages/heddle-core test:   ---
packages/heddle-core test:   duration_ms: 0.346931
packages/heddle-core test:   type: 'test'
packages/heddle-core test:   ...
packages/heddle-core test: # Subtest: SharedArrayBuffer path uses Atomics gates
packages/heddle-core test: ok 30 - SharedArrayBuffer path uses Atomics gates
packages/heddle-core test:   ---
packages/heddle-core test:   duration_ms: 0.591012
packages/heddle-core test:   type: 'test'
packages/heddle-core test:   ...
packages/heddle-core test: # Subtest: lane ctrl block stride is pinned at 64 and layout matches spec offsets
packages/heddle-core test: ok 31 - lane ctrl block stride is pinned at 64 and layout matches spec offsets
packages/heddle-core test:   ---
packages/heddle-core test:   duration_ms: 0.566256
packages/heddle-core test:   type: 'test'
packages/heddle-core test:   ...
packages/heddle-core test: # Subtest: publishLane: seqlock is even at rest, odd only mid-write (single thread probe)
packages/heddle-core test: ok 32 - publishLane: seqlock is even at rest, odd only mid-write (single thread probe)
packages/heddle-core test:   ---
packages/heddle-core test:   duration_ms: 2.239263
packages/heddle-core test:   type: 'test'
packages/heddle-core test:   ...
packages/heddle-core test: # Subtest: publishLane: stats update in place, min/max/avg correct over the session
packages/heddle-core test: ok 33 - publishLane: stats update in place, min/max/avg correct over the session
packages/heddle-core test:   ---
packages/heddle-core test:   duration_ms: 2.807552
packages/heddle-core test:   type: 'test'
packages/heddle-core test:   ...
packages/heddle-core test: # Subtest: running average converges to exact mean (recurrence honesty)
packages/heddle-core test: ok 34 - running average converges to exact mean (recurrence honesty)
packages/heddle-core test:   ---
packages/heddle-core test:   duration_ms: 0.604302
packages/heddle-core test:   type: 'test'
packages/heddle-core test:   ...
packages/heddle-core test: # Subtest: NaN and Infinity are rejected with HPL1_INVALID_SAMPLE — never published
packages/heddle-core test: ok 35 - NaN and Infinity are rejected with HPL1_INVALID_SAMPLE — never published
packages/heddle-core test:   ---
packages/heddle-core test:   duration_ms: 0.96933
packages/heddle-core test:   type: 'test'
packages/heddle-core test:   ...
packages/heddle-core test: # Subtest: head wraps by mask and laneFlags gain ACTIVE on first publish
packages/heddle-core test: ok 36 - head wraps by mask and laneFlags gain ACTIVE on first publish
packages/heddle-core test:   ---
packages/heddle-core test:   duration_ms: 0.31154
packages/heddle-core test:   type: 'test'
packages/heddle-core test:   ...
packages/heddle-core test: # Subtest: publishTick publishes globals under the header seqlock
packages/heddle-core test: ok 37 - publishTick publishes globals under the header seqlock
packages/heddle-core test:   ---
packages/heddle-core test:   duration_ms: 0.768834
packages/heddle-core test:   type: 'test'
packages/heddle-core test:   ...
packages/heddle-core test: # Subtest: epochRestart bumps epoch, resets session stats, keeps samplesSeen monotonic
packages/heddle-core test: ok 38 - epochRestart bumps epoch, resets session stats, keeps samplesSeen monotonic
packages/heddle-core test:   ---
packages/heddle-core test:   duration_ms: 0.436173
packages/heddle-core test:   type: 'test'
packages/heddle-core test:   ...
packages/heddle-core test: # Subtest: producer geometry agrees with the fixture generator (layout parity)
packages/heddle-core test: ok 39 - producer geometry agrees with the fixture generator (layout parity)
packages/heddle-core test:   ---
packages/heddle-core test:   duration_ms: 0.792349
packages/heddle-core test:   type: 'test'
packages/heddle-core test:   ...
packages/heddle-core test: # Subtest: renders once per interval at 240 Hz on a virtual clock
packages/heddle-core test: ok 40 - renders once per interval at 240 Hz on a virtual clock
packages/heddle-core test:   ---
packages/heddle-core test:   duration_ms: 1.879412
packages/heddle-core test:   type: 'test'
packages/heddle-core test:   ...
packages/heddle-core test: # Subtest: does not render before the interval elapses
packages/heddle-core test: ok 41 - does not render before the interval elapses
packages/heddle-core test:   ---
packages/heddle-core test:   duration_ms: 0.44726
packages/heddle-core test:   type: 'test'
packages/heddle-core test:   ...
packages/heddle-core test: # Subtest: drop-not-queue: a 10 ms stall is followed by ONE frame, skips counted
packages/heddle-core test: ok 42 - drop-not-queue: a 10 ms stall is followed by ONE frame, skips counted
packages/heddle-core test:   ---
packages/heddle-core test:   duration_ms: 0.527418
packages/heddle-core test:   type: 'test'
packages/heddle-core test:   ...
packages/heddle-core test: # Subtest: a 1-second stall produces ~240 skips and one render — never 240 renders
packages/heddle-core test: ok 43 - a 1-second stall produces ~240 skips and one render — never 240 renders
packages/heddle-core test:   ---
packages/heddle-core test:   duration_ms: 0.257019
packages/heddle-core test:   type: 'test'
packages/heddle-core test:   ...
packages/heddle-core test: # Subtest: frame context object is REUSED across frames (Law 1)
packages/heddle-core test: ok 44 - frame context object is REUSED across frames (Law 1)
packages/heddle-core test:   ---
packages/heddle-core test:   duration_ms: 0.390356
packages/heddle-core test:   type: 'test'
packages/heddle-core test:   ...
packages/heddle-core test: # Subtest: pause/resume: paused pumps render nothing; resume does not catch up
packages/heddle-core test: ok 45 - pause/resume: paused pumps render nothing; resume does not catch up
packages/heddle-core test:   ---
packages/heddle-core test:   duration_ms: 0.357317
packages/heddle-core test:   type: 'test'
packages/heddle-core test:   ...
packages/heddle-core test: # Subtest: startWithTimer drives a real timer loop (setTimeout path)
packages/heddle-core test: ok 46 - startWithTimer drives a real timer loop (setTimeout path)
packages/heddle-core test:   ---
packages/heddle-core test:   duration_ms: 22.419603
packages/heddle-core test:   type: 'test'
packages/heddle-core test:   ...
packages/heddle-core test: # Subtest: hz guard
packages/heddle-core test: ok 47 - hz guard
packages/heddle-core test:   ---
packages/heddle-core test:   duration_ms: 0.758178
packages/heddle-core test:   type: 'test'
packages/heddle-core test:   ...
packages/react-hooks test: # Subtest: createFrameSource: subscribe/emit/unsubscribe lifecycle
packages/react-hooks test: ok 1 - createFrameSource: subscribe/emit/unsubscribe lifecycle
packages/react-hooks test:   ---
packages/react-hooks test:   duration_ms: 3.65368
packages/react-hooks test:   type: 'test'
packages/react-hooks test:   ...
packages/react-hooks test: # Subtest: useWeftBuffer: 10,000 frames, ONE render — the zero-rerender contract
packages/react-hooks test: ok 2 - useWeftBuffer: 10,000 frames, ONE render — the zero-rerender contract
packages/react-hooks test:   ---
packages/react-hooks test:   duration_ms: 20.591316
packages/react-hooks test:   type: 'test'
packages/react-hooks test:   ...
packages/react-hooks test: # Subtest: useWeftBuffer: StrictMode double-mount leaves exactly one subscription
packages/react-hooks test: ok 3 - useWeftBuffer: StrictMode double-mount leaves exactly one subscription
packages/react-hooks test:   ---
packages/react-hooks test:   duration_ms: 0.314574
packages/react-hooks test:   type: 'test'
packages/react-hooks test:   ...
packages/react-hooks test: # Subtest: useWeftBuffer: latest-ref — new closure per render without resubscribe
packages/react-hooks test: ok 4 - useWeftBuffer: latest-ref — new closure per render without resubscribe
packages/react-hooks test:   ---
packages/react-hooks test:   duration_ms: 0.361734
packages/react-hooks test:   type: 'test'
packages/react-hooks test:   ...
packages/react-hooks test: # Subtest: useWeftCanvas: coalescing — 100 frames, one tick, newest frame wins
packages/react-hooks test: ok 5 - useWeftCanvas: coalescing — 100 frames, one tick, newest frame wins
packages/react-hooks test:   ---
packages/react-hooks test:   duration_ms: 7.266008
packages/react-hooks test:   type: 'test'
packages/react-hooks test:   ...
packages/react-hooks test: # Subtest: useWeftCanvas: parks when hidden, resumes on visibilitychange
packages/react-hooks test: ok 6 - useWeftCanvas: parks when hidden, resumes on visibilitychange
packages/react-hooks test:   ---
packages/react-hooks test:   duration_ms: 3.485061
packages/react-hooks test:   type: 'test'
packages/react-hooks test:   ...
packages/react-hooks test: # Subtest: useWeftCanvas: unmount cancels pending rAF and detaches listeners
packages/react-hooks test: ok 7 - useWeftCanvas: unmount cancels pending rAF and detaches listeners
packages/react-hooks test:   ---
packages/react-hooks test:   duration_ms: 0.525445
packages/react-hooks test:   type: 'test'
packages/react-hooks test:   ...
packages/react-hooks test: # Subtest: createSampleRing: fixed capacity, wraparound order, callback iteration
packages/react-hooks test: ok 8 - createSampleRing: fixed capacity, wraparound order, callback iteration
packages/react-hooks test:   ---
packages/react-hooks test:   duration_ms: 5.418037
packages/react-hooks test:   type: 'test'
packages/react-hooks test:   ...
packages/react-hooks test: # Subtest: drawFrameGraph: auto-scale and painter ops (allocation-free reads)
packages/react-hooks test: ok 9 - drawFrameGraph: auto-scale and painter ops (allocation-free reads)
packages/react-hooks test:   ---
packages/react-hooks test:   duration_ms: 0.818257
packages/react-hooks test:   type: 'test'
packages/react-hooks test:   ...
packages/react-hooks test: # Subtest: attachWebSocket: binary messages flow, strings ignored, detach works
packages/react-hooks test: ok 10 - attachWebSocket: binary messages flow, strings ignored, detach works
packages/react-hooks test:   ---
packages/react-hooks test:   duration_ms: 0.713002
packages/react-hooks test:   type: 'test'
packages/react-hooks test:   ...
packages/react-hooks test: # Subtest: package surface: index.js re-exports the full API
packages/react-hooks test: ok 11 - package surface: index.js re-exports the full API
packages/react-hooks test:   ---
packages/react-hooks test:   duration_ms: 2.396225
packages/react-hooks test:   type: 'test'
packages/react-hooks test:   ...
packages/heddle-core test: 1..47
packages/heddle-core test: # tests 47
packages/heddle-core test: # suites 0
packages/heddle-core test: # pass 47
packages/heddle-core test: # fail 0
packages/heddle-core test: # cancelled 0
packages/heddle-core test: # skipped 0
packages/heddle-core test: # todo 0
packages/heddle-core test: # duration_ms 344.640889
packages/heddle-core test: Done
packages/react-tensor test$ node --test test/*.test.mjs
packages/react-hooks test: 1..11
packages/react-hooks test: # tests 11
packages/react-hooks test: # suites 0
packages/react-hooks test: # pass 11
packages/react-hooks test: # fail 0
packages/react-hooks test: # cancelled 0
packages/react-hooks test: # skipped 0
packages/react-hooks test: # todo 0
packages/react-hooks test: # duration_ms 241.829348
packages/react-hooks test: Done
packages/spectrum-managed test$ node --test test/*.test.mjs
packages/react-tensor test: TAP version 13
packages/heddle-canvas test: [1m[7m[36m RUN [39m[27m[22m [36mv2.1.9 [39m[90m/home/runner/work/Weft/Weft/packages/heddle-canvas[39m
packages/spectrum-managed test: TAP version 13
packages/react-tensor test: # Subtest: controller: every NEW frame renders exactly once — zero React involvement
packages/react-tensor test: ok 1 - controller: every NEW frame renders exactly once — zero React involvement
packages/react-tensor test:   ---
packages/react-tensor test:   duration_ms: 8.912323
packages/react-tensor test:   type: 'test'
packages/react-tensor test:   ...
packages/react-tensor test: # Subtest: controller: overlay receives the frame view and scratch is reused
packages/react-tensor test: ok 2 - controller: overlay receives the frame view and scratch is reused
packages/react-tensor test:   ---
packages/react-tensor test:   duration_ms: 0.506737
packages/react-tensor test:   type: 'test'
packages/react-tensor test:   ...
packages/react-tensor test: # Subtest: controller: requires ring and canvas (fail-fast)
packages/react-tensor test: ok 3 - controller: requires ring and canvas (fail-fast)
packages/react-tensor test:   ---
packages/react-tensor test:   duration_ms: 2.240565
packages/react-tensor test:   type: 'test'
packages/react-tensor test:   ...
packages/react-tensor test: # Subtest: useWeftTensorCanvas: single effect, live statsRef, clean teardown
packages/react-tensor test: ok 4 - useWeftTensorCanvas: single effect, live statsRef, clean teardown
packages/react-tensor test:   ---
packages/react-tensor test:   duration_ms: 8.268948
packages/react-tensor test:   type: 'test'
packages/react-tensor test:   ...
packages/react-tensor test: # Subtest: useWeftTensorCanvas: no canvas -> no effect work, no crash
packages/react-tensor test: ok 5 - useWeftTensorCanvas: no canvas -> no effect work, no crash
packages/react-tensor test:   ---
packages/react-tensor test:   duration_ms: 0.472797
packages/react-tensor test:   type: 'test'
packages/react-tensor test:   ...
packages/core test: [33mThe CJS build of Vite's Node API is deprecated. See https://vite.dev/guide/troubleshooting.html#vite-cjs-node-api-deprecated for more details.[39m
packages/react-tensor test: 1..5
packages/react-tensor test: # tests 5
packages/react-tensor test: # suites 0
packages/react-tensor test: # pass 5
packages/react-tensor test: # fail 0
packages/react-tensor test: # cancelled 0
packages/react-tensor test: # skipped 0
packages/react-tensor test: # todo 0
packages/react-tensor test: # duration_ms 248.811283
packages/react-tensor test: Done
packages/weft-cluster test$ node --test test/*.test.mjs
packages/core test: [1m[7m[36m RUN [39m[27m[22m [36mv2.1.9 [39m[90m/home/runner/work/Weft/Weft/packages/core[39m
packages/spectrum-managed test: # Subtest: WASM SIMD128 is available on this runtime (Node 22/24 lane)
packages/spectrum-managed test: ok 1 - WASM SIMD128 is available on this runtime (Node 22/24 lane)
packages/spectrum-managed test:   ---
packages/spectrum-managed test:   duration_ms: 7.262734
packages/spectrum-managed test:   type: 'test'
packages/spectrum-managed test:   ...
packages/spectrum-managed test: # Subtest: SharedArrayBuffer detection returns a boolean and never throws
packages/spectrum-managed test: ok 2 - SharedArrayBuffer detection returns a boolean and never throws
packages/spectrum-managed test:   ---
packages/spectrum-managed test:   duration_ms: 0.296377
packages/spectrum-managed test:   type: 'test'
packages/spectrum-managed test:   ...
packages/spectrum-managed test: # Subtest: WebGPU absent in bare Node -> false without throwing
packages/spectrum-managed test: ok 3 - WebGPU absent in bare Node -> false without throwing
packages/spectrum-managed test:   ---
packages/spectrum-managed test:   duration_ms: 0.437816
packages/spectrum-managed test:   type: 'test'
packages/spectrum-managed test:   ...
packages/spectrum-managed test: # Subtest: worker count is a positive integer (navigator.hardwareConcurrency in Node >=21)
packages/spectrum-managed test: ok 4 - worker count is a positive integer (navigator.hardwareConcurrency in Node >=21)
packages/spectrum-managed test:   ---
packages/spectrum-managed test:   duration_ms: 0.388544
packages/spectrum-managed test:   type: 'test'
packages/spectrum-managed test:   ...
packages/spectrum-managed test: # Subtest: simdWidthFromFeatures mirrors the SHP1 ISA mapping
packages/spectrum-managed test: ok 5 - simdWidthFromFeatures mirrors the SHP1 ISA mapping
packages/spectrum-managed test:   ---
packages/spectrum-managed test:   duration_ms: 8.41591
packages/spectrum-managed test:   type: 'test'
packages/spectrum-managed test:   ...
packages/spectrum-managed test: # Subtest: fallback profile is coherent and tier-graded (E_PROBE_UNAVAILABLE path)
packages/spectrum-managed test: ok 6 - fallback profile is coherent and tier-graded (E_PROBE_UNAVAILABLE path)
packages/spectrum-managed test:   ---
packages/spectrum-managed test:   duration_ms: 0.785669
packages/spectrum-managed test:   type: 'test'
packages/spectrum-managed test:   ...
packages/spectrum-managed test: # Subtest: detectInto reuses the caller flyweight (no new object)
packages/spectrum-managed test: ok 7 - detectInto reuses the caller flyweight (no new object)
packages/spectrum-managed test:   ---
packages/spectrum-managed test:   duration_ms: 0.376104
packages/spectrum-managed test:   type: 'test'
packages/spectrum-managed test:   ...
packages/spectrum-managed test: # Subtest: constants match the normative table (§4.1)
packages/spectrum-managed test: ok 8 - constants match the normative table (§4.1)
packages/spectrum-managed test:   ---
packages/spectrum-managed test:   duration_ms: 7.680471
packages/spectrum-managed test:   type: 'test'
packages/spectrum-managed test:   ...
packages/spectrum-managed test: # Subtest: FROZEN 130-tick vector: identical cap/rung/tierStage sequence
packages/spectrum-managed test: ok 9 - FROZEN 130-tick vector: identical cap/rung/tierStage sequence
packages/spectrum-managed test:   ---
packages/spectrum-managed test:   duration_ms: 0.728235
packages/spectrum-managed test:   type: 'test'
packages/spectrum-managed test:   ...
packages/spectrum-managed test: # Subtest: cadenceTick returns a primitive and mutates the flyweight in place
packages/spectrum-managed test: ok 10 - cadenceTick returns a primitive and mutates the flyweight in place
packages/spectrum-managed test:   ---
packages/spectrum-managed test:   duration_ms: 5.398544
packages/spectrum-managed test:   type: 'test'
packages/spectrum-managed test:   ...
packages/spectrum-managed test: # Subtest: ladder clamps at the bottom rung under endless severe heat
packages/spectrum-managed test: ok 11 - ladder clamps at the bottom rung under endless severe heat
packages/spectrum-managed test:   ---
packages/spectrum-managed test:   duration_ms: 0.292672
packages/spectrum-managed test:   type: 'test'
packages/spectrum-managed test:   ...
packages/spectrum-managed test: # Subtest: recovery never exceeds rung 0 and re-accumulates the cool window
packages/spectrum-managed test: ok 12 - recovery never exceeds rung 0 and re-accumulates the cool window
packages/spectrum-managed test:   ---
packages/spectrum-managed test:   duration_ms: 0.607987
packages/spectrum-managed test:   type: 'test'
packages/spectrum-managed test:   ...
packages/spectrum-managed test: # Subtest: hidden visibility freezes streaks (no ladder movement while backgrounded)
packages/spectrum-managed test: ok 13 - hidden visibility freezes streaks (no ladder movement while backgrounded)
packages/spectrum-managed test:   ---
packages/spectrum-managed test:   duration_ms: 0.214627
packages/spectrum-managed test:   type: 'test'
packages/spectrum-managed test:   ...
packages/spectrum-managed test: # Subtest: tier ceiling: a down-tiered T3 device never runs above its profile max
packages/spectrum-managed test: ok 14 - tier ceiling: a down-tiered T3 device never runs above its profile max
packages/spectrum-managed test:   ---
packages/spectrum-managed test:   duration_ms: 0.249358
packages/spectrum-managed test:   type: 'test'
packages/spectrum-managed test:   ...
packages/spectrum-managed test: # Subtest: tier staging vector (rule 5): 3 pressures -> stage 2, budget halves, hold
packages/spectrum-managed test: ok 15 - tier staging vector (rule 5): 3 pressures -> stage 2, budget halves, hold
packages/spectrum-managed test:   ---
packages/spectrum-managed test:   duration_ms: 3.414056
packages/spectrum-managed test:   type: 'test'
packages/spectrum-managed test:   ...
packages/spectrum-managed test: # Subtest: effectiveBudgetBytes pure integer halving
packages/spectrum-managed test: ok 16 - effectiveBudgetBytes pure integer halving
packages/spectrum-managed test:   ---
packages/spectrum-managed test:   duration_ms: 0.514979
packages/spectrum-managed test:   type: 'test'
packages/spectrum-managed test:   ...
packages/spectrum-managed test: # Subtest: paint writes tier/features/thermal/cadence from the flyweights
packages/spectrum-managed test: ok 17 - paint writes tier/features/thermal/cadence from the flyweights
packages/spectrum-managed test:   ---
packages/spectrum-managed test:   duration_ms: 1.812134
packages/spectrum-managed test:   type: 'test'
packages/spectrum-managed test:   ...
packages/spectrum-managed test: # Subtest: ZERO re-render: 10,000 telemetry updates, 0 setState, single render
packages/spectrum-managed test: ok 18 - ZERO re-render: 10,000 telemetry updates, 0 setState, single render
packages/spectrum-managed test:   ---
packages/spectrum-managed test:   duration_ms: 28.423405
packages/spectrum-managed test:   type: 'test'
packages/spectrum-managed test:   ...
packages/spectrum-managed test: # Subtest: fail-safe: destroyed row -> FALLBACK banner, not a throw; heal clears it
packages/spectrum-managed test: ok 19 - fail-safe: destroyed row -> FALLBACK banner, not a throw; heal clears it
packages/spectrum-managed test:   ---
packages/spectrum-managed test:   duration_ms: 0.363155
packages/spectrum-managed test:   type: 'test'
packages/spectrum-managed test:   ...
packages/spectrum-managed test: # Subtest: paint survives a totally hostile state object (never throws into host)
packages/spectrum-managed test: ok 20 - paint survives a totally hostile state object (never throws into host)
packages/spectrum-managed test:   ---
packages/spectrum-managed test:   duration_ms: 0.452177
packages/spectrum-managed test:   type: 'test'
packages/spectrum-managed test:   ...
packages/spectrum-managed test: # Subtest: mounted HUD cleans its interval on unmount (zero leaky listeners/timers)
packages/spectrum-managed test: ok 21 - mounted HUD cleans its interval on unmount (zero leaky listeners/timers)
packages/spectrum-managed test:   ---
packages/spectrum-managed test:   duration_ms: 0.431677
packages/spectrum-managed test:   type: 'test'
packages/spectrum-managed test:   ...
packages/spectrum-managed test: # Subtest: visibilitychange writes the primitive into the flyweight
packages/spectrum-managed test: ok 22 - visibilitychange writes the primitive into the flyweight
packages/spectrum-managed test:   ---
packages/spectrum-managed test:   duration_ms: 20.917908
packages/spectrum-managed test:   type: 'test'
packages/spectrum-managed test:   ...
packages/spectrum-managed test: # Subtest: battery listeners update permille/charging primitives (async attach)
packages/spectrum-managed test: ok 23 - battery listeners update permille/charging primitives (async attach)
packages/spectrum-managed test:   ---
packages/spectrum-managed test:   duration_ms: 0.566766
packages/spectrum-managed test:   type: 'test'
packages/spectrum-managed test:   ...
packages/spectrum-managed test: # Subtest: absent APIs keep UNKNOWN sentinels (Law 4, no crash)
packages/spectrum-managed test: ok 24 - absent APIs keep UNKNOWN sentinels (Law 4, no crash)
packages/spectrum-managed test:   ---
packages/spectrum-managed test:   duration_ms: 6.278652
packages/spectrum-managed test:   type: 'test'
packages/spectrum-managed test:   ...
packages/spectrum-managed test: # Subtest: double attach on the same doc counts a leak (dev-surface, no hot path)
packages/spectrum-managed test: ok 25 - double attach on the same doc counts a leak (dev-surface, no hot path)
packages/spectrum-managed test:   ---
packages/spectrum-managed test:   duration_ms: 0.363306
packages/spectrum-managed test:   type: 'test'
packages/spectrum-managed test:   ...
packages/spectrum-managed test: # Subtest: primeUnknown fills only undefined fields
packages/spectrum-managed test: ok 26 - primeUnknown fills only undefined fields
packages/spectrum-managed test:   ---
packages/spectrum-managed test:   duration_ms: 0.428011
packages/spectrum-managed test:   type: 'test'
packages/spectrum-managed test:   ...
packages/weft-cluster test: TAP version 13
packages/spectrum-managed test: # Subtest: golden flagship decodes byte-parity vs expected_profile.json
packages/spectrum-managed test: ok 27 - golden flagship decodes byte-parity vs expected_profile.json
packages/spectrum-managed test:   ---
packages/spectrum-managed test:   duration_ms: 8.851597
packages/spectrum-managed test:   type: 'test'
packages/spectrum-managed test:   ...
packages/spectrum-managed test: # Subtest: golden mid decodes byte-parity (u64 fields via lo/hi pairs)
packages/spectrum-managed test: ok 28 - golden mid decodes byte-parity (u64 fields via lo/hi pairs)
packages/spectrum-managed test:   ---
packages/spectrum-managed test:   duration_ms: 7.571679
packages/spectrum-managed test:   type: 'test'
packages/spectrum-managed test:   ...
packages/spectrum-managed test: # Subtest: golden budget decodes byte-parity
packages/spectrum-managed test: ok 29 - golden budget decodes byte-parity
packages/spectrum-managed test:   ---
packages/spectrum-managed test:   duration_ms: 0.362024
packages/spectrum-managed test:   type: 'test'
packages/spectrum-managed test:   ...
packages/spectrum-managed test: # Subtest: torn fixture -> E_CRC_MISMATCH (fail-closed, no garbage decode)
packages/spectrum-managed test: ok 30 - torn fixture -> E_CRC_MISMATCH (fail-closed, no garbage decode)
packages/spectrum-managed test:   ---
packages/spectrum-managed test:   duration_ms: 0.310668
packages/spectrum-managed test:   type: 'test'
packages/spectrum-managed test:   ...
packages/spectrum-managed test: # Subtest: Law 4 matrix: bad magic / bad version / bad size / reserved dirty
packages/spectrum-managed test: ok 31 - Law 4 matrix: bad magic / bad version / bad size / reserved dirty
packages/spectrum-managed test:   ---
packages/spectrum-managed test:   duration_ms: 3.939351
packages/spectrum-managed test:   type: 'test'
packages/spectrum-managed test:   ...
packages/spectrum-managed test: # Subtest: zero-copy proof: view sees in-place mutations of the underlying buffer
packages/spectrum-managed test: ok 32 - zero-copy proof: view sees in-place mutations of the underlying buffer
packages/spectrum-managed test:   ---
packages/spectrum-managed test:   duration_ms: 0.476362
packages/spectrum-managed test:   type: 'test'
packages/spectrum-managed test:   ...
packages/spectrum-managed test: # Subtest: snapshotInto copies primitives into a caller-owned flyweight
packages/spectrum-managed test: ok 33 - snapshotInto copies primitives into a caller-owned flyweight
packages/spectrum-managed test:   ---
packages/spectrum-managed test:   duration_ms: 6.531575
packages/spectrum-managed test:   type: 'test'
packages/spectrum-managed test:   ...
packages/spectrum-managed test: # Subtest: crc32 reference vectors (IEEE 802.3)
packages/spectrum-managed test: ok 34 - crc32 reference vectors (IEEE 802.3)
packages/spectrum-managed test:   ---
packages/spectrum-managed test:   duration_ms: 0.239774
packages/spectrum-managed test:   type: 'test'
packages/spectrum-managed test:   ...
packages/spectrum-managed test: # Subtest: ERROR_NAMES covers the full 15-code taxonomy
packages/spectrum-managed test: ok 35 - ERROR_NAMES covers the full 15-code taxonomy
packages/spectrum-managed test:   ---
packages/spectrum-managed test:   duration_ms: 3.521134
packages/spectrum-managed test:   type: 'test'
packages/spectrum-managed test:   ...
packages/spectrum-managed test: 1..35
packages/spectrum-managed test: # tests 35
packages/spectrum-managed test: # suites 0
packages/spectrum-managed test: # pass 35
packages/spectrum-managed test: # fail 0
packages/spectrum-managed test: # cancelled 0
packages/spectrum-managed test: # skipped 0
packages/spectrum-managed test: # todo 0
packages/spectrum-managed test: # duration_ms 615.762765
packages/spectrum-managed test: Done
packages/weft-tensor test$ node --test test/*.test.mjs
packages/weft-cluster test: # Subtest: shm: publish -> subscribe async iterator, seq monotonic, payload intact
packages/weft-cluster test: ok 1 - shm: publish -> subscribe async iterator, seq monotonic, payload intact
packages/weft-cluster test:   ---
packages/weft-cluster test:   duration_ms: 23.857815
packages/weft-cluster test:   type: 'test'
packages/weft-cluster test:   ...
packages/weft-cluster test: # Subtest: shm: two subscribers fan out independently; unsubscribe stops flow
packages/weft-cluster test: ok 2 - shm: two subscribers fan out independently; unsubscribe stops flow
packages/weft-cluster test:   ---
packages/weft-cluster test:   duration_ms: 17.236146
packages/weft-cluster test:   type: 'test'
packages/weft-cluster test:   ...
packages/weft-cluster test: # Subtest: shm: tryLatest reads newest without advancing the iterator
packages/weft-cluster test: ok 3 - shm: tryLatest reads newest without advancing the iterator
packages/weft-cluster test:   ---
packages/weft-cluster test:   duration_ms: 8.249299
packages/weft-cluster test:   type: 'test'
packages/weft-cluster test:   ...
packages/weft-cluster test: # Subtest: Law 4: stale seq replays are dropped and counted (datagram path)
packages/weft-cluster test: ok 4 - Law 4: stale seq replays are dropped and counted (datagram path)
packages/weft-cluster test:   ---
packages/weft-cluster test:   duration_ms: 0.663268
packages/weft-cluster test:   type: 'test'
packages/weft-cluster test:   ...
packages/weft-cluster test: # Subtest: udp: two clients, SUB control plane, live datagram pub/sub
packages/weft-cluster test: ok 5 - udp: two clients, SUB control plane, live datagram pub/sub
packages/weft-cluster test:   ---
packages/weft-cluster test:   duration_ms: 44.637959
packages/weft-cluster test:   type: 'test'
packages/weft-cluster test:   ...
packages/weft-cluster test: # Subtest: udp: publisher with zero subscribers stays silent (no peers dup)
packages/weft-cluster test: ok 6 - udp: publisher with zero subscribers stays silent (no peers dup)
packages/weft-cluster test:   ---
packages/weft-cluster test:   duration_ms: 0.875221
packages/weft-cluster test:   type: 'test'
packages/weft-cluster test:   ...
packages/weft-tensor test: TAP version 13
packages/heddle-canvas test:  [32m✓[39m test/engine.test.ts [2m([22m[2m7 tests[22m[2m)[22m[90m 73[2mms[22m[39m
packages/heddle-canvas test:  [32m✓[39m test/layout_parity.test.ts [2m([22m[2m6 tests[22m[2m)[22m[33m 415[2mms[22m[39m
packages/heddle-canvas test:    [33m[2m✓[22m[39m WHP1 layout parity: native/whp1_layout.h == src/plane/whp1.ts[2m > [22mthe C plane-size function agrees with whp1PlaneBytes (via clang eval) [33m380[2mms[22m[39m
packages/heddle-canvas test:  [32m✓[39m test/plane.test.ts [2m([22m[2m26 tests[22m[2m)[22m[33m 527[2mms[22m[39m
packages/heddle-canvas test:    [33m[2m✓[22m[39m WHP1 writer protocol (SynthProducer = executable spec)[2m > [22msynthSample is f32-stable and clamped (cross-engine hash precondition) [33m492[2mms[22m[39m
packages/core test:  [32m✓[39m test/weft.test.ts [2m([22m[2m43 tests[22m[2m)[22m[33m 402[2mms[22m[39m
packages/heddle-canvas test:  [32m✓[39m test/dirty_mask.test.ts [2m([22m[2m6 tests[22m[2m)[22m[90m 166[2mms[22m[39m
packages/heddle-canvas test:  [32m✓[39m test/shaders.test.ts [2m([22m[2m4 tests[22m[2m)[22m[90m 140[2mms[22m[39m
packages/weft-cluster test: # Subtest: crosslang: TS still decodes the frozen WCN1 vectors byte-exactly
packages/weft-cluster test: ok 7 - crosslang: TS still decodes the frozen WCN1 vectors byte-exactly
packages/weft-cluster test:   ---
packages/weft-cluster test:   duration_ms: 1.53929
packages/weft-cluster test:   type: 'test'
packages/weft-cluster test:   ...
packages/weft-cluster test: # Subtest: crosslang: TS rejects malformed fixtures with the frozen codes
packages/weft-cluster test: ok 8 - crosslang: TS rejects malformed fixtures with the frozen codes
packages/weft-cluster test:   ---
packages/weft-cluster test:   duration_ms: 0.480879
packages/weft-cluster test:   type: 'test'
packages/weft-cluster test:   ...
packages/weft-cluster test: # Subtest: crosslang: FNV/CRC reference vectors match the fixture
packages/weft-cluster test: ok 9 - crosslang: FNV/CRC reference vectors match the fixture
packages/weft-cluster test:   ---
packages/weft-cluster test:   duration_ms: 0.496082
packages/weft-cluster test:   type: 'test'
packages/weft-cluster test:   ...
packages/weft-cluster test: # Subtest: registry: counters, gauges, histogram quantile sanity
packages/weft-cluster test: ok 10 - registry: counters, gauges, histogram quantile sanity
packages/weft-cluster test:   ---
packages/weft-cluster test:   duration_ms: 12.779051
packages/weft-cluster test:   type: 'test'
packages/weft-cluster test:   ...
packages/weft-cluster test: # Subtest: histogram bucket bounds follow the 1, 2, 3, 4, 6, 8, 12... sequence
packages/weft-cluster test: ok 11 - histogram bucket bounds follow the 1, 2, 3, 4, 6, 8, 12... sequence
packages/weft-cluster test:   ---
packages/weft-cluster test:   duration_ms: 4.631202
packages/weft-cluster test:   type: 'test'
packages/weft-cluster test:   ...
packages/weft-cluster test: # Subtest: prometheus: exposition format with cumulative histogram buckets
packages/weft-cluster test: ok 12 - prometheus: exposition format with cumulative histogram buckets
packages/weft-cluster test:   ---
packages/weft-cluster test:   duration_ms: 7.474026
packages/weft-cluster test:   type: 'test'
packages/weft-cluster test:   ...
packages/weft-cluster test: # Subtest: otel: OTLP/JSON document shape (resourceMetrics -> metrics)
packages/weft-cluster test: ok 13 - otel: OTLP/JSON document shape (resourceMetrics -> metrics)
packages/weft-cluster test:   ---
packages/weft-cluster test:   duration_ms: 1.648902
packages/weft-cluster test:   type: 'test'
packages/weft-cluster test:   ...
packages/weft-cluster test: # Subtest: perfetto: .pftrace protobuf round-trips packets and track events
packages/weft-cluster test: ok 14 - perfetto: .pftrace protobuf round-trips packets and track events
packages/weft-cluster test:   ---
packages/weft-cluster test:   duration_ms: 7.446656
packages/weft-cluster test:   type: 'test'
packages/weft-cluster test:   ...
packages/weft-cluster test: # Subtest: prometheus: embedded /metrics server answers 200 over real HTTP
packages/weft-cluster test: ok 15 - prometheus: embedded /metrics server answers 200 over real HTTP
packages/weft-cluster test:   ---
packages/weft-cluster test:   duration_ms: 125.563599
packages/weft-cluster test:   type: 'test'
packages/weft-cluster test:   ...
packages/weft-cluster test: # Subtest: router: deterministic owner across calls and instances
packages/weft-cluster test: ok 16 - router: deterministic owner across calls and instances
packages/weft-cluster test:   ---
packages/weft-cluster test:   duration_ms: 4.783336
packages/weft-cluster test:   type: 'test'
packages/weft-cluster test:   ...
packages/weft-cluster test: # Subtest: router: cross-language owner vector (node seeds 11,22,33,44 / telemetry)
packages/weft-cluster test: ok 17 - router: cross-language owner vector (node seeds 11,22,33,44 / telemetry)
packages/weft-cluster test:   ---
packages/weft-cluster test:   duration_ms: 2.685531
packages/weft-cluster test:   type: 'test'
packages/weft-cluster test:   ...
packages/weft-cluster test: # Subtest: router: 8-node balance within 3x envelope
packages/weft-cluster test: ok 18 - router: 8-node balance within 3x envelope
packages/weft-cluster test:   ---
packages/weft-cluster test:   duration_ms: 38.398986
packages/weft-cluster test:   type: 'test'
packages/weft-cluster test:   ...
packages/weft-cluster test: # Subtest: router: minimal disruption — adding 1 of 9 nodes moves ~1/9 of topics
packages/weft-cluster test: ok 19 - router: minimal disruption — adding 1 of 9 nodes moves ~1/9 of topics
packages/weft-cluster test:   ---
packages/weft-cluster test:   duration_ms: 8.594138
packages/weft-cluster test:   type: 'test'
packages/weft-cluster test:   ...
packages/weft-cluster test: # Subtest: router: unrouted topic -> WC_E_TOPIC_UNROUTED
packages/weft-cluster test: ok 20 - router: unrouted topic -> WC_E_TOPIC_UNROUTED
packages/weft-cluster test:   ---
packages/weft-cluster test:   duration_ms: 0.3319
packages/weft-cluster test:   type: 'test'
packages/weft-cluster test:   ...
packages/weft-cluster test: # Subtest: router: removeNode stops routing to it; version bumps
packages/weft-cluster test: ok 21 - router: removeNode stops routing to it; version bumps
packages/weft-cluster test:   ---
packages/weft-cluster test:   duration_ms: 0.248808
packages/weft-cluster test:   type: 'test'
packages/weft-cluster test:   ...
packages/weft-cluster test: # Subtest: membership: upsert + hash-index lookup round-trip
packages/weft-cluster test: ok 22 - membership: upsert + hash-index lookup round-trip
packages/weft-cluster test:   ---
packages/weft-cluster test:   duration_ms: 1.973121
packages/weft-cluster test:   type: 'test'
packages/weft-cluster test:   ...
packages/weft-cluster test: # Subtest: membership: open addressing survives heavy collisions
packages/weft-cluster test: ok 23 - membership: open addressing survives heavy collisions
packages/weft-cluster test:   ---
packages/weft-cluster test:   duration_ms: 1.743893
packages/weft-cluster test:   type: 'test'
packages/weft-cluster test:   ...
packages/weft-cluster test: # Subtest: gossip: 3 engines converge to a full membership view (socketless)
packages/weft-cluster test: ok 24 - gossip: 3 engines converge to a full membership view (socketless)
packages/weft-cluster test:   ---
packages/weft-cluster test:   duration_ms: 21.608176
packages/weft-cluster test:   type: 'test'
packages/weft-cluster test:   ...
packages/weft-cluster test: # Subtest: gossip: stale incarnation ignored, higher incarnation wins
packages/weft-cluster test: ok 25 - gossip: stale incarnation ignored, higher incarnation wins
packages/weft-cluster test:   ---
packages/weft-cluster test:   duration_ms: 0.694474
packages/weft-cluster test:   type: 'test'
packages/weft-cluster test:   ...
packages/weft-cluster test: # Subtest: gossip: LEAVING is sticky at equal incarnation, revive needs higher
packages/weft-cluster test: ok 26 - gossip: LEAVING is sticky at equal incarnation, revive needs higher
packages/weft-cluster test:   ---
packages/weft-cluster test:   duration_ms: 0.424446
packages/weft-cluster test:   type: 'test'
packages/weft-cluster test:   ...
packages/weft-cluster test: # Subtest: gossip: SWIM refutation — falsely-leaving node bumps incarnation
packages/weft-cluster test: ok 27 - gossip: SWIM refutation — falsely-leaving node bumps incarnation
packages/weft-cluster test:   ---
packages/weft-cluster test:   duration_ms: 0.517604
packages/weft-cluster test:   type: 'test'
packages/weft-cluster test:   ...
packages/weft-cluster test: # Subtest: gossip: silent nodes suspect then evicted (fake clock)
packages/weft-cluster test: ok 28 - gossip: silent nodes suspect then evicted (fake clock)
packages/weft-cluster test:   ---
packages/weft-cluster test:   duration_ms: 0.523913
packages/weft-cluster test:   type: 'test'
packages/weft-cluster test:   ...
packages/weft-cluster test: # Subtest: gossip: graceful leave announces and propagates LEAVING
packages/weft-cluster test: ok 29 - gossip: graceful leave announces and propagates LEAVING
packages/weft-cluster test:   ---
packages/weft-cluster test:   duration_ms: 0.695556
packages/weft-cluster test:   type: 'test'
packages/weft-cluster test:   ...
packages/weft-cluster test: # Subtest: crc32 IEEE vectors (parity with Python zlib.crc32)
packages/weft-cluster test: ok 30 - crc32 IEEE vectors (parity with Python zlib.crc32)
packages/weft-cluster test:   ---
packages/weft-cluster test:   duration_ms: 2.636009
packages/weft-cluster test:   type: 'test'
packages/weft-cluster test:   ...
packages/weft-cluster test: # Subtest: fnv1a64 topic hash vectors (parity with Python impl)
packages/weft-cluster test: ok 31 - fnv1a64 topic hash vectors (parity with Python impl)
packages/weft-cluster test:   ---
packages/weft-cluster test:   duration_ms: 1.960452
packages/weft-cluster test:   type: 'test'
packages/weft-cluster test:   ...
packages/weft-cluster test: # Subtest: WCN1 header: little-endian byte layout is normative
packages/weft-cluster test: ok 32 - WCN1 header: little-endian byte layout is normative
packages/weft-cluster test:   ---
packages/weft-cluster test:   duration_ms: 0.431377
packages/weft-cluster test:   type: 'test'
packages/weft-cluster test:   ...
packages/weft-cluster test: # Subtest: WCN1 round-trip: encode -> decode -> same fields
packages/weft-cluster test: ok 33 - WCN1 round-trip: encode -> decode -> same fields
packages/weft-cluster test:   ---
packages/weft-cluster test:   duration_ms: 11.641333
packages/weft-cluster test:   type: 'test'
packages/weft-cluster test:   ...
packages/weft-cluster test: # Subtest: Law 4: malformed datagrams map to the exact error taxonomy
packages/weft-cluster test: ok 34 - Law 4: malformed datagrams map to the exact error taxonomy
packages/weft-cluster test:   ---
packages/weft-cluster test:   duration_ms: 2.151834
packages/weft-cluster test:   type: 'test'
packages/weft-cluster test:   ...
packages/weft-cluster test: # Subtest: error names are stable (Law 4 contract)
packages/weft-cluster test: ok 35 - error names are stable (Law 4 contract)
packages/weft-cluster test:   ---
packages/weft-cluster test:   duration_ms: 0.385479
packages/weft-cluster test:   type: 'test'
packages/weft-cluster test:   ...
packages/weft-cluster test: # Subtest: WGS1 gossip: encode + entries + decode round-trip
packages/weft-cluster test: ok 36 - WGS1 gossip: encode + entries + decode round-trip
packages/weft-cluster test:   ---
packages/weft-cluster test:   duration_ms: 0.644261
packages/weft-cluster test:   type: 'test'
packages/weft-cluster test:   ...
packages/weft-cluster test: # Subtest: WGS1: entry_count overrun is WC_E_TRUNCATED, not a crash
packages/weft-cluster test: ok 37 - WGS1: entry_count overrun is WC_E_TRUNCATED, not a crash
packages/weft-cluster test:   ---
packages/weft-cluster test:   duration_ms: 0.274625
packages/weft-cluster test:   type: 'test'
packages/weft-cluster test:   ...
packages/weft-cluster test: # Subtest: Law 1: decodeInto is allocation-free (structural check)
packages/weft-cluster test: ok 38 - Law 1: decodeInto is allocation-free (structural check)
packages/weft-cluster test:   ---
packages/weft-cluster test:   duration_ms: 0.631452
packages/weft-cluster test:   type: 'test'
packages/weft-cluster test:   ...
packages/weft-cluster test: 1..38
packages/weft-cluster test: # tests 38
packages/weft-cluster test: # suites 0
packages/weft-cluster test: # pass 38
packages/weft-cluster test: # fail 0
packages/weft-cluster test: # cancelled 0
packages/weft-cluster test: # skipped 0
packages/weft-cluster test: # todo 0
packages/weft-cluster test: # duration_ms 2485.552249
packages/core test:  [32m✓[39m test/verified.test.ts [2m([22m[2m17 tests[22m[2m)[22m[33m 754[2mms[22m[39m
packages/weft-cluster test: Done
packages/heddle-canvas test:  [31m❯[39m test/oracle.test.ts [2m([22m[2m6 tests[22m[2m | [22m[31m1 failed[39m[2m)[22m[33m 334[2mms[22m[39m
packages/heddle-canvas test: [31m   [31m×[31m reference window walk (cpu_oracle)[2m > [22m1M-point window decimates within the frame budget envelope (sanity)[90m 296[2mms[22m[31m[39m
packages/heddle-canvas test: [31m     → expected 64116.204 to be less than 50000[39m
packages/core test:  [32m✓[39m test/fanout.test.ts [2m([22m[2m28 tests[22m[2m)[22m[33m 1213[2mms[22m[39m
packages/core test:    [33m[2m✓[22m[39m fanout cross-thread protocol litmus[2m > [22mindependent worker writer + 3 main-thread readers: zero torn claims (M=4, P=64, 100k frames) [33m315[2mms[22m[39m
packages/core test:    [33m[2m✓[22m[39m fanout cross-thread protocol litmus[2m > [22mgeometry variant (M=8, P=640, 50k frames): zero torn claims [33m615[2mms[22m[39m
packages/heddle-canvas test:  [32m✓[39m test/law1.test.ts [2m([22m[2m6 tests[22m[2m | [22m[33m1 skipped[39m[2m)[22m[90m 25[2mms[22m[39m
packages/heddle-canvas test:  [32m✓[39m test/budget.test.ts [2m([22m[2m5 tests[22m[2m)[22m[90m 12[2mms[22m[39m
packages/heddle-canvas test: [31m⎯⎯⎯⎯⎯⎯⎯[1m[7m Failed Tests 1 [27m[22m⎯⎯⎯⎯⎯⎯⎯[39m
packages/heddle-canvas test: [31m[1m[7m FAIL [27m[22m[39m test/oracle.test.ts[2m > [22mreference window walk (cpu_oracle)[2m > [22m1M-point window decimates within the frame budget envelope (sanity)
packages/heddle-canvas test: [31m[1mAssertionError[22m: expected 64116.204 to be less than 50000[39m
packages/heddle-canvas test: [36m [2m❯[22m test/oracle.test.ts:[2m94:20[22m[39m
packages/heddle-canvas test:     [90m 92| [39m    [90m// CPU oracle: ~1M compares — expect single-digit milliseconds.[39m
packages/heddle-canvas test:     [90m 93| [39m    [90m// NOT the frame path (that's the GPU's job); just the oracle sani[39m…
packages/heddle-canvas test:     [90m 94| [39m    [34mexpect[39m(micros)[33m.[39m[34mtoBeLessThan[39m([34m50_000[39m)[33m;[39m
packages/heddle-canvas test:     [90m   | [39m                   [31m^[39m
packages/heddle-canvas test:     [90m 95| [39m    [34mexpect[39m(out[[34m1[39m])[33m.[39m[34mtoBeGreaterThan[39m(out[[34m0[39m])[33m;[39m [90m// a real min/max pair[39m
packages/heddle-canvas test:     [90m 96| [39m  })[33m;[39m
packages/heddle-canvas test: [31m[2m⎯⎯⎯⎯⎯⎯⎯⎯⎯⎯⎯⎯⎯⎯⎯⎯⎯⎯⎯⎯⎯⎯⎯⎯[1/1]⎯[22m[39m
packages/heddle-canvas test: [2m Test Files [22m [1m[31m1 failed[39m[22m[2m | [22m[1m[32m7 passed[39m[22m[90m (8)[39m
packages/heddle-canvas test: [2m      Tests [22m [1m[31m1 failed[39m[22m[2m | [22m[1m[32m64 passed[39m[22m[2m | [22m[33m1 skipped[39m[90m (66)[39m
packages/heddle-canvas test: [2m   Start at [22m 13:17:58
packages/heddle-canvas test: [2m   Duration [22m 3.52s[2m (transform 921ms, setup 0ms, collect 1.73s, tests 1.69s, environment 2ms, prepare 2.19s)[22m
packages/heddle-canvas test: ::error file=/home/runner/work/Weft/Weft/packages/heddle-canvas/test/oracle.test.ts,title=test/oracle.test.ts > reference window walk (cpu_oracle) > 1M-point window decimates within the frame budget envelope (sanity),line=94,column=20::AssertionError: expected 64116.204 to be less than 50000%0A ❯ test/oracle.test.ts:94:20%0A%0A
packages/heddle-canvas test: Failed
/home/runner/work/Weft/Weft/packages/heddle-canvas:
 ERR_PNPM_RECURSIVE_RUN_FIRST_FAIL  @weft/heddle-canvas@0.1.0 test: `vitest run`
Exit status 1
