==================================================
SHARD: weft-tensor-managed
DESCRIPTION: Project weft-tensor Pillar 2: WTR1 layout, TS/Python ingestion engines, DLPack/NumPy bridge, cross-language parity, React/Flutter AI hooks/widgets, 120 FPS flight demo, alloc probes
STATUS: PASSED ✅
COMMIT: a93d68a0965a9ff3b67d8ef4220683a9a5eda18d
RUN: 242
==================================================

[1/8] fixture determinism
OK /home/runner/work/Weft/Weft/fixtures/weft-tensor/ring-v1-f32.bin (640 B) byte-identical
OK /home/runner/work/Weft/Weft/fixtures/weft-tensor/ring-v1-u8.bin (640 B) byte-identical
[2/8] TypeScript suite
✔ zero-alloc probe [ring] — 100k steady-state ops stay flat (200.402286ms)
✔ zero-alloc probe [ingest] — 100k steady-state ops stay flat (127.703397ms)
✔ zero-alloc probe [audio] — 100k steady-state ops stay flat (119.891896ms)
✔ zero-alloc probe [render] — 100k steady-state ops stay flat (1626.799147ms)
✔ zero-alloc probe [overlay] — 100k steady-state ops stay flat (65.655871ms)
✔ negative control: a deliberately-allocating loop IS caught (64.557121ms)
✔ f32 fixture: header fields, 10 frames, dyadic payload parity (2.763371ms)
✔ u8 fixture: header fields, 6 frames, byte payload parity (1.077901ms)
✔ WebCodecs sync fast path: bytes land in ring, no intermediate (3.881708ms)
✔ WebCodecs async fast path resolves after the GPU readback lands (0.443291ms)
✔ copyTo failure is a DROP, never a throw into the frame loop (1.738439ms)
✔ legacy sync copyTo returning void still commits the full slot (0.44261ms)
✔ ImageData + raw paths (0.544561ms)
✔ ingestor dtype gate: f32 ring rejected (Law 4) (0.694963ms)
✔ AudioPcmFeeder: exact-fit chunks roll one slot per chunk (1.463845ms)
✔ AudioPcmFeeder: chunk spanning slot boundaries carries with zero gaps (0.698039ms)
✔ AudioPcmFeeder: tiny chunks accumulate then roll (worklet cadence) (0.827441ms)
✔ AudioPcmFeeder dtype gate + chunk size gate (Law 4) (0.574307ms)
✔ crc32 matches node:zlib over the static header region (2.21376ms)
✔ f16FromBits matches numpy float16 decode exactly (0.650199ms)
✔ f16ToBits matches numpy round-to-nearest-even (0.626826ms)
✔ fourcc round-trips as LE ASCII (0.328947ms)
✔ validateRingHeader accepts both golden fixtures (1.949726ms)
✔ fail-closed corruption matrix — every mutation gets a machine-readable code (2.066985ms)
✔ dtype validity table (0.216015ms)
✔ create() writes a self-validating header (round trip through attach) (3.117465ms)
✔ Canvas2DPlane: ONE ImageData reused, pixel-accurate blit per frame (4.542617ms)
✔ Canvas2DPlane dtype gate (Law 4) (0.761387ms)
✔ OverlayScratch + drawBoxes2D: bounded, reused, pixel records (1.341495ms)
✔ drawSkeleton2D honours confidence gating (1.94132ms)
✔ WebGL2Plane: zero-alloc texSubImage2D from the slot view + fullscreen tri (1.220198ms)
✔ create + typed commit + acquireLatest returns exact values, zero surprises (8.215984ms)
✔ byte commit path (Uint8Array) with short payload (bounded loop, no throw) (2.044062ms)
✔ acquireLatest(lastSeq) returns null when nothing new; acquireFrame bounds (0.529653ms)
✔ overrun: slotCount=2, 5 commits -> old seq gone, latest correct (0.5492ms)
✔ torn read: uncommitted slot is invisible, then visible after commit marker (0.526007ms)
✔ zero-copy begin/finish path matches convenience commit (0.433723ms)
✔ commit rejects wrong dtype / oversized payloads (fail-closed) (2.082033ms)
✔ create() input validation is fail-closed (0.447749ms)
✔ waitForNewFrame resolves via injected scheduler; timeout path returns null (32.733806ms)
✔ SharedArrayBuffer smoke: create(shared) + atomics publish + acquire (0.659667ms)
✔ ring stats counters are sealed and monotonic (0.276008ms)
✔ detectRuntime identifies node (this process) (1.4293ms)
✔ detectRuntime: browser / deno / bun / worker / electron fakes (0.374822ms)
✔ runtimeMatrix feature list stays sorted/deterministic (1.112396ms)
✔ assertShareable accepts SAB, rejects plain ArrayBuffer (0.731492ms)
ℹ tests 46
ℹ suites 0
ℹ pass 46
ℹ fail 0
ℹ cancelled 0
ℹ skipped 0
ℹ todo 0
ℹ duration_ms 2286.649134
[3/8] Python suite
.......s.............s................                                   [100%]
36 passed, 2 skipped in 9.47s
[4/8] TS producer -> Python consumer
{"producer":"typescript","path":"/tmp/tmp.2JeE9dhkLi/ts_ring.bin","byteLength":640,"producerSeq":10,"slotStride":128,"schemaId":"fe77000000000000"}
{"consumer": "python", "path": "/tmp/tmp.2JeE9dhkLi/ts_ring.bin", "framesValidated": [7, 8, 9, 10], "dlpackAlias": true, "ok": true}
[5/8] Python producer -> TS consumer
{"producer": "python", "path": "/tmp/tmp.2JeE9dhkLi/py_ring.bin", "byteLength": 640, "producerSeq": 10, "slotStride": 128, "schemaId": "fe77000000000001"}
{"consumer":"typescript","path":"/tmp/tmp.2JeE9dhkLi/py_ring.bin","framesValidated":[7,8,9,10],"ok":true}
[6/8] DLPack alias proof (consumed the TS-produced ring, pointer-checked)
    dlpack alias OK (slot ptr 0x55b4bbff1f30 inside ring 0x55b4bbff1df0..0x55b4bbff2070)
[7/8] zero-allocation probes (100k ops each, post-warmup, --expose-gc)
    {"mode":"ring","iters":100000,"heapBefore":4402840,"heapAfter":4416064,"deltaBytes":13224}
    {"mode":"ingest","iters":100000,"heapBefore":4411944,"heapAfter":4425696,"deltaBytes":13752}
    {"mode":"audio","iters":100000,"heapBefore":4424920,"heapAfter":4420016,"deltaBytes":-4904}
    {"mode":"render","iters":100000,"heapBefore":4418992,"heapAfter":4420592,"deltaBytes":1600}
    {"mode":"overlay","iters":100000,"heapBefore":4298968,"heapAfter":4299680,"deltaBytes":712}
[8/8] latency gates (directive: commit < 50us)
    {"bench":"weft-tensor commit/acquire","node":"v24.21.0","video":{"geometry":"320x180 RGBA","slotCapBytes":230400,"commit":{"n":50000,"p50_us":0.19,"p99_us":1.142,"max_us":240.972},"acquire":{"n":50000,"p50_us":0.13,"p99_us":0.551,"max_us":126.156},"commit_under_50us":true},"audio":{"geometry":"2ch x 128 f32 (interleaved quanta 256)","slotCapBytes":1024,"commit":{"n":50000,"p50_us":0.471,"p99_us":0.542,"max_us":130.385},"acquire":{"n":50000,"p50_us":0.12,"p99_us":0.772,"max_us":169.137},"commit_under_50us":true}}
weft-tensor managed shard: ALL 8 STAGES GREEN
