==================================================
SHARD: simd-blend
DESCRIPTION: Q12 raster blend: C golden gates + xlang-blend cross-language digests + bench
STATUS: PASSED ✅
COMMIT: a93d68a0965a9ff3b67d8ef4220683a9a5eda18d
RUN: 242
==================================================

== simd-blend shard: env x86_64/Linux ==
-- C kernel gates --
== blend_test: impl=avx2 (2) ==
B1 boundaries: OK
B2 parity sweep: OK (154 path-checks, all == scalar)
B3 alpha sweep 0..4096 (dispatched): OK
B4 in-place aliasing: OK
blend_test: ALL GATES GREEN
blend-test: ALL GATES GREEN
-- xlang-blend golden gate --
== xlang-blend golden parity: env x86_64/Linux ==
-- C kernel (golden source) --
   blend-test gates GREEN
   golden-vectors.csv matches the kernel
-- TS verifier (reference port) --
xlang-blend TS verifier: 63/63 golden digests match
-- Kotlin verifier --
xlang-blend Kotlin verifier: 63/63 golden digests match
-- Dart verifier: DECLARED skip (no dart; flutter-packages leg owns it) --
-- Swift port: DECLARED skip (no swiftc; apple-packages compiles + golden-gates it) --

xlang-blend: ran=3 declared_skips=2
✅ xlang-blend parity: every executed port byte-identical to the C kernel
xlang-blend parity GREEN
-- blend_runner benchmark --
== blend_runner: dispatch=avx2 ==
256x256-hot (65536 words): scalar   134093 ns/frame (  5.9 GB/s) | avx2    13590 ns/frame ( 57.9 GB/s) | speedup 9.87x
1080p (2073600 words): scalar  4237802 ns/frame (  5.9 GB/s) | avx2   429238 ns/frame ( 58.0 GB/s) | speedup 9.87x
4K (8294400 words): scalar 17089196 ns/frame (  5.8 GB/s) | avx2  2117650 ns/frame ( 47.0 GB/s) | speedup 8.07x
8K (33177600 words): scalar 68574852 ns/frame (  5.8 GB/s) | avx2  9534111 ns/frame ( 41.8 GB/s) | speedup 7.19x
✅ simd-blend shard GREEN
