=== Starting npm Packages CI (Node 22) ===
[PASS] core/kotlin/FrameCursor.kt  <->  android/weft-core/src/main/kotlin/dev/weft/FrameCursor.kt
[PASS] core/kotlin/Fanout.kt  <->  android/weft-core/src/main/kotlin/dev/weft/Fanout.kt
[PASS] core/kotlin/FanoutCompat.kt  <->  android/weft-core/src/main/kotlin/dev/weft/FanoutCompat.kt
[PASS] core/kotlin/Steward.kt  <->  android/weft-core/src/main/kotlin/dev/weft/Steward.kt
[PASS] core/kotlin/TriadNative.kt  <->  android/weft-core/src/main/kotlin/dev/weft/TriadNative.kt
[PASS] core/kotlin/Weft.kt  <->  android/weft-core/src/main/kotlin/dev/weft/Weft.kt
[PASS] core/kotlin/Governor.kt  <->  android/weft-core/src/main/kotlin/dev/weft/Governor.kt
[PASS] core/kotlin/Recycler.kt  <->  android/weft-core/src/main/kotlin/dev/weft/Recycler.kt
[PASS] core/kotlin/GovernedFanoutConsumer.kt  <->  android/weft-core/src/main/kotlin/dev/weft/GovernedFanoutConsumer.kt
[PASS] core/kotlin/FanoutVhBridge.java  <->  android/weft-core/src/main/java/dev/weft/FanoutVhBridge.java
[PASS] core/dart/frame_cursor.dart  <->  packages/flutter_weft/lib/src/reference/frame_cursor.dart
[PASS] core/dart/fanout.dart  <->  packages/flutter_weft/lib/src/reference/fanout.dart
[PASS] core/dart/heddle.dart  <->  packages/flutter_weft/lib/src/reference/heddle.dart
[PASS] core/dart/steward.dart  <->  packages/flutter_weft/lib/src/reference/steward.dart
[PASS] core/dart/weft.dart  <->  packages/flutter_weft/lib/src/reference/weft.dart
[PASS] core/ts/weft.ts  <->  packages/core/src/weft.ts
[PASS] core/ts/fanout.ts  <->  packages/core/src/fanout.ts
[PASS] core/ts/verified.ts  <->  packages/core/src/verified.ts
[PASS] core/kotlin/Verified.kt  <->  android/weft-core/src/main/kotlin/dev/weft/Verified.kt
[PASS] core/dart/verified.dart  <->  packages/flutter_weft/lib/src/reference/verified.dart
[PASS] core/dart/governor.dart  <->  packages/flutter_weft/lib/src/reference/governor.dart
[PASS] core/dart/recycler.dart  <->  packages/flutter_weft/lib/src/reference/recycler.dart
[PASS] core/dart/governed_consumer.dart  <->  packages/flutter_weft/lib/src/reference/governed_consumer.dart
[PASS] core/kotlin/BlendQ12.kt  <->  android/weft-core/src/main/kotlin/dev/weft/BlendQ12.kt
[PASS] core/kotlin/RenderQos.kt  <->  android/weft-core/src/main/kotlin/dev/weft/RenderQos.kt
[PASS] core/dart/blend_q12.dart  <->  packages/flutter_weft/lib/src/reference/blend_q12.dart
[PASS] core/dart/render_qos.dart  <->  packages/flutter_weft/lib/src/reference/render_qos.dart
{"shard":"binding-parity","passed":27,"failed":0,"total":27,"cells":{"core/kotlin/FrameCursor.kt":{"status":"PASS","detail":"identical"},"core/kotlin/Fanout.kt":{"status":"PASS","detail":"identical"},"core/kotlin/FanoutCompat.kt":{"status":"PASS","detail":"identical"},"core/kotlin/Steward.kt":{"status":"PASS","detail":"identical"},"core/kotlin/TriadNative.kt":{"status":"PASS","detail":"identical"},"core/kotlin/Weft.kt":{"status":"PASS","detail":"identical"},"core/kotlin/Governor.kt":{"status":"PASS","detail":"identical"},"core/kotlin/Recycler.kt":{"status":"PASS","detail":"identical"},"core/kotlin/GovernedFanoutConsumer.kt":{"status":"PASS","detail":"identical"},"core/kotlin/FanoutVhBridge.java":{"status":"PASS","detail":"identical"},"core/dart/frame_cursor.dart":{"status":"PASS","detail":"identical"},"core/dart/fanout.dart":{"status":"PASS","detail":"identical"},"core/dart/heddle.dart":{"status":"PASS","detail":"identical"},"core/dart/steward.dart":{"status":"PASS","detail":"identical"},"core/dart/weft.dart":{"status":"PASS","detail":"identical"},"core/ts/weft.ts":{"status":"PASS","detail":"identical"},"core/ts/fanout.ts":{"status":"PASS","detail":"identical"},"core/ts/verified.ts":{"status":"PASS","detail":"identical"},"core/kotlin/Verified.kt":{"status":"PASS","detail":"identical"},"core/dart/verified.dart":{"status":"PASS","detail":"identical"},"core/dart/governor.dart":{"status":"PASS","detail":"identical"},"core/dart/recycler.dart":{"status":"PASS","detail":"identical"},"core/dart/governed_consumer.dart":{"status":"PASS","detail":"identical"},"core/kotlin/BlendQ12.kt":{"status":"PASS","detail":"identical"},"core/kotlin/RenderQos.kt":{"status":"PASS","detail":"identical"},"core/dart/blend_q12.dart":{"status":"PASS","detail":"identical"},"core/dart/render_qos.dart":{"status":"PASS","detail":"identical"}}}
✅ Binding parity: 27/27 pairs byte-identical

=== heddles <-> packages surface parity (shim re-exports) ===
[PASS] heddles/react/WeftCanvas.tsx  ->  packages/react/src/index.ts
[PASS] heddles/vue/useWeft.ts  ->  packages/vue/src/index.ts
[PASS] heddles/svelte/weft-action.ts  ->  packages/svelte/src/index.ts
[PASS] heddles/react-native/weft-rn.ts  ->  packages/react-native/src/index.ts
✅ Heddles surface parity: 4/4 shims aligned
{"shard":"binding-parity","byte_pairs":{"passed":27,"failed":0,"total":27},"shim_pairs":{"passed":4,"failed":0,"total":4,"cells":{"heddles/react/WeftCanvas.tsx":{"status":"PASS","detail":"surface parity"},"heddles/vue/useWeft.ts":{"status":"PASS","detail":"surface parity"},"heddles/svelte/weft-action.ts":{"status":"PASS","detail":"surface parity"},"heddles/react-native/weft-rn.ts":{"status":"PASS","detail":"surface parity"}}}}
Scope: all 11 workspace projects
Lockfile is up to date, resolution step is skipped
Progress: resolved 1, reused 0, downloaded 0, added 0
Packages: +433
++++++++++++++++++++++++++++++++++++++++++++++++++++++++++++++++++++++++++++++++
Progress: resolved 433, reused 433, downloaded 0, added 116
Progress: resolved 433, reused 433, downloaded 0, added 433, done

devDependencies:
+ @microsoft/api-extractor 7.59.1
+ tsup 8.5.1
+ typescript 5.9.3

Done in 2.8s
Scope: 10 of 11 workspace projects
packages/core build$ tsup
packages/core build: [34mCLI[39m Building entry: src/index.ts, src/worker.ts
packages/core build: [34mCLI[39m Using tsconfig: tsconfig.json
packages/core build: [34mCLI[39m tsup v8.5.1
packages/core build: [34mCLI[39m Using tsup config: /home/runner/work/Weft/Weft/packages/core/tsup.config.ts
packages/core build: [34mCLI[39m Target: es2022
packages/core build: [34mCLI[39m Cleaning output folder
packages/core build: [34mESM[39m Build start
packages/core build: [34mCJS[39m Build start
packages/core build: [34mDTS[39m Build start
packages/core build: [32mESM[39m [1mdist/worker.mjs     [22m[32m5.09 KB[39m
packages/core build: [32mESM[39m [1mdist/index.mjs      [22m[32m69.09 KB[39m
packages/core build: [32mESM[39m [1mdist/worker.mjs.map [22m[32m16.83 KB[39m
packages/core build: [32mESM[39m [1mdist/index.mjs.map  [22m[32m184.56 KB[39m
packages/core build: [32mESM[39m ⚡️ Build success in 666ms
packages/core build: [32mCJS[39m [1mdist/worker.js     [22m[32m5.27 KB[39m
packages/core build: [32mCJS[39m [1mdist/index.js      [22m[32m70.42 KB[39m
packages/core build: [32mCJS[39m [1mdist/worker.js.map [22m[32m16.83 KB[39m
packages/core build: [32mCJS[39m [1mdist/index.js.map  [22m[32m184.56 KB[39m
packages/core build: [32mCJS[39m ⚡️ Build success in 667ms
packages/core build: [32mDTS[39m ⚡️ Build success in 2126ms
packages/core build: [32mDTS[39m [1mdist/index.d.mts         [22m[32m12.36 KB[39m
packages/core build: [32mDTS[39m [1mdist/worker.d.mts        [22m[32m5.48 KB[39m
packages/core build: [32mDTS[39m [1mdist/weft-BrIlH2fY.d.mts [22m[32m4.04 KB[39m
packages/core build: [32mDTS[39m [1mdist/index.d.ts          [22m[32m12.36 KB[39m
packages/core build: [32mDTS[39m [1mdist/worker.d.ts         [22m[32m5.47 KB[39m
packages/core build: [32mDTS[39m [1mdist/weft-BrIlH2fY.d.ts  [22m[32m4.04 KB[39m
packages/core build: Done
fixtures/node-litmus build$ tsup litmus-packaged.ts --format esm --target node20
packages/react build$ tsup
packages/react-native build$ tsup
packages/svelte build$ tsup
fixtures/node-litmus build: [34mCLI[39m Building entry: litmus-packaged.ts
fixtures/node-litmus build: [34mCLI[39m tsup v8.5.1
fixtures/node-litmus build: [34mCLI[39m Target: node20
fixtures/node-litmus build: [34mESM[39m Build start
packages/react-native build: [34mCLI[39m Building entry: src/index.ts
packages/react-native build: [34mCLI[39m Using tsconfig: tsconfig.json
packages/react-native build: [34mCLI[39m tsup v8.5.1
packages/react-native build: [34mCLI[39m Using tsup config: /home/runner/work/Weft/Weft/packages/react-native/tsup.config.ts
packages/react-native build: [34mCLI[39m Target: es2022
packages/react-native build: [34mCLI[39m Cleaning output folder
packages/react-native build: [34mESM[39m Build start
packages/react-native build: [34mCJS[39m Build start
fixtures/node-litmus build: [32mESM[39m [1mdist/litmus-packaged.js [22m[32m21.43 KB[39m
fixtures/node-litmus build: [32mESM[39m ⚡️ Build success in 40ms
fixtures/node-litmus build: Done
packages/vue build$ tsup
packages/react-native build: [32mCJS[39m [1mdist/index.js     [22m[32m12.67 KB[39m
packages/react-native build: [32mCJS[39m [1mdist/index.js.map [22m[32m38.40 KB[39m
packages/react-native build: [32mCJS[39m ⚡️ Build success in 41ms
packages/react-native build: [32mESM[39m [1mdist/index.mjs     [22m[32m11.17 KB[39m
packages/react-native build: [32mESM[39m [1mdist/index.mjs.map [22m[32m38.33 KB[39m
packages/react-native build: [32mESM[39m ⚡️ Build success in 42ms
packages/react build: [34mCLI[39m Building entry: src/index.ts
packages/react build: [34mCLI[39m Using tsconfig: tsconfig.json
packages/react build: [34mCLI[39m tsup v8.5.1
packages/react build: [34mCLI[39m Using tsup config: /home/runner/work/Weft/Weft/packages/react/tsup.config.ts
packages/react build: [34mCLI[39m Target: es2022
packages/react build: [34mCLI[39m Cleaning output folder
packages/react build: [34mESM[39m Build start
packages/react build: [34mCJS[39m Build start
packages/react build: [32mESM[39m [1mdist/index.mjs     [22m[32m1.46 KB[39m
packages/react build: [32mESM[39m [1mdist/index.mjs.map [22m[32m5.42 KB[39m
packages/react build: [32mESM[39m ⚡️ Build success in 37ms
packages/react build: [32mCJS[39m [1mdist/index.js     [22m[32m3.20 KB[39m
packages/react build: [32mCJS[39m [1mdist/index.js.map [22m[32m5.49 KB[39m
packages/react build: [32mCJS[39m ⚡️ Build success in 38ms
packages/svelte build: [34mCLI[39m Building entry: src/index.ts
packages/svelte build: [34mCLI[39m Using tsconfig: tsconfig.json
packages/svelte build: [34mCLI[39m tsup v8.5.1
packages/svelte build: [34mCLI[39m Using tsup config: /home/runner/work/Weft/Weft/packages/svelte/tsup.config.ts
packages/svelte build: [34mCLI[39m Target: es2022
packages/svelte build: [34mCLI[39m Cleaning output folder
packages/svelte build: [34mESM[39m Build start
packages/svelte build: [34mCJS[39m Build start
packages/svelte build: [32mESM[39m [1mdist/index.mjs     [22m[32m1.15 KB[39m
packages/svelte build: [32mESM[39m [1mdist/index.mjs.map [22m[32m4.43 KB[39m
packages/svelte build: [32mESM[39m ⚡️ Build success in 32ms
packages/svelte build: [32mCJS[39m [1mdist/index.js     [22m[32m2.18 KB[39m
packages/svelte build: [32mCJS[39m [1mdist/index.js.map [22m[32m4.48 KB[39m
packages/svelte build: [32mCJS[39m ⚡️ Build success in 33ms
packages/react-native build: [34mDTS[39m Build start
packages/react build: [34mDTS[39m Build start
packages/vue build: [34mCLI[39m Building entry: src/index.ts
packages/vue build: [34mCLI[39m Using tsconfig: tsconfig.json
packages/vue build: [34mCLI[39m tsup v8.5.1
packages/vue build: [34mCLI[39m Using tsup config: /home/runner/work/Weft/Weft/packages/vue/tsup.config.ts
packages/vue build: [34mCLI[39m Target: es2022
packages/vue build: [34mCLI[39m Cleaning output folder
packages/vue build: [34mESM[39m Build start
packages/vue build: [34mCJS[39m Build start
packages/vue build: [32mCJS[39m [1mdist/index.js     [22m[32m4.18 KB[39m
packages/vue build: [32mCJS[39m [1mdist/index.js.map [22m[32m8.62 KB[39m
packages/vue build: [32mCJS[39m ⚡️ Build success in 45ms
packages/vue build: [32mESM[39m [1mdist/index.mjs     [22m[32m3.09 KB[39m
packages/vue build: [32mESM[39m [1mdist/index.mjs.map [22m[32m8.58 KB[39m
packages/vue build: [32mESM[39m ⚡️ Build success in 49ms
packages/svelte build: [34mDTS[39m Build start
packages/vue build: [34mDTS[39m Build start
packages/react-native build: [32mDTS[39m ⚡️ Build success in 2533ms
packages/react-native build: [32mDTS[39m [1mdist/index.d.mts [22m[32m5.96 KB[39m
packages/react-native build: [32mDTS[39m [1mdist/index.d.ts  [22m[32m5.96 KB[39m
packages/react-native build: Done
packages/svelte build: [32mDTS[39m ⚡️ Build success in 2192ms
packages/svelte build: [32mDTS[39m [1mdist/index.d.mts [22m[32m645.00 B[39m
packages/svelte build: [32mDTS[39m [1mdist/index.d.ts  [22m[32m645.00 B[39m
packages/svelte build: Done
packages/react build: [32mDTS[39m ⚡️ Build success in 3120ms
packages/react build: [32mDTS[39m [1mdist/index.d.mts [22m[32m35.62 KB[39m
packages/react build: [32mDTS[39m [1mdist/index.d.ts  [22m[32m35.62 KB[39m
packages/react build: Done
packages/vue build: [32mDTS[39m ⚡️ Build success in 2369ms
packages/vue build: [32mDTS[39m [1mdist/index.d.mts [22m[32m1.99 KB[39m
packages/vue build: [32mDTS[39m [1mdist/index.d.ts  [22m[32m1.99 KB[39m
packages/vue build: Done
demos/web build$ tsc && vite build
fixtures/vite-react build$ vite build
fixtures/vite-react build: [36mvite v6.4.3 [32mbuilding for production...[36m[39m
fixtures/vite-react build: transforming...
fixtures/vite-react build: [32m✓[39m 28 modules transformed.
fixtures/vite-react build: rendering chunks...
fixtures/vite-react build: computing gzip size...
fixtures/vite-react build: [2mdist/[22m[32mindex.html                [39m[1m[2m  0.33 kB[22m[1m[22m[2m │ gzip:  0.24 kB[22m
fixtures/vite-react build: [2mdist/[22m[2massets/[22m[36mindex-DgIEMwtT.js  [39m[1m[2m151.94 kB[22m[1m[22m[2m │ gzip: 48.92 kB[22m
fixtures/vite-react build: [32m✓ built in 1.25s[39m
fixtures/vite-react build: Done
demos/web build: [36mvite v6.4.3 [32mbuilding for production...[36m[39m
demos/web build: transforming...
demos/web build: [32m✓[39m 39 modules transformed.
demos/web build: rendering chunks...
demos/web build: computing gzip size...
demos/web build: [2mdist/[22m[32mindex.html                [39m[1m[2m  0.47 kB[22m[1m[22m[2m │ gzip:  0.35 kB[22m
demos/web build: [2mdist/[22m[2massets/[22m[36mindex-BfGpNA1C.js  [39m[1m[2m203.83 kB[22m[1m[22m[2m │ gzip: 64.29 kB[22m
demos/web build: [32m✓ built in 922ms[39m
demos/web build: Done
Scope: 5 of 11 workspace projects
packages/core test$ vitest run
packages/core test: [33mThe CJS build of Vite's Node API is deprecated. See https://vite.dev/guide/troubleshooting.html#vite-cjs-node-api-deprecated for more details.[39m
packages/core test: [1m[7m[36m RUN [39m[27m[22m [36mv2.1.9 [39m[90m/home/runner/work/Weft/Weft/packages/core[39m
packages/core test:  [31m❯[39m test/weft.test.ts [2m([22m[2m43 tests[22m[2m | [22m[31m1 failed[39m[2m)[22m[90m 249[2mms[22m[39m
packages/core test: [31m   [31m×[31m TIER4 validation wall[2m > [22mpublish refuses payloadLen > payloadMax: Invalid + t_invalid, no frame published[90m 21[2mms[22m[31m[39m
packages/core test: [31m     → w.canaryCheck is not a function[39m
packages/core test:  [32m✓[39m test/verified.test.ts [2m([22m[2m17 tests[22m[2m)[22m[33m 391[2mms[22m[39m
packages/core test:  [32m✓[39m test/fanout.test.ts [2m([22m[2m28 tests[22m[2m)[22m[33m 457[2mms[22m[39m
packages/core test:  [32m✓[39m test/governor.test.ts [2m([22m[2m7 tests[22m[2m)[22m[90m 36[2mms[22m[39m
packages/core test:  [32m✓[39m test/worker.test.ts [2m([22m[2m8 tests[22m[2m)[22m[90m 143[2mms[22m[39m
packages/core test:  [32m✓[39m test/cadence-predictive.test.ts [2m([22m[2m12 tests[22m[2m)[22m[33m 665[2mms[22m[39m
packages/core test:  [32m✓[39m test/cursor.test.ts [2m([22m[2m6 tests[22m[2m)[22m[90m 18[2mms[22m[39m
packages/core test:  [32m✓[39m test/blend.test.ts [2m([22m[2m4 tests[22m[2m)[22m[90m 85[2mms[22m[39m
packages/core test:  [32m✓[39m test/chaos.test.ts [2m([22m[2m3 tests[22m[2m)[22m[90m 25[2mms[22m[39m
packages/core test:  [32m✓[39m test/cadence.test.ts [2m([22m[2m17 tests[22m[2m)[22m[33m 1690[2mms[22m[39m
packages/core test:    [33m[2m✓[22m[39m RFC-0009 §cadence — cross-policy gates[2m > [22mPC1: no policy ever presents twice in one tick (structural: one step, one decision) [33m1421[2mms[22m[39m
packages/core test: [31m⎯⎯⎯⎯⎯⎯⎯[1m[7m Failed Tests 1 [27m[22m⎯⎯⎯⎯⎯⎯⎯[39m
packages/core test: [31m[1m[7m FAIL [27m[22m[39m test/weft.test.ts[2m > [22mTIER4 validation wall[2m > [22mpublish refuses payloadLen > payloadMax: Invalid + t_invalid, no frame published
packages/core test: [31m[1mTypeError[22m: w.canaryCheck is not a function[39m
packages/core test: [36m [2m❯[22m test/weft.test.ts:[2m518:14[22m[39m
packages/core test:     [90m516| [39m    w[33m.[39m[34mclaim[39m()[33m;[39m
packages/core test:     [90m517| [39m    [34mexpect[39m(w[33m.[39m[34mverifyHeld[39m([34m1[39m[33m,[39m [34m64[39m))[33m.[39m[34mtoBe[39m([35mtrue[39m)[33m;[39m
packages/core test:     [90m518| [39m    [34mexpect[39m(w[33m.[39m[34mcanaryCheck[39m())[33m.[39m[34mtoBe[39m([34m0[39m)[33m;[39m
packages/core test:     [90m   | [39m             [31m^[39m
packages/core test:     [90m519| [39m  })[33m;[39m
packages/core test:     [90m520| [39m
packages/core test: [31m[2m⎯⎯⎯⎯⎯⎯⎯⎯⎯⎯⎯⎯⎯⎯⎯⎯⎯⎯⎯⎯⎯⎯⎯⎯[1/1]⎯[22m[39m
packages/core test: [2m Test Files [22m [1m[31m1 failed[39m[22m[2m | [22m[1m[32m9 passed[39m[22m[90m (10)[39m
packages/core test: [2m      Tests [22m [1m[31m1 failed[39m[22m[2m | [22m[1m[32m144 passed[39m[22m[90m (145)[39m
packages/core test: [2m   Start at [22m 06:27:37
packages/core test: [2m   Duration [22m 2.94s[2m (transform 645ms, setup 0ms, collect 1.17s, tests 3.76s, environment 3ms, prepare 1.05s)[22m
packages/core test: ::error file=/home/runner/work/Weft/Weft/packages/core/test/weft.test.ts,title=test/weft.test.ts > TIER4 validation wall > publish refuses payloadLen > payloadMax%3A Invalid + t_invalid%2C no frame published,line=518,column=14::TypeError: w.canaryCheck is not a function%0A ❯ test/weft.test.ts:518:14%0A%0A
packages/core test: Failed
/home/runner/work/Weft/Weft/packages/core:
 ERR_PNPM_RECURSIVE_RUN_FIRST_FAIL  @weft/core@0.2.0 test: `vitest run`
Exit status 1
