TS kernel loads OK

=== Iteration 1/5 (ts) ===
# Loaded catalog: weft-litmus v2
  running ts L1-tear...
    [EXPOSURE-RETRY] ts/L1-tear claims=157 < min_claims=200; retrying once
    -> exit=1 elapsed=0.8s pass=False
  running ts L2-writer-steps...
    -> exit=0 elapsed=0.4s pass=True
  running ts L3-reader-steps...
    -> exit=0 elapsed=0.2s pass=True
  running ts L4-freshness...
    -> exit=0 elapsed=0.2s pass=True
  running ts L5-progress...
    -> exit=0 elapsed=4.2s pass=True
  running ts L6-ownership...
    -> exit=0 elapsed=13.3s pass=True
  running ts L7-revocation...
    -> exit=0 elapsed=0.2s pass=True
  running ts L8-envelope...
    -> exit=0 elapsed=0.1s pass=True
Wrote /home/runner/work/Weft/Weft/litmus/REPORT.md
Wrote /home/runner/work/Weft/Weft/litmus/results.json

=== Iteration 2/5 (ts) ===
# Loaded catalog: weft-litmus v2
  running ts L1-tear...
    [EXPOSURE-RETRY] ts/L1-tear claims=148 < min_claims=200; retrying once
    -> exit=1 elapsed=0.8s pass=False
  running ts L2-writer-steps...
    -> exit=0 elapsed=0.4s pass=True
  running ts L3-reader-steps...
    -> exit=0 elapsed=0.2s pass=True
  running ts L4-freshness...
    -> exit=0 elapsed=0.2s pass=True
  running ts L5-progress...
    -> exit=0 elapsed=4.2s pass=True
  running ts L6-ownership...
    -> exit=0 elapsed=13.0s pass=True
  running ts L7-revocation...
    -> exit=0 elapsed=0.2s pass=True
  running ts L8-envelope...
    -> exit=0 elapsed=0.1s pass=True
Wrote /home/runner/work/Weft/Weft/litmus/REPORT.md
Wrote /home/runner/work/Weft/Weft/litmus/results.json

=== Iteration 3/5 (ts) ===
# Loaded catalog: weft-litmus v2
  running ts L1-tear...
    [EXPOSURE-RETRY] ts/L1-tear claims=139 < min_claims=200; retrying once
    -> exit=1 elapsed=0.8s pass=False
  running ts L2-writer-steps...
    -> exit=0 elapsed=0.4s pass=True
  running ts L3-reader-steps...
    -> exit=0 elapsed=0.2s pass=True
  running ts L4-freshness...
    -> exit=0 elapsed=0.2s pass=True
  running ts L5-progress...
    -> exit=0 elapsed=4.2s pass=True
  running ts L6-ownership...
    -> exit=0 elapsed=13.1s pass=True
  running ts L7-revocation...
    -> exit=0 elapsed=0.2s pass=True
  running ts L8-envelope...
    -> exit=0 elapsed=0.1s pass=True
Wrote /home/runner/work/Weft/Weft/litmus/REPORT.md
Wrote /home/runner/work/Weft/Weft/litmus/results.json

=== Iteration 4/5 (ts) ===
# Loaded catalog: weft-litmus v2
  running ts L1-tear...
    [EXPOSURE-RETRY] ts/L1-tear claims=155 < min_claims=200; retrying once
    -> exit=1 elapsed=0.8s pass=False
  running ts L2-writer-steps...
    -> exit=0 elapsed=0.4s pass=True
  running ts L3-reader-steps...
    -> exit=0 elapsed=0.2s pass=True
  running ts L4-freshness...
    -> exit=0 elapsed=0.2s pass=True
  running ts L5-progress...
    -> exit=0 elapsed=4.2s pass=True
  running ts L6-ownership...
    -> exit=0 elapsed=13.0s pass=True
  running ts L7-revocation...
    -> exit=0 elapsed=0.2s pass=True
  running ts L8-envelope...
    -> exit=0 elapsed=0.1s pass=True
Wrote /home/runner/work/Weft/Weft/litmus/REPORT.md
Wrote /home/runner/work/Weft/Weft/litmus/results.json

=== Iteration 5/5 (ts) ===
# Loaded catalog: weft-litmus v2
  running ts L1-tear...
    [EXPOSURE-RETRY] ts/L1-tear claims=144 < min_claims=200; retrying once
    -> exit=1 elapsed=0.8s pass=False
  running ts L2-writer-steps...
    -> exit=0 elapsed=0.4s pass=True
  running ts L3-reader-steps...
    -> exit=0 elapsed=0.2s pass=True
  running ts L4-freshness...
    -> exit=0 elapsed=0.2s pass=True
  running ts L5-progress...
    -> exit=0 elapsed=4.2s pass=True
  running ts L6-ownership...
    -> exit=0 elapsed=13.1s pass=True
  running ts L7-revocation...
    -> exit=0 elapsed=0.2s pass=True
  running ts L8-envelope...
    -> exit=0 elapsed=0.1s pass=True
Wrote /home/runner/work/Weft/Weft/litmus/REPORT.md
Wrote /home/runner/work/Weft/Weft/litmus/results.json
./ci/scripts/run_litmus_stability.sh: line 61: unexpected EOF while looking for matching `''
