==================================================
SHARD: weft-tensor-managed
DESCRIPTION: Project weft-tensor Pillar 2: WTR1 layout, TS/Python ingestion engines, DLPack/NumPy bridge, cross-language parity, React/Flutter AI hooks/widgets, 120 FPS flight demo, alloc probes
STATUS: PASSED ✅
COMMIT: a617075086d0283c1e3d576400e76e0747f89800
RUN: 258
==================================================

[1/8] fixture determinism
OK /home/runner/work/Weft/Weft/fixtures/weft-tensor/ring-v1-f32.bin (640 B) byte-identical
OK /home/runner/work/Weft/Weft/fixtures/weft-tensor/ring-v1-u8.bin (640 B) byte-identical
[2/8] TypeScript suite
✔ zero-alloc probe [ring] — 100k steady-state ops stay flat (183.416813ms)
✔ zero-alloc probe [ingest] — 100k steady-state ops stay flat (153.610842ms)
✔ zero-alloc probe [audio] — 100k steady-state ops stay flat (117.297544ms)
✔ zero-alloc probe [render] — 100k steady-state ops stay flat (1657.537719ms)
✔ zero-alloc probe [overlay] — 100k steady-state ops stay flat (66.792085ms)
✔ negative control: a deliberately-allocating loop IS caught (63.695661ms)
✔ f32 fixture: header fields, 10 frames, dyadic payload parity (4.222879ms)
✔ u8 fixture: header fields, 6 frames, byte payload parity (1.27152ms)
✔ WebCodecs sync fast path: bytes land in ring, no intermediate (3.763976ms)
✔ WebCodecs async fast path resolves after the GPU readback lands (0.47957ms)
✔ copyTo failure is a DROP, never a throw into the frame loop (0.347645ms)
✔ legacy sync copyTo returning void still commits the full slot (2.11156ms)
✔ ImageData + raw paths (0.683719ms)
✔ ingestor dtype gate: f32 ring rejected (Law 4) (0.80278ms)
✔ AudioPcmFeeder: exact-fit chunks roll one slot per chunk (0.810825ms)
✔ AudioPcmFeeder: chunk spanning slot boundaries carries with zero gaps (0.644687ms)
✔ AudioPcmFeeder: tiny chunks accumulate then roll (worklet cadence) (0.574937ms)
✔ AudioPcmFeeder dtype gate + chunk size gate (Law 4) (0.718243ms)
✔ crc32 matches node:zlib over the static header region (4.214863ms)
✔ f16FromBits matches numpy float16 decode exactly (0.4799ms)
✔ f16ToBits matches numpy round-to-nearest-even (0.387098ms)
✔ fourcc round-trips as LE ASCII (0.3018ms)
✔ validateRingHeader accepts both golden fixtures (1.870803ms)
✔ fail-closed corruption matrix — every mutation gets a machine-readable code (2.015671ms)
✔ dtype validity table (0.23163ms)
✔ create() writes a self-validating header (round trip through attach) (2.9308ms)
✔ Canvas2DPlane: ONE ImageData reused, pixel-accurate blit per frame (4.674898ms)
✔ Canvas2DPlane dtype gate (Law 4) (0.936908ms)
✔ OverlayScratch + drawBoxes2D: bounded, reused, pixel records (1.506406ms)
✔ drawSkeleton2D honours confidence gating (0.471836ms)
✔ WebGL2Plane: zero-alloc texSubImage2D from the slot view + fullscreen tri (3.450003ms)
✔ create + typed commit + acquireLatest returns exact values, zero surprises (7.846674ms)
✔ byte commit path (Uint8Array) with short payload (bounded loop, no throw) (0.516779ms)
✔ acquireLatest(lastSeq) returns null when nothing new; acquireFrame bounds (2.320988ms)
✔ overrun: slotCount=2, 5 commits -> old seq gone, latest correct (0.834579ms)
✔ torn read: uncommitted slot is invisible, then visible after commit marker (0.86733ms)
✔ zero-copy begin/finish path matches convenience commit (0.411544ms)
✔ commit rejects wrong dtype / oversized payloads (fail-closed) (1.476952ms)
✔ create() input validation is fail-closed (0.701782ms)
✔ waitForNewFrame resolves via injected scheduler; timeout path returns null (70.733661ms)
✔ SharedArrayBuffer smoke: create(shared) + atomics publish + acquire (0.552646ms)
✔ ring stats counters are sealed and monotonic (0.574567ms)
✔ detectRuntime identifies node (this process) (1.623944ms)
✔ detectRuntime: browser / deno / bun / worker / electron fakes (0.38809ms)
✔ runtimeMatrix feature list stays sorted/deterministic (1.286137ms)
✔ assertShareable accepts SAB, rejects plain ArrayBuffer (0.73304ms)
ℹ tests 46
ℹ suites 0
ℹ pass 46
ℹ fail 0
ℹ cancelled 0
ℹ skipped 0
ℹ todo 0
ℹ duration_ms 2315.304156
[3/8] Python suite
.......s.............s................                                   [100%]
36 passed, 2 skipped in 9.43s
[4/8] TS producer -> Python consumer
{"producer":"typescript","path":"/tmp/tmp.4d89wY8OLE/ts_ring.bin","byteLength":640,"producerSeq":10,"slotStride":128,"schemaId":"fe77000000000000"}
{"consumer": "python", "path": "/tmp/tmp.4d89wY8OLE/ts_ring.bin", "framesValidated": [7, 8, 9, 10], "dlpackAlias": true, "ok": true}
[5/8] Python producer -> TS consumer
{"producer": "python", "path": "/tmp/tmp.4d89wY8OLE/py_ring.bin", "byteLength": 640, "producerSeq": 10, "slotStride": 128, "schemaId": "fe77000000000001"}
{"consumer":"typescript","path":"/tmp/tmp.4d89wY8OLE/py_ring.bin","framesValidated":[7,8,9,10],"ok":true}
[6/8] DLPack alias proof (consumed the TS-produced ring, pointer-checked)
    dlpack alias OK (slot ptr 0x5637b4102f30 inside ring 0x5637b4102df0..0x5637b4103070)
[7/8] zero-allocation probes (100k ops each, post-warmup, --expose-gc)
    {"mode":"ring","iters":100000,"heapBefore":4387040,"heapAfter":4402296,"deltaBytes":15256}
    {"mode":"ingest","iters":100000,"heapBefore":4396920,"heapAfter":4411664,"deltaBytes":14744}
    {"mode":"audio","iters":100000,"heapBefore":4392488,"heapAfter":4405792,"deltaBytes":13304}
    {"mode":"render","iters":100000,"heapBefore":4404960,"heapAfter":4406560,"deltaBytes":1600}
    {"mode":"overlay","iters":100000,"heapBefore":4284176,"heapAfter":4285648,"deltaBytes":1472}
[8/8] latency gates (directive: commit < 50us)
    {"bench":"weft-tensor commit/acquire","node":"v24.20.0","video":{"geometry":"320x180 RGBA","slotCapBytes":230400,"commit":{"n":50000,"p50_us":0.331,"p99_us":2.204,"max_us":1584.639},"acquire":{"n":50000,"p50_us":0.121,"p99_us":0.512,"max_us":1314.485},"commit_under_50us":true},"audio":{"geometry":"2ch x 128 f32 (interleaved quanta 256)","slotCapBytes":1024,"commit":{"n":50000,"p50_us":0.48,"p99_us":1.001,"max_us":858.069},"acquire":{"n":50000,"p50_us":0.13,"p99_us":0.972,"max_us":264.344},"commit_under_50us":true}}
weft-tensor managed shard: ALL 8 STAGES GREEN
