==================================================
SHARD: perf-regression
DESCRIPTION: W-suite P99 vs pinned baseline; >15% drop = FAIL
STATUS: PASSED ✅
COMMIT: a617075086d0283c1e3d576400e76e0747f89800
RUN: 258
==================================================

→ W1/A ... P99=94.5 alloc/frame=0.0 [PASS]
→ W1/B ... P99=120.1 alloc/frame=0.0 [PASS]
→ W1/C .../home/runner/work/Weft/Weft/core/c/weft.c:15: warning: "_GNU_SOURCE" redefined
   15 | #define _GNU_SOURCE  // for posix_memalign
      | 
<command-line>: note: this is the location of the previous definition
→ compiling Weft C kernel to /home/runner/work/Weft/Weft/core/c/libweft.so
 P99=163.9 alloc/frame=0.0 [PASS]
→ W1/D ... P99=109.2 alloc/frame=0.0 [PASS]
→ W2/A ... P99=91.6 alloc/frame=0.0 [PASS]
→ W2/B ... P99=107.9 alloc/frame=0.0 [PASS]
→ W2/C ... P99=133.9 alloc/frame=0.0 [PASS]
→ W2/D ... P99=56.7 alloc/frame=0.0 [PASS]
→ W3/A ... P99=10.8 alloc/frame=0.0 [PASS]
→ W3/B ... P99=10.4 alloc/frame=0.0 [PASS]
→ W3/C ... P99=9.6 alloc/frame=0.0 [PASS]
→ W3/D ... P99=7.8 alloc/frame=0.0 [PASS]
→ W4/A ... P99=2400.8 alloc/frame=0.0 [PASS]
→ W4/B ... P99=2574.0 alloc/frame=0.0 [PASS]
→ W4/C ... P99=2904.8 alloc/frame=0.0 [PASS]
→ W4/D ... P99=3018.1 alloc/frame=0.0 [PASS]
→ W5/A ... P99=22.5 alloc/frame=0.0 [PASS]
→ W5/B ... P99=21.3 alloc/frame=0.0 [PASS]
→ W5/C ... P99=29.7 alloc/frame=0.0 [PASS]
→ W5/D ... P99=10.7 alloc/frame=0.0 [PASS]

✓ W-suite bundle: /home/runner/work/Weft/Weft/bench/results/wsuite-x86_64-sandbox.json
  cells: 20 (target: 20 = 5 workloads × 4 backends)
  pass: 20/20
P99=120.1 alloc/frame=0.0 [PASS]
→ W1/C .../home/runner/work/Weft/Weft/core/c/weft.c:15: warning: "_GNU_SOURCE" redefined
   15 | #define _GNU_SOURCE  // for posix_memalign
      | 
<command-line>: note: this is the location of the previous definition
→ compiling Weft C kernel to /home/runner/work/Weft/Weft/core/c/libweft.so
 P99=163.9 alloc/frame=0.0 [PASS]
→ W1/D ... P99=109.2 alloc/frame=0.0 [PASS]
→ W2/A ... P99=91.6 alloc/frame=0.0 [PASS]
→ W2/B ... P99=107.9 alloc/frame=0.0 [PASS]
→ W2/C ... P99=133.9 alloc/frame=0.0 [PASS]
→ W2/D ... P99=56.7 alloc/frame=0.0 [PASS]
→ W3/A ... P99=10.8 alloc/frame=0.0 [PASS]
→ W3/B ... P99=10.4 alloc/frame=0.0 [PASS]
→ W3/C ... P99=9.6 alloc/frame=0.0 [PASS]
→ W3/D ... P99=7.8 alloc/frame=0.0 [PASS]
→ W4/A ... P99=2400.8 alloc/frame=0.0 [PASS]
→ W4/B ... P99=2574.0 alloc/frame=0.0 [PASS]
→ W4/C ... P99=2904.8 alloc/frame=0.0 [PASS]
→ W4/D ... P99=3018.1 alloc/frame=0.0 [PASS]
→ W5/A ... P99=22.5 alloc/frame=0.0 [PASS]
→ W5/B ... P99=21.3 alloc/frame=0.0 [PASS]
→ W5/C ... P99=29.7 alloc/frame=0.0 [PASS]
→ W5/D ... P99=10.7 alloc/frame=0.0 [PASS]

✓ W-suite bundle: /home/runner/work/Weft/Weft/bench/results/wsuite-x86_64-sandbox.json
  cells: 20 (target: 20 = 5 workloads × 4 backends)
  pass: 20/20
{
  "shard": "perf-regression",
  "status": "PASSED",
  "threshold_pct": 5,
  "regression_count": 0,
  "improvement_count": 20,
  "cells_compared": 20,
  "regressions": [],
  "improvements": [
    {
      "workload": "W1",
      "backend": "A",
      "baseline": 7.3,
      "actual": 94.5,
      "delta_pct": 1194.5,
      "reason": "improvement"
    },
    {
      "workload": "W1",
      "backend": "B",
      "baseline": 44.6,
      "actual": 120.1,
      "delta_pct": 169.3,
      "reason": "improvement"
    },
    {
      "workload": "W1",
      "backend": "C",
      "baseline": 7.8,
      "actual": 163.9,
      "delta_pct": 2001.3,
      "reason": "improvement"
    },
    {
      "workload": "W1",
      "backend": "D",
      "baseline": 18.6,
      "actual": 109.2,
      "delta_pct": 487.1,
      "reason": "improvement"
    },
    {
      "workload": "W2",
      "backend": "A",
      "baseline": 4.3,
      "actual": 91.6,
      "delta_pct": 2030.2,
      "reason": "improvement"
    },
    {
      "workload": "W2",
      "backend": "B",
      "baseline": 6.1,
      "actual": 107.9,
      "delta_pct": 1668.9,
      "reason": "improvement"
    },
    {
      "workload": "W2",
      "backend": "C",
      "baseline": 16.4,
      "actual": 133.9,
      "delta_pct": 716.5,
      "reason": "improvement"
    },
    {
      "workload": "W2",
      "backend": "D",
      "baseline": 7.5,
      "actual": 56.7,
      "delta_pct": 656.0,
      "reason": "improvement"
    },
    {
      "workload": "W3",
      "backend": "A",
      "baseline": 2.6,
      "actual": 10.8,
      "delta_pct": 315.4,
      "reason": "improvement"
    },
    {
      "workload": "W3",
      "backend": "B",
      "baseline": 3.7,
      "actual": 10.4,
      "delta_pct": 181.1,
      "reason": "improvement"
    },
    {
      "workload": "W3",
      "backend": "C",
      "baseline": 2.8,
      "actual": 9.6,
      "delta_pct": 242.9,
      "reason": "improvement"
    },
    {
      "workload": "W3",
      "backend": "D",
      "baseline": 1.1,
      "actual": 7.8,
      "delta_pct": 609.1,
      "reason": "improvement"
    },
    {
      "workload": "W4",
      "backend": "A",
      "baseline": 659.0,
      "actual": 2400.8,
      "delta_pct": 264.3,
      "reason": "improvement"
    },
    {
      "workload": "W4",
      "backend": "B",
      "baseline": 681.4,
      "actual": 2574.0,
      "delta_pct": 277.8,
      "reason": "improvement"
    },
    {
      "workload": "W4",
      "backend": "C",
      "baseline": 578.3,
      "actual": 2904.8,
      "delta_pct": 402.3,
      "reason": "improvement"
    },
    {
      "workload": "W4",
      "backend": "D",
      "baseline": 409.0,
      "actual": 3018.1,
      "delta_pct": 637.9,
      "reason": "improvement"
    },
    {
      "workload": "W5",
      "backend": "A",
      "baseline": 5.4,
      "actual": 22.5,
      "delta_pct": 316.7,
      "reason": "improvement"
    },
    {
      "workload": "W5",
      "backend": "B",
      "baseline": 7.7,
      "actual": 21.3,
      "delta_pct": 176.6,
      "reason": "improvement"
    },
    {
      "workload": "W5",
      "backend": "C",
      "baseline": 7.7,
      "actual": 29.7,
      "delta_pct": 285.7,
      "reason": "improvement"
    },
    {
      "workload": "W5",
      "backend": "D",
      "baseline": 3.2,
      "actual": 10.7,
      "delta_pct": 234.4,
      "reason": "improvement"
    }
  ],
  "all_compared": [
    {
      "workload": "W1",
      "backend": "A",
      "baseline_p99": 7.3,
      "actual_p99": 94.5,
      "delta_pct": 1194.5
    },
    {
      "workload": "W1",
      "backend": "B",
      "baseline_p99": 44.6,
      "actual_p99": 120.1,
      "delta_pct": 169.3
    },
    {
      "workload": "W1",
      "backend": "C",
      "baseline_p99": 7.8,
      "actual_p99": 163.9,
      "delta_pct": 2001.3
    },
    {
      "workload": "W1",
      "backend": "D",
      "baseline_p99": 18.6,
      "actual_p99": 109.2,
      "delta_pct": 487.1
    },
    {
      "workload": "W2",
      "backend": "A",
      "baseline_p99": 4.3,
      "actual_p99": 91.6,
      "delta_pct": 2030.2
    },
    {
      "workload": "W2",
      "backend": "B",
      "baseline_p99": 6.1,
      "actual_p99": 107.9,
      "delta_pct": 1668.9
    },
    {
      "workload": "W2",
      "backend": "C",
      "baseline_p99": 16.4,
      "actual_p99": 133.9,
      "delta_pct": 716.5
    },
    {
      "workload": "W2",
      "backend": "D",
      "baseline_p99": 7.5,
      "actual_p99": 56.7,
      "delta_pct": 656.0
    },
    {
      "workload": "W3",
      "backend": "A",
      "baseline_p99": 2.6,
      "actual_p99": 10.8,
      "delta_pct": 315.4
    },
    {
      "workload": "W3",
      "backend": "B",
      "baseline_p99": 3.7,
      "actual_p99": 10.4,
      "delta_pct": 181.1
    },
    {
      "workload": "W3",
      "backend": "C",
      "baseline_p99": 2.8,
      "actual_p99": 9.6,
      "delta_pct": 242.9
    },
    {
      "workload": "W3",
      "backend": "D",
      "baseline_p99": 1.1,
      "actual_p99": 7.8,
      "delta_pct": 609.1
    },
    {
      "workload": "W4",
      "backend": "A",
      "baseline_p99": 659.0,
      "actual_p99": 2400.8,
      "delta_pct": 264.3
    },
    {
      "workload": "W4",
      "backend": "B",
      "baseline_p99": 681.4,
      "actual_p99": 2574.0,
      "delta_pct": 277.8
    },
    {
      "workload": "W4",
      "backend": "C",
      "baseline_p99": 578.3,
      "actual_p99": 2904.8,
      "delta_pct": 402.3
    },
    {
      "workload": "W4",
      "backend": "D",
      "baseline_p99": 409.0,
      "actual_p99": 3018.1,
      "delta_pct": 637.9
    },
    {
      "workload": "W5",
      "backend": "A",
      "baseline_p99": 5.4,
      "actual_p99": 22.5,
      "delta_pct": 316.7
    },
    {
      "workload": "W5",
      "backend": "B",
      "baseline_p99": 7.7,
      "actual_p99": 21.3,
      "delta_pct": 176.6
    },
    {
      "workload": "W5",
      "backend": "C",
      "baseline_p99": 7.7,
      "actual_p99": 29.7,
      "delta_pct": 285.7
    },
    {
      "workload": "W5",
      "backend": "D",
      "baseline_p99": 3.2,
      "actual_p99": 10.7,
      "delta_pct": 234.4
    }
  ]
}

-> publish/claim P50+P99 latency vs ci/baselines/publish-claim-p99-baseline.json
  PASS claim_p50: {'actual': 30, 'baseline': 40, 'ok': True}
  PASS claim_p99: {'actual': 41, 'limit': 20000, 'noise_cap': 20000, 'ok': True}
  PASS publish_p50: {'actual': 40, 'baseline': 48, 'ok': True}
  PASS publish_p99: {'actual': 60, 'limit': 20000, 'noise_cap': 20000, 'ok': True}

=== Perf-regression status: PASSED ===
✅ No performance regressions
