==================================================
SHARD: perf-regression
DESCRIPTION: W-suite P99 vs pinned baseline; >15% drop = FAIL
STATUS: PASSED ✅
COMMIT: 65c0bae7157089e39116a52b8beaa3f8b695e145
RUN: 152
==================================================

→ W1/A ... P99=54.8 alloc/frame=0.0 [PASS]
→ W1/B ... P99=89.5 alloc/frame=0.0 [PASS]
→ W1/C .../home/runner/work/Weft/Weft/core/c/weft.c:15: warning: "_GNU_SOURCE" redefined
   15 | #define _GNU_SOURCE  // for posix_memalign
      | 
<command-line>: note: this is the location of the previous definition
→ compiling Weft C kernel to /home/runner/work/Weft/Weft/core/c/libweft.so
 P99=90.9 alloc/frame=0.0 [PASS]
→ W1/D ... P99=57.3 alloc/frame=0.0 [PASS]
→ W2/A ... P99=50.9 alloc/frame=0.0 [PASS]
→ W2/B ... P99=59.4 alloc/frame=0.0 [PASS]
→ W2/C ... P99=71.7 alloc/frame=0.0 [PASS]
→ W2/D ... P99=30.2 alloc/frame=0.0 [PASS]
→ W3/A ... P99=6.0 alloc/frame=0.0 [PASS]
→ W3/B ... P99=7.8 alloc/frame=0.0 [PASS]
→ W3/C ... P99=7.7 alloc/frame=0.0 [PASS]
→ W3/D ... P99=4.3 alloc/frame=0.0 [PASS]
→ W4/A ... P99=1623.7 alloc/frame=0.0 [PASS]
→ W4/B ... P99=1763.9 alloc/frame=0.0 [PASS]
→ W4/C ... P99=1766.8 alloc/frame=0.0 [PASS]
→ W4/D ... P99=1791.9 alloc/frame=0.0 [PASS]
→ W5/A ... P99=12.5 alloc/frame=0.0 [PASS]
→ W5/B ... P99=15.1 alloc/frame=0.0 [PASS]
→ W5/C ... P99=13.0 alloc/frame=0.0 [PASS]
→ W5/D ... P99=7.8 alloc/frame=0.0 [PASS]

✓ W-suite bundle: /home/runner/work/Weft/Weft/bench/results/wsuite-x86_64-sandbox.json
  cells: 20 (target: 20 = 5 workloads × 4 backends)
  pass: 20/20
1/B ... P99=89.5 alloc/frame=0.0 [PASS]
→ W1/C .../home/runner/work/Weft/Weft/core/c/weft.c:15: warning: "_GNU_SOURCE" redefined
   15 | #define _GNU_SOURCE  // for posix_memalign
      | 
<command-line>: note: this is the location of the previous definition
→ compiling Weft C kernel to /home/runner/work/Weft/Weft/core/c/libweft.so
 P99=90.9 alloc/frame=0.0 [PASS]
→ W1/D ... P99=57.3 alloc/frame=0.0 [PASS]
→ W2/A ... P99=50.9 alloc/frame=0.0 [PASS]
→ W2/B ... P99=59.4 alloc/frame=0.0 [PASS]
→ W2/C ... P99=71.7 alloc/frame=0.0 [PASS]
→ W2/D ... P99=30.2 alloc/frame=0.0 [PASS]
→ W3/A ... P99=6.0 alloc/frame=0.0 [PASS]
→ W3/B ... P99=7.8 alloc/frame=0.0 [PASS]
→ W3/C ... P99=7.7 alloc/frame=0.0 [PASS]
→ W3/D ... P99=4.3 alloc/frame=0.0 [PASS]
→ W4/A ... P99=1623.7 alloc/frame=0.0 [PASS]
→ W4/B ... P99=1763.9 alloc/frame=0.0 [PASS]
→ W4/C ... P99=1766.8 alloc/frame=0.0 [PASS]
→ W4/D ... P99=1791.9 alloc/frame=0.0 [PASS]
→ W5/A ... P99=12.5 alloc/frame=0.0 [PASS]
→ W5/B ... P99=15.1 alloc/frame=0.0 [PASS]
→ W5/C ... P99=13.0 alloc/frame=0.0 [PASS]
→ W5/D ... P99=7.8 alloc/frame=0.0 [PASS]

✓ W-suite bundle: /home/runner/work/Weft/Weft/bench/results/wsuite-x86_64-sandbox.json
  cells: 20 (target: 20 = 5 workloads × 4 backends)
  pass: 20/20
{
  "shard": "perf-regression",
  "status": "PASSED",
  "threshold_pct": 15,
  "regression_count": 0,
  "improvement_count": 20,
  "cells_compared": 20,
  "regressions": [],
  "improvements": [
    {
      "workload": "W1",
      "backend": "A",
      "baseline": 7.3,
      "actual": 54.8,
      "delta_pct": 650.7,
      "reason": "improvement"
    },
    {
      "workload": "W1",
      "backend": "B",
      "baseline": 44.6,
      "actual": 89.5,
      "delta_pct": 100.7,
      "reason": "improvement"
    },
    {
      "workload": "W1",
      "backend": "C",
      "baseline": 7.8,
      "actual": 90.9,
      "delta_pct": 1065.4,
      "reason": "improvement"
    },
    {
      "workload": "W1",
      "backend": "D",
      "baseline": 18.6,
      "actual": 57.3,
      "delta_pct": 208.1,
      "reason": "improvement"
    },
    {
      "workload": "W2",
      "backend": "A",
      "baseline": 4.3,
      "actual": 50.9,
      "delta_pct": 1083.7,
      "reason": "improvement"
    },
    {
      "workload": "W2",
      "backend": "B",
      "baseline": 6.1,
      "actual": 59.4,
      "delta_pct": 873.8,
      "reason": "improvement"
    },
    {
      "workload": "W2",
      "backend": "C",
      "baseline": 16.4,
      "actual": 71.7,
      "delta_pct": 337.2,
      "reason": "improvement"
    },
    {
      "workload": "W2",
      "backend": "D",
      "baseline": 7.5,
      "actual": 30.2,
      "delta_pct": 302.7,
      "reason": "improvement"
    },
    {
      "workload": "W3",
      "backend": "A",
      "baseline": 2.6,
      "actual": 6.0,
      "delta_pct": 130.8,
      "reason": "improvement"
    },
    {
      "workload": "W3",
      "backend": "B",
      "baseline": 3.7,
      "actual": 7.8,
      "delta_pct": 110.8,
      "reason": "improvement"
    },
    {
      "workload": "W3",
      "backend": "C",
      "baseline": 2.8,
      "actual": 7.7,
      "delta_pct": 175.0,
      "reason": "improvement"
    },
    {
      "workload": "W3",
      "backend": "D",
      "baseline": 1.1,
      "actual": 4.3,
      "delta_pct": 290.9,
      "reason": "improvement"
    },
    {
      "workload": "W4",
      "backend": "A",
      "baseline": 659.0,
      "actual": 1623.7,
      "delta_pct": 146.4,
      "reason": "improvement"
    },
    {
      "workload": "W4",
      "backend": "B",
      "baseline": 681.4,
      "actual": 1763.9,
      "delta_pct": 158.9,
      "reason": "improvement"
    },
    {
      "workload": "W4",
      "backend": "C",
      "baseline": 578.3,
      "actual": 1766.8,
      "delta_pct": 205.5,
      "reason": "improvement"
    },
    {
      "workload": "W4",
      "backend": "D",
      "baseline": 409.0,
      "actual": 1791.9,
      "delta_pct": 338.1,
      "reason": "improvement"
    },
    {
      "workload": "W5",
      "backend": "A",
      "baseline": 5.4,
      "actual": 12.5,
      "delta_pct": 131.5,
      "reason": "improvement"
    },
    {
      "workload": "W5",
      "backend": "B",
      "baseline": 7.7,
      "actual": 15.1,
      "delta_pct": 96.1,
      "reason": "improvement"
    },
    {
      "workload": "W5",
      "backend": "C",
      "baseline": 7.7,
      "actual": 13.0,
      "delta_pct": 68.8,
      "reason": "improvement"
    },
    {
      "workload": "W5",
      "backend": "D",
      "baseline": 3.2,
      "actual": 7.8,
      "delta_pct": 143.7,
      "reason": "improvement"
    }
  ],
  "all_compared": [
    {
      "workload": "W1",
      "backend": "A",
      "baseline_p99": 7.3,
      "actual_p99": 54.8,
      "delta_pct": 650.7
    },
    {
      "workload": "W1",
      "backend": "B",
      "baseline_p99": 44.6,
      "actual_p99": 89.5,
      "delta_pct": 100.7
    },
    {
      "workload": "W1",
      "backend": "C",
      "baseline_p99": 7.8,
      "actual_p99": 90.9,
      "delta_pct": 1065.4
    },
    {
      "workload": "W1",
      "backend": "D",
      "baseline_p99": 18.6,
      "actual_p99": 57.3,
      "delta_pct": 208.1
    },
    {
      "workload": "W2",
      "backend": "A",
      "baseline_p99": 4.3,
      "actual_p99": 50.9,
      "delta_pct": 1083.7
    },
    {
      "workload": "W2",
      "backend": "B",
      "baseline_p99": 6.1,
      "actual_p99": 59.4,
      "delta_pct": 873.8
    },
    {
      "workload": "W2",
      "backend": "C",
      "baseline_p99": 16.4,
      "actual_p99": 71.7,
      "delta_pct": 337.2
    },
    {
      "workload": "W2",
      "backend": "D",
      "baseline_p99": 7.5,
      "actual_p99": 30.2,
      "delta_pct": 302.7
    },
    {
      "workload": "W3",
      "backend": "A",
      "baseline_p99": 2.6,
      "actual_p99": 6.0,
      "delta_pct": 130.8
    },
    {
      "workload": "W3",
      "backend": "B",
      "baseline_p99": 3.7,
      "actual_p99": 7.8,
      "delta_pct": 110.8
    },
    {
      "workload": "W3",
      "backend": "C",
      "baseline_p99": 2.8,
      "actual_p99": 7.7,
      "delta_pct": 175.0
    },
    {
      "workload": "W3",
      "backend": "D",
      "baseline_p99": 1.1,
      "actual_p99": 4.3,
      "delta_pct": 290.9
    },
    {
      "workload": "W4",
      "backend": "A",
      "baseline_p99": 659.0,
      "actual_p99": 1623.7,
      "delta_pct": 146.4
    },
    {
      "workload": "W4",
      "backend": "B",
      "baseline_p99": 681.4,
      "actual_p99": 1763.9,
      "delta_pct": 158.9
    },
    {
      "workload": "W4",
      "backend": "C",
      "baseline_p99": 578.3,
      "actual_p99": 1766.8,
      "delta_pct": 205.5
    },
    {
      "workload": "W4",
      "backend": "D",
      "baseline_p99": 409.0,
      "actual_p99": 1791.9,
      "delta_pct": 338.1
    },
    {
      "workload": "W5",
      "backend": "A",
      "baseline_p99": 5.4,
      "actual_p99": 12.5,
      "delta_pct": 131.5
    },
    {
      "workload": "W5",
      "backend": "B",
      "baseline_p99": 7.7,
      "actual_p99": 15.1,
      "delta_pct": 96.1
    },
    {
      "workload": "W5",
      "backend": "C",
      "baseline_p99": 7.7,
      "actual_p99": 13.0,
      "delta_pct": 68.8
    },
    {
      "workload": "W5",
      "backend": "D",
      "baseline_p99": 3.2,
      "actual_p99": 7.8,
      "delta_pct": 143.7
    }
  ]
}

=== Perf-regression status: PASSED ===
✅ No performance regressions
