==================================================
SHARD: simd-blend
DESCRIPTION: Q12 raster blend: C golden gates + xlang-blend cross-language digests + bench
STATUS: PASSED ✅
COMMIT: 89a2a3290ee5f9ef62bd836bcf8591fc01a4eace
RUN: 134
==================================================

== simd-blend shard: env x86_64/Linux ==
-- C kernel gates --
== blend_test: impl=avx2 (2) ==
B1 boundaries: OK
B2 parity sweep: OK (154 path-checks, all == scalar)
B3 alpha sweep 0..4096 (dispatched): OK
B4 in-place aliasing: OK
blend_test: ALL GATES GREEN
blend-test: ALL GATES GREEN
-- xlang-blend golden gate --
== xlang-blend golden parity: env x86_64/Linux ==
-- C kernel (golden source) --
   blend-test gates GREEN
   golden-vectors.csv matches the kernel
-- TS verifier (reference port) --
xlang-blend TS verifier: 63/63 golden digests match
-- Kotlin verifier --
xlang-blend Kotlin verifier: 63/63 golden digests match
-- Dart verifier: DECLARED skip (no dart; flutter-packages leg owns it) --
-- Swift port: DECLARED skip (no swiftc; apple-packages compiles + golden-gates it) --

xlang-blend: ran=3 declared_skips=2
✅ xlang-blend parity: every executed port byte-identical to the C kernel
xlang-blend parity GREEN
-- blend_runner benchmark --
== blend_runner: dispatch=avx2 ==
256x256-hot (65536 words): scalar   193779 ns/frame (  4.1 GB/s) | avx2    24574 ns/frame ( 32.0 GB/s) | speedup 7.89x
1080p (2073600 words): scalar  6203467 ns/frame (  4.0 GB/s) | avx2   932257 ns/frame ( 26.7 GB/s) | speedup 6.65x
4K (8294400 words): scalar 24937554 ns/frame (  4.0 GB/s) | avx2  6336233 ns/frame ( 15.7 GB/s) | speedup 3.94x
8K (33177600 words): scalar 99900730 ns/frame (  4.0 GB/s) | avx2 26202670 ns/frame ( 15.2 GB/s) | speedup 3.81x
✅ simd-blend shard GREEN
