==================================================
SHARD: fanout-concurrent
DESCRIPTION: 1 writer + 4 reader workers, integrity-gated + daisy-chain
STATUS: PASSED ✅
COMMIT: b4f191f101a3a4795bcb389262aa293d4b314363
RUN: 76
==================================================

────────────────────────────────────────────────────────────────────────
RFC 0004 — CONCURRENT fan-out torture test (worker_threads, true parallelism)
────────────────────────────────────────────────────────────────────────
phase 1  sprint : writer 1.910M pub/s over 400000 frames (209 ms) — 4 verifying readers
  reader[0] fresh=199101 dropped=199742 stale=425560 tornRetries=20 notReady=0 exhausted=0 violations=0 (203 ms)
  reader[1] fresh=31949 dropped=365469 stale=418500 tornRetries=55 notReady=0 exhausted=3 violations=0 (196 ms)
  reader[2] fresh=234946 dropped=163897 stale=470231 tornRetries=936 notReady=0 exhausted=100 violations=0 (203 ms)
  reader[3] fresh=166910 dropped=211741 stale=414528 tornRetries=13 notReady=0 exhausted=1 violations=0 (185 ms)
phase 2  daisy  : Triad kernel → broadcaster → ring → 4 readers over 120000 frames (402 ms, 298K frames/s)
  reader[0] fresh=33028 dropped=86972 stale=801710 tornRetries=112 notReady=2187010 exhausted=0 violations=0 (597 ms)
  reader[1] fresh=111199 dropped=8801 stale=1771872 tornRetries=24 notReady=3262414 exhausted=0 violations=0 (593 ms)
  reader[2] fresh=88670 dropped=31330 stale=1602198 tornRetries=29 notReady=2230424 exhausted=0 violations=0 (536 ms)
  reader[3] fresh=43501 dropped=76497 stale=1001376 tornRetries=98 notReady=1578523 exhausted=0 violations=0 (535 ms)
────────────────────────────────────────────────────────────────────────
GATE: ALL PASSED ✅  (integrity, convergence, exact drop accounting, daisy-chain)
────────────────────────────────────────────────────────────────────────
RFC 0004 — CONCURRENT fan-out benchmark (1 writer + 4 readers, worker_threads)
────────────────────────────────────────────────────────────────────────
Environment Tag: node / linux-sandbox (SharedArrayBuffer + Atomics, all SeqCst)
Writer: 1000000 publishes in 441 ms  →  2.268M publishes/sec  (latch protocol INCLUDED)
  reader[0]: fresh=432871 dropped=567053 claims=952592 → 0.971M fresh claims/sec (446 ms)
  reader[1]: fresh=814632 dropped=185368 claims=2017010 → 1.842M fresh claims/sec (442 ms)
  reader[2]: fresh=521224 dropped=478761 claims=1530239 → 1.183M fresh claims/sec (441 ms)
  reader[3]: fresh=334554 dropped=654872 claims=918127 → 0.803M fresh claims/sec (417 ms)
Aggregate: 2.103M fresh deliveries across 4 readers; drops are per-reader (Law 4) and exact.
Law 2 invariant: publish/claim paths allocate nothing (pre-allocated views + out-params).
────────────────────────────────────────────────────────────────────────
✅ fanout-concurrent shard PASSED
