==================================================
SHARD: perf-regression
DESCRIPTION: W-suite P99 vs pinned baseline; >15% drop = FAIL
STATUS: PASSED ✅
COMMIT: 23a28c2a182b536304a6790302ef01a6ad82b24b
RUN: 141
==================================================

→ W1/A ... P99=67.2 alloc/frame=0.0 [PASS]
→ W1/B ... P99=72.8 alloc/frame=0.0 [PASS]
→ W1/C .../home/runner/work/Weft/Weft/core/c/weft.c:15: warning: "_GNU_SOURCE" redefined
   15 | #define _GNU_SOURCE  // for posix_memalign
      | 
<command-line>: note: this is the location of the previous definition
→ compiling Weft C kernel to /home/runner/work/Weft/Weft/core/c/libweft.so
 P99=87.0 alloc/frame=0.0 [PASS]
→ W1/D ... P99=56.4 alloc/frame=0.0 [PASS]
→ W2/A ... P99=48.1 alloc/frame=0.0 [PASS]
→ W2/B ... P99=73.0 alloc/frame=0.0 [PASS]
→ W2/C ... P99=73.4 alloc/frame=0.0 [PASS]
→ W2/D ... P99=26.3 alloc/frame=0.0 [PASS]
→ W3/A ... P99=6.4 alloc/frame=0.0 [PASS]
→ W3/B ... P99=7.6 alloc/frame=0.0 [PASS]
→ W3/C ... P99=7.7 alloc/frame=0.0 [PASS]
→ W3/D ... P99=4.2 alloc/frame=0.0 [PASS]
→ W4/A ... P99=1770.9 alloc/frame=0.0 [PASS]
→ W4/B ... P99=1879.1 alloc/frame=0.0 [PASS]
→ W4/C ... P99=1792.2 alloc/frame=0.0 [PASS]
→ W4/D ... P99=1803.8 alloc/frame=0.0 [PASS]
→ W5/A ... P99=12.5 alloc/frame=0.0 [PASS]
→ W5/B ... P99=13.1 alloc/frame=0.0 [PASS]
→ W5/C ... P99=15.8 alloc/frame=0.0 [PASS]
→ W5/D ... P99=7.3 alloc/frame=0.0 [PASS]

✓ W-suite bundle: /home/runner/work/Weft/Weft/bench/results/wsuite-x86_64-sandbox.json
  cells: 20 (target: 20 = 5 workloads × 4 backends)
  pass: 20/20
1/B ... P99=72.8 alloc/frame=0.0 [PASS]
→ W1/C .../home/runner/work/Weft/Weft/core/c/weft.c:15: warning: "_GNU_SOURCE" redefined
   15 | #define _GNU_SOURCE  // for posix_memalign
      | 
<command-line>: note: this is the location of the previous definition
→ compiling Weft C kernel to /home/runner/work/Weft/Weft/core/c/libweft.so
 P99=87.0 alloc/frame=0.0 [PASS]
→ W1/D ... P99=56.4 alloc/frame=0.0 [PASS]
→ W2/A ... P99=48.1 alloc/frame=0.0 [PASS]
→ W2/B ... P99=73.0 alloc/frame=0.0 [PASS]
→ W2/C ... P99=73.4 alloc/frame=0.0 [PASS]
→ W2/D ... P99=26.3 alloc/frame=0.0 [PASS]
→ W3/A ... P99=6.4 alloc/frame=0.0 [PASS]
→ W3/B ... P99=7.6 alloc/frame=0.0 [PASS]
→ W3/C ... P99=7.7 alloc/frame=0.0 [PASS]
→ W3/D ... P99=4.2 alloc/frame=0.0 [PASS]
→ W4/A ... P99=1770.9 alloc/frame=0.0 [PASS]
→ W4/B ... P99=1879.1 alloc/frame=0.0 [PASS]
→ W4/C ... P99=1792.2 alloc/frame=0.0 [PASS]
→ W4/D ... P99=1803.8 alloc/frame=0.0 [PASS]
→ W5/A ... P99=12.5 alloc/frame=0.0 [PASS]
→ W5/B ... P99=13.1 alloc/frame=0.0 [PASS]
→ W5/C ... P99=15.8 alloc/frame=0.0 [PASS]
→ W5/D ... P99=7.3 alloc/frame=0.0 [PASS]

✓ W-suite bundle: /home/runner/work/Weft/Weft/bench/results/wsuite-x86_64-sandbox.json
  cells: 20 (target: 20 = 5 workloads × 4 backends)
  pass: 20/20
{
  "shard": "perf-regression",
  "status": "PASSED",
  "threshold_pct": 15,
  "regression_count": 0,
  "improvement_count": 20,
  "cells_compared": 20,
  "regressions": [],
  "improvements": [
    {
      "workload": "W1",
      "backend": "A",
      "baseline": 7.3,
      "actual": 67.2,
      "delta_pct": 820.5,
      "reason": "improvement"
    },
    {
      "workload": "W1",
      "backend": "B",
      "baseline": 44.6,
      "actual": 72.8,
      "delta_pct": 63.2,
      "reason": "improvement"
    },
    {
      "workload": "W1",
      "backend": "C",
      "baseline": 7.8,
      "actual": 87.0,
      "delta_pct": 1015.4,
      "reason": "improvement"
    },
    {
      "workload": "W1",
      "backend": "D",
      "baseline": 18.6,
      "actual": 56.4,
      "delta_pct": 203.2,
      "reason": "improvement"
    },
    {
      "workload": "W2",
      "backend": "A",
      "baseline": 4.3,
      "actual": 48.1,
      "delta_pct": 1018.6,
      "reason": "improvement"
    },
    {
      "workload": "W2",
      "backend": "B",
      "baseline": 6.1,
      "actual": 73.0,
      "delta_pct": 1096.7,
      "reason": "improvement"
    },
    {
      "workload": "W2",
      "backend": "C",
      "baseline": 16.4,
      "actual": 73.4,
      "delta_pct": 347.6,
      "reason": "improvement"
    },
    {
      "workload": "W2",
      "backend": "D",
      "baseline": 7.5,
      "actual": 26.3,
      "delta_pct": 250.7,
      "reason": "improvement"
    },
    {
      "workload": "W3",
      "backend": "A",
      "baseline": 2.6,
      "actual": 6.4,
      "delta_pct": 146.2,
      "reason": "improvement"
    },
    {
      "workload": "W3",
      "backend": "B",
      "baseline": 3.7,
      "actual": 7.6,
      "delta_pct": 105.4,
      "reason": "improvement"
    },
    {
      "workload": "W3",
      "backend": "C",
      "baseline": 2.8,
      "actual": 7.7,
      "delta_pct": 175.0,
      "reason": "improvement"
    },
    {
      "workload": "W3",
      "backend": "D",
      "baseline": 1.1,
      "actual": 4.2,
      "delta_pct": 281.8,
      "reason": "improvement"
    },
    {
      "workload": "W4",
      "backend": "A",
      "baseline": 659.0,
      "actual": 1770.9,
      "delta_pct": 168.7,
      "reason": "improvement"
    },
    {
      "workload": "W4",
      "backend": "B",
      "baseline": 681.4,
      "actual": 1879.1,
      "delta_pct": 175.8,
      "reason": "improvement"
    },
    {
      "workload": "W4",
      "backend": "C",
      "baseline": 578.3,
      "actual": 1792.2,
      "delta_pct": 209.9,
      "reason": "improvement"
    },
    {
      "workload": "W4",
      "backend": "D",
      "baseline": 409.0,
      "actual": 1803.8,
      "delta_pct": 341.0,
      "reason": "improvement"
    },
    {
      "workload": "W5",
      "backend": "A",
      "baseline": 5.4,
      "actual": 12.5,
      "delta_pct": 131.5,
      "reason": "improvement"
    },
    {
      "workload": "W5",
      "backend": "B",
      "baseline": 7.7,
      "actual": 13.1,
      "delta_pct": 70.1,
      "reason": "improvement"
    },
    {
      "workload": "W5",
      "backend": "C",
      "baseline": 7.7,
      "actual": 15.8,
      "delta_pct": 105.2,
      "reason": "improvement"
    },
    {
      "workload": "W5",
      "backend": "D",
      "baseline": 3.2,
      "actual": 7.3,
      "delta_pct": 128.1,
      "reason": "improvement"
    }
  ],
  "all_compared": [
    {
      "workload": "W1",
      "backend": "A",
      "baseline_p99": 7.3,
      "actual_p99": 67.2,
      "delta_pct": 820.5
    },
    {
      "workload": "W1",
      "backend": "B",
      "baseline_p99": 44.6,
      "actual_p99": 72.8,
      "delta_pct": 63.2
    },
    {
      "workload": "W1",
      "backend": "C",
      "baseline_p99": 7.8,
      "actual_p99": 87.0,
      "delta_pct": 1015.4
    },
    {
      "workload": "W1",
      "backend": "D",
      "baseline_p99": 18.6,
      "actual_p99": 56.4,
      "delta_pct": 203.2
    },
    {
      "workload": "W2",
      "backend": "A",
      "baseline_p99": 4.3,
      "actual_p99": 48.1,
      "delta_pct": 1018.6
    },
    {
      "workload": "W2",
      "backend": "B",
      "baseline_p99": 6.1,
      "actual_p99": 73.0,
      "delta_pct": 1096.7
    },
    {
      "workload": "W2",
      "backend": "C",
      "baseline_p99": 16.4,
      "actual_p99": 73.4,
      "delta_pct": 347.6
    },
    {
      "workload": "W2",
      "backend": "D",
      "baseline_p99": 7.5,
      "actual_p99": 26.3,
      "delta_pct": 250.7
    },
    {
      "workload": "W3",
      "backend": "A",
      "baseline_p99": 2.6,
      "actual_p99": 6.4,
      "delta_pct": 146.2
    },
    {
      "workload": "W3",
      "backend": "B",
      "baseline_p99": 3.7,
      "actual_p99": 7.6,
      "delta_pct": 105.4
    },
    {
      "workload": "W3",
      "backend": "C",
      "baseline_p99": 2.8,
      "actual_p99": 7.7,
      "delta_pct": 175.0
    },
    {
      "workload": "W3",
      "backend": "D",
      "baseline_p99": 1.1,
      "actual_p99": 4.2,
      "delta_pct": 281.8
    },
    {
      "workload": "W4",
      "backend": "A",
      "baseline_p99": 659.0,
      "actual_p99": 1770.9,
      "delta_pct": 168.7
    },
    {
      "workload": "W4",
      "backend": "B",
      "baseline_p99": 681.4,
      "actual_p99": 1879.1,
      "delta_pct": 175.8
    },
    {
      "workload": "W4",
      "backend": "C",
      "baseline_p99": 578.3,
      "actual_p99": 1792.2,
      "delta_pct": 209.9
    },
    {
      "workload": "W4",
      "backend": "D",
      "baseline_p99": 409.0,
      "actual_p99": 1803.8,
      "delta_pct": 341.0
    },
    {
      "workload": "W5",
      "backend": "A",
      "baseline_p99": 5.4,
      "actual_p99": 12.5,
      "delta_pct": 131.5
    },
    {
      "workload": "W5",
      "backend": "B",
      "baseline_p99": 7.7,
      "actual_p99": 13.1,
      "delta_pct": 70.1
    },
    {
      "workload": "W5",
      "backend": "C",
      "baseline_p99": 7.7,
      "actual_p99": 15.8,
      "delta_pct": 105.2
    },
    {
      "workload": "W5",
      "backend": "D",
      "baseline_p99": 3.2,
      "actual_p99": 7.3,
      "delta_pct": 128.1
    }
  ]
}

=== Perf-regression status: PASSED ===
✅ No performance regressions
