==================================================
SHARD: sanitizers
DESCRIPTION: TIER4 memory-safety audit: ASan+UBSan + TSan, zero findings
STATUS: FAILED ❌
COMMIT: ecd6fa5e427bdbde58f9722c461b73814402c818
RUN: 210
==================================================

=== Build: ASan+UBSan matrix ===
  FAIL asan-build
=== ASan+UBSan: kernel litmus L1-L8 ===
  PASS asan-litmus
=== ASan+UBSan: kernel conformance batteries ===
  PASS asan-reclaim
  PASS asan-fanout
  PASS asan-governor
  FAIL asan-verified
  FAIL asan-blend
=== ASan+UBSan: FFI isolation host (in-process + fork containment) ===
  FAIL asan-ffihost
  FAIL asan-ffihost-fork
=== ASan+UBSan: fuzz-runner 200k ops seed 0x00C0FFEE ===
  FAIL asan-fuzz
=== TSan: kernel litmus L1-L8 + fanout ===
  PASS tsan-suite
=== Sanitizer report scan (any WARNING/ERROR anywhere in the log = RED) ===
  PASS: zero sanitizer findings
{
  "shard": "sanitizers",
  "status": "FAILED",
  "cells": {
    "asan-build": false,
    "asan-litmus": true,
    "asan-reclaim": true,
    "asan-fanout": true,
    "asan-governor": true,
    "asan-verified": false,
    "asan-blend": false,
    "asan-ffihost": false,
    "asan-ffihost-fork": false,
    "asan-fuzz": false,
    "tsan-suite": true
  }
}

verified_test.c:368:78: error: missing binary operator before token "("
  368 | #if defined(__SANITIZE_ADDRESS__) || (defined(__has_feature) && __has_feature(address_sanitizer))
      |                                                                              ^
verified_test.c:334:40: warning: unused variable ‘tag’ [-Wunused-variable]
  334 |     uint8_t envelope[16], payload[64], tag[WEFT_VW_TAG_LEN];
      |                                        ^~~
  FAIL asan-build

=== ASan+UBSan: kernel litmus L1-L8 ===
L1 hold=5ms claims=494 torn=0 drain_ok=1 claims_per_s=197.3
L1 hold=10ms claims=250 torn=0 drain_ok=1 claims_per_s=99.6
L1 hold=50ms claims=52 torn=0 drain_ok=1 claims_per_s=20.3
{"test":"L1-tear","lang":"c","pass":true,"metrics":{"holds_ms":[5,10,50],"claims":796,"claims_per_s":105.7,"torn":0,"drain_ok":true}}
L2 hold=0ms published=2000 max_wsteps=1 ok=1
L2 hold=10ms published=2000 max_wsteps=1 ok=1
L2 hold=25ms published=2000 max_wsteps=1 ok=1
L2 hold=50ms published=2000 max_wsteps=1 ok=1
L2 hold=100ms published=2000 max_wsteps=1 ok=1
{"test":"L2-writer-steps","lang":"c","pass":true,"metrics":{"holds_ms":[0,10,25,50,100],"publishes":10000,"max_wsteps":1,"bound":2}}
L3 claims=2000 max_rsteps=1 bound=2 pass=1
{"test":"L3-reader-steps","lang":"c","pass":true,"metrics":{"claims":2000,"max_rsteps":1,"bound":2}}
L4 freshness_violations=0 future_violations=0 stale_returns=1 drain_exact=1 (last=2000) pass=1
{"test":"L4-freshness","lang":"c","pass":true,"metrics":{"frames":2000,"freshness_violations":0,"future_violations":0,"drain_exact":true,"stale_returns":1}}
L5 hold=0ms rate=2000.0 Hz
L5 hold=10ms rate=2000.0 Hz
L5 hold=50ms rate=2000.0 Hz
L5 hold=100ms rate=2000.0 Hz
L5 suspended-reader rate=2000.0 Hz
L5 ratio=1.000 tolerance=1.50 pass=1
{"test":"L5-progress","lang":"c","pass":true,"metrics":{"rates_hz":[2000.0,2000.0,2000.0,2000.0,2000.0],"ratio":1.000,"tolerance":1.50,"configs":5}}
L6 trials=200 violations=0 seed=0x00C0FFEE pass=1
{"test":"L6-ownership","lang":"c","pass":true,"metrics":{"trials":200,"frames_per_trial":64,"violations":0,"seed":"0x00C0FFEE"}}
L7 reclaim_ok=1 post_revoke_revoked=100 poison_intact=1 pass=1
{"test":"L7-revocation","lang":"c","pass":true,"metrics":{"reclaim_ok":true,"post_revoke_revoked":100,"poison_intact":true,"first_revoked_at":11653}}
L8 roundtrip=1 unknown=1 negotiation=1 coexist=1 pass=1
{"test":"L8-envelope","lang":"c","pass":true,"metrics":{"roundtrip":true,"unknown_fields":true,"negotiation":true,"coexist":true}}
  PASS asan-litmus

=== ASan+UBSan: kernel conformance batteries ===
reclaim-test: TIER4 §4 bounded-revocation conformance
{"test":"reclaim","checks":15,"fails":0,"status":"PASSED"}
  PASS asan-reclaim
ok: F1 payload_bytes=0 rejected
ok: F1 payload_bytes%4!=0 rejected
ok: F1 slot_count<2 rejected
ok: F1 slot_count=1 rejected
ok: F1 slot_count>64 rejected
ok: F1 ring_bytes formula (TS parity)
ok: F1 reader geometry mismatch rejected
ok: F2 init succeeds
ok: F2 reader init succeeds
ok: F2 claim before any publish: null frame
ok: begin returns a cursor
ok: fill writes every word
ok: F2 publish returns frame 1
ok: F2 first publish: fresh, dropped=0
ok: payload words intact
ok: begin returns a cursor
ok: fill writes every word
ok: begin returns a cursor
ok: fill writes every word
ok: begin returns a cursor
ok: fill writes every word
ok: F3 three unseen publishes: dropped=2
ok: payload words intact
ok: F4 ring init
ok: F4 reader init
ok: begin returns a cursor
ok: fill writes every word
ok: begin returns a cursor
ok: fill writes every word
ok: begin returns a cursor
ok: fill writes every word
ok: begin returns a cursor
ok: fill writes every word
ok: begin returns a cursor
ok: fill writes every word
ok: begin returns a cursor
ok: fill writes every word
ok: begin returns a cursor
ok: fill writes every word
ok: begin returns a cursor
ok: fill writes every word
ok: begin returns a cursor
ok: fill writes every word
ok: begin returns a cursor
ok: fill writes every word
ok: begin returns a cursor
ok: fill writes every word
ok: begin returns a cursor
ok: fill writes every word
ok: begin returns a cursor
ok: fill writes every word
ok: begin returns a cursor
ok: fill writes every word
ok: begin returns a cursor
ok: fill writes every word
ok: begin returns a cursor
ok: fill writes every word
ok: begin returns a cursor
ok: fill writes every word
ok: begin returns a cursor
ok: fill writes every word
ok: begin returns a cursor
ok: fill writes every word
ok: begin returns a cursor
ok: fill writes every word
ok: begin returns a cursor
ok: fill writes every word
ok: begin returns a cursor
ok: fill writes every word
ok: begin returns a cursor
ok: fill writes every word
ok: begin returns a cursor
ok: fill writes every word
ok: begin returns a cursor
ok: fill writes every word
ok: begin returns a cursor
ok: fill writes every word
ok: begin returns a cursor
ok: fill writes every word
ok: begin returns a cursor
ok: fill writes every word
ok: begin returns a cursor
ok: fill writes every word
ok: begin returns a cursor
ok: fill writes every word
ok: begin returns a cursor
ok: fill writes every word
ok: begin returns a cursor
ok: fill writes every word
ok: begin returns a cursor
ok: fill writes every word
ok: begin returns a cursor
ok: fill writes every word
ok: begin returns a cursor
ok: fill writes every word
ok: begin returns a cursor
ok: fill writes every word
ok: begin returns a cursor
ok: fill writes every word
ok: begin returns a cursor
ok: fill writes every word
ok: begin returns a cursor
ok: fill writes every word
ok: begin returns a cursor
ok: fill writes every word
ok: begin returns a cursor
ok: fill writes every word
ok: begin returns a cursor
ok: fill writes every word
ok: begin returns a cursor
ok: fill writes every word
ok: begin returns a cursor
ok: fill writes every word
ok: begin returns a cursor
ok: fill writes every word
ok: begin returns a cursor
ok: fill writes every word
ok: begin returns a cursor
ok: fill writes every word
ok: begin returns a cursor
ok: fill writes every word
ok: begin returns a cursor
ok: fill writes every word
ok: begin returns a cursor
ok: fill writes every word
ok: begin returns a cursor
ok: fill writes every word
ok: begin returns a cursor
ok: fill writes every word
ok: begin returns a cursor
ok: fill writes every word
ok: begin returns a cursor
ok: fill writes every word
ok: begin returns a cursor
ok: fill writes every word
ok: begin returns a cursor
ok: fill writes every word
ok: begin returns a cursor
ok: fill writes every word
ok: begin returns a cursor
ok: fill writes every word
ok: begin returns a cursor
ok: fill writes every word
ok: begin returns a cursor
ok: fill writes every word
ok: F4 telescoping identity exact
ok: F4 reader converged to the last frame
ok: F4 stats agree with the loop
ok: F5 M=2 ring init
ok: F5 reader init
ok: begin returns a cursor
ok: fill writes every word
ok: F5 reader holds frame 1
ok: begin returns a cursor
ok: fill writes every word
ok: begin returns a cursor
ok: fill writes every word
ok: F5 mid-overwrite: keeps last consistent frame
ok: F5 skip counted, never silent
ok: F5 converges after the overwrite completes
ok: F6 ring init
ok: F6 publish with no begin returns 0
ok: begin returns a cursor
ok: fill writes every word
ok: F6 publish after begin returns 1
ok: F6 fill len%4!=0 rejected
ok: F7 producer init
ok: begin returns a cursor
ok: fill writes every word
ok: begin returns a cursor
ok: fill writes every word
ok: begin returns a cursor
ok: fill writes every word
ok: begin returns a cursor
ok: fill writes every word
ok: begin returns a cursor
ok: fill writes every word
ok: begin returns a cursor
ok: fill writes every word
ok: begin returns a cursor
ok: fill writes every word
ok: begin returns a cursor
ok: fill writes every word
ok: begin returns a cursor
ok: fill writes every word
ok: begin returns a cursor
ok: fill writes every word
ok: begin returns a cursor
ok: fill writes every word
ok: begin returns a cursor
ok: fill writes every word
ok: begin returns a cursor
ok: fill writes every word
ok: begin returns a cursor
ok: fill writes every word
ok: begin returns a cursor
ok: fill writes every word
ok: begin returns a cursor
ok: fill writes every word
ok: begin returns a cursor
ok: fill writes every word
ok: begin returns a cursor
ok: fill writes every word
ok: begin returns a cursor
ok: fill writes every word
ok: begin returns a cursor
ok: fill writes every word
ok: begin returns a cursor
ok: fill writes every word
ok: begin returns a cursor
ok: fill writes every word
ok: begin returns a cursor
ok: fill writes every word
ok: begin returns a cursor
ok: fill writes every word
ok: begin returns a cursor
ok: fill writes every word
ok: begin returns a cursor
ok: fill writes every word
ok: begin returns a cursor
ok: fill writes every word
ok: begin returns a cursor
ok: fill writes every word
ok: begin returns a cursor
ok: fill writes every word
ok: begin returns a cursor
ok: fill writes every word
ok: begin returns a cursor
ok: fill writes every word
ok: begin returns a cursor
ok: fill writes every word
ok: begin returns a cursor
ok: fill writes every word
ok: begin returns a cursor
ok: fill writes every word
ok: begin returns a cursor
ok: fill writes every word
ok: begin returns a cursor
ok: fill writes every word
ok: begin returns a cursor
ok: fill writes every word
ok: begin returns a cursor
ok: fill writes every word
ok: begin returns a cursor
ok: fill writes every word
ok: begin returns a cursor
ok: fill writes every word
ok: begin returns a cursor
ok: fill writes every word
ok: begin returns a cursor
ok: fill writes every word
ok: begin returns a cursor
ok: fill writes every word
ok: begin returns a cursor
ok: fill writes every word
ok: begin returns a cursor
ok: fill writes every word
ok: begin returns a cursor
ok: fill writes every word
ok: begin returns a cursor
ok: fill writes every word
ok: begin returns a cursor
ok: fill writes every word
ok: begin returns a cursor
ok: fill writes every word
ok: begin returns a cursor
ok: fill writes every word
ok: begin returns a cursor
ok: fill writes every word
ok: begin returns a cursor
ok: fill writes every word
ok: begin returns a cursor
ok: fill writes every word
ok: begin returns a cursor
ok: fill writes every word
ok: begin returns a cursor
ok: fill writes every word
ok: begin returns a cursor
ok: fill writes every word
ok: begin returns a cursor
ok: fill writes every word
ok: begin returns a cursor
ok: fill writes every word
ok: begin returns a cursor
ok: fill writes every word
ok: begin returns a cursor
ok: fill writes every word
ok: begin returns a cursor
ok: fill writes every word
ok: begin returns a cursor
ok: fill writes every word
ok: begin returns a cursor
ok: fill writes every word
ok: begin returns a cursor
ok: fill writes every word
ok: begin returns a cursor
ok: fill writes every word
ok: begin returns a cursor
ok: fill writes every word
ok: begin returns a cursor
ok: fill writes every word
ok: begin returns a cursor
ok: fill writes every word
ok: begin returns a cursor
ok: fill writes every word
ok: begin returns a cursor
ok: fill writes every word
ok: begin returns a cursor
ok: fill writes every word
ok: begin returns a cursor
ok: fill writes every word
ok: begin returns a cursor
ok: fill writes every word
ok: begin returns a cursor
ok: fill writes every word
ok: begin returns a cursor
ok: fill writes every word
ok: begin returns a cursor
ok: fill writes every word
ok: begin returns a cursor
ok: fill writes every word
ok: begin returns a cursor
ok: fill writes every word
ok: begin returns a cursor
ok: fill writes every word
ok: begin returns a cursor
ok: fill writes every word
ok: begin returns a cursor
ok: fill writes every word
ok: begin returns a cursor
ok: fill writes every word
ok: begin returns a cursor
ok: fill writes every word
ok: begin returns a cursor
ok: fill writes every word
ok: begin returns a cursor
ok: fill writes every word
ok: begin returns a cursor
ok: fill writes every word
ok: begin returns a cursor
ok: fill writes every word
ok: begin returns a cursor
ok: fill writes every word
ok: begin returns a cursor
ok: fill writes every word
ok: begin returns a cursor
ok: fill writes every word
ok: begin returns a cursor
ok: fill writes every word
ok: begin returns a cursor
ok: fill writes every word
ok: begin returns a cursor
ok: fill writes every word
ok: begin returns a cursor
ok: fill writes every word
ok: begin returns a cursor
ok: fill writes every word
ok: begin returns a cursor
ok: fill writes every word
ok: begin returns a cursor
ok: fill writes every word
ok: F7 reader attaches to the copy
ok: F7 handoff: fresh final frame, dropped = N-1
ok: payload words intact
ok: F7 writer attach
ok: F7 second attach on the live broadcaster is refused
ok: begin returns a cursor
ok: fill writes every word
ok: F7 attached writer continues numbering
ok: F7 second reader attach
ok: F7 cross-producer accounting telescopes
ok: F8 debug latest/publishes/slots
ok: F8 slot stamps populated and in range
ok: F9 new rejects bad geometry (slots, mod-4)
ok: F9 new allocates
ok: F9 ring accessor non-NULL
ok: F9 new ring publishes frame 1
ok: F9 raw latestSeq == 1 at offset 0
ok: F9 raw publishes == 1 at offset 8
ok: F9 reader_new attaches to the ring pointer
ok: F9 reader on the new/free ring claims frame 1
ok: F9 reader_new rejects ring_bytes mismatch
ok: F9 free pair NULL-safe, no crash
ok: FC kernel init
ok: FC1 null frame baseline: first, behind 0
ok: FC2 first real frame: behind 0, not first
ok: FC3 gap accounting: behind 2
ok: FC4 idle claim: recycled hold, reset rule, behind 0
ok: FC4 idle claim adds no drops
ok: FC5 kernel init
ok: FC5 baseline seq 10
ok: FC5 decreasing seq resets accounting (no burst)
ok: FC5 reset adds no drops
ok: FC6 accumulators: totalDropped=2, claims=4
ok: FC6 reset: next update is first again
ok: FC6 reset zeroed the counters

PASS: 0 failure(s)
  PASS asan-fanout
{"test":"governor-G-series","lang":"c","pass":true,"metrics":{"gates":"G1,G2,G3,G3b,G4,Law4,custom"},"notes":"RFC-0009 FreshnessGovernor conformance; G5 via xlang-dump + fixtures/xlang-governor"}
  PASS asan-governor
./ci/scripts/run_sanitizers_shard.sh: line 62: ./asan-verified: No such file or directory
  FAIL asan-verified
./ci/scripts/run_sanitizers_shard.sh: line 63: ./asan-blend: No such file or directory
  FAIL asan-blend

=== ASan+UBSan: FFI isolation host (in-process + fork containment) ===
./ci/scripts/run_sanitizers_shard.sh: line 66: ./asan-ffihost: No such file or directory
  FAIL asan-ffihost
./ci/scripts/run_sanitizers_shard.sh: line 67: ./asan-ffihost: No such file or directory
  FAIL asan-ffihost-fork

=== ASan+UBSan: fuzz-runner 200k ops seed 0x00C0FFEE ===
./ci/scripts/run_sanitizers_shard.sh: line 70: ./asan-fuzz: No such file or directory
  FAIL asan-fuzz

=== TSan: kernel litmus L1-L8 + fanout ===
weft.c:15: warning: "_GNU_SOURCE" redefined
   15 | #define _GNU_SOURCE  // for posix_memalign
      | 
<command-line>: note: this is the location of the previous definition
litmus_runner.c:17: warning: "_GNU_SOURCE" redefined
   17 | #define _GNU_SOURCE  // for nanosleep, posix_memalign
      | 
<command-line>: note: this is the location of the previous definition
weft.c:15: warning: "_GNU_SOURCE" redefined
   15 | #define _GNU_SOURCE  // for posix_memalign
      | 
<command-line>: note: this is the location of the previous definition
L1 hold=5ms claims=494 torn=0 drain_ok=1 claims_per_s=196.5
L1 hold=10ms claims=249 torn=0 drain_ok=1 claims_per_s=99.1
L1 hold=50ms claims=52 torn=0 drain_ok=1 claims_per_s=20.3
{"test":"L1-tear","lang":"c","pass":true,"metrics":{"holds_ms":[5,10,50],"claims":795,"claims_per_s":105.3,"torn":0,"drain_ok":true}}
L2 hold=0ms published=2000 max_wsteps=1 ok=1
L2 hold=10ms published=2000 max_wsteps=1 ok=1
L2 hold=25ms published=2000 max_wsteps=1 ok=1
L2 hold=50ms published=2000 max_wsteps=1 ok=1
L2 hold=100ms published=2000 max_wsteps=1 ok=1
{"test":"L2-writer-steps","lang":"c","pass":true,"metrics":{"holds_ms":[0,10,25,50,100],"publishes":10000,"max_wsteps":1,"bound":2}}
L3 claims=2000 max_rsteps=1 bound=2 pass=1
{"test":"L3-reader-steps","lang":"c","pass":true,"metrics":{"claims":2000,"max_rsteps":1,"bound":2}}
L4 freshness_violations=0 future_violations=0 stale_returns=1 drain_exact=1 (last=2000) pass=1
{"test":"L4-freshness","lang":"c","pass":true,"metrics":{"frames":2000,"freshness_violations":0,"future_violations":0,"drain_exact":true,"stale_returns":1}}
L5 hold=0ms rate=2000.0 Hz
L5 hold=10ms rate=2000.0 Hz
L5 hold=50ms rate=2000.0 Hz
L5 hold=100ms rate=2000.0 Hz
L5 suspended-reader rate=2000.0 Hz
L5 ratio=1.000 tolerance=1.50 pass=1
{"test":"L5-progress","lang":"c","pass":true,"metrics":{"rates_hz":[2000.0,2000.0,2000.0,2000.0,2000.0],"ratio":1.000,"tolerance":1.50,"configs":5}}
L6 trials=200 violations=0 seed=0x00C0FFEE pass=1
{"test":"L6-ownership","lang":"c","pass":true,"metrics":{"trials":200,"frames_per_trial":64,"violations":0,"seed":"0x00C0FFEE"}}
L7 reclaim_ok=1 post_revoke_revoked=100 poison_intact=1 pass=1
{"test":"L7-revocation","lang":"c","pass":true,"metrics":{"reclaim_ok":true,"post_revoke_revoked":100,"poison_intact":true,"first_revoked_at":1251}}
L8 roundtrip=1 unknown=1 negotiation=1 coexist=1 pass=1
{"test":"L8-envelope","lang":"c","pass":true,"metrics":{"roundtrip":true,"unknown_fields":true,"negotiation":true,"coexist":true}}
ok: F1 payload_bytes=0 rejected
ok: F1 payload_bytes%4!=0 rejected
ok: F1 slot_count<2 rejected
ok: F1 slot_count=1 rejected
ok: F1 slot_count>64 rejected
ok: F1 ring_bytes formula (TS parity)
ok: F1 reader geometry mismatch rejected
ok: F2 init succeeds
ok: F2 reader init succeeds
ok: F2 claim before any publish: null frame
ok: begin returns a cursor
ok: fill writes every word
ok: F2 publish returns frame 1
ok: F2 first publish: fresh, dropped=0
ok: payload words intact
ok: begin returns a cursor
ok: fill writes every word
ok: begin returns a cursor
ok: fill writes every word
ok: begin returns a cursor
ok: fill writes every word
ok: F3 three unseen publishes: dropped=2
ok: payload words intact
ok: F4 ring init
ok: F4 reader init
ok: begin returns a cursor
ok: fill writes every word
ok: begin returns a cursor
ok: fill writes every word
ok: begin returns a cursor
ok: fill writes every word
ok: begin returns a cursor
ok: fill writes every word
ok: begin returns a cursor
ok: fill writes every word
ok: begin returns a cursor
ok: fill writes every word
ok: begin returns a cursor
ok: fill writes every word
ok: begin returns a cursor
ok: fill writes every word
ok: begin returns a cursor
ok: fill writes every word
ok: begin returns a cursor
ok: fill writes every word
ok: begin returns a cursor
ok: fill writes every word
ok: begin returns a cursor
ok: fill writes every word
ok: begin returns a cursor
ok: fill writes every word
ok: begin returns a cursor
ok: fill writes every word
ok: begin returns a cursor
ok: fill writes every word
ok: begin returns a cursor
ok: fill writes every word
ok: begin returns a cursor
ok: fill writes every word
ok: begin returns a cursor
ok: fill writes every word
ok: begin returns a cursor
ok: fill writes every word
ok: begin returns a cursor
ok: fill writes every word
ok: begin returns a cursor
ok: fill writes every word
ok: begin returns a cursor
ok: fill writes every word
ok: begin returns a cursor
ok: fill writes every word
ok: begin returns a cursor
ok: fill writes every word
ok: begin returns a cursor
ok: fill writes every word
ok: begin returns a cursor
ok: fill writes every word
ok: begin returns a cursor
ok: fill writes every word
ok: begin returns a cursor
ok: fill writes every word
ok: begin returns a cursor
ok: fill writes every word
ok: begin returns a cursor
ok: fill writes every word
ok: begin returns a cursor
ok: fill writes every word
ok: begin returns a cursor
ok: fill writes every word
ok: begin returns a cursor
ok: fill writes every word
ok: begin returns a cursor
ok: fill writes every word
ok: begin returns a cursor
ok: fill writes every word
ok: begin returns a cursor
ok: fill writes every word
ok: begin returns a cursor
ok: fill writes every word
ok: begin returns a cursor
ok: fill writes every word
ok: begin returns a cursor
ok: fill writes every word
ok: begin returns a cursor
ok: fill writes every word
ok: begin returns a cursor
ok: fill writes every word
ok: begin returns a cursor
ok: fill writes every word
ok: begin returns a cursor
ok: fill writes every word
ok: begin returns a cursor
ok: fill writes every word
ok: begin returns a cursor
ok: fill writes every word
ok: begin returns a cursor
ok: fill writes every word
ok: begin returns a cursor
ok: fill writes every word
ok: begin returns a cursor
ok: fill writes every word
ok: begin returns a cursor
ok: fill writes every word
ok: begin returns a cursor
ok: fill writes every word
ok: begin returns a cursor
ok: fill writes every word
ok: begin returns a cursor
ok: fill writes every word
ok: begin returns a cursor
ok: fill writes every word
ok: begin returns a cursor
ok: fill writes every word
ok: begin returns a cursor
ok: fill writes every word
ok: begin returns a cursor
ok: fill writes every word
ok: begin returns a cursor
ok: fill writes every word
ok: begin returns a cursor
ok: fill writes every word
ok: begin returns a cursor
ok: fill writes every word
ok: begin returns a cursor
ok: fill writes every word
ok: F4 telescoping identity exact
ok: F4 reader converged to the last frame
ok: F4 stats agree with the loop
ok: F5 M=2 ring init
ok: F5 reader init
ok: begin returns a cursor
ok: fill writes every word
ok: F5 reader holds frame 1
ok: begin returns a cursor
ok: fill writes every word
ok: begin returns a cursor
ok: fill writes every word
ok: F5 mid-overwrite: keeps last consistent frame
ok: F5 skip counted, never silent
ok: F5 converges after the overwrite completes
ok: F6 ring init
ok: F6 publish with no begin returns 0
ok: begin returns a cursor
ok: fill writes every word
ok: F6 publish after begin returns 1
ok: F6 fill len%4!=0 rejected
ok: F7 producer init
ok: begin returns a cursor
ok: fill writes every word
ok: begin returns a cursor
ok: fill writes every word
ok: begin returns a cursor
ok: fill writes every word
ok: begin returns a cursor
ok: fill writes every word
ok: begin returns a cursor
ok: fill writes every word
ok: begin returns a cursor
ok: fill writes every word
ok: begin returns a cursor
ok: fill writes every word
ok: begin returns a cursor
ok: fill writes every word
ok: begin returns a cursor
ok: fill writes every word
ok: begin returns a cursor
ok: fill writes every word
ok: begin returns a cursor
ok: fill writes every word
ok: begin returns a cursor
ok: fill writes every word
ok: begin returns a cursor
ok: fill writes every word
ok: begin returns a cursor
ok: fill writes every word
ok: begin returns a cursor
ok: fill writes every word
ok: begin returns a cursor
ok: fill writes every word
ok: begin returns a cursor
ok: fill writes every word
ok: begin returns a cursor
ok: fill writes every word
ok: begin returns a cursor
ok: fill writes every word
ok: begin returns a cursor
ok: fill writes every word
ok: begin returns a cursor
ok: fill writes every word
ok: begin returns a cursor
ok: fill writes every word
ok: begin returns a cursor
ok: fill writes every word
ok: begin returns a cursor
ok: fill writes every word
ok: begin returns a cursor
ok: fill writes every word
ok: begin returns a cursor
ok: fill writes every word
ok: begin returns a cursor
ok: fill writes every word
ok: begin returns a cursor
ok: fill writes every word
ok: begin returns a cursor
ok: fill writes every word
ok: begin returns a cursor
ok: fill writes every word
ok: begin returns a cursor
ok: fill writes every word
ok: begin returns a cursor
ok: fill writes every word
ok: begin returns a cursor
ok: fill writes every word
ok: begin returns a cursor
ok: fill writes every word
ok: begin returns a cursor
ok: fill writes every word
ok: begin returns a cursor
ok: fill writes every word
ok: begin returns a cursor
ok: fill writes every word
ok: begin returns a cursor
ok: fill writes every word
ok: begin returns a cursor
ok: fill writes every word
ok: begin returns a cursor
ok: fill writes every word
ok: begin returns a cursor
ok: fill writes every word
ok: begin returns a cursor
ok: fill writes every word
ok: begin returns a cursor
ok: fill writes every word
ok: begin returns a cursor
ok: fill writes every word
ok: begin returns a cursor
ok: fill writes every word
ok: begin returns a cursor
ok: fill writes every word
ok: begin returns a cursor
ok: fill writes every word
ok: begin returns a cursor
ok: fill writes every word
ok: begin returns a cursor
ok: fill writes every word
ok: begin returns a cursor
ok: fill writes every word
ok: begin returns a cursor
ok: fill writes every word
ok: begin returns a cursor
ok: fill writes every word
ok: begin returns a cursor
ok: fill writes every word
ok: begin returns a cursor
ok: fill writes every word
ok: begin returns a cursor
ok: fill writes every word
ok: begin returns a cursor
ok: fill writes every word
ok: begin returns a cursor
ok: fill writes every word
ok: begin returns a cursor
ok: fill writes every word
ok: begin returns a cursor
ok: fill writes every word
ok: begin returns a cursor
ok: fill writes every word
ok: begin returns a cursor
ok: fill writes every word
ok: begin returns a cursor
ok: fill writes every word
ok: begin returns a cursor
ok: fill writes every word
ok: begin returns a cursor
ok: fill writes every word
ok: begin returns a cursor
ok: fill writes every word
ok: begin returns a cursor
ok: fill writes every word
ok: begin returns a cursor
ok: fill writes every word
ok: begin returns a cursor
ok: fill writes every word
ok: begin returns a cursor
ok: fill writes every word
ok: begin returns a cursor
ok: fill writes every word
ok: begin returns a cursor
ok: fill writes every word
ok: begin returns a cursor
ok: fill writes every word
ok: begin returns a cursor
ok: fill writes every word
ok: begin returns a cursor
ok: fill writes every word
ok: begin returns a cursor
ok: fill writes every word
ok: begin returns a cursor
ok: fill writes every word
ok: begin returns a cursor
ok: fill writes every word
ok: begin returns a cursor
ok: fill writes every word
ok: begin returns a cursor
ok: fill writes every word
ok: begin returns a cursor
ok: fill writes every word
ok: begin returns a cursor
ok: fill writes every word
ok: begin returns a cursor
ok: fill writes every word
ok: begin returns a cursor
ok: fill writes every word
ok: begin returns a cursor
ok: fill writes every word
ok: begin returns a cursor
ok: fill writes every word
ok: begin returns a cursor
ok: fill writes every word
ok: begin returns a cursor
ok: fill writes every word
ok: begin returns a cursor
ok: fill writes every word
ok: begin returns a cursor
ok: fill writes every word
ok: begin returns a cursor
ok: fill writes every word
ok: begin returns a cursor
ok: fill writes every word
ok: begin returns a cursor
ok: fill writes every word
ok: begin returns a cursor
ok: fill writes every word
ok: begin returns a cursor
ok: fill writes every word
ok: begin returns a cursor
ok: fill writes every word
ok: begin returns a cursor
ok: fill writes every word
ok: begin returns a cursor
ok: fill writes every word
ok: F7 reader attaches to the copy
ok: F7 handoff: fresh final frame, dropped = N-1
ok: payload words intact
ok: F7 writer attach
ok: F7 second attach on the live broadcaster is refused
ok: begin returns a cursor
ok: fill writes every word
ok: F7 attached writer continues numbering
ok: F7 second reader attach
ok: F7 cross-producer accounting telescopes
ok: F8 debug latest/publishes/slots
ok: F8 slot stamps populated and in range
ok: F9 new rejects bad geometry (slots, mod-4)
ok: F9 new allocates
ok: F9 ring accessor non-NULL
ok: F9 new ring publishes frame 1
ok: F9 raw latestSeq == 1 at offset 0
ok: F9 raw publishes == 1 at offset 8
ok: F9 reader_new attaches to the ring pointer
ok: F9 reader on the new/free ring claims frame 1
ok: F9 reader_new rejects ring_bytes mismatch
ok: F9 free pair NULL-safe, no crash
ok: FC kernel init
ok: FC1 null frame baseline: first, behind 0
ok: FC2 first real frame: behind 0, not first
ok: FC3 gap accounting: behind 2
ok: FC4 idle claim: recycled hold, reset rule, behind 0
ok: FC4 idle claim adds no drops
ok: FC5 kernel init
ok: FC5 baseline seq 10
ok: FC5 decreasing seq resets accounting (no burst)
ok: FC5 reset adds no drops
ok: FC6 accumulators: totalDropped=2, claims=4
ok: FC6 reset: next update is first again
ok: FC6 reset zeroed the counters

PASS: 0 failure(s)
  PASS tsan-suite

=== Sanitizer report scan (any WARNING/ERROR anywhere in the log = RED) ===
  PASS: zero sanitizer findings
