==================================================
SHARD: weft-tensor-managed
DESCRIPTION: Project weft-tensor Pillar 2: WTR1 layout, TS/Python ingestion engines, DLPack/NumPy bridge, cross-language parity, React/Flutter AI hooks/widgets, 120 FPS flight demo, alloc probes
STATUS: PASSED ✅
COMMIT: 4400627ac50d8493d0932152f5dc486bccf0eb34
RUN: 225
==================================================

[1/8] fixture determinism
OK /home/runner/work/Weft/Weft/fixtures/weft-tensor/ring-v1-f32.bin (640 B) byte-identical
OK /home/runner/work/Weft/Weft/fixtures/weft-tensor/ring-v1-u8.bin (640 B) byte-identical
[2/8] TypeScript suite
✔ zero-alloc probe [ring] — 100k steady-state ops stay flat (165.89635ms)
✔ zero-alloc probe [ingest] — 100k steady-state ops stay flat (136.264772ms)
✔ zero-alloc probe [audio] — 100k steady-state ops stay flat (128.391719ms)
✔ zero-alloc probe [render] — 100k steady-state ops stay flat (1677.123118ms)
✔ zero-alloc probe [overlay] — 100k steady-state ops stay flat (64.564914ms)
✔ negative control: a deliberately-allocating loop IS caught (63.481245ms)
✔ f32 fixture: header fields, 10 frames, dyadic payload parity (5.286544ms)
✔ u8 fixture: header fields, 6 frames, byte payload parity (1.436621ms)
✔ WebCodecs sync fast path: bytes land in ring, no intermediate (4.026607ms)
✔ WebCodecs async fast path resolves after the GPU readback lands (0.397489ms)
✔ copyTo failure is a DROP, never a throw into the frame loop (1.211352ms)
✔ legacy sync copyTo returning void still commits the full slot (0.404062ms)
✔ ImageData + raw paths (0.606358ms)
✔ ingestor dtype gate: f32 ring rejected (Law 4) (0.851503ms)
✔ AudioPcmFeeder: exact-fit chunks roll one slot per chunk (0.756186ms)
✔ AudioPcmFeeder: chunk spanning slot boundaries carries with zero gaps (0.685946ms)
✔ AudioPcmFeeder: tiny chunks accumulate then roll (worklet cadence) (0.600367ms)
✔ AudioPcmFeeder dtype gate + chunk size gate (Law 4) (0.577113ms)
✔ crc32 matches node:zlib over the static header region (1.736048ms)
✔ f16FromBits matches numpy float16 decode exactly (0.385237ms)
✔ f16ToBits matches numpy round-to-nearest-even (0.486955ms)
✔ fourcc round-trips as LE ASCII (0.214128ms)
✔ validateRingHeader accepts both golden fixtures (1.190123ms)
✔ fail-closed corruption matrix — every mutation gets a machine-readable code (1.247139ms)
✔ dtype validity table (0.192417ms)
✔ create() writes a self-validating header (round trip through attach) (1.981314ms)
✔ Canvas2DPlane: ONE ImageData reused, pixel-accurate blit per frame (3.650387ms)
✔ Canvas2DPlane dtype gate (Law 4) (0.766886ms)
✔ OverlayScratch + drawBoxes2D: bounded, reused, pixel records (1.29051ms)
✔ drawSkeleton2D honours confidence gating (0.423107ms)
✔ WebGL2Plane: zero-alloc texSubImage2D from the slot view + fullscreen tri (1.999427ms)
✔ create + typed commit + acquireLatest returns exact values, zero surprises (7.372989ms)
✔ byte commit path (Uint8Array) with short payload (bounded loop, no throw) (0.479532ms)
✔ acquireLatest(lastSeq) returns null when nothing new; acquireFrame bounds (2.808953ms)
✔ overrun: slotCount=2, 5 commits -> old seq gone, latest correct (0.781332ms)
✔ torn read: uncommitted slot is invisible, then visible after commit marker (0.484651ms)
✔ zero-copy begin/finish path matches convenience commit (0.417726ms)
✔ commit rejects wrong dtype / oversized payloads (fail-closed) (1.590247ms)
✔ create() input validation is fail-closed (0.578806ms)
✔ waitForNewFrame resolves via injected scheduler; timeout path returns null (33.381247ms)
✔ SharedArrayBuffer smoke: create(shared) + atomics publish + acquire (0.828981ms)
✔ ring stats counters are sealed and monotonic (0.253081ms)
✔ detectRuntime identifies node (this process) (1.590326ms)
✔ detectRuntime: browser / deno / bun / worker / electron fakes (0.334662ms)
✔ runtimeMatrix feature list stays sorted/deterministic (0.95199ms)
✔ assertShareable accepts SAB, rejects plain ArrayBuffer (0.542018ms)
ℹ tests 46
ℹ suites 0
ℹ pass 46
ℹ fail 0
ℹ cancelled 0
ℹ skipped 0
ℹ todo 0
ℹ duration_ms 2313.20489
[3/8] Python suite
.......s.............s................                                   [100%]
36 passed, 2 skipped in 9.75s
[4/8] TS producer -> Python consumer
{"producer":"typescript","path":"/tmp/tmp.JjjOT4a0ND/ts_ring.bin","byteLength":640,"producerSeq":10,"slotStride":128,"schemaId":"fe77000000000000"}
{"consumer": "python", "path": "/tmp/tmp.JjjOT4a0ND/ts_ring.bin", "framesValidated": [7, 8, 9, 10], "dlpackAlias": true, "ok": true}
[5/8] Python producer -> TS consumer
{"producer": "python", "path": "/tmp/tmp.JjjOT4a0ND/py_ring.bin", "byteLength": 640, "producerSeq": 10, "slotStride": 128, "schemaId": "fe77000000000001"}
{"consumer":"typescript","path":"/tmp/tmp.JjjOT4a0ND/py_ring.bin","framesValidated":[7,8,9,10],"ok":true}
[6/8] DLPack alias proof (consumed the TS-produced ring, pointer-checked)
    dlpack alias OK (slot ptr 0x564bf92b0f30 inside ring 0x564bf92b0df0..0x564bf92b1070)
[7/8] zero-allocation probes (100k ops each, post-warmup, --expose-gc)
    {"mode":"ring","iters":100000,"heapBefore":4388808,"heapAfter":4402032,"deltaBytes":13224}
    {"mode":"ingest","iters":100000,"heapBefore":4396920,"heapAfter":4411664,"deltaBytes":14744}
    {"mode":"audio","iters":100000,"heapBefore":4392536,"heapAfter":4405840,"deltaBytes":13304}
    {"mode":"render","iters":100000,"heapBefore":4404960,"heapAfter":4406560,"deltaBytes":1600}
    {"mode":"overlay","iters":100000,"heapBefore":4284936,"heapAfter":4285648,"deltaBytes":712}
[8/8] latency gates (directive: commit < 50us)
    {"bench":"weft-tensor commit/acquire","node":"v24.20.0","video":{"geometry":"320x180 RGBA","slotCapBytes":230400,"commit":{"n":50000,"p50_us":0.181,"p99_us":1.373,"max_us":134.115},"acquire":{"n":50000,"p50_us":0.23,"p99_us":0.551,"max_us":92.042},"commit_under_50us":true},"audio":{"geometry":"2ch x 128 f32 (interleaved quanta 256)","slotCapBytes":1024,"commit":{"n":50000,"p50_us":0.491,"p99_us":0.591,"max_us":152},"acquire":{"n":50000,"p50_us":0.12,"p99_us":0.992,"max_us":146.197},"commit_under_50us":true}}
weft-tensor managed shard: ALL 8 STAGES GREEN
