=== Starting npm Packages CI (Node 22) ===
[PASS] core/kotlin/FrameCursor.kt  <->  android/weft-core/src/main/kotlin/dev/weft/FrameCursor.kt
[PASS] core/kotlin/Fanout.kt  <->  android/weft-core/src/main/kotlin/dev/weft/Fanout.kt
[PASS] core/kotlin/FanoutCompat.kt  <->  android/weft-core/src/main/kotlin/dev/weft/FanoutCompat.kt
[PASS] core/kotlin/Steward.kt  <->  android/weft-core/src/main/kotlin/dev/weft/Steward.kt
[PASS] core/kotlin/TriadNative.kt  <->  android/weft-core/src/main/kotlin/dev/weft/TriadNative.kt
[PASS] core/kotlin/Weft.kt  <->  android/weft-core/src/main/kotlin/dev/weft/Weft.kt
[PASS] core/kotlin/Governor.kt  <->  android/weft-core/src/main/kotlin/dev/weft/Governor.kt
[PASS] core/kotlin/Recycler.kt  <->  android/weft-core/src/main/kotlin/dev/weft/Recycler.kt
[PASS] core/kotlin/GovernedFanoutConsumer.kt  <->  android/weft-core/src/main/kotlin/dev/weft/GovernedFanoutConsumer.kt
[PASS] core/kotlin/FanoutVhBridge.java  <->  android/weft-core/src/main/java/dev/weft/FanoutVhBridge.java
[PASS] core/dart/frame_cursor.dart  <->  packages/flutter_weft/lib/src/reference/frame_cursor.dart
[PASS] core/dart/fanout.dart  <->  packages/flutter_weft/lib/src/reference/fanout.dart
[PASS] core/dart/heddle.dart  <->  packages/flutter_weft/lib/src/reference/heddle.dart
[PASS] core/dart/steward.dart  <->  packages/flutter_weft/lib/src/reference/steward.dart
[PASS] core/dart/weft.dart  <->  packages/flutter_weft/lib/src/reference/weft.dart
[PASS] core/ts/weft.ts  <->  packages/core/src/weft.ts
[PASS] core/ts/fanout.ts  <->  packages/core/src/fanout.ts
[PASS] core/ts/verified.ts  <->  packages/core/src/verified.ts
[PASS] core/kotlin/Verified.kt  <->  android/weft-core/src/main/kotlin/dev/weft/Verified.kt
[PASS] core/dart/verified.dart  <->  packages/flutter_weft/lib/src/reference/verified.dart
[PASS] core/dart/governor.dart  <->  packages/flutter_weft/lib/src/reference/governor.dart
[PASS] core/dart/recycler.dart  <->  packages/flutter_weft/lib/src/reference/recycler.dart
[PASS] core/dart/governed_consumer.dart  <->  packages/flutter_weft/lib/src/reference/governed_consumer.dart
[PASS] core/kotlin/BlendQ12.kt  <->  android/weft-core/src/main/kotlin/dev/weft/BlendQ12.kt
[PASS] core/kotlin/RenderQos.kt  <->  android/weft-core/src/main/kotlin/dev/weft/RenderQos.kt
[PASS] core/dart/blend_q12.dart  <->  packages/flutter_weft/lib/src/reference/blend_q12.dart
[PASS] core/dart/render_qos.dart  <->  packages/flutter_weft/lib/src/reference/render_qos.dart
{"shard":"binding-parity","passed":27,"failed":0,"total":27,"cells":{"core/kotlin/FrameCursor.kt":{"status":"PASS","detail":"identical"},"core/kotlin/Fanout.kt":{"status":"PASS","detail":"identical"},"core/kotlin/FanoutCompat.kt":{"status":"PASS","detail":"identical"},"core/kotlin/Steward.kt":{"status":"PASS","detail":"identical"},"core/kotlin/TriadNative.kt":{"status":"PASS","detail":"identical"},"core/kotlin/Weft.kt":{"status":"PASS","detail":"identical"},"core/kotlin/Governor.kt":{"status":"PASS","detail":"identical"},"core/kotlin/Recycler.kt":{"status":"PASS","detail":"identical"},"core/kotlin/GovernedFanoutConsumer.kt":{"status":"PASS","detail":"identical"},"core/kotlin/FanoutVhBridge.java":{"status":"PASS","detail":"identical"},"core/dart/frame_cursor.dart":{"status":"PASS","detail":"identical"},"core/dart/fanout.dart":{"status":"PASS","detail":"identical"},"core/dart/heddle.dart":{"status":"PASS","detail":"identical"},"core/dart/steward.dart":{"status":"PASS","detail":"identical"},"core/dart/weft.dart":{"status":"PASS","detail":"identical"},"core/ts/weft.ts":{"status":"PASS","detail":"identical"},"core/ts/fanout.ts":{"status":"PASS","detail":"identical"},"core/ts/verified.ts":{"status":"PASS","detail":"identical"},"core/kotlin/Verified.kt":{"status":"PASS","detail":"identical"},"core/dart/verified.dart":{"status":"PASS","detail":"identical"},"core/dart/governor.dart":{"status":"PASS","detail":"identical"},"core/dart/recycler.dart":{"status":"PASS","detail":"identical"},"core/dart/governed_consumer.dart":{"status":"PASS","detail":"identical"},"core/kotlin/BlendQ12.kt":{"status":"PASS","detail":"identical"},"core/kotlin/RenderQos.kt":{"status":"PASS","detail":"identical"},"core/dart/blend_q12.dart":{"status":"PASS","detail":"identical"},"core/dart/render_qos.dart":{"status":"PASS","detail":"identical"}}}
✅ Binding parity: 27/27 pairs byte-identical

=== heddles <-> packages surface parity (shim re-exports) ===
[PASS] heddles/react/WeftCanvas.tsx  ->  packages/react/src/index.ts
[PASS] heddles/vue/useWeft.ts  ->  packages/vue/src/index.ts
[PASS] heddles/svelte/weft-action.ts  ->  packages/svelte/src/index.ts
[PASS] heddles/react-native/weft-rn.ts  ->  packages/react-native/src/index.ts
✅ Heddles surface parity: 4/4 shims aligned
{"shard":"binding-parity","byte_pairs":{"passed":27,"failed":0,"total":27},"shim_pairs":{"passed":4,"failed":0,"total":4,"cells":{"heddles/react/WeftCanvas.tsx":{"status":"PASS","detail":"surface parity"},"heddles/vue/useWeft.ts":{"status":"PASS","detail":"surface parity"},"heddles/svelte/weft-action.ts":{"status":"PASS","detail":"surface parity"},"heddles/react-native/weft-rn.ts":{"status":"PASS","detail":"surface parity"}}}}
Scope: all 11 workspace projects
Lockfile is up to date, resolution step is skipped
Progress: resolved 1, reused 0, downloaded 0, added 0
Packages: +433
++++++++++++++++++++++++++++++++++++++++++++++++++++++++++++++++++++++++++++++++
Progress: resolved 433, reused 433, downloaded 0, added 433, done

devDependencies:
+ @microsoft/api-extractor 7.59.1
+ tsup 8.5.1
+ typescript 5.9.3

Done in 2s
Scope: 10 of 11 workspace projects
packages/core build$ tsup
packages/core build: [34mCLI[39m Building entry: src/index.ts, src/worker.ts
packages/core build: [34mCLI[39m Using tsconfig: tsconfig.json
packages/core build: [34mCLI[39m tsup v8.5.1
packages/core build: [34mCLI[39m Using tsup config: /home/runner/work/Weft/Weft/packages/core/tsup.config.ts
packages/core build: [34mCLI[39m Target: es2022
packages/core build: [34mCLI[39m Cleaning output folder
packages/core build: [34mESM[39m Build start
packages/core build: [34mCJS[39m Build start
packages/core build: [34mDTS[39m Build start
packages/core build: [32mCJS[39m [1mdist/index.js      [22m[32m68.61 KB[39m
packages/core build: [32mCJS[39m [1mdist/worker.js     [22m[32m5.27 KB[39m
packages/core build: [32mCJS[39m [1mdist/index.js.map  [22m[32m181.12 KB[39m
packages/core build: [32mCJS[39m [1mdist/worker.js.map [22m[32m16.83 KB[39m
packages/core build: [32mCJS[39m ⚡️ Build success in 614ms
packages/core build: [32mESM[39m [1mdist/worker.mjs     [22m[32m5.09 KB[39m
packages/core build: [32mESM[39m [1mdist/index.mjs      [22m[32m67.32 KB[39m
packages/core build: [32mESM[39m [1mdist/worker.mjs.map [22m[32m16.83 KB[39m
packages/core build: [32mESM[39m [1mdist/index.mjs.map  [22m[32m181.12 KB[39m
packages/core build: [32mESM[39m ⚡️ Build success in 614ms
packages/core build: [32mDTS[39m ⚡️ Build success in 1826ms
packages/core build: [32mDTS[39m [1mdist/index.d.mts         [22m[32m12.33 KB[39m
packages/core build: [32mDTS[39m [1mdist/worker.d.mts        [22m[32m5.48 KB[39m
packages/core build: [32mDTS[39m [1mdist/weft-D67AtsAi.d.mts [22m[32m3.65 KB[39m
packages/core build: [32mDTS[39m [1mdist/index.d.ts          [22m[32m12.33 KB[39m
packages/core build: [32mDTS[39m [1mdist/worker.d.ts         [22m[32m5.47 KB[39m
packages/core build: [32mDTS[39m [1mdist/weft-D67AtsAi.d.ts  [22m[32m3.65 KB[39m
packages/core build: Done
fixtures/node-litmus build$ tsup litmus-packaged.ts --format esm --target node20
packages/react build$ tsup
packages/react-native build$ tsup
packages/svelte build$ tsup
fixtures/node-litmus build: [34mCLI[39m Building entry: litmus-packaged.ts
fixtures/node-litmus build: [34mCLI[39m tsup v8.5.1
fixtures/node-litmus build: [34mCLI[39m Target: node20
fixtures/node-litmus build: [34mESM[39m Build start
fixtures/node-litmus build: [32mESM[39m [1mdist/litmus-packaged.js [22m[32m21.43 KB[39m
fixtures/node-litmus build: [32mESM[39m ⚡️ Build success in 33ms
packages/react build: [34mCLI[39m Building entry: src/index.ts
packages/react build: [34mCLI[39m Using tsconfig: tsconfig.json
packages/react build: [34mCLI[39m tsup v8.5.1
packages/react build: [34mCLI[39m Using tsup config: /home/runner/work/Weft/Weft/packages/react/tsup.config.ts
fixtures/node-litmus build: Done
packages/vue build$ tsup
packages/react build: [34mCLI[39m Target: es2022
packages/svelte build: [34mCLI[39m Building entry: src/index.ts
packages/svelte build: [34mCLI[39m Using tsconfig: tsconfig.json
packages/svelte build: [34mCLI[39m tsup v8.5.1
packages/svelte build: [34mCLI[39m Using tsup config: /home/runner/work/Weft/Weft/packages/svelte/tsup.config.ts
packages/react-native build: [34mCLI[39m Building entry: src/index.ts
packages/react-native build: [34mCLI[39m Using tsconfig: tsconfig.json
packages/react-native build: [34mCLI[39m tsup v8.5.1
packages/react-native build: [34mCLI[39m Using tsup config: /home/runner/work/Weft/Weft/packages/react-native/tsup.config.ts
packages/react build: [34mCLI[39m Cleaning output folder
packages/react build: [34mESM[39m Build start
packages/react build: [34mCJS[39m Build start
packages/svelte build: [34mCLI[39m Target: es2022
packages/react-native build: [34mCLI[39m Target: es2022
packages/react-native build: [34mCLI[39m Cleaning output folder
packages/react-native build: [34mESM[39m Build start
packages/react-native build: [34mCJS[39m Build start
packages/svelte build: [34mCLI[39m Cleaning output folder
packages/svelte build: [34mESM[39m Build start
packages/svelte build: [34mCJS[39m Build start
packages/react build: [32mESM[39m [1mdist/index.mjs     [22m[32m1.46 KB[39m
packages/react build: [32mESM[39m [1mdist/index.mjs.map [22m[32m5.42 KB[39m
packages/react build: [32mESM[39m ⚡️ Build success in 38ms
packages/react build: [32mCJS[39m [1mdist/index.js     [22m[32m3.20 KB[39m
packages/react build: [32mCJS[39m [1mdist/index.js.map [22m[32m5.49 KB[39m
packages/react build: [32mCJS[39m ⚡️ Build success in 39ms
packages/svelte build: [32mESM[39m [1mdist/index.mjs     [22m[32m1.15 KB[39m
packages/svelte build: [32mESM[39m [1mdist/index.mjs.map [22m[32m4.43 KB[39m
packages/svelte build: [32mESM[39m ⚡️ Build success in 37ms
packages/svelte build: [32mCJS[39m [1mdist/index.js     [22m[32m2.18 KB[39m
packages/svelte build: [32mCJS[39m [1mdist/index.js.map [22m[32m4.48 KB[39m
packages/svelte build: [32mCJS[39m ⚡️ Build success in 38ms
packages/react-native build: [32mESM[39m [1mdist/index.mjs     [22m[32m11.17 KB[39m
packages/react-native build: [32mESM[39m [1mdist/index.mjs.map [22m[32m38.33 KB[39m
packages/react-native build: [32mESM[39m ⚡️ Build success in 53ms
packages/react-native build: [32mCJS[39m [1mdist/index.js     [22m[32m12.67 KB[39m
packages/react-native build: [32mCJS[39m [1mdist/index.js.map [22m[32m38.40 KB[39m
packages/react-native build: [32mCJS[39m ⚡️ Build success in 56ms
packages/react build: [34mDTS[39m Build start
packages/react-native build: [34mDTS[39m Build start
packages/svelte build: [34mDTS[39m Build start
packages/vue build: [34mCLI[39m Building entry: src/index.ts
packages/vue build: [34mCLI[39m Using tsconfig: tsconfig.json
packages/vue build: [34mCLI[39m tsup v8.5.1
packages/vue build: [34mCLI[39m Using tsup config: /home/runner/work/Weft/Weft/packages/vue/tsup.config.ts
packages/vue build: [34mCLI[39m Target: es2022
packages/vue build: [34mCLI[39m Cleaning output folder
packages/vue build: [34mESM[39m Build start
packages/vue build: [34mCJS[39m Build start
packages/vue build: [32mESM[39m [1mdist/index.mjs     [22m[32m3.09 KB[39m
packages/vue build: [32mESM[39m [1mdist/index.mjs.map [22m[32m8.58 KB[39m
packages/vue build: [32mESM[39m ⚡️ Build success in 58ms
packages/vue build: [32mCJS[39m [1mdist/index.js     [22m[32m4.18 KB[39m
packages/vue build: [32mCJS[39m [1mdist/index.js.map [22m[32m8.62 KB[39m
packages/vue build: [32mCJS[39m ⚡️ Build success in 60ms
packages/vue build: [34mDTS[39m Build start
packages/svelte build: [32mDTS[39m ⚡️ Build success in 2459ms
packages/svelte build: [32mDTS[39m [1mdist/index.d.mts [22m[32m645.00 B[39m
packages/svelte build: [32mDTS[39m [1mdist/index.d.ts  [22m[32m645.00 B[39m
packages/svelte build: Done
packages/react-native build: [32mDTS[39m ⚡️ Build success in 2642ms
packages/react-native build: [32mDTS[39m [1mdist/index.d.mts [22m[32m5.96 KB[39m
packages/react-native build: [32mDTS[39m [1mdist/index.d.ts  [22m[32m5.96 KB[39m
packages/react-native build: Done
packages/react build: [32mDTS[39m ⚡️ Build success in 3059ms
packages/react build: [32mDTS[39m [1mdist/index.d.mts [22m[32m35.62 KB[39m
packages/react build: [32mDTS[39m [1mdist/index.d.ts  [22m[32m35.62 KB[39m
packages/react build: Done
packages/vue build: [32mDTS[39m ⚡️ Build success in 2308ms
packages/vue build: [32mDTS[39m [1mdist/index.d.mts [22m[32m1.99 KB[39m
packages/vue build: [32mDTS[39m [1mdist/index.d.ts  [22m[32m1.99 KB[39m
packages/vue build: Done
demos/web build$ tsc && vite build
fixtures/vite-react build$ vite build
fixtures/vite-react build: [36mvite v6.4.3 [32mbuilding for production...[36m[39m
fixtures/vite-react build: transforming...
fixtures/vite-react build: [32m✓[39m 28 modules transformed.
fixtures/vite-react build: rendering chunks...
fixtures/vite-react build: computing gzip size...
fixtures/vite-react build: [2mdist/[22m[32mindex.html                [39m[1m[2m  0.33 kB[22m[1m[22m[2m │ gzip:  0.24 kB[22m
fixtures/vite-react build: [2mdist/[22m[2massets/[22m[36mindex-DfTib2VO.js  [39m[1m[2m151.26 kB[22m[1m[22m[2m │ gzip: 48.69 kB[22m
fixtures/vite-react build: [32m✓ built in 1.57s[39m
fixtures/vite-react build: Done
demos/web build: [36mvite v6.4.3 [32mbuilding for production...[36m[39m
demos/web build: transforming...
demos/web build: [32m✓[39m 38 modules transformed.
demos/web build: rendering chunks...
demos/web build: computing gzip size...
demos/web build: [2mdist/[22m[32mindex.html                [39m[1m[2m  0.47 kB[22m[1m[22m[2m │ gzip:  0.35 kB[22m
demos/web build: [2mdist/[22m[2massets/[22m[36mindex-BpRYHaq2.js  [39m[1m[2m198.75 kB[22m[1m[22m[2m │ gzip: 62.72 kB[22m
demos/web build: [32m✓ built in 1.08s[39m
demos/web build: Done
Scope: 5 of 11 workspace projects
packages/core test$ vitest run
packages/core test: [33mThe CJS build of Vite's Node API is deprecated. See https://vite.dev/guide/troubleshooting.html#vite-cjs-node-api-deprecated for more details.[39m
packages/core test: [1m[7m[36m RUN [39m[27m[22m [36mv2.1.9 [39m[90m/home/runner/work/Weft/Weft/packages/core[39m
packages/core test:  [32m✓[39m test/weft.test.ts [2m([22m[2m40 tests[22m[2m)[22m[90m 197[2mms[22m[39m
packages/core test:  [32m✓[39m test/verified.test.ts [2m([22m[2m17 tests[22m[2m)[22m[33m 388[2mms[22m[39m
packages/core test:  [32m✓[39m test/fanout.test.ts [2m([22m[2m28 tests[22m[2m)[22m[33m 508[2mms[22m[39m
packages/core test:  [32m✓[39m test/governor.test.ts [2m([22m[2m7 tests[22m[2m)[22m[90m 54[2mms[22m[39m
packages/core test:  [32m✓[39m test/worker.test.ts [2m([22m[2m8 tests[22m[2m)[22m[90m 134[2mms[22m[39m
packages/core test:  [32m✓[39m test/cadence-predictive.test.ts [2m([22m[2m12 tests[22m[2m)[22m[33m 723[2mms[22m[39m
packages/core test:    [33m[2m✓[22m[39m RFC-0012 §PREDICTIVE_PACED[2m > [22mPC8 (integer equivalence): tick-for-tick identical to PACED_INTERPOLATE on every stable integer beat g=1..12 [33m304[2mms[22m[39m
packages/core test:  [32m✓[39m test/cursor.test.ts [2m([22m[2m6 tests[22m[2m)[22m[90m 16[2mms[22m[39m
packages/core test:  [32m✓[39m test/blend.test.ts [2m([22m[2m4 tests[22m[2m)[22m[90m 76[2mms[22m[39m
packages/core test:  [32m✓[39m test/chaos.test.ts [2m([22m[2m3 tests[22m[2m)[22m[90m 20[2mms[22m[39m
packages/core test:  [32m✓[39m test/cadence.test.ts [2m([22m[2m17 tests[22m[2m)[22m[33m 1696[2mms[22m[39m
packages/core test:    [33m[2m✓[22m[39m RFC-0009 §cadence — cross-policy gates[2m > [22mPC1: no policy ever presents twice in one tick (structural: one step, one decision) [33m1393[2mms[22m[39m
packages/core test: [2m Test Files [22m [1m[32m10 passed[39m[22m[90m (10)[39m
packages/core test: [2m      Tests [22m [1m[32m142 passed[39m[22m[90m (142)[39m
packages/core test: [2m   Start at [22m 07:40:21
packages/core test: [2m   Duration [22m 2.91s[2m (transform 566ms, setup 0ms, collect 1.13s, tests 3.81s, environment 3ms, prepare 1.09s)[22m
packages/core test: Done
packages/react test$ vitest run
packages/react-native test$ vitest run
packages/svelte test$ vitest run
packages/vue test$ vitest run
packages/react test: [33mThe CJS build of Vite's Node API is deprecated. See https://vite.dev/guide/troubleshooting.html#vite-cjs-node-api-deprecated for more details.[39m
packages/react-native test: [33mThe CJS build of Vite's Node API is deprecated. See https://vite.dev/guide/troubleshooting.html#vite-cjs-node-api-deprecated for more details.[39m
packages/svelte test: [33mThe CJS build of Vite's Node API is deprecated. See https://vite.dev/guide/troubleshooting.html#vite-cjs-node-api-deprecated for more details.[39m
packages/vue test: [33mThe CJS build of Vite's Node API is deprecated. See https://vite.dev/guide/troubleshooting.html#vite-cjs-node-api-deprecated for more details.[39m
packages/svelte test: [1m[7m[36m RUN [39m[27m[22m [36mv2.1.9 [39m[90m/home/runner/work/Weft/Weft/packages/svelte[39m
packages/react test: [1m[7m[36m RUN [39m[27m[22m [36mv2.1.9 [39m[90m/home/runner/work/Weft/Weft/packages/react[39m
packages/vue test: [1m[7m[36m RUN [39m[27m[22m [36mv2.1.9 [39m[90m/home/runner/work/Weft/Weft/packages/vue[39m
packages/react-native test: [1m[7m[36m RUN [39m[27m[22m [36mv2.1.9 [39m[90m/home/runner/work/Weft/Weft/packages/react-native[39m
packages/svelte test:  [32m✓[39m test/weft-action.test.ts [2m([22m[2m4 tests[22m[2m)[22m[90m 34[2mms[22m[39m
packages/svelte test:  [32m✓[39m test/weft-fanout-action.test.ts [2m([22m[2m5 tests[22m[2m)[22m[90m 35[2mms[22m[39m
packages/svelte test: [2m Test Files [22m [1m[32m2 passed[39m[22m[90m (2)[39m
packages/svelte test: [2m      Tests [22m [1m[32m9 passed[39m[22m[90m (9)[39m
packages/svelte test: [2m   Start at [22m 07:40:25
packages/svelte test: [2m   Duration [22m 1.82s[2m (transform 718ms, setup 0ms, collect 1.16s, tests 69ms, environment 1ms, prepare 746ms)[22m
packages/svelte test: Done
packages/react-native test:  [32m✓[39m test/weft-fanout-rn.test.ts [2m([22m[2m5 tests[22m[2m)[22m[90m 29[2mms[22m[39m
packages/react-native test:  [32m✓[39m test/governed-ui-thread.test.ts [2m([22m[2m5 tests[22m[2m)[22m[33m 437[2mms[22m[39m
packages/react-native test:    [33m[2m✓[22m[39m RFC-0009 Series 7 — governed UI-thread worklets[2m > [22mworklet flattening is byte-identical to @weft/core on the canonical trace (all three policies) [33m406[2mms[22m[39m
packages/react-native test:  [32m✓[39m test/ui-thread.test.ts [2m([22m[2m6 tests[22m[2m)[22m[33m 837[2mms[22m[39m
packages/react-native test:    [33m[2m✓[22m[39m Phase-7 UI-thread port[2m > [22mUT1 integrity: 20k frames, concurrent-style interleave, zero torn accepted [33m826[2mms[22m[39m
packages/react-native test:  [32m✓[39m test/weft-rn.test.ts [2m([22m[2m4 tests[22m[2m)[22m[90m 17[2mms[22m[39m
packages/react-native test: [2m Test Files [22m [1m[32m4 passed[39m[22m[90m (4)[39m
packages/react-native test: [2m      Tests [22m [1m[32m20 passed[39m[22m[90m (20)[39m
packages/react-native test: [2m   Start at [22m 07:40:25
packages/react-native test: [2m   Duration [22m 2.74s[2m (transform 1.01s, setup 0ms, collect 2.13s, tests 1.32s, environment 1ms, prepare 1.47s)[22m
packages/react-native test: Done
packages/react test: [90mstderr[2m | test/WeftCanvas.test.tsx[2m > [22m[2mWeftCanvas[2m > [22m[2mrenders a canvas element
packages/react test: [22m[39mWarning: The current testing environment is not configured to support act(...)
packages/react test: Warning: The current testing environment is not configured to support act(...)
packages/react test: [90mstderr[2m | test/WeftCanvas.test.tsx[2m > [22m[2mWeftCanvas[2m > [22m[2mclaims and reads the live buffer inside the frame callback (draw receives payload)
packages/react test: [22m[39mWarning: The current testing environment is not configured to support act(...)
packages/react test: Warning: The current testing environment is not configured to support act(...)
packages/react test: [90mstderr[2m | test/WeftCanvas.test.tsx[2m > [22m[2mWeftCanvas[2m > [22m[2msurvives draw identity changes without restarting the loop (no teardown on rerender)
packages/react test: [22m[39mWarning: The current testing environment is not configured to support act(...)
packages/react test: Warning: The current testing environment is not configured to support act(...)
packages/react test: Warning: The current testing environment is not configured to support act(...)
packages/react test: [90mstderr[2m | test/WeftCanvas.test.tsx[2m > [22m[2mWeftCanvas[2m > [22m[2mrestarts the loop only when the Weft instance changes
packages/react test: [22m[39mWarning: The current testing environment is not configured to support act(...)
packages/react test: Warning: The current testing environment is not configured to support act(...)
packages/react test: Warning: The current testing environment is not configured to support act(...)
packages/react test: [90mstderr[2m | test/WeftCanvas.test.tsx[2m > [22m[2mWeftCanvas[2m > [22m[2mdraws the freshest frame after additional publishes (latest-wins through the binding)
packages/react test: [22m[39mWarning: The current testing environment is not configured to support act(...)
packages/react test: Warning: The current testing environment is not configured to support act(...)
packages/react test:  [32m✓[39m test/WeftCanvas.test.tsx [2m([22m[2m5 tests[22m[2m)[22m[90m 53[2mms[22m[39m
packages/react test: [90mstderr[2m | test/WeftFanoutCanvas.test.tsx[2m > [22m[2mWeftFanoutCanvas[2m > [22m[2mrenders a canvas element
packages/react test: [22m[39mWarning: The current testing environment is not configured to support act(...)
packages/react test: Warning: The current testing environment is not configured to support act(...)
packages/react test: [90mstderr[2m | test/WeftFanoutCanvas.test.tsx[2m > [22m[2mWeftFanoutCanvas[2m > [22m[2mclaims and draws inside the frame callback (draw receives the reader buffer + claim)
packages/react test: [22m[39mWarning: The current testing environment is not configured to support act(...)
packages/react test: Warning: The current testing environment is not configured to support act(...)
packages/react test: [90mstderr[2m | test/WeftFanoutCanvas.test.tsx[2m > [22m[2mWeftFanoutCanvas[2m > [22m[2mmulti-canvas: two components on one broadcaster are two independent readers
packages/react test: [22m[39mWarning: The current testing environment is not configured to support act(...)
packages/react test: Warning: The current testing environment is not configured to support act(...)
packages/react test: Warning: The current testing environment is not configured to support act(...)
packages/react test: Warning: The current testing environment is not configured to support act(...)
packages/react test: [90mstderr[2m | test/WeftFanoutCanvas.test.tsx[2m > [22m[2mWeftFanoutCanvas[2m > [22m[2msurvives draw identity changes without restarting the loop
packages/react test: [22m[39mWarning: The current testing environment is not configured to support act(...)
packages/react test: Warning: The current testing environment is not configured to support act(...)
packages/react test: Warning: The current testing environment is not configured to support act(...)
packages/react test: [90mstderr[2m | test/WeftFanoutCanvas.test.tsx[2m > [22m[2mWeftFanoutCanvas[2m > [22m[2mthe claim record is identity-stable across frames (zero alloc through the binding)
packages/react test: [22m[39mWarning: The current testing environment is not configured to support act(...)
packages/react test: Warning: The current testing environment is not configured to support act(...)
packages/react test: [90mstderr[2m | test/WeftFanoutCanvas.test.tsx[2m > [22m[2mWeftFanoutCanvas[2m > [22m[2mlatest-wins through the binding: each pump draws the then-freshest frame
packages/react test: [22m[39mWarning: The current testing environment is not configured to support act(...)
packages/react test: Warning: The current testing environment is not configured to support act(...)
packages/react test:  [32m✓[39m test/WeftFanoutCanvas.test.tsx [2m([22m[2m6 tests[22m[2m)[22m[90m 83[2mms[22m[39m
packages/react test: [2m Test Files [22m [1m[32m2 passed[39m[22m[90m (2)[39m
packages/react test: [2m      Tests [22m [1m[32m11 passed[39m[22m[90m (11)[39m
packages/react test: [2m   Start at [22m 07:40:25
packages/react test: [2m   Duration [22m 3.31s[2m (transform 506ms, setup 0ms, collect 1.01s, tests 137ms, environment 3.08s, prepare 826ms)[22m
packages/react test: Done
packages/vue test:  [32m✓[39m test/useWeft.test.ts [2m([22m[2m5 tests[22m[2m)[22m[90m 43[2mms[22m[39m
packages/vue test:  [32m✓[39m test/useWeftFanout.test.ts [2m([22m[2m7 tests[22m[2m)[22m[90m 51[2mms[22m[39m
packages/vue test: [2m Test Files [22m [1m[32m2 passed[39m[22m[90m (2)[39m
packages/vue test: [2m      Tests [22m [1m[32m12 passed[39m[22m[90m (12)[39m
packages/vue test: [2m   Start at [22m 07:40:25
packages/vue test: [2m   Duration [22m 3.42s[2m (transform 580ms, setup 0ms, collect 1.36s, tests 94ms, environment 3.35s, prepare 605ms)[22m
packages/vue test: Done

[1mapi-extractor 7.59.1 [36m - https://api-extractor.com/[39m
[22m
Analysis will use the bundled TypeScript version 5.9.3
[31mError: Unable to create the API report file. Please make sure the target folder exists:
/home/runner/work/Weft/Weft/packages/core/etc[39m
[33mWarning: dist/index.d.ts:161:25 - (tsdoc-escape-greater-than) The ">" character should be escaped using a backslash to avoid confusion with an HTML tag[39m

[31mAPI Extractor completed with errors[39m
