==================================================
SHARD: perf-regression
DESCRIPTION: W-suite P99 vs pinned baseline; >15% drop = FAIL
STATUS: PASSED ✅
COMMIT: f5f227503e035834900e22c4a5afdcac9dcf90f5
RUN: 140
==================================================

→ W1/A ... P99=96.5 alloc/frame=0.0 [PASS]
→ W1/B ... P99=123.9 alloc/frame=0.0 [PASS]
→ W1/C .../home/runner/work/Weft/Weft/core/c/weft.c:15: warning: "_GNU_SOURCE" redefined
   15 | #define _GNU_SOURCE  // for posix_memalign
      | 
<command-line>: note: this is the location of the previous definition
→ compiling Weft C kernel to /home/runner/work/Weft/Weft/core/c/libweft.so
 P99=137.8 alloc/frame=0.0 [PASS]
→ W1/D ... P99=87.1 alloc/frame=0.0 [PASS]
→ W2/A ... P99=77.3 alloc/frame=0.0 [PASS]
→ W2/B ... P99=90.5 alloc/frame=0.0 [PASS]
→ W2/C ... P99=103.1 alloc/frame=0.0 [PASS]
→ W2/D ... P99=37.1 alloc/frame=0.0 [PASS]
→ W3/A ... P99=9.3 alloc/frame=0.0 [PASS]
→ W3/B ... P99=11.2 alloc/frame=0.0 [PASS]
→ W3/C ... P99=11.6 alloc/frame=0.0 [PASS]
→ W3/D ... P99=6.4 alloc/frame=0.0 [PASS]
→ W4/A ... P99=2593.1 alloc/frame=0.0 [PASS]
→ W4/B ... P99=2731.1 alloc/frame=0.0 [PASS]
→ W4/C ... P99=2612.0 alloc/frame=0.0 [PASS]
→ W4/D ... P99=2663.7 alloc/frame=0.0 [PASS]
→ W5/A ... P99=17.5 alloc/frame=0.0 [PASS]
→ W5/B ... P99=24.7 alloc/frame=0.0 [PASS]
→ W5/C ... P99=20.7 alloc/frame=0.0 [PASS]
→ W5/D ... P99=11.7 alloc/frame=0.0 [PASS]

✓ W-suite bundle: /home/runner/work/Weft/Weft/bench/results/wsuite-x86_64-sandbox.json
  cells: 20 (target: 20 = 5 workloads × 4 backends)
  pass: 20/20
. P99=123.9 alloc/frame=0.0 [PASS]
→ W1/C .../home/runner/work/Weft/Weft/core/c/weft.c:15: warning: "_GNU_SOURCE" redefined
   15 | #define _GNU_SOURCE  // for posix_memalign
      | 
<command-line>: note: this is the location of the previous definition
→ compiling Weft C kernel to /home/runner/work/Weft/Weft/core/c/libweft.so
 P99=137.8 alloc/frame=0.0 [PASS]
→ W1/D ... P99=87.1 alloc/frame=0.0 [PASS]
→ W2/A ... P99=77.3 alloc/frame=0.0 [PASS]
→ W2/B ... P99=90.5 alloc/frame=0.0 [PASS]
→ W2/C ... P99=103.1 alloc/frame=0.0 [PASS]
→ W2/D ... P99=37.1 alloc/frame=0.0 [PASS]
→ W3/A ... P99=9.3 alloc/frame=0.0 [PASS]
→ W3/B ... P99=11.2 alloc/frame=0.0 [PASS]
→ W3/C ... P99=11.6 alloc/frame=0.0 [PASS]
→ W3/D ... P99=6.4 alloc/frame=0.0 [PASS]
→ W4/A ... P99=2593.1 alloc/frame=0.0 [PASS]
→ W4/B ... P99=2731.1 alloc/frame=0.0 [PASS]
→ W4/C ... P99=2612.0 alloc/frame=0.0 [PASS]
→ W4/D ... P99=2663.7 alloc/frame=0.0 [PASS]
→ W5/A ... P99=17.5 alloc/frame=0.0 [PASS]
→ W5/B ... P99=24.7 alloc/frame=0.0 [PASS]
→ W5/C ... P99=20.7 alloc/frame=0.0 [PASS]
→ W5/D ... P99=11.7 alloc/frame=0.0 [PASS]

✓ W-suite bundle: /home/runner/work/Weft/Weft/bench/results/wsuite-x86_64-sandbox.json
  cells: 20 (target: 20 = 5 workloads × 4 backends)
  pass: 20/20
{
  "shard": "perf-regression",
  "status": "PASSED",
  "threshold_pct": 5,
  "regression_count": 0,
  "improvement_count": 20,
  "cells_compared": 20,
  "regressions": [],
  "improvements": [
    {
      "workload": "W1",
      "backend": "A",
      "baseline": 7.3,
      "actual": 96.5,
      "delta_pct": 1221.9,
      "reason": "improvement"
    },
    {
      "workload": "W1",
      "backend": "B",
      "baseline": 44.6,
      "actual": 123.9,
      "delta_pct": 177.8,
      "reason": "improvement"
    },
    {
      "workload": "W1",
      "backend": "C",
      "baseline": 7.8,
      "actual": 137.8,
      "delta_pct": 1666.7,
      "reason": "improvement"
    },
    {
      "workload": "W1",
      "backend": "D",
      "baseline": 18.6,
      "actual": 87.1,
      "delta_pct": 368.3,
      "reason": "improvement"
    },
    {
      "workload": "W2",
      "backend": "A",
      "baseline": 4.3,
      "actual": 77.3,
      "delta_pct": 1697.7,
      "reason": "improvement"
    },
    {
      "workload": "W2",
      "backend": "B",
      "baseline": 6.1,
      "actual": 90.5,
      "delta_pct": 1383.6,
      "reason": "improvement"
    },
    {
      "workload": "W2",
      "backend": "C",
      "baseline": 16.4,
      "actual": 103.1,
      "delta_pct": 528.7,
      "reason": "improvement"
    },
    {
      "workload": "W2",
      "backend": "D",
      "baseline": 7.5,
      "actual": 37.1,
      "delta_pct": 394.7,
      "reason": "improvement"
    },
    {
      "workload": "W3",
      "backend": "A",
      "baseline": 2.6,
      "actual": 9.3,
      "delta_pct": 257.7,
      "reason": "improvement"
    },
    {
      "workload": "W3",
      "backend": "B",
      "baseline": 3.7,
      "actual": 11.2,
      "delta_pct": 202.7,
      "reason": "improvement"
    },
    {
      "workload": "W3",
      "backend": "C",
      "baseline": 2.8,
      "actual": 11.6,
      "delta_pct": 314.3,
      "reason": "improvement"
    },
    {
      "workload": "W3",
      "backend": "D",
      "baseline": 1.1,
      "actual": 6.4,
      "delta_pct": 481.8,
      "reason": "improvement"
    },
    {
      "workload": "W4",
      "backend": "A",
      "baseline": 659.0,
      "actual": 2593.1,
      "delta_pct": 293.5,
      "reason": "improvement"
    },
    {
      "workload": "W4",
      "backend": "B",
      "baseline": 681.4,
      "actual": 2731.1,
      "delta_pct": 300.8,
      "reason": "improvement"
    },
    {
      "workload": "W4",
      "backend": "C",
      "baseline": 578.3,
      "actual": 2612.0,
      "delta_pct": 351.7,
      "reason": "improvement"
    },
    {
      "workload": "W4",
      "backend": "D",
      "baseline": 409.0,
      "actual": 2663.7,
      "delta_pct": 551.3,
      "reason": "improvement"
    },
    {
      "workload": "W5",
      "backend": "A",
      "baseline": 5.4,
      "actual": 17.5,
      "delta_pct": 224.1,
      "reason": "improvement"
    },
    {
      "workload": "W5",
      "backend": "B",
      "baseline": 7.7,
      "actual": 24.7,
      "delta_pct": 220.8,
      "reason": "improvement"
    },
    {
      "workload": "W5",
      "backend": "C",
      "baseline": 7.7,
      "actual": 20.7,
      "delta_pct": 168.8,
      "reason": "improvement"
    },
    {
      "workload": "W5",
      "backend": "D",
      "baseline": 3.2,
      "actual": 11.7,
      "delta_pct": 265.6,
      "reason": "improvement"
    }
  ],
  "all_compared": [
    {
      "workload": "W1",
      "backend": "A",
      "baseline_p99": 7.3,
      "actual_p99": 96.5,
      "delta_pct": 1221.9
    },
    {
      "workload": "W1",
      "backend": "B",
      "baseline_p99": 44.6,
      "actual_p99": 123.9,
      "delta_pct": 177.8
    },
    {
      "workload": "W1",
      "backend": "C",
      "baseline_p99": 7.8,
      "actual_p99": 137.8,
      "delta_pct": 1666.7
    },
    {
      "workload": "W1",
      "backend": "D",
      "baseline_p99": 18.6,
      "actual_p99": 87.1,
      "delta_pct": 368.3
    },
    {
      "workload": "W2",
      "backend": "A",
      "baseline_p99": 4.3,
      "actual_p99": 77.3,
      "delta_pct": 1697.7
    },
    {
      "workload": "W2",
      "backend": "B",
      "baseline_p99": 6.1,
      "actual_p99": 90.5,
      "delta_pct": 1383.6
    },
    {
      "workload": "W2",
      "backend": "C",
      "baseline_p99": 16.4,
      "actual_p99": 103.1,
      "delta_pct": 528.7
    },
    {
      "workload": "W2",
      "backend": "D",
      "baseline_p99": 7.5,
      "actual_p99": 37.1,
      "delta_pct": 394.7
    },
    {
      "workload": "W3",
      "backend": "A",
      "baseline_p99": 2.6,
      "actual_p99": 9.3,
      "delta_pct": 257.7
    },
    {
      "workload": "W3",
      "backend": "B",
      "baseline_p99": 3.7,
      "actual_p99": 11.2,
      "delta_pct": 202.7
    },
    {
      "workload": "W3",
      "backend": "C",
      "baseline_p99": 2.8,
      "actual_p99": 11.6,
      "delta_pct": 314.3
    },
    {
      "workload": "W3",
      "backend": "D",
      "baseline_p99": 1.1,
      "actual_p99": 6.4,
      "delta_pct": 481.8
    },
    {
      "workload": "W4",
      "backend": "A",
      "baseline_p99": 659.0,
      "actual_p99": 2593.1,
      "delta_pct": 293.5
    },
    {
      "workload": "W4",
      "backend": "B",
      "baseline_p99": 681.4,
      "actual_p99": 2731.1,
      "delta_pct": 300.8
    },
    {
      "workload": "W4",
      "backend": "C",
      "baseline_p99": 578.3,
      "actual_p99": 2612.0,
      "delta_pct": 351.7
    },
    {
      "workload": "W4",
      "backend": "D",
      "baseline_p99": 409.0,
      "actual_p99": 2663.7,
      "delta_pct": 551.3
    },
    {
      "workload": "W5",
      "backend": "A",
      "baseline_p99": 5.4,
      "actual_p99": 17.5,
      "delta_pct": 224.1
    },
    {
      "workload": "W5",
      "backend": "B",
      "baseline_p99": 7.7,
      "actual_p99": 24.7,
      "delta_pct": 220.8
    },
    {
      "workload": "W5",
      "backend": "C",
      "baseline_p99": 7.7,
      "actual_p99": 20.7,
      "delta_pct": 168.8
    },
    {
      "workload": "W5",
      "backend": "D",
      "baseline_p99": 3.2,
      "actual_p99": 11.7,
      "delta_pct": 265.6
    }
  ]
}

-> publish/claim P50+P99 latency vs ci/baselines/publish-claim-p99-baseline.json
  PASS claim_p50: {'actual': 34, 'baseline': 40, 'ok': True}
  PASS claim_p99: {'actual': 106, 'limit': 20000, 'noise_cap': 20000, 'ok': True}
  PASS publish_p50: {'actual': 45, 'baseline': 48, 'ok': True}
  PASS publish_p99: {'actual': 178, 'limit': 20000, 'noise_cap': 20000, 'ok': True}

=== Perf-regression status: PASSED ===
✅ No performance regressions
