==================================================
SHARD: recovery-self-stabilizing
DESCRIPTION: Axis 3: Self-stabilizing ring recovery + health check + 10k fault injection cycles + TLA+ recovery proof
STATUS: FAILED ❌
COMMIT: f5f227503e035834900e22c4a5afdcac9dcf90f5
RUN: 140
==================================================

=== Build recovery-test & recovery-test-asan ===
gcc -O2 -std=c11 -Wall -Wextra -pthread -D_GNU_SOURCE -o recovery-test recovery_test.c fanout.c frame_cursor.c weft.c
gcc -O1 -g -fsanitize=address -std=c11 -Wall -Wextra -pthread -D_GNU_SOURCE -o recovery-test-asan recovery_test.c fanout.c frame_cursor.c weft.c
  PASS build
=== Execute 10,000 Recovery & Health Check Cycles (Plain) ===
  PASS recovery-test (10,000 cycles)
=== Execute Recovery Under ASan + UBSan ===
  FAIL recovery-test-asan
=== Verify TLA+ Self-Stabilization Model (FanoutSeqlockRecovery.tla) ===
  PASS TLA+ recovery model
{
  "shard": "recovery-self-stabilizing",
  "status": "FAILED",
  "iterations": 10000,
  "fault_classes_tested": [
    "FUTURE_SEQ",
    "IMPOSSIBLE_STAMP",
    "SPLIT_BRAIN",
    "RANDOMIZED_CTRL_CORRUPTION"
  ],
  "tla_model": "formal/fanout/FanoutSeqlockRecovery.tla"
}
