==================================================
SHARD: simd-blend
DESCRIPTION: Q12 raster blend: C golden gates + xlang-blend cross-language digests + bench
STATUS: PASSED ✅
COMMIT: f5f227503e035834900e22c4a5afdcac9dcf90f5
RUN: 140
==================================================

== simd-blend shard: env x86_64/Linux ==
-- C kernel gates --
== blend_test: impl=avx2 (2) ==
B1 boundaries: OK
B2 parity sweep: OK (154 path-checks, all == scalar)
B3 alpha sweep 0..4096 (dispatched): OK
B4 in-place aliasing: OK
blend_test: ALL GATES GREEN
blend-test: ALL GATES GREEN
-- xlang-blend golden gate --
== xlang-blend golden parity: env x86_64/Linux ==
-- C kernel (golden source) --
   blend-test gates GREEN
   golden-vectors.csv matches the kernel
-- TS verifier (reference port) --
xlang-blend TS verifier: 63/63 golden digests match
-- Kotlin verifier --
xlang-blend Kotlin verifier: 63/63 golden digests match
-- Dart verifier: DECLARED skip (no dart; flutter-packages leg owns it) --
-- Swift port: DECLARED skip (no swiftc; apple-packages compiles + golden-gates it) --

xlang-blend: ran=3 declared_skips=2
✅ xlang-blend parity: every executed port byte-identical to the C kernel
xlang-blend parity GREEN
-- blend_runner benchmark --
== blend_runner: dispatch=avx2 ==
256x256-hot (65536 words): scalar   183494 ns/frame (  4.3 GB/s) | avx2    22640 ns/frame ( 34.7 GB/s) | speedup 8.11x
1080p (2073600 words): scalar  5871112 ns/frame (  4.2 GB/s) | avx2   876071 ns/frame ( 28.4 GB/s) | speedup 6.70x
4K (8294400 words): scalar 23059507 ns/frame (  4.3 GB/s) | avx2  4439230 ns/frame ( 22.4 GB/s) | speedup 5.19x
8K (33177600 words): scalar 90807882 ns/frame (  4.4 GB/s) | avx2 23772192 ns/frame ( 16.7 GB/s) | speedup 3.82x
✅ simd-blend shard GREEN
