TLC2 Version 2026.09.17.032053 (rev: 142d0ba)
Running breadth-first search Model-Checking with fp 55 and seed 3957409332752576507 with 1 worker on 2 cores with 900MB heap and 64MB offheap memory [pid: 2195] (Linux 5.10.134-013.15.kangaroo.al8.x86_64 amd64, Debian 21.0.12.1 64bit, MSBDiskFPSet, DiskStateQueue).
Parsing file /home/z/my-project/weft-repo/formal/triad/TriadExchange.tla
Parsing file /tmp/tlc-9542198927806589929/Integers.tla (jar:file:/home/z/my-project/weft-repo/.tlc-cache/tla2tools-1.8.0.jar!/tla2sany/StandardModules/Integers.tla)
Parsing file /tmp/tlc-9542198927806589929/Naturals.tla (jar:file:/home/z/my-project/weft-repo/.tlc-cache/tla2tools-1.8.0.jar!/tla2sany/StandardModules/Naturals.tla)
Parsing file /tmp/tlc-9542198927806589929/TLC.tla (jar:file:/home/z/my-project/weft-repo/.tlc-cache/tla2tools-1.8.0.jar!/tla2sany/StandardModules/TLC.tla)
Parsing file /tmp/tlc-9542198927806589929/_TLCTrace.tla (jar:file:/home/z/my-project/weft-repo/.tlc-cache/tla2tools-1.8.0.jar!/tla2sany/StandardModules/_TLCTrace.tla)
Parsing file /tmp/tlc-9542198927806589929/Sequences.tla (jar:file:/home/z/my-project/weft-repo/.tlc-cache/tla2tools-1.8.0.jar!/tla2sany/StandardModules/Sequences.tla)
Parsing file /tmp/tlc-9542198927806589929/FiniteSets.tla (jar:file:/home/z/my-project/weft-repo/.tlc-cache/tla2tools-1.8.0.jar!/tla2sany/StandardModules/FiniteSets.tla)
Parsing file /tmp/tlc-9542198927806589929/TLCExt.tla (jar:file:/home/z/my-project/weft-repo/.tlc-cache/tla2tools-1.8.0.jar!/tla2sany/StandardModules/TLCExt.tla)
Semantic processing of module Naturals
Semantic processing of module Integers
Semantic processing of module Sequences
Semantic processing of module FiniteSets
Semantic processing of module TLC
Semantic processing of module TLCExt
Semantic processing of module _TLCTrace
Semantic processing of module TriadExchange
Linting of module TLCExt
Linting of module _TLCTrace
Linting of module TriadExchange
Starting... (2026-09-18 14:19:57)
Implied-temporal checking--satisfiability problem has 3 branches.
Computing initial states...
Finished computing initial states: 1 distinct state generated at 2026-09-18 14:19:58.
Progress(48) at 2026-09-18 14:19:59: 7,639 states generated, 2,340 distinct states found, 0 states left on queue.
Checking 3 branches of temporal properties for the complete state space with 7020 total distinct states at (2026-09-18 14:19:59)
Finished checking temporal properties in 00s at 2026-09-18 14:19:59
Model checking completed. No error has been found.
  Estimates of the probability that TLC did not check all reachable states
  because two distinct states had the same fingerprint:
  calculated (optimistic):  val = 6.7E-13
7639 states generated, 2340 distinct states found, 0 states left on queue.
The depth of the complete state graph search is 48.
The average outdegree of the complete state graph is 1 (minimum is 0, the maximum 3 and the 95th percentile is 2).
Finished in 01s at (2026-09-18 14:19:59)
