TLC2 Version 2026.09.17.032053 (rev: 142d0ba)
Running breadth-first search Model-Checking with fp 94 and seed -24033968056207206 with 1 worker on 2 cores with 900MB heap and 64MB offheap memory [pid: 2219] (Linux 5.10.134-013.15.kangaroo.al8.x86_64 amd64, Debian 21.0.12.1 64bit, MSBDiskFPSet, DiskStateQueue).
Parsing file /home/z/my-project/weft-repo/formal/triad/TriadExchange.tla
Parsing file /tmp/tlc-1653394514251321347/Integers.tla (jar:file:/home/z/my-project/weft-repo/.tlc-cache/tla2tools-1.8.0.jar!/tla2sany/StandardModules/Integers.tla)
Parsing file /tmp/tlc-1653394514251321347/Naturals.tla (jar:file:/home/z/my-project/weft-repo/.tlc-cache/tla2tools-1.8.0.jar!/tla2sany/StandardModules/Naturals.tla)
Parsing file /tmp/tlc-1653394514251321347/TLC.tla (jar:file:/home/z/my-project/weft-repo/.tlc-cache/tla2tools-1.8.0.jar!/tla2sany/StandardModules/TLC.tla)
Parsing file /tmp/tlc-1653394514251321347/_TLCTrace.tla (jar:file:/home/z/my-project/weft-repo/.tlc-cache/tla2tools-1.8.0.jar!/tla2sany/StandardModules/_TLCTrace.tla)
Parsing file /tmp/tlc-1653394514251321347/Sequences.tla (jar:file:/home/z/my-project/weft-repo/.tlc-cache/tla2tools-1.8.0.jar!/tla2sany/StandardModules/Sequences.tla)
Parsing file /tmp/tlc-1653394514251321347/FiniteSets.tla (jar:file:/home/z/my-project/weft-repo/.tlc-cache/tla2tools-1.8.0.jar!/tla2sany/StandardModules/FiniteSets.tla)
Parsing file /tmp/tlc-1653394514251321347/TLCExt.tla (jar:file:/home/z/my-project/weft-repo/.tlc-cache/tla2tools-1.8.0.jar!/tla2sany/StandardModules/TLCExt.tla)
Semantic processing of module Naturals
Semantic processing of module Integers
Semantic processing of module Sequences
Semantic processing of module FiniteSets
Semantic processing of module TLC
Semantic processing of module TLCExt
Semantic processing of module _TLCTrace
Semantic processing of module TriadExchange
Linting of module TLCExt
Linting of module _TLCTrace
Linting of module TriadExchange
Starting... (2026-09-18 14:19:59)
Computing initial states...
Finished computing initial states: 1 distinct state generated at 2026-09-18 14:20:00.
Error: Invariant TornPayload is violated.
Error: The behavior up to this point is:
State 1: <Initial predicate>
/\ bufWord = (0 :> (0 :> 0 @@ 1 :> 0) @@ 1 :> (0 :> 0 @@ 1 :> 0) @@ 2 :> (0 :> 0 @@ 1 :> 0))
/\ epoch = 0
/\ wordHist = ( 0 :> (0 :> {0} @@ 1 :> {0}) @@
  1 :> (0 :> {0} @@ 1 :> {0}) @@
  2 :> (0 :> {0} @@ 1 :> {0}) )
/\ relPhase = "idle"
/\ relEpoch = 0
/\ wRevSeen = FALSE
/\ rObsCan = 0
/\ rStale = FALSE
/\ rObsEnv = 0
/\ e0 = 0
/\ wPhase = "idle"
/\ rWork = 2
/\ latest = 0
/\ rBadCanary = FALSE
/\ rPhase = "idle"
/\ revoked = FALSE
/\ rDoneTag = 0
/\ rStep = 0
/\ envHist = (0 :> {0} @@ 1 :> {0} @@ 2 :> {0})
/\ wWord = 0
/\ wWork = 1
/\ canHist = (0 :> {0} @@ 1 :> {0} @@ 2 :> {0})
/\ rObsWord = (0 :> 0 @@ 1 :> 0)
/\ bufCan = (0 :> 0 @@ 1 :> 0 @@ 2 :> 0)
/\ freed = FALSE
/\ wSeq = 1
/\ rTorn = FALSE
/\ bufEnv = (0 :> 0 @@ 1 :> 0 @@ 2 :> 0)

State 2: <WBegin line 212, col 5 to line 221, col 46 of module TriadExchange>
/\ bufWord = (0 :> (0 :> 0 @@ 1 :> 0) @@ 1 :> (0 :> 0 @@ 1 :> 0) @@ 2 :> (0 :> 0 @@ 1 :> 0))
/\ epoch = 0
/\ wordHist = ( 0 :> (0 :> {0} @@ 1 :> {0}) @@
  1 :> (0 :> {0} @@ 1 :> {0}) @@
  2 :> (0 :> {0} @@ 1 :> {0}) )
/\ relPhase = "idle"
/\ relEpoch = 0
/\ wRevSeen = FALSE
/\ rObsCan = 0
/\ rStale = FALSE
/\ rObsEnv = 0
/\ e0 = 0
/\ wPhase = "fill"
/\ rWork = 2
/\ latest = 0
/\ rBadCanary = FALSE
/\ rPhase = "idle"
/\ revoked = FALSE
/\ rDoneTag = 0
/\ rStep = 0
/\ envHist = (0 :> {0} @@ 1 :> {0} @@ 2 :> {0})
/\ wWord = 0
/\ wWork = 1
/\ canHist = (0 :> {0} @@ 1 :> {0} @@ 2 :> {0})
/\ rObsWord = (0 :> 0 @@ 1 :> 0)
/\ bufCan = (0 :> 0 @@ 1 :> 0 @@ 2 :> 0)
/\ freed = FALSE
/\ wSeq = 1
/\ rTorn = FALSE
/\ bufEnv = (0 :> 0 @@ 1 :> 0 @@ 2 :> 0)

State 3: <WFillOne line 239, col 5 to line 249, col 46 of module TriadExchange>
/\ bufWord = (0 :> (0 :> 0 @@ 1 :> 0) @@ 1 :> (0 :> 1 @@ 1 :> 0) @@ 2 :> (0 :> 0 @@ 1 :> 0))
/\ epoch = 0
/\ wordHist = ( 0 :> (0 :> {0} @@ 1 :> {0}) @@
  1 :> (0 :> {0, 1} @@ 1 :> {0}) @@
  2 :> (0 :> {0} @@ 1 :> {0}) )
/\ relPhase = "idle"
/\ relEpoch = 0
/\ wRevSeen = FALSE
/\ rObsCan = 0
/\ rStale = FALSE
/\ rObsEnv = 0
/\ e0 = 0
/\ wPhase = "fill"
/\ rWork = 2
/\ latest = 0
/\ rBadCanary = FALSE
/\ rPhase = "idle"
/\ revoked = FALSE
/\ rDoneTag = 0
/\ rStep = 0
/\ envHist = (0 :> {0} @@ 1 :> {0} @@ 2 :> {0})
/\ wWord = 1
/\ wWork = 1
/\ canHist = (0 :> {0} @@ 1 :> {0} @@ 2 :> {0})
/\ rObsWord = (0 :> 0 @@ 1 :> 0)
/\ bufCan = (0 :> 0 @@ 1 :> 0 @@ 2 :> 0)
/\ freed = FALSE
/\ wSeq = 1
/\ rTorn = FALSE
/\ bufEnv = (0 :> 0 @@ 1 :> 0 @@ 2 :> 0)

State 4: <WFillOne line 239, col 5 to line 249, col 46 of module TriadExchange>
/\ bufWord = (0 :> (0 :> 0 @@ 1 :> 0) @@ 1 :> (0 :> 1 @@ 1 :> 1) @@ 2 :> (0 :> 0 @@ 1 :> 0))
/\ epoch = 0
/\ wordHist = ( 0 :> (0 :> {0} @@ 1 :> {0}) @@
  1 :> (0 :> {0, 1} @@ 1 :> {0, 1}) @@
  2 :> (0 :> {0} @@ 1 :> {0}) )
/\ relPhase = "idle"
/\ relEpoch = 0
/\ wRevSeen = FALSE
/\ rObsCan = 0
/\ rStale = FALSE
/\ rObsEnv = 0
/\ e0 = 0
/\ wPhase = "fill"
/\ rWork = 2
/\ latest = 0
/\ rBadCanary = FALSE
/\ rPhase = "idle"
/\ revoked = FALSE
/\ rDoneTag = 0
/\ rStep = 0
/\ envHist = (0 :> {0} @@ 1 :> {0} @@ 2 :> {0})
/\ wWord = 2
/\ wWork = 1
/\ canHist = (0 :> {0} @@ 1 :> {0} @@ 2 :> {0})
/\ rObsWord = (0 :> 0 @@ 1 :> 0)
/\ bufCan = (0 :> 0 @@ 1 :> 0 @@ 2 :> 0)
/\ freed = FALSE
/\ wSeq = 1
/\ rTorn = FALSE
/\ bufEnv = (0 :> 0 @@ 1 :> 0 @@ 2 :> 0)

State 5: <WEnv line 252, col 5 to line 261, col 46 of module TriadExchange>
/\ bufWord = (0 :> (0 :> 0 @@ 1 :> 0) @@ 1 :> (0 :> 1 @@ 1 :> 1) @@ 2 :> (0 :> 0 @@ 1 :> 0))
/\ epoch = 0
/\ wordHist = ( 0 :> (0 :> {0} @@ 1 :> {0}) @@
  1 :> (0 :> {0, 1} @@ 1 :> {0, 1}) @@
  2 :> (0 :> {0} @@ 1 :> {0}) )
/\ relPhase = "idle"
/\ relEpoch = 0
/\ wRevSeen = FALSE
/\ rObsCan = 0
/\ rStale = FALSE
/\ rObsEnv = 0
/\ e0 = 0
/\ wPhase = "env"
/\ rWork = 2
/\ latest = 0
/\ rBadCanary = FALSE
/\ rPhase = "idle"
/\ revoked = FALSE
/\ rDoneTag = 0
/\ rStep = 0
/\ envHist = (0 :> {0} @@ 1 :> {0, 1} @@ 2 :> {0})
/\ wWord = 2
/\ wWork = 1
/\ canHist = (0 :> {0} @@ 1 :> {0} @@ 2 :> {0})
/\ rObsWord = (0 :> 0 @@ 1 :> 0)
/\ bufCan = (0 :> 0 @@ 1 :> 0 @@ 2 :> 0)
/\ freed = FALSE
/\ wSeq = 1
/\ rTorn = FALSE
/\ bufEnv = (0 :> 0 @@ 1 :> 1 @@ 2 :> 0)

State 6: <WCan line 264, col 5 to line 272, col 46 of module TriadExchange>
/\ bufWord = (0 :> (0 :> 0 @@ 1 :> 0) @@ 1 :> (0 :> 1 @@ 1 :> 1) @@ 2 :> (0 :> 0 @@ 1 :> 0))
/\ epoch = 0
/\ wordHist = ( 0 :> (0 :> {0} @@ 1 :> {0}) @@
  1 :> (0 :> {0, 1} @@ 1 :> {0, 1}) @@
  2 :> (0 :> {0} @@ 1 :> {0}) )
/\ relPhase = "idle"
/\ relEpoch = 0
/\ wRevSeen = FALSE
/\ rObsCan = 0
/\ rStale = FALSE
/\ rObsEnv = 0
/\ e0 = 0
/\ wPhase = "can"
/\ rWork = 2
/\ latest = 0
/\ rBadCanary = FALSE
/\ rPhase = "idle"
/\ revoked = FALSE
/\ rDoneTag = 0
/\ rStep = 0
/\ envHist = (0 :> {0} @@ 1 :> {0, 1} @@ 2 :> {0})
/\ wWord = 2
/\ wWork = 1
/\ canHist = (0 :> {0} @@ 1 :> {0, 1} @@ 2 :> {0})
/\ rObsWord = (0 :> 0 @@ 1 :> 0)
/\ bufCan = (0 :> 0 @@ 1 :> 1 @@ 2 :> 0)
/\ freed = FALSE
/\ wSeq = 1
/\ rTorn = FALSE
/\ bufEnv = (0 :> 0 @@ 1 :> 1 @@ 2 :> 0)

State 7: <WExchange line 277, col 5 to line 286, col 46 of module TriadExchange>
/\ bufWord = (0 :> (0 :> 0 @@ 1 :> 0) @@ 1 :> (0 :> 1 @@ 1 :> 1) @@ 2 :> (0 :> 0 @@ 1 :> 0))
/\ epoch = 0
/\ wordHist = ( 0 :> (0 :> {0} @@ 1 :> {0}) @@
  1 :> (0 :> {0, 1} @@ 1 :> {0, 1}) @@
  2 :> (0 :> {0} @@ 1 :> {0}) )
/\ relPhase = "idle"
/\ relEpoch = 0
/\ wRevSeen = FALSE
/\ rObsCan = 0
/\ rStale = FALSE
/\ rObsEnv = 0
/\ e0 = 0
/\ wPhase = "idle"
/\ rWork = 2
/\ latest = 1
/\ rBadCanary = FALSE
/\ rPhase = "idle"
/\ revoked = FALSE
/\ rDoneTag = 0
/\ rStep = 0
/\ envHist = (0 :> {0} @@ 1 :> {0, 1} @@ 2 :> {0})
/\ wWord = 2
/\ wWork = 0
/\ canHist = (0 :> {0} @@ 1 :> {0, 1} @@ 2 :> {0})
/\ rObsWord = (0 :> 0 @@ 1 :> 0)
/\ bufCan = (0 :> 0 @@ 1 :> 1 @@ 2 :> 0)
/\ freed = FALSE
/\ wSeq = 2
/\ rTorn = FALSE
/\ bufEnv = (0 :> 0 @@ 1 :> 1 @@ 2 :> 0)

State 8: <RClaim line 305, col 5 to line 316, col 46 of module TriadExchange>
/\ bufWord = (0 :> (0 :> 0 @@ 1 :> 0) @@ 1 :> (0 :> 1 @@ 1 :> 1) @@ 2 :> (0 :> 0 @@ 1 :> 0))
/\ epoch = 0
/\ wordHist = ( 0 :> (0 :> {0} @@ 1 :> {0}) @@
  1 :> (0 :> {0, 1} @@ 1 :> {0, 1}) @@
  2 :> (0 :> {0} @@ 1 :> {0}) )
/\ relPhase = "idle"
/\ relEpoch = 0
/\ wRevSeen = FALSE
/\ rObsCan = 0
/\ rStale = FALSE
/\ rObsEnv = 0
/\ e0 = 0
/\ wPhase = "idle"
/\ rWork = 1
/\ latest = 2
/\ rBadCanary = FALSE
/\ rPhase = "observing"
/\ revoked = FALSE
/\ rDoneTag = 0
/\ rStep = 0
/\ envHist = (0 :> {0} @@ 1 :> {0, 1} @@ 2 :> {0})
/\ wWord = 2
/\ wWork = 0
/\ canHist = (0 :> {0} @@ 1 :> {0, 1} @@ 2 :> {0})
/\ rObsWord = (0 :> 0 @@ 1 :> 0)
/\ bufCan = (0 :> 0 @@ 1 :> 1 @@ 2 :> 0)
/\ freed = FALSE
/\ wSeq = 2
/\ rTorn = FALSE
/\ bufEnv = (0 :> 0 @@ 1 :> 1 @@ 2 :> 0)

State 9: <RObsEnv line 324, col 5 to line 333, col 75 of module TriadExchange>
/\ bufWord = (0 :> (0 :> 0 @@ 1 :> 0) @@ 1 :> (0 :> 1 @@ 1 :> 1) @@ 2 :> (0 :> 0 @@ 1 :> 0))
/\ epoch = 0
/\ wordHist = ( 0 :> (0 :> {0} @@ 1 :> {0}) @@
  1 :> (0 :> {0, 1} @@ 1 :> {0, 1}) @@
  2 :> (0 :> {0} @@ 1 :> {0}) )
/\ relPhase = "idle"
/\ relEpoch = 0
/\ wRevSeen = FALSE
/\ rObsCan = 0
/\ rStale = FALSE
/\ rObsEnv = 0
/\ e0 = 0
/\ wPhase = "idle"
/\ rWork = 1
/\ latest = 2
/\ rBadCanary = FALSE
/\ rPhase = "observing"
/\ revoked = FALSE
/\ rDoneTag = 0
/\ rStep = 1
/\ envHist = (0 :> {0} @@ 1 :> {0, 1} @@ 2 :> {0})
/\ wWord = 2
/\ wWork = 0
/\ canHist = (0 :> {0} @@ 1 :> {0, 1} @@ 2 :> {0})
/\ rObsWord = (0 :> 0 @@ 1 :> 0)
/\ bufCan = (0 :> 0 @@ 1 :> 1 @@ 2 :> 0)
/\ freed = FALSE
/\ wSeq = 2
/\ rTorn = FALSE
/\ bufEnv = (0 :> 0 @@ 1 :> 1 @@ 2 :> 0)

State 10: <RObsCan line 338, col 5 to line 347, col 75 of module TriadExchange>
/\ bufWord = (0 :> (0 :> 0 @@ 1 :> 0) @@ 1 :> (0 :> 1 @@ 1 :> 1) @@ 2 :> (0 :> 0 @@ 1 :> 0))
/\ epoch = 0
/\ wordHist = ( 0 :> (0 :> {0} @@ 1 :> {0}) @@
  1 :> (0 :> {0, 1} @@ 1 :> {0, 1}) @@
  2 :> (0 :> {0} @@ 1 :> {0}) )
/\ relPhase = "idle"
/\ relEpoch = 0
/\ wRevSeen = FALSE
/\ rObsCan = 0
/\ rStale = FALSE
/\ rObsEnv = 0
/\ e0 = 0
/\ wPhase = "idle"
/\ rWork = 1
/\ latest = 2
/\ rBadCanary = FALSE
/\ rPhase = "observing"
/\ revoked = FALSE
/\ rDoneTag = 0
/\ rStep = 2
/\ envHist = (0 :> {0} @@ 1 :> {0, 1} @@ 2 :> {0})
/\ wWord = 2
/\ wWork = 0
/\ canHist = (0 :> {0} @@ 1 :> {0, 1} @@ 2 :> {0})
/\ rObsWord = (0 :> 0 @@ 1 :> 0)
/\ bufCan = (0 :> 0 @@ 1 :> 1 @@ 2 :> 0)
/\ freed = FALSE
/\ wSeq = 2
/\ rTorn = FALSE
/\ bufEnv = (0 :> 0 @@ 1 :> 1 @@ 2 :> 0)

State 11: <RObsWord(0) line 353, col 5 to line 363, col 74 of module TriadExchange>
/\ bufWord = (0 :> (0 :> 0 @@ 1 :> 0) @@ 1 :> (0 :> 1 @@ 1 :> 1) @@ 2 :> (0 :> 0 @@ 1 :> 0))
/\ epoch = 0
/\ wordHist = ( 0 :> (0 :> {0} @@ 1 :> {0}) @@
  1 :> (0 :> {0, 1} @@ 1 :> {0, 1}) @@
  2 :> (0 :> {0} @@ 1 :> {0}) )
/\ relPhase = "idle"
/\ relEpoch = 0
/\ wRevSeen = FALSE
/\ rObsCan = 0
/\ rStale = FALSE
/\ rObsEnv = 0
/\ e0 = 0
/\ wPhase = "idle"
/\ rWork = 1
/\ latest = 2
/\ rBadCanary = FALSE
/\ rPhase = "observing"
/\ revoked = FALSE
/\ rDoneTag = 0
/\ rStep = 3
/\ envHist = (0 :> {0} @@ 1 :> {0, 1} @@ 2 :> {0})
/\ wWord = 2
/\ wWork = 0
/\ canHist = (0 :> {0} @@ 1 :> {0, 1} @@ 2 :> {0})
/\ rObsWord = (0 :> 0 @@ 1 :> 0)
/\ bufCan = (0 :> 0 @@ 1 :> 1 @@ 2 :> 0)
/\ freed = FALSE
/\ wSeq = 2
/\ rTorn = FALSE
/\ bufEnv = (0 :> 0 @@ 1 :> 1 @@ 2 :> 0)

State 12: <RObsWord(1) line 353, col 5 to line 363, col 74 of module TriadExchange>
/\ bufWord = (0 :> (0 :> 0 @@ 1 :> 0) @@ 1 :> (0 :> 1 @@ 1 :> 1) @@ 2 :> (0 :> 0 @@ 1 :> 0))
/\ epoch = 0
/\ wordHist = ( 0 :> (0 :> {0} @@ 1 :> {0}) @@
  1 :> (0 :> {0, 1} @@ 1 :> {0, 1}) @@
  2 :> (0 :> {0} @@ 1 :> {0}) )
/\ relPhase = "idle"
/\ relEpoch = 0
/\ wRevSeen = FALSE
/\ rObsCan = 0
/\ rStale = FALSE
/\ rObsEnv = 0
/\ e0 = 0
/\ wPhase = "idle"
/\ rWork = 1
/\ latest = 2
/\ rBadCanary = FALSE
/\ rPhase = "observing"
/\ revoked = FALSE
/\ rDoneTag = 0
/\ rStep = 4
/\ envHist = (0 :> {0} @@ 1 :> {0, 1} @@ 2 :> {0})
/\ wWord = 2
/\ wWork = 0
/\ canHist = (0 :> {0} @@ 1 :> {0, 1} @@ 2 :> {0})
/\ rObsWord = (0 :> 0 @@ 1 :> 1)
/\ bufCan = (0 :> 0 @@ 1 :> 1 @@ 2 :> 0)
/\ freed = FALSE
/\ wSeq = 2
/\ rTorn = FALSE
/\ bufEnv = (0 :> 0 @@ 1 :> 1 @@ 2 :> 0)

State 13: <RVerify line 371, col 5 to line 382, col 47 of module TriadExchange>
/\ bufWord = (0 :> (0 :> 0 @@ 1 :> 0) @@ 1 :> (0 :> 1 @@ 1 :> 1) @@ 2 :> (0 :> 0 @@ 1 :> 0))
/\ epoch = 0
/\ wordHist = ( 0 :> (0 :> {0} @@ 1 :> {0}) @@
  1 :> (0 :> {0, 1} @@ 1 :> {0, 1}) @@
  2 :> (0 :> {0} @@ 1 :> {0}) )
/\ relPhase = "idle"
/\ relEpoch = 0
/\ wRevSeen = FALSE
/\ rObsCan = 0
/\ rStale = FALSE
/\ rObsEnv = 0
/\ e0 = 0
/\ wPhase = "idle"
/\ rWork = 1
/\ latest = 2
/\ rBadCanary = FALSE
/\ rPhase = "idle"
/\ revoked = FALSE
/\ rDoneTag = 0
/\ rStep = 0
/\ envHist = (0 :> {0} @@ 1 :> {0, 1} @@ 2 :> {0})
/\ wWord = 2
/\ wWork = 0
/\ canHist = (0 :> {0} @@ 1 :> {0, 1} @@ 2 :> {0})
/\ rObsWord = (0 :> 0 @@ 1 :> 1)
/\ bufCan = (0 :> 0 @@ 1 :> 1 @@ 2 :> 0)
/\ freed = FALSE
/\ wSeq = 2
/\ rTorn = TRUE
/\ bufEnv = (0 :> 0 @@ 1 :> 1 @@ 2 :> 0)

916 states generated, 386 distinct states found, 123 states left on queue.
The depth of the complete state graph search is 13.
Finished in 00s at (2026-09-18 14:20:00)
Trace exploration spec path: ./TriadExchange_TTrace_1789741199.tla
