TLC2 Version 2026.09.17.032053 (rev: 142d0ba)
Running breadth-first search Model-Checking with fp 56 and seed 720209885730421718 with 1 worker on 2 cores with 900MB heap and 64MB offheap memory [pid: 2242] (Linux 5.10.134-013.15.kangaroo.al8.x86_64 amd64, Debian 21.0.12.1 64bit, MSBDiskFPSet, DiskStateQueue).
Parsing file /home/z/my-project/weft-repo/formal/triad/TriadExchange.tla
Parsing file /tmp/tlc-15768904719805115506/Integers.tla (jar:file:/home/z/my-project/weft-repo/.tlc-cache/tla2tools-1.8.0.jar!/tla2sany/StandardModules/Integers.tla)
Parsing file /tmp/tlc-15768904719805115506/Naturals.tla (jar:file:/home/z/my-project/weft-repo/.tlc-cache/tla2tools-1.8.0.jar!/tla2sany/StandardModules/Naturals.tla)
Parsing file /tmp/tlc-15768904719805115506/TLC.tla (jar:file:/home/z/my-project/weft-repo/.tlc-cache/tla2tools-1.8.0.jar!/tla2sany/StandardModules/TLC.tla)
Parsing file /tmp/tlc-15768904719805115506/_TLCTrace.tla (jar:file:/home/z/my-project/weft-repo/.tlc-cache/tla2tools-1.8.0.jar!/tla2sany/StandardModules/_TLCTrace.tla)
Parsing file /tmp/tlc-15768904719805115506/Sequences.tla (jar:file:/home/z/my-project/weft-repo/.tlc-cache/tla2tools-1.8.0.jar!/tla2sany/StandardModules/Sequences.tla)
Parsing file /tmp/tlc-15768904719805115506/FiniteSets.tla (jar:file:/home/z/my-project/weft-repo/.tlc-cache/tla2tools-1.8.0.jar!/tla2sany/StandardModules/FiniteSets.tla)
Parsing file /tmp/tlc-15768904719805115506/TLCExt.tla (jar:file:/home/z/my-project/weft-repo/.tlc-cache/tla2tools-1.8.0.jar!/tla2sany/StandardModules/TLCExt.tla)
Semantic processing of module Naturals
Semantic processing of module Integers
Semantic processing of module Sequences
Semantic processing of module FiniteSets
Semantic processing of module TLC
Semantic processing of module TLCExt
Semantic processing of module _TLCTrace
Semantic processing of module TriadExchange
Linting of module TLCExt
Linting of module _TLCTrace
Linting of module TriadExchange
Starting... (2026-09-18 14:20:00)
Computing initial states...
Finished computing initial states: 1 distinct state generated at 2026-09-18 14:20:01.
Error: Invariant NoUseAfterFree is violated.
Error: The behavior up to this point is:
State 1: <Initial predicate>
/\ bufWord = (0 :> (0 :> 0 @@ 1 :> 0) @@ 1 :> (0 :> 0 @@ 1 :> 0) @@ 2 :> (0 :> 0 @@ 1 :> 0))
/\ epoch = 0
/\ wordHist = ( 0 :> (0 :> {0} @@ 1 :> {0}) @@
  1 :> (0 :> {0} @@ 1 :> {0}) @@
  2 :> (0 :> {0} @@ 1 :> {0}) )
/\ relPhase = "idle"
/\ relEpoch = 0
/\ wRevSeen = FALSE
/\ rObsCan = 0
/\ rStale = FALSE
/\ rObsEnv = 0
/\ e0 = 0
/\ wPhase = "idle"
/\ rWork = 2
/\ latest = 0
/\ rBadCanary = FALSE
/\ rPhase = "idle"
/\ revoked = FALSE
/\ rDoneTag = 0
/\ rStep = 0
/\ envHist = (0 :> {0} @@ 1 :> {0} @@ 2 :> {0})
/\ wWord = 0
/\ wWork = 1
/\ canHist = (0 :> {0} @@ 1 :> {0} @@ 2 :> {0})
/\ rObsWord = (0 :> 0 @@ 1 :> 0)
/\ bufCan = (0 :> 0 @@ 1 :> 0 @@ 2 :> 0)
/\ freed = FALSE
/\ wSeq = 1
/\ rTorn = FALSE
/\ bufEnv = (0 :> 0 @@ 1 :> 0 @@ 2 :> 0)

State 2: <WBegin line 212, col 5 to line 221, col 46 of module TriadExchange>
/\ bufWord = (0 :> (0 :> 0 @@ 1 :> 0) @@ 1 :> (0 :> 0 @@ 1 :> 0) @@ 2 :> (0 :> 0 @@ 1 :> 0))
/\ epoch = 0
/\ wordHist = ( 0 :> (0 :> {0} @@ 1 :> {0}) @@
  1 :> (0 :> {0} @@ 1 :> {0}) @@
  2 :> (0 :> {0} @@ 1 :> {0}) )
/\ relPhase = "idle"
/\ relEpoch = 0
/\ wRevSeen = FALSE
/\ rObsCan = 0
/\ rStale = FALSE
/\ rObsEnv = 0
/\ e0 = 0
/\ wPhase = "fill"
/\ rWork = 2
/\ latest = 0
/\ rBadCanary = FALSE
/\ rPhase = "idle"
/\ revoked = FALSE
/\ rDoneTag = 0
/\ rStep = 0
/\ envHist = (0 :> {0} @@ 1 :> {0} @@ 2 :> {0})
/\ wWord = 0
/\ wWork = 1
/\ canHist = (0 :> {0} @@ 1 :> {0} @@ 2 :> {0})
/\ rObsWord = (0 :> 0 @@ 1 :> 0)
/\ bufCan = (0 :> 0 @@ 1 :> 0 @@ 2 :> 0)
/\ freed = FALSE
/\ wSeq = 1
/\ rTorn = FALSE
/\ bufEnv = (0 :> 0 @@ 1 :> 0 @@ 2 :> 0)

State 3: <RelStart line 422, col 5 to line 430, col 46 of module TriadExchange>
/\ bufWord = (0 :> (0 :> 0 @@ 1 :> 0) @@ 1 :> (0 :> 0 @@ 1 :> 0) @@ 2 :> (0 :> 0 @@ 1 :> 0))
/\ epoch = 0
/\ wordHist = ( 0 :> (0 :> {0} @@ 1 :> {0}) @@
  1 :> (0 :> {0} @@ 1 :> {0}) @@
  2 :> (0 :> {0} @@ 1 :> {0}) )
/\ relPhase = "revoked"
/\ relEpoch = 0
/\ wRevSeen = FALSE
/\ rObsCan = 0
/\ rStale = FALSE
/\ rObsEnv = 0
/\ e0 = 0
/\ wPhase = "fill"
/\ rWork = 2
/\ latest = 0
/\ rBadCanary = FALSE
/\ rPhase = "idle"
/\ revoked = TRUE
/\ rDoneTag = 0
/\ rStep = 0
/\ envHist = (0 :> {0} @@ 1 :> {0} @@ 2 :> {0})
/\ wWord = 0
/\ wWork = 1
/\ canHist = (0 :> {0} @@ 1 :> {0} @@ 2 :> {0})
/\ rObsWord = (0 :> 0 @@ 1 :> 0)
/\ bufCan = (0 :> 0 @@ 1 :> 0 @@ 2 :> 0)
/\ freed = FALSE
/\ wSeq = 1
/\ rTorn = FALSE
/\ bufEnv = (0 :> 0 @@ 1 :> 0 @@ 2 :> 0)

State 4: <RelFreePremature line 448, col 5 to line 455, col 46 of module TriadExchange>
/\ bufWord = (0 :> (0 :> 0 @@ 1 :> 0) @@ 1 :> (0 :> 0 @@ 1 :> 0) @@ 2 :> (0 :> 0 @@ 1 :> 0))
/\ epoch = 0
/\ wordHist = ( 0 :> (0 :> {0} @@ 1 :> {0}) @@
  1 :> (0 :> {0} @@ 1 :> {0}) @@
  2 :> (0 :> {0} @@ 1 :> {0}) )
/\ relPhase = "revoked"
/\ relEpoch = 0
/\ wRevSeen = FALSE
/\ rObsCan = 0
/\ rStale = FALSE
/\ rObsEnv = 0
/\ e0 = 0
/\ wPhase = "fill"
/\ rWork = 2
/\ latest = 0
/\ rBadCanary = FALSE
/\ rPhase = "idle"
/\ revoked = TRUE
/\ rDoneTag = 0
/\ rStep = 0
/\ envHist = (0 :> {0} @@ 1 :> {0} @@ 2 :> {0})
/\ wWord = 0
/\ wWork = 1
/\ canHist = (0 :> {0} @@ 1 :> {0} @@ 2 :> {0})
/\ rObsWord = (0 :> 0 @@ 1 :> 0)
/\ bufCan = (0 :> 0 @@ 1 :> 0 @@ 2 :> 0)
/\ freed = TRUE
/\ wSeq = 1
/\ rTorn = FALSE
/\ bufEnv = (0 :> 0 @@ 1 :> 0 @@ 2 :> 0)

29 states generated, 18 distinct states found, 10 states left on queue.
The depth of the complete state graph search is 4.
Finished in 00s at (2026-09-18 14:20:01)
Trace exploration spec path: ./TriadExchange_TTrace_1789741200.tla
