=== Starting Flutter CI (windows-latest) ===
[PASS] core/kotlin/FrameCursor.kt  <->  android/weft-core/src/main/kotlin/dev/weft/FrameCursor.kt
[PASS] core/kotlin/Fanout.kt  <->  android/weft-core/src/main/kotlin/dev/weft/Fanout.kt
[PASS] core/kotlin/FanoutCompat.kt  <->  android/weft-core/src/main/kotlin/dev/weft/FanoutCompat.kt
[PASS] core/kotlin/Steward.kt  <->  android/weft-core/src/main/kotlin/dev/weft/Steward.kt
[PASS] core/kotlin/TriadNative.kt  <->  android/weft-core/src/main/kotlin/dev/weft/TriadNative.kt
[PASS] core/kotlin/Weft.kt  <->  android/weft-core/src/main/kotlin/dev/weft/Weft.kt
[PASS] core/kotlin/Governor.kt  <->  android/weft-core/src/main/kotlin/dev/weft/Governor.kt
[PASS] core/kotlin/Recycler.kt  <->  android/weft-core/src/main/kotlin/dev/weft/Recycler.kt
[PASS] core/kotlin/GovernedFanoutConsumer.kt  <->  android/weft-core/src/main/kotlin/dev/weft/GovernedFanoutConsumer.kt
[PASS] core/kotlin/FanoutVhBridge.java  <->  android/weft-core/src/main/java/dev/weft/FanoutVhBridge.java
[PASS] core/dart/frame_cursor.dart  <->  packages/flutter_weft/lib/src/reference/frame_cursor.dart
[PASS] core/dart/fanout.dart  <->  packages/flutter_weft/lib/src/reference/fanout.dart
[PASS] core/dart/heddle.dart  <->  packages/flutter_weft/lib/src/reference/heddle.dart
[PASS] core/dart/steward.dart  <->  packages/flutter_weft/lib/src/reference/steward.dart
[PASS] core/dart/weft.dart  <->  packages/flutter_weft/lib/src/reference/weft.dart
[PASS] core/ts/weft.ts  <->  packages/core/src/weft.ts
[PASS] core/ts/fanout.ts  <->  packages/core/src/fanout.ts
[PASS] core/ts/verified.ts  <->  packages/core/src/verified.ts
[PASS] core/kotlin/Verified.kt  <->  android/weft-core/src/main/kotlin/dev/weft/Verified.kt
[PASS] core/dart/verified.dart  <->  packages/flutter_weft/lib/src/reference/verified.dart
[PASS] core/dart/governor.dart  <->  packages/flutter_weft/lib/src/reference/governor.dart
[PASS] core/dart/recycler.dart  <->  packages/flutter_weft/lib/src/reference/recycler.dart
[PASS] core/dart/governed_consumer.dart  <->  packages/flutter_weft/lib/src/reference/governed_consumer.dart
[PASS] core/kotlin/BlendQ12.kt  <->  android/weft-core/src/main/kotlin/dev/weft/BlendQ12.kt
[PASS] core/kotlin/RenderQos.kt  <->  android/weft-core/src/main/kotlin/dev/weft/RenderQos.kt
[PASS] core/dart/blend_q12.dart  <->  packages/flutter_weft/lib/src/reference/blend_q12.dart
[PASS] core/dart/render_qos.dart  <->  packages/flutter_weft/lib/src/reference/render_qos.dart
{"shard":"binding-parity","passed":27,"failed":0,"total":27,"cells":{"core/kotlin/FrameCursor.kt":{"status":"PASS","detail":"identical"},"core/kotlin/Fanout.kt":{"status":"PASS","detail":"identical"},"core/kotlin/FanoutCompat.kt":{"status":"PASS","detail":"identical"},"core/kotlin/Steward.kt":{"status":"PASS","detail":"identical"},"core/kotlin/TriadNative.kt":{"status":"PASS","detail":"identical"},"core/kotlin/Weft.kt":{"status":"PASS","detail":"identical"},"core/kotlin/Governor.kt":{"status":"PASS","detail":"identical"},"core/kotlin/Recycler.kt":{"status":"PASS","detail":"identical"},"core/kotlin/GovernedFanoutConsumer.kt":{"status":"PASS","detail":"identical"},"core/kotlin/FanoutVhBridge.java":{"status":"PASS","detail":"identical"},"core/dart/frame_cursor.dart":{"status":"PASS","detail":"identical"},"core/dart/fanout.dart":{"status":"PASS","detail":"identical"},"core/dart/heddle.dart":{"status":"PASS","detail":"identical"},"core/dart/steward.dart":{"status":"PASS","detail":"identical"},"core/dart/weft.dart":{"status":"PASS","detail":"identical"},"core/ts/weft.ts":{"status":"PASS","detail":"identical"},"core/ts/fanout.ts":{"status":"PASS","detail":"identical"},"core/ts/verified.ts":{"status":"PASS","detail":"identical"},"core/kotlin/Verified.kt":{"status":"PASS","detail":"identical"},"core/dart/verified.dart":{"status":"PASS","detail":"identical"},"core/dart/governor.dart":{"status":"PASS","detail":"identical"},"core/dart/recycler.dart":{"status":"PASS","detail":"identical"},"core/dart/governed_consumer.dart":{"status":"PASS","detail":"identical"},"core/kotlin/BlendQ12.kt":{"status":"PASS","detail":"identical"},"core/kotlin/RenderQos.kt":{"status":"PASS","detail":"identical"},"core/dart/blend_q12.dart":{"status":"PASS","detail":"identical"},"core/dart/render_qos.dart":{"status":"PASS","detail":"identical"}}}
✅ Binding parity: 27/27 pairs byte-identical

=== heddles <-> packages surface parity (shim re-exports) ===
[PASS] heddles/react/WeftCanvas.tsx  ->  packages/react/src/index.ts
[PASS] heddles/vue/useWeft.ts  ->  packages/vue/src/index.ts
[PASS] heddles/svelte/weft-action.ts  ->  packages/svelte/src/index.ts
[PASS] heddles/react-native/weft-rn.ts  ->  packages/react-native/src/index.ts
✅ Heddles surface parity: 4/4 shims aligned
{"shard":"binding-parity","byte_pairs":{"passed":27,"failed":0,"total":27},"shim_pairs":{"passed":4,"failed":0,"total":4,"cells":{"heddles/react/WeftCanvas.tsx":{"status":"PASS","detail":"surface parity"},"heddles/vue/useWeft.ts":{"status":"PASS","detail":"surface parity"},"heddles/svelte/weft-action.ts":{"status":"PASS","detail":"surface parity"},"heddles/react-native/weft-rn.ts":{"status":"PASS","detail":"surface parity"}}}}
C:/mingw64/bin/../lib/gcc/x86_64-w64-mingw32/15.2.0/../../../../x86_64-w64-mingw32/bin/ld.exe: C:\Users\RUNNER~1\AppData\Local\Temp\cclmsP3k.o:fanout.c:(.text+0x890): undefined reference to `_weft_fanout_copy_resolve'
C:/mingw64/bin/../lib/gcc/x86_64-w64-mingw32/15.2.0/../../../../x86_64-w64-mingw32/bin/ld.exe: C:\Users\RUNNER~1\AppData\Local\Temp\cclmsP3k.o:fanout.c:(.rdata$.refptr._weft_fanout_copy_dispatch[.refptr._weft_fanout_copy_dispatch]+0x0): undefined reference to `_weft_fanout_copy_dispatch'
collect2.exe: error: ld returned 1 exit status
