==================================================
SHARD: simd-blend
DESCRIPTION: Q12 raster blend: C golden gates + xlang-blend cross-language digests + bench
STATUS: PASSED ✅
COMMIT: 3f0e44c7560669cef3f8033ea4c47a764d1d6b74
RUN: 236
==================================================

== simd-blend shard: env x86_64/Linux ==
-- C kernel gates --
== blend_test: impl=avx2 (2) ==
B1 boundaries: OK
B2 parity sweep: OK (154 path-checks, all == scalar)
B3 alpha sweep 0..4096 (dispatched): OK
B4 in-place aliasing: OK
blend_test: ALL GATES GREEN
blend-test: ALL GATES GREEN
-- xlang-blend golden gate --
== xlang-blend golden parity: env x86_64/Linux ==
-- C kernel (golden source) --
   blend-test gates GREEN
   golden-vectors.csv matches the kernel
-- TS verifier (reference port) --
xlang-blend TS verifier: 63/63 golden digests match
-- Kotlin verifier --
xlang-blend Kotlin verifier: 63/63 golden digests match
-- Dart verifier: DECLARED skip (no dart; flutter-packages leg owns it) --
-- Swift port: DECLARED skip (no swiftc; apple-packages compiles + golden-gates it) --

xlang-blend: ran=3 declared_skips=2
✅ xlang-blend parity: every executed port byte-identical to the C kernel
xlang-blend parity GREEN
-- blend_runner benchmark --
== blend_runner: dispatch=avx2 ==
256x256-hot (65536 words): scalar   214691 ns/frame (  3.7 GB/s) | avx2    26337 ns/frame ( 29.9 GB/s) | speedup 8.15x
1080p (2073600 words): scalar  6782647 ns/frame (  3.7 GB/s) | avx2   897307 ns/frame ( 27.7 GB/s) | speedup 7.56x
4K (8294400 words): scalar 27349387 ns/frame (  3.6 GB/s) | avx2  4341992 ns/frame ( 22.9 GB/s) | speedup 6.30x
8K (33177600 words): scalar 110267104 ns/frame (  3.6 GB/s) | avx2 29090124 ns/frame ( 13.7 GB/s) | speedup 3.79x
✅ simd-blend shard GREEN
