==================================================
SHARD: weft-cluster-managed
DESCRIPTION: Project weft-cluster Pillar 3: TS wire/client/topology/router/metrics, Python wire/router/UDP parity, live UDP mesh, 100k zero-alloc probes, 1M fps burst, rendezvous router
STATUS: FAILED ❌
COMMIT: 3f0e44c7560669cef3f8033ea4c47a764d1d6b74
RUN: 236
==================================================

[1/8] kernel-core integrity (Law 3: core/c/weft.{c,h} byte-frozen)
    core/c/weft.{c,h} untouched
[2/8] TS wire vectors + cross-language guard
✔ crosslang: TS still decodes the frozen WCN1 vectors byte-exactly (1.355617ms)
✔ crosslang: TS rejects malformed fixtures with the frozen codes (0.301123ms)
✔ crosslang: FNV/CRC reference vectors match the fixture (0.372307ms)
✔ crc32 IEEE vectors (parity with Python zlib.crc32) (1.237796ms)
✔ fnv1a64 topic hash vectors (parity with Python impl) (0.337211ms)
✔ WCN1 header: little-endian byte layout is normative (0.29413ms)
✔ WCN1 round-trip: encode -> decode -> same fields (5.002883ms)
✔ Law 4: malformed datagrams map to the exact error taxonomy (0.386303ms)
✔ error names are stable (Law 4 contract) (0.33644ms)
✔ WGS1 gossip: encode + entries + decode round-trip (0.574314ms)
✔ WGS1: entry_count overrun is WC_E_TRUNCATED, not a crash (0.217758ms)
✔ Law 1: decodeInto is allocation-free (structural check) (0.410989ms)
ℹ tests 12
ℹ suites 0
ℹ pass 12
ℹ fail 0
ℹ cancelled 0
ℹ skipped 0
ℹ todo 0
ℹ duration_ms 83.302242
[3/8] Python wire + router vector parity
.........                                                                [100%]
9 passed in 0.66s
[4/8] TypeScript suite
✔ shm: publish -> subscribe async iterator, seq monotonic, payload intact (11.474845ms)
✔ shm: two subscribers fan out independently; unsubscribe stops flow (12.221563ms)
✔ shm: tryLatest reads newest without advancing the iterator (4.432235ms)
✔ Law 4: stale seq replays are dropped and counted (datagram path) (0.762798ms)
✔ udp: two clients, SUB control plane, live datagram pub/sub (36.736194ms)
✔ udp: publisher with zero subscribers stays silent (no peers dup) (1.343284ms)
✔ crosslang: TS still decodes the frozen WCN1 vectors byte-exactly (1.697247ms)
✔ crosslang: TS rejects malformed fixtures with the frozen codes (0.37969ms)
✔ crosslang: FNV/CRC reference vectors match the fixture (0.401522ms)
✔ registry: counters, gauges, histogram quantile sanity (2.59668ms)
✔ histogram bucket bounds follow the 1, 2, 3, 4, 6, 8, 12... sequence (0.292116ms)
✔ prometheus: exposition format with cumulative histogram buckets (1.321773ms)
✔ otel: OTLP/JSON document shape (resourceMetrics -> metrics) (1.686095ms)
✔ perfetto: .pftrace protobuf round-trips packets and track events (1.770172ms)
✔ prometheus: embedded /metrics server answers 200 over real HTTP (71.697773ms)
✔ router: deterministic owner across calls and instances (2.139584ms)
✔ router: cross-language owner vector (node seeds 11,22,33,44 / telemetry) (2.440337ms)
✔ router: 8-node balance within 3x envelope (9.48982ms)
✔ router: minimal disruption — adding 1 of 9 nodes moves ~1/9 of topics (9.874941ms)
✔ router: unrouted topic -> WC_E_TOPIC_UNROUTED (0.348953ms)
✔ router: removeNode stops routing to it; version bumps (0.304209ms)
✔ membership: upsert + hash-index lookup round-trip (1.899455ms)
✔ membership: open addressing survives heavy collisions (2.178046ms)
✔ gossip: 3 engines converge to a full membership view (socketless) (3.007749ms)
✔ gossip: stale incarnation ignored, higher incarnation wins (0.452146ms)
✔ gossip: LEAVING is sticky at equal incarnation, revive needs higher (0.309078ms)
✔ gossip: SWIM refutation — falsely-leaving node bumps incarnation (0.298248ms)
✔ gossip: silent nodes suspect then evicted (fake clock) (1.305653ms)
✔ gossip: graceful leave announces and propagates LEAVING (0.368389ms)
✔ crc32 IEEE vectors (parity with Python zlib.crc32) (1.082806ms)
✔ fnv1a64 topic hash vectors (parity with Python impl) (0.338173ms)
✔ WCN1 header: little-endian byte layout is normative (0.278221ms)
✔ WCN1 round-trip: encode -> decode -> same fields (4.021406ms)
✔ Law 4: malformed datagrams map to the exact error taxonomy (0.324838ms)
✔ error names are stable (Law 4 contract) (0.239909ms)
✔ WGS1 gossip: encode + entries + decode round-trip (0.388597ms)
✔ WGS1: entry_count overrun is WC_E_TRUNCATED, not a crash (0.143248ms)
✔ Law 1: decodeInto is allocation-free (structural check) (0.308107ms)
ℹ tests 38
ℹ suites 0
ℹ pass 38
ℹ fail 0
ℹ cancelled 0
ℹ skipped 0
ℹ todo 0
ℹ duration_ms 2182.00412
[5/8] Python suite
.....s.........                                                          [100%]
14 passed, 1 skipped in 8.65s
[6/8] live cross-language UDP cluster (both directions)
..                                                                       [100%]
2 passed in 8.33s
[7/8] zero-allocation probes (100k ops each, post-warmup, --expose-gc)
    {"mode":"publish","iters":100000,"heapBefore":7482856,"heapAfter":7482912,"deltaBytes":56}
    {"mode":"subscribe","iters":100000,"heapBefore":7558696,"heapAfter":7557736,"deltaBytes":-960}
    {"mode":"metrics","iters":100000,"heapBefore":7396816,"heapAfter":7396504,"deltaBytes":-312}
    {"mode":"router","iters":100000,"heapBefore":7432480,"heapAfter":7432440,"deltaBytes":-40}
[8/8] performance gates
    [8a] 4-node demo smoke (monotonicity must PASS)
    demo PASS (monotonic, 0 gaps, 0 stale)
    [8b] mesh burst >= 1,000,000 fps (mandate D)
    {"kind":"weft-cluster-mesh-burst","transport":"loopback-shm (simulated cluster)","nodes":4,"consumers":3,"topics":1,"payloadBytes":64,"fpsTarget":1000000,"seconds":2,"publishedFrames":2000000,"ingestedFrames":6000000,"expectedIngest":6000000,"achievedFps":994655,"fanoutWritesPerSec":2983966,"elapsedSec":2.01,"sequenceGaps":0,"hopLatencyNs":{"p50":1024,"p99":2048},"at":"2026-09-23T12:14:13.059Z"}
MESH BURST GATE FAILED: below 1M fps or imperfect ingestion
