==================================================
SHARD: weft-tensor-managed
DESCRIPTION: Project weft-tensor Pillar 2: WTR1 layout, TS/Python ingestion engines, DLPack/NumPy bridge, cross-language parity, React/Flutter AI hooks/widgets, 120 FPS flight demo, alloc probes
STATUS: PASSED ✅
COMMIT: 3f0e44c7560669cef3f8033ea4c47a764d1d6b74
RUN: 236
==================================================

[1/8] fixture determinism
OK /home/runner/work/Weft/Weft/fixtures/weft-tensor/ring-v1-f32.bin (640 B) byte-identical
OK /home/runner/work/Weft/Weft/fixtures/weft-tensor/ring-v1-u8.bin (640 B) byte-identical
[2/8] TypeScript suite
✔ zero-alloc probe [ring] — 100k steady-state ops stay flat (201.982072ms)
✔ zero-alloc probe [ingest] — 100k steady-state ops stay flat (108.92573ms)
✔ zero-alloc probe [audio] — 100k steady-state ops stay flat (115.707262ms)
✔ zero-alloc probe [render] — 100k steady-state ops stay flat (1639.247273ms)
✔ zero-alloc probe [overlay] — 100k steady-state ops stay flat (69.114132ms)
✔ negative control: a deliberately-allocating loop IS caught (65.577467ms)
✔ f32 fixture: header fields, 10 frames, dyadic payload parity (2.879166ms)
✔ u8 fixture: header fields, 6 frames, byte payload parity (1.171002ms)
✔ WebCodecs sync fast path: bytes land in ring, no intermediate (4.374863ms)
✔ WebCodecs async fast path resolves after the GPU readback lands (0.490604ms)
✔ copyTo failure is a DROP, never a throw into the frame loop (0.339743ms)
✔ legacy sync copyTo returning void still commits the full slot (2.122101ms)
✔ ImageData + raw paths (0.834675ms)
✔ ingestor dtype gate: f32 ring rejected (Law 4) (0.658256ms)
✔ AudioPcmFeeder: exact-fit chunks roll one slot per chunk (0.70845ms)
✔ AudioPcmFeeder: chunk spanning slot boundaries carries with zero gaps (0.476528ms)
✔ AudioPcmFeeder: tiny chunks accumulate then roll (worklet cadence) (0.501284ms)
✔ AudioPcmFeeder dtype gate + chunk size gate (Law 4) (0.537482ms)
✔ crc32 matches node:zlib over the static header region (3.682192ms)
✔ f16FromBits matches numpy float16 decode exactly (0.482629ms)
✔ f16ToBits matches numpy round-to-nearest-even (0.384777ms)
✔ fourcc round-trips as LE ASCII (0.260455ms)
✔ validateRingHeader accepts both golden fixtures (1.614068ms)
✔ fail-closed corruption matrix — every mutation gets a machine-readable code (1.21234ms)
✔ dtype validity table (0.150992ms)
✔ create() writes a self-validating header (round trip through attach) (1.915059ms)
✔ Canvas2DPlane: ONE ImageData reused, pixel-accurate blit per frame (4.660455ms)
✔ Canvas2DPlane dtype gate (Law 4) (0.890089ms)
✔ OverlayScratch + drawBoxes2D: bounded, reused, pixel records (1.592518ms)
✔ drawSkeleton2D honours confidence gating (0.32215ms)
✔ WebGL2Plane: zero-alloc texSubImage2D from the slot view + fullscreen tri (3.124282ms)
✔ create + typed commit + acquireLatest returns exact values, zero surprises (5.197717ms)
✔ byte commit path (Uint8Array) with short payload (bounded loop, no throw) (0.525229ms)
✔ acquireLatest(lastSeq) returns null when nothing new; acquireFrame bounds (2.223684ms)
✔ overrun: slotCount=2, 5 commits -> old seq gone, latest correct (0.624053ms)
✔ torn read: uncommitted slot is invisible, then visible after commit marker (0.500924ms)
✔ zero-copy begin/finish path matches convenience commit (0.420153ms)
✔ commit rejects wrong dtype / oversized payloads (fail-closed) (1.49717ms)
✔ create() input validation is fail-closed (0.527904ms)
✔ waitForNewFrame resolves via injected scheduler; timeout path returns null (44.96792ms)
✔ SharedArrayBuffer smoke: create(shared) + atomics publish + acquire (0.654971ms)
✔ ring stats counters are sealed and monotonic (0.493199ms)
✔ detectRuntime identifies node (this process) (2.064648ms)
✔ detectRuntime: browser / deno / bun / worker / electron fakes (0.613032ms)
✔ runtimeMatrix feature list stays sorted/deterministic (0.883877ms)
✔ assertShareable accepts SAB, rejects plain ArrayBuffer (0.535708ms)
ℹ tests 46
ℹ suites 0
ℹ pass 46
ℹ fail 0
ℹ cancelled 0
ℹ skipped 0
ℹ todo 0
ℹ duration_ms 2304.503642
[3/8] Python suite
.......s.............s................                                   [100%]
36 passed, 2 skipped in 9.48s
[4/8] TS producer -> Python consumer
{"producer":"typescript","path":"/tmp/tmp.oNkP85gdBD/ts_ring.bin","byteLength":640,"producerSeq":10,"slotStride":128,"schemaId":"fe77000000000000"}
{"consumer": "python", "path": "/tmp/tmp.oNkP85gdBD/ts_ring.bin", "framesValidated": [7, 8, 9, 10], "dlpackAlias": true, "ok": true}
[5/8] Python producer -> TS consumer
{"producer": "python", "path": "/tmp/tmp.oNkP85gdBD/py_ring.bin", "byteLength": 640, "producerSeq": 10, "slotStride": 128, "schemaId": "fe77000000000001"}
{"consumer":"typescript","path":"/tmp/tmp.oNkP85gdBD/py_ring.bin","framesValidated":[7,8,9,10],"ok":true}
[6/8] DLPack alias proof (consumed the TS-produced ring, pointer-checked)
    dlpack alias OK (slot ptr 0x55f738e1df30 inside ring 0x55f738e1ddf0..0x55f738e1e070)
[7/8] zero-allocation probes (100k ops each, post-warmup, --expose-gc)
    {"mode":"ring","iters":100000,"heapBefore":4405112,"heapAfter":4402296,"deltaBytes":-2816}
    {"mode":"ingest","iters":100000,"heapBefore":4396920,"heapAfter":4411664,"deltaBytes":14744}
    {"mode":"audio","iters":100000,"heapBefore":4392712,"heapAfter":4405888,"deltaBytes":13176}
    {"mode":"render","iters":100000,"heapBefore":4404864,"heapAfter":4406464,"deltaBytes":1600}
    {"mode":"overlay","iters":100000,"heapBefore":4284176,"heapAfter":4285648,"deltaBytes":1472}
[8/8] latency gates (directive: commit < 50us)
    {"bench":"weft-tensor commit/acquire","node":"v24.20.0","video":{"geometry":"320x180 RGBA","slotCapBytes":230400,"commit":{"n":50000,"p50_us":0.171,"p99_us":1.393,"max_us":171.008},"acquire":{"n":50000,"p50_us":0.12,"p99_us":0.541,"max_us":169.055},"commit_under_50us":true},"audio":{"geometry":"2ch x 128 f32 (interleaved quanta 256)","slotCapBytes":1024,"commit":{"n":50000,"p50_us":0.481,"p99_us":0.641,"max_us":38.852},"acquire":{"n":50000,"p50_us":0.121,"p99_us":0.771,"max_us":143.217},"commit_under_50us":true}}
weft-tensor managed shard: ALL 8 STAGES GREEN
