==================================================
SHARD: simd-blend
DESCRIPTION: Q12 raster blend: C golden gates + xlang-blend cross-language digests + bench
STATUS: PASSED ✅
COMMIT: 66c2e7810b9290803dd079a69b2f68e72421b0cd
RUN: 148
==================================================

== simd-blend shard: env x86_64/Linux ==
-- C kernel gates --
== blend_test: impl=avx2 (2) ==
B1 boundaries: OK
B2 parity sweep: OK (154 path-checks, all == scalar)
B3 alpha sweep 0..4096 (dispatched): OK
B4 in-place aliasing: OK
blend_test: ALL GATES GREEN
blend-test: ALL GATES GREEN
-- xlang-blend golden gate --
== xlang-blend golden parity: env x86_64/Linux ==
-- C kernel (golden source) --
   blend-test gates GREEN
   golden-vectors.csv matches the kernel
-- TS verifier (reference port) --
xlang-blend TS verifier: 63/63 golden digests match
-- Kotlin verifier --
xlang-blend Kotlin verifier: 63/63 golden digests match
-- Dart verifier: DECLARED skip (no dart; flutter-packages leg owns it) --
-- Swift port: DECLARED skip (no swiftc; apple-packages compiles + golden-gates it) --

xlang-blend: ran=3 declared_skips=2
✅ xlang-blend parity: every executed port byte-identical to the C kernel
xlang-blend parity GREEN
-- blend_runner benchmark --
== blend_runner: dispatch=avx2 ==
256x256-hot (65536 words): scalar   286926 ns/frame (  2.7 GB/s) | avx2    21805 ns/frame ( 36.1 GB/s) | speedup 13.16x
1080p (2073600 words): scalar  9071507 ns/frame (  2.7 GB/s) | avx2   699419 ns/frame ( 35.6 GB/s) | speedup 12.97x
4K (8294400 words): scalar 36320182 ns/frame (  2.7 GB/s) | avx2  2934776 ns/frame ( 33.9 GB/s) | speedup 12.38x
8K (33177600 words): scalar 145330536 ns/frame (  2.7 GB/s) | avx2 12074711 ns/frame ( 33.0 GB/s) | speedup 12.04x
✅ simd-blend shard GREEN
