==================================================
SHARD: weft-cluster-managed
DESCRIPTION: Project weft-cluster Pillar 3: TS wire/client/topology/router/metrics, Python wire/router/UDP parity, live UDP mesh, 100k zero-alloc probes, 1M fps burst, rendezvous router
STATUS: PASSED ✅
COMMIT: 214c7a8811638f2aad657673911eac89e6f4b7d3
RUN: 245
==================================================

[1/8] kernel-core integrity (Law 3: core/c/weft.{c,h} byte-frozen)
    core/c/weft.{c,h} untouched
[2/8] TS wire vectors + cross-language guard
✔ crosslang: TS still decodes the frozen WCN1 vectors byte-exactly (1.357973ms)
✔ crosslang: TS rejects malformed fixtures with the frozen codes (0.293911ms)
✔ crosslang: FNV/CRC reference vectors match the fixture (0.33141ms)
✔ crc32 IEEE vectors (parity with Python zlib.crc32) (1.151546ms)
✔ fnv1a64 topic hash vectors (parity with Python impl) (0.482012ms)
✔ WCN1 header: little-endian byte layout is normative (0.444342ms)
✔ WCN1 round-trip: encode -> decode -> same fields (5.20746ms)
✔ Law 4: malformed datagrams map to the exact error taxonomy (0.466464ms)
✔ error names are stable (Law 4 contract) (0.323075ms)
✔ WGS1 gossip: encode + entries + decode round-trip (0.599312ms)
✔ WGS1: entry_count overrun is WC_E_TRUNCATED, not a crash (0.162254ms)
✔ Law 1: decodeInto is allocation-free (structural check) (0.255999ms)
ℹ tests 12
ℹ suites 0
ℹ pass 12
ℹ fail 0
ℹ cancelled 0
ℹ skipped 0
ℹ todo 0
ℹ duration_ms 86.830434
[3/8] Python wire + router vector parity
.........                                                                [100%]
9 passed in 0.39s
[4/8] TypeScript suite
✔ shm: publish -> subscribe async iterator, seq monotonic, payload intact (12.286707ms)
✔ shm: two subscribers fan out independently; unsubscribe stops flow (10.642167ms)
✔ shm: tryLatest reads newest without advancing the iterator (4.247223ms)
✔ Law 4: stale seq replays are dropped and counted (datagram path) (0.759622ms)
✔ udp: two clients, SUB control plane, live datagram pub/sub (36.980543ms)
✔ udp: publisher with zero subscribers stays silent (no peers dup) (0.778017ms)
✔ crosslang: TS still decodes the frozen WCN1 vectors byte-exactly (1.765566ms)
✔ crosslang: TS rejects malformed fixtures with the frozen codes (0.380492ms)
✔ crosslang: FNV/CRC reference vectors match the fixture (0.447598ms)
✔ registry: counters, gauges, histogram quantile sanity (2.665511ms)
✔ histogram bucket bounds follow the 1, 2, 3, 4, 6, 8, 12... sequence (0.417351ms)
✔ prometheus: exposition format with cumulative histogram buckets (1.439625ms)
✔ otel: OTLP/JSON document shape (resourceMetrics -> metrics) (1.844955ms)
✔ perfetto: .pftrace protobuf round-trips packets and track events (2.139215ms)
✔ prometheus: embedded /metrics server answers 200 over real HTTP (77.410464ms)
✔ router: deterministic owner across calls and instances (2.123456ms)
✔ router: cross-language owner vector (node seeds 11,22,33,44 / telemetry) (2.589508ms)
✔ router: 8-node balance within 3x envelope (10.944181ms)
✔ router: minimal disruption — adding 1 of 9 nodes moves ~1/9 of topics (11.853294ms)
✔ router: unrouted topic -> WC_E_TOPIC_UNROUTED (0.438762ms)
✔ router: removeNode stops routing to it; version bumps (0.282349ms)
✔ membership: upsert + hash-index lookup round-trip (1.518583ms)
✔ membership: open addressing survives heavy collisions (2.089703ms)
✔ gossip: 3 engines converge to a full membership view (socketless) (3.622653ms)
✔ gossip: stale incarnation ignored, higher incarnation wins (0.589634ms)
✔ gossip: LEAVING is sticky at equal incarnation, revive needs higher (0.468407ms)
✔ gossip: SWIM refutation — falsely-leaving node bumps incarnation (0.422641ms)
✔ gossip: silent nodes suspect then evicted (fake clock) (1.507844ms)
✔ gossip: graceful leave announces and propagates LEAVING (0.352971ms)
✔ crc32 IEEE vectors (parity with Python zlib.crc32) (1.381607ms)
✔ fnv1a64 topic hash vectors (parity with Python impl) (0.37918ms)
✔ WCN1 header: little-endian byte layout is normative (0.381314ms)
✔ WCN1 round-trip: encode -> decode -> same fields (4.692736ms)
✔ Law 4: malformed datagrams map to the exact error taxonomy (0.294751ms)
✔ error names are stable (Law 4 contract) (0.243727ms)
✔ WGS1 gossip: encode + entries + decode round-trip (0.483736ms)
✔ WGS1: entry_count overrun is WC_E_TRUNCATED, not a crash (0.147526ms)
✔ Law 1: decodeInto is allocation-free (structural check) (0.355335ms)
ℹ tests 38
ℹ suites 0
ℹ pass 38
ℹ fail 0
ℹ cancelled 0
ℹ skipped 0
ℹ todo 0
ℹ duration_ms 2182.954899
[5/8] Python suite
.....s.........                                                          [100%]
14 passed, 1 skipped in 8.66s
[6/8] live cross-language UDP cluster (both directions)
..                                                                       [100%]
2 passed in 8.33s
[7/8] zero-allocation probes (100k ops each, post-warmup, --expose-gc)
    {"mode":"publish","iters":100000,"heapBefore":7487328,"heapAfter":7487384,"deltaBytes":56}
    {"mode":"subscribe","iters":100000,"heapBefore":7555576,"heapAfter":7557920,"deltaBytes":2344}
    {"mode":"metrics","iters":100000,"heapBefore":7396744,"heapAfter":7396200,"deltaBytes":-544}
    {"mode":"router","iters":100000,"heapBefore":7429312,"heapAfter":7429272,"deltaBytes":-40}
[8/8] performance gates
    [8a] 4-node demo smoke (monotonicity must PASS)
    demo PASS (monotonic, 0 gaps, 0 stale)
    [8b] mesh burst >= 1,000,000 fps (mandate D)
    {"kind":"weft-cluster-mesh-burst","transport":"loopback-shm (simulated cluster)","nodes":4,"consumers":3,"topics":1,"payloadBytes":64,"fpsTarget":1000000,"seconds":2,"publishedFrames":2000000,"ingestedFrames":6000000,"expectedIngest":6000000,"achievedFps":1093150,"fanoutWritesPerSec":3279450,"elapsedSec":1.83,"sequenceGaps":0,"hopLatencyNs":{"p50":1024,"p99":2048},"at":"2026-09-23T12:55:35.266Z"}
    [8c] membership lookup latency (mandate B1)
    {"kind":"weft-cluster-router-bench","membershipLookupNs":{"p50":16.7,"p99":32.9},"routerOwnerNs":{"p50":1140.7,"p99":1159.8,"nodes":8},"mandate":"lock-free cluster state table lookups < 10 ns (Pillar 3 mandate B1)"}
    lookup p50 16.7ns (gate 25ns; mandate 10ns is bare-metal — delta recorded in D-33)
weft-cluster-managed shard: ALL 8 STAGES GREEN
