==================================================
SHARD: weft-tensor-managed
DESCRIPTION: Project weft-tensor Pillar 2: WTR1 layout, TS/Python ingestion engines, DLPack/NumPy bridge, cross-language parity, React/Flutter AI hooks/widgets, 120 FPS flight demo, alloc probes
STATUS: PASSED ✅
COMMIT: 214c7a8811638f2aad657673911eac89e6f4b7d3
RUN: 245
==================================================

[1/8] fixture determinism
OK /home/runner/work/Weft/Weft/fixtures/weft-tensor/ring-v1-f32.bin (640 B) byte-identical
OK /home/runner/work/Weft/Weft/fixtures/weft-tensor/ring-v1-u8.bin (640 B) byte-identical
[2/8] TypeScript suite
✔ zero-alloc probe [ring] — 100k steady-state ops stay flat (110.153217ms)
✔ zero-alloc probe [ingest] — 100k steady-state ops stay flat (99.760067ms)
✔ zero-alloc probe [audio] — 100k steady-state ops stay flat (91.210693ms)
✔ zero-alloc probe [render] — 100k steady-state ops stay flat (1230.989165ms)
✔ zero-alloc probe [overlay] — 100k steady-state ops stay flat (56.127181ms)
✔ negative control: a deliberately-allocating loop IS caught (65.317895ms)
✔ f32 fixture: header fields, 10 frames, dyadic payload parity (2.893651ms)
✔ u8 fixture: header fields, 6 frames, byte payload parity (1.276144ms)
✔ WebCodecs sync fast path: bytes land in ring, no intermediate (4.000394ms)
✔ WebCodecs async fast path resolves after the GPU readback lands (0.321564ms)
✔ copyTo failure is a DROP, never a throw into the frame loop (0.449874ms)
✔ legacy sync copyTo returning void still commits the full slot (1.438533ms)
✔ ImageData + raw paths (0.60305ms)
✔ ingestor dtype gate: f32 ring rejected (Law 4) (0.418477ms)
✔ AudioPcmFeeder: exact-fit chunks roll one slot per chunk (0.444666ms)
✔ AudioPcmFeeder: chunk spanning slot boundaries carries with zero gaps (0.841031ms)
✔ AudioPcmFeeder: tiny chunks accumulate then roll (worklet cadence) (0.408102ms)
✔ AudioPcmFeeder dtype gate + chunk size gate (Law 4) (0.676558ms)
✔ crc32 matches node:zlib over the static header region (3.152233ms)
✔ f16FromBits matches numpy float16 decode exactly (0.428983ms)
✔ f16ToBits matches numpy round-to-nearest-even (0.511425ms)
✔ fourcc round-trips as LE ASCII (0.216059ms)
✔ validateRingHeader accepts both golden fixtures (1.281111ms)
✔ fail-closed corruption matrix — every mutation gets a machine-readable code (1.313128ms)
✔ dtype validity table (0.15586ms)
✔ create() writes a self-validating header (round trip through attach) (2.049735ms)
✔ Canvas2DPlane: ONE ImageData reused, pixel-accurate blit per frame (4.529906ms)
✔ Canvas2DPlane dtype gate (Law 4) (0.571573ms)
✔ OverlayScratch + drawBoxes2D: bounded, reused, pixel records (0.958274ms)
✔ drawSkeleton2D honours confidence gating (0.293494ms)
✔ WebGL2Plane: zero-alloc texSubImage2D from the slot view + fullscreen tri (2.192996ms)
✔ create + typed commit + acquireLatest returns exact values, zero surprises (4.121418ms)
✔ byte commit path (Uint8Array) with short payload (bounded loop, no throw) (0.251752ms)
✔ acquireLatest(lastSeq) returns null when nothing new; acquireFrame bounds (1.075898ms)
✔ overrun: slotCount=2, 5 commits -> old seq gone, latest correct (0.305401ms)
✔ torn read: uncommitted slot is invisible, then visible after commit marker (0.241586ms)
✔ zero-copy begin/finish path matches convenience commit (0.217792ms)
✔ commit rejects wrong dtype / oversized payloads (fail-closed) (0.573507ms)
✔ create() input validation is fail-closed (0.221227ms)
✔ waitForNewFrame resolves via injected scheduler; timeout path returns null (32.132115ms)
✔ SharedArrayBuffer smoke: create(shared) + atomics publish + acquire (0.408894ms)
✔ ring stats counters are sealed and monotonic (0.151553ms)
✔ detectRuntime identifies node (this process) (0.819069ms)
✔ detectRuntime: browser / deno / bun / worker / electron fakes (0.215839ms)
✔ runtimeMatrix feature list stays sorted/deterministic (0.805378ms)
✔ assertShareable accepts SAB, rejects plain ArrayBuffer (0.566957ms)
ℹ tests 46
ℹ suites 0
ℹ pass 46
ℹ fail 0
ℹ cancelled 0
ℹ skipped 0
ℹ todo 0
ℹ duration_ms 1728.004511
[3/8] Python suite
.......s.............s................                                   [100%]
36 passed, 2 skipped in 9.04s
[4/8] TS producer -> Python consumer
{"producer":"typescript","path":"/tmp/tmp.Cy6NtAvN8w/ts_ring.bin","byteLength":640,"producerSeq":10,"slotStride":128,"schemaId":"fe77000000000000"}
{"consumer": "python", "path": "/tmp/tmp.Cy6NtAvN8w/ts_ring.bin", "framesValidated": [7, 8, 9, 10], "dlpackAlias": true, "ok": true}
[5/8] Python producer -> TS consumer
{"producer": "python", "path": "/tmp/tmp.Cy6NtAvN8w/py_ring.bin", "byteLength": 640, "producerSeq": 10, "slotStride": 128, "schemaId": "fe77000000000001"}
{"consumer":"typescript","path":"/tmp/tmp.Cy6NtAvN8w/py_ring.bin","framesValidated":[7,8,9,10],"ok":true}
[6/8] DLPack alias proof (consumed the TS-produced ring, pointer-checked)
    dlpack alias OK (slot ptr 0x563fb5c12f30 inside ring 0x563fb5c12df0..0x563fb5c13070)
[7/8] zero-allocation probes (100k ops each, post-warmup, --expose-gc)
    {"mode":"ring","iters":100000,"heapBefore":4407640,"heapAfter":4402608,"deltaBytes":-5032}
    {"mode":"ingest","iters":100000,"heapBefore":4396920,"heapAfter":4411664,"deltaBytes":14744}
    {"mode":"audio","iters":100000,"heapBefore":4392536,"heapAfter":4405840,"deltaBytes":13304}
    {"mode":"render","iters":100000,"heapBefore":4404960,"heapAfter":4406560,"deltaBytes":1600}
    {"mode":"overlay","iters":100000,"heapBefore":4284936,"heapAfter":4285648,"deltaBytes":712}
[8/8] latency gates (directive: commit < 50us)
    {"bench":"weft-tensor commit/acquire","node":"v24.20.0","video":{"geometry":"320x180 RGBA","slotCapBytes":230400,"commit":{"n":50000,"p50_us":0.14,"p99_us":0.771,"max_us":133.641},"acquire":{"n":50000,"p50_us":0.12,"p99_us":0.36,"max_us":45.668},"commit_under_50us":true},"audio":{"geometry":"2ch x 128 f32 (interleaved quanta 256)","slotCapBytes":1024,"commit":{"n":50000,"p50_us":0.381,"p99_us":0.561,"max_us":99.659},"acquire":{"n":50000,"p50_us":0.101,"p99_us":1.012,"max_us":158.278},"commit_under_50us":true}}
weft-tensor managed shard: ALL 8 STAGES GREEN
