==================================================
SHARD: weft-cluster-managed
DESCRIPTION: Project weft-cluster Pillar 3: TS wire/client/topology/router/metrics, Python wire/router/UDP parity, live UDP mesh, 100k zero-alloc probes, 1M fps burst, rendezvous router
STATUS: PASSED ✅
COMMIT: c8af3f7d09158ac426b488651e1e72e9527e5be6
RUN: 235
==================================================

[1/8] kernel-core integrity (Law 3: core/c/weft.{c,h} byte-frozen)
    core/c/weft.{c,h} untouched
[2/8] TS wire vectors + cross-language guard
✔ crosslang: TS still decodes the frozen WCN1 vectors byte-exactly (1.506491ms)
✔ crosslang: TS rejects malformed fixtures with the frozen codes (0.351436ms)
✔ crosslang: FNV/CRC reference vectors match the fixture (0.445382ms)
✔ crc32 IEEE vectors (parity with Python zlib.crc32) (0.974276ms)
✔ fnv1a64 topic hash vectors (parity with Python impl) (0.266712ms)
✔ WCN1 header: little-endian byte layout is normative (0.215327ms)
✔ WCN1 round-trip: encode -> decode -> same fields (3.276379ms)
✔ Law 4: malformed datagrams map to the exact error taxonomy (0.320964ms)
✔ error names are stable (Law 4 contract) (0.222798ms)
✔ WGS1 gossip: encode + entries + decode round-trip (0.355305ms)
✔ WGS1: entry_count overrun is WC_E_TRUNCATED, not a crash (0.123387ms)
✔ Law 1: decodeInto is allocation-free (structural check) (0.204206ms)
ℹ tests 12
ℹ suites 0
ℹ pass 12
ℹ fail 0
ℹ cancelled 0
ℹ skipped 0
ℹ todo 0
ℹ duration_ms 179.346189
[3/8] Python wire + router vector parity
.........                                                                [100%]
9 passed in 1.32s
[4/8] TypeScript suite
✔ shm: publish -> subscribe async iterator, seq monotonic, payload intact (9.098892ms)
✔ shm: two subscribers fan out independently; unsubscribe stops flow (10.831841ms)
✔ shm: tryLatest reads newest without advancing the iterator (5.082304ms)
✔ Law 4: stale seq replays are dropped and counted (datagram path) (0.552674ms)
✔ udp: two clients, SUB control plane, live datagram pub/sub (33.956247ms)
✔ udp: publisher with zero subscribers stays silent (no peers dup) (0.538848ms)
✔ crosslang: TS still decodes the frozen WCN1 vectors byte-exactly (1.170611ms)
✔ crosslang: TS rejects malformed fixtures with the frozen codes (0.227187ms)
✔ crosslang: FNV/CRC reference vectors match the fixture (0.313977ms)
✔ registry: counters, gauges, histogram quantile sanity (1.779503ms)
✔ histogram bucket bounds follow the 1, 2, 3, 4, 6, 8, 12... sequence (0.239461ms)
✔ prometheus: exposition format with cumulative histogram buckets (0.965971ms)
✔ otel: OTLP/JSON document shape (resourceMetrics -> metrics) (1.339111ms)
✔ perfetto: .pftrace protobuf round-trips packets and track events (1.248595ms)
✔ prometheus: embedded /metrics server answers 200 over real HTTP (442.196428ms)
✔ router: deterministic owner across calls and instances (1.288268ms)
✔ router: cross-language owner vector (node seeds 11,22,33,44 / telemetry) (1.474137ms)
✔ router: 8-node balance within 3x envelope (4.854226ms)
✔ router: minimal disruption — adding 1 of 9 nodes moves ~1/9 of topics (5.782037ms)
✔ router: unrouted topic -> WC_E_TOPIC_UNROUTED (0.892859ms)
✔ router: removeNode stops routing to it; version bumps (0.189144ms)
✔ membership: upsert + hash-index lookup round-trip (1.512508ms)
✔ membership: open addressing survives heavy collisions (0.986ms)
✔ gossip: 3 engines converge to a full membership view (socketless) (2.307989ms)
✔ gossip: stale incarnation ignored, higher incarnation wins (0.372726ms)
✔ gossip: LEAVING is sticky at equal incarnation, revive needs higher (0.252313ms)
✔ gossip: SWIM refutation — falsely-leaving node bumps incarnation (0.984576ms)
✔ gossip: silent nodes suspect then evicted (fake clock) (0.326605ms)
✔ gossip: graceful leave announces and propagates LEAVING (0.293434ms)
✔ crc32 IEEE vectors (parity with Python zlib.crc32) (0.877906ms)
✔ fnv1a64 topic hash vectors (parity with Python impl) (0.253332ms)
✔ WCN1 header: little-endian byte layout is normative (0.217889ms)
✔ WCN1 round-trip: encode -> decode -> same fields (3.96105ms)
✔ Law 4: malformed datagrams map to the exact error taxonomy (0.298043ms)
✔ error names are stable (Law 4 contract) (0.223897ms)
✔ WGS1 gossip: encode + entries + decode round-trip (0.331753ms)
✔ WGS1: entry_count overrun is WC_E_TRUNCATED, not a crash (0.099936ms)
✔ Law 1: decodeInto is allocation-free (structural check) (0.216808ms)
ℹ tests 38
ℹ suites 0
ℹ pass 38
ℹ fail 0
ℹ cancelled 0
ℹ skipped 0
ℹ todo 0
ℹ duration_ms 2360.003647
[5/8] Python suite
.....s.........                                                          [100%]
14 passed, 1 skipped in 8.62s
[6/8] live cross-language UDP cluster (both directions)
..                                                                       [100%]
2 passed in 8.32s
[7/8] zero-allocation probes (100k ops each, post-warmup, --expose-gc)
    {"mode":"publish","iters":100000,"heapBefore":7481424,"heapAfter":7481480,"deltaBytes":56}
    {"mode":"subscribe","iters":100000,"heapBefore":7558696,"heapAfter":7555288,"deltaBytes":-3408}
    {"mode":"metrics","iters":100000,"heapBefore":7396888,"heapAfter":7396576,"deltaBytes":-312}
    {"mode":"router","iters":100000,"heapBefore":7432480,"heapAfter":7432440,"deltaBytes":-40}
[8/8] performance gates
    [8a] 4-node demo smoke (monotonicity must PASS)
    demo PASS (monotonic, 0 gaps, 0 stale)
    [8b] mesh burst >= 1,000,000 fps (mandate D)
    {"kind":"weft-cluster-mesh-burst","transport":"loopback-shm (simulated cluster)","nodes":4,"consumers":3,"topics":1,"payloadBytes":64,"fpsTarget":1000000,"seconds":2,"publishedFrames":2000000,"ingestedFrames":6000000,"expectedIngest":6000000,"achievedFps":1188056,"fanoutWritesPerSec":3564167,"elapsedSec":1.68,"sequenceGaps":0,"hopLatencyNs":{"p50":1024,"p99":1536},"at":"2026-09-23T11:19:33.119Z"}
    [8c] membership lookup latency (mandate B1)
    {"kind":"weft-cluster-router-bench","membershipLookupNs":{"p50":14.3,"p99":30.8},"routerOwnerNs":{"p50":1061,"p99":1084.2,"nodes":8},"mandate":"lock-free cluster state table lookups < 10 ns (Pillar 3 mandate B1)"}
    lookup p50 14.3ns (gate 25ns; mandate 10ns is bare-metal — delta recorded in D-33)
weft-cluster-managed shard: ALL 8 STAGES GREEN
