==================================================
SHARD: fanout-native
DESCRIPTION: C/Rust fan-out ring: F-series + torture x2 regimes + Loom + xlang
STATUS: FAILED ❌
COMMIT: 005e7c03cdb86846d52be9918f56c39d2349df5d
RUN: 146
==================================================


=== C build (fenced acq/rel + seq_cst) ===
make: Entering directory '/home/runner/work/Weft/Weft/core/c'
gcc -O2 -std=c11 -Wall -Wextra -pthread -D_GNU_SOURCE -o fanout-test fanout.c frame_cursor.c weft.c fanout_simd.c fanout_test.c
weft.c:15: warning: "_GNU_SOURCE" redefined
   15 | #define _GNU_SOURCE  // for posix_memalign
      | 
<command-line>: note: this is the location of the previous definition
gcc -O2 -std=c11 -Wall -Wextra -pthread -D_GNU_SOURCE -DWEFT_FANOUT_SEQ_CST=1 -o fanout-test-seq fanout.c frame_cursor.c weft.c fanout_simd.c fanout_test.c
weft.c:15: warning: "_GNU_SOURCE" redefined
   15 | #define _GNU_SOURCE  // for posix_memalign
      | 
<command-line>: note: this is the location of the previous definition
gcc -O2 -std=c11 -Wall -Wextra -pthread -D_GNU_SOURCE -o fanout-runner fanout.c frame_cursor.c weft.c fanout_simd.c fanout_runner.c
weft.c:15: warning: "_GNU_SOURCE" redefined
   15 | #define _GNU_SOURCE  // for posix_memalign
      | 
<command-line>: note: this is the location of the previous definition
gcc -O2 -std=c11 -Wall -Wextra -pthread -D_GNU_SOURCE -DWEFT_FANOUT_SEQ_CST=1 -o fanout-runner-seq fanout.c frame_cursor.c weft.c fanout_simd.c fanout_runner.c
weft.c:15: warning: "_GNU_SOURCE" redefined
   15 | #define _GNU_SOURCE  // for posix_memalign
      | 
<command-line>: note: this is the location of the previous definition
make: Leaving directory '/home/runner/work/Weft/Weft/core/c'

=== C F-series conformance (default regime) ===
ok: F1 payload_bytes=0 rejected
ok: F1 payload_bytes%4!=0 rejected
ok: F1 slot_count<2 rejected
ok: F1 slot_count=1 rejected
ok: F1 slot_count>64 rejected
ok: F1 ring_bytes formula (TS parity)
ok: F1 reader geometry mismatch rejected
ok: F2 init succeeds
ok: F2 reader init succeeds
ok: F2 claim before any publish: null frame
ok: begin returns a cursor
ok: fill writes every word
ok: F2 publish returns frame 1
ok: F2 first publish: fresh, dropped=0
ok: payload words intact
ok: begin returns a cursor
ok: fill writes every word
ok: begin returns a cursor
ok: fill writes every word
ok: begin returns a cursor
ok: fill writes every word
ok: F3 three unseen publishes: dropped=2
ok: payload words intact
ok: F4 ring init
ok: F4 reader init
ok: begin returns a cursor
ok: fill writes every word
ok: begin returns a cursor
ok: fill writes every word
ok: begin returns a cursor
ok: fill writes every word
ok: begin returns a cursor
ok: fill writes every word
ok: begin returns a cursor
ok: fill writes every word
ok: begin returns a cursor
ok: fill writes every word
ok: begin returns a cursor
ok: fill writes every word
ok: begin returns a cursor
ok: fill writes every word
ok: begin returns a cursor
ok: fill writes every word
ok: begin returns a cursor
ok: fill writes every word
ok: begin returns a cursor
ok: fill writes every word
ok: begin returns a cursor
ok: fill writes every word
ok: begin returns a cursor
ok: fill writes every word
ok: begin returns a cursor
ok: fill writes every word
ok: begin returns a cursor
ok: fill writes every word
ok: begin returns a cursor
ok: fill writes every word
ok: begin returns a cursor
ok: fill writes every word
ok: begin returns a cursor
ok: fill writes every word
ok: begin returns a cursor
ok: fill writes every word
ok: begin returns a cursor
ok: fill writes every word
ok: begin returns a cursor
ok: fill writes every word
ok: begin returns a cursor
ok: fill writes every word
ok: begin returns a cursor
ok: fill writes every word
ok: begin returns a cursor
ok: fill writes every word
ok: begin returns a cursor
ok: fill writes every word
ok: begin returns a cursor
ok: fill writes every word
ok: begin returns a cursor
ok: fill writes every word
ok: begin returns a cursor
ok: fill writes every word
ok: begin returns a cursor
ok: fill writes every word
ok: begin returns a cursor
ok: fill writes every word
ok: begin returns a cursor
ok: fill writes every word
ok: begin returns a cursor
ok: fill writes every word
ok: begin returns a cursor
ok: fill writes every word
ok: begin returns a cursor
ok: fill writes every word
ok: begin returns a cursor
ok: fill writes every word
ok: begin returns a cursor
ok: fill writes every word
ok: begin returns a cursor
ok: fill writes every word
ok: begin returns a cursor
ok: fill writes every word
ok: begin returns a cursor
ok: fill writes every word
ok: begin returns a cursor
ok: fill writes every word
ok: begin returns a cursor
ok: fill writes every word
ok: begin returns a cursor
ok: fill writes every word
ok: begin returns a cursor
ok: fill writes every word
ok: begin returns a cursor
ok: fill writes every word
ok: begin returns a cursor
ok: fill writes every word
ok: begin returns a cursor
ok: fill writes every word
ok: begin returns a cursor
ok: fill writes every word
ok: begin returns a cursor
ok: fill writes every word
ok: begin returns a cursor
ok: fill writes every word
ok: begin returns a cursor
ok: fill writes every word
ok: begin returns a cursor
ok: fill writes every word
ok: begin returns a cursor
ok: fill writes every word
ok: begin returns a cursor
ok: fill writes every word
ok: begin returns a cursor
ok: fill writes every word
ok: begin returns a cursor
ok: fill writes every word
ok: begin returns a cursor
ok: fill writes every word
ok: begin returns a cursor
ok: fill writes every word
ok: begin returns a cursor
ok: fill writes every word
ok: begin returns a cursor
ok: fill writes every word
ok: begin returns a cursor
ok: fill writes every word
ok: F4 telescoping identity exact
ok: F4 reader converged to the last frame
ok: F4 stats agree with the loop
ok: F5 M=2 ring init
ok: F5 reader init
ok: begin returns a cursor
ok: fill writes every word
ok: F5 reader holds frame 1
ok: begin returns a cursor
ok: fill writes every word
ok: begin returns a cursor
ok: fill writes every word
ok: F5 mid-overwrite: keeps last consistent frame
ok: F5 skip counted, never silent
ok: F5 converges after the overwrite completes
ok: F6 ring init
ok: F6 publish with no begin returns 0
ok: begin returns a cursor
ok: fill writes every word
ok: F6 publish after begin returns 1
ok: F6 fill len%4!=0 rejected
ok: F7 producer init
ok: begin returns a cursor
ok: fill writes every word
ok: begin returns a cursor
ok: fill writes every word
ok: begin returns a cursor
ok: fill writes every word
ok: begin returns a cursor
ok: fill writes every word
ok: begin returns a cursor
ok: fill writes every word
ok: begin returns a cursor
ok: fill writes every word
ok: begin returns a cursor
ok: fill writes every word
ok: begin returns a cursor
ok: fill writes every word
ok: begin returns a cursor
ok: fill writes every word
ok: begin returns a cursor
ok: fill writes every word
ok: begin returns a cursor
ok: fill writes every word
ok: begin returns a cursor
ok: fill writes every word
ok: begin returns a cursor
ok: fill writes every word
ok: begin returns a cursor
ok: fill writes every word
ok: begin returns a cursor
ok: fill writes every word
ok: begin returns a cursor
ok: fill writes every word
ok: begin returns a cursor
ok: fill writes every word
ok: begin returns a cursor
ok: fill writes every word
ok: begin returns a cursor
ok: fill writes every word
ok: begin returns a cursor
ok: fill writes every word
ok: begin returns a cursor
ok: fill writes every word
ok: begin returns a cursor
ok: fill writes every word
ok: begin returns a cursor
ok: fill writes every word
ok: begin returns a cursor
ok: fill writes every word
ok: begin returns a cursor
ok: fill writes every word
ok: begin returns a cursor
ok: fill writes every word
ok: begin returns a cursor
ok: fill writes every word
ok: begin returns a cursor
ok: fill writes every word
ok: begin returns a cursor
ok: fill writes every word
ok: begin returns a cursor
ok: fill writes every word
ok: begin returns a cursor
ok: fill writes every word
ok: begin returns a cursor
ok: fill writes every word
ok: begin returns a cursor
ok: fill writes every word
ok: begin returns a cursor
ok: fill writes every word
ok: begin returns a cursor
ok: fill writes every word
ok: begin returns a cursor
ok: fill writes every word
ok: begin returns a cursor
ok: fill writes every word
ok: begin returns a cursor
ok: fill writes every word
ok: begin returns a cursor
ok: fill writes every word
ok: begin returns a cursor
ok: fill writes every word
ok: begin returns a cursor
ok: fill writes every word
ok: begin returns a cursor
ok: fill writes every word
ok: begin returns a cursor
ok: fill writes every word
ok: begin returns a cursor
ok: fill writes every word
ok: begin returns a cursor
ok: fill writes every word
ok: begin returns a cursor
ok: fill writes every word
ok: begin returns a cursor
ok: fill writes every word
ok: begin returns a cursor
ok: fill writes every word
ok: begin returns a cursor
ok: fill writes every word
ok: begin returns a cursor
ok: fill writes every word
ok: begin returns a cursor
ok: fill writes every word
ok: begin returns a cursor
ok: fill writes every word
ok: begin returns a cursor
ok: fill writes every word
ok: begin returns a cursor
ok: fill writes every word
ok: begin returns a cursor
ok: fill writes every word
ok: begin returns a cursor
ok: fill writes every word
ok: begin returns a cursor
ok: fill writes every word
ok: begin returns a cursor
ok: fill writes every word
ok: begin returns a cursor
ok: fill writes every word
ok: begin returns a cursor
ok: fill writes every word
ok: begin returns a cursor
ok: fill writes every word
ok: begin returns a cursor
ok: fill writes every word
ok: begin returns a cursor
ok: fill writes every word
ok: begin returns a cursor
ok: fill writes every word
ok: begin returns a cursor
ok: fill writes every word
ok: begin returns a cursor
ok: fill writes every word
ok: begin returns a cursor
ok: fill writes every word
ok: begin returns a cursor
ok: fill writes every word
ok: begin returns a cursor
ok: fill writes every word
ok: begin returns a cursor
ok: fill writes every word
ok: begin returns a cursor
ok: fill writes every word
ok: begin returns a cursor
ok: fill writes every word
ok: begin returns a cursor
ok: fill writes every word
ok: begin returns a cursor
ok: fill writes every word
ok: begin returns a cursor
ok: fill writes every word
ok: begin returns a cursor
ok: fill writes every word
ok: begin returns a cursor
ok: fill writes every word
ok: begin returns a cursor
ok: fill writes every word
ok: begin returns a cursor
ok: fill writes every word
ok: begin returns a cursor
ok: fill writes every word
ok: begin returns a cursor
ok: fill writes every word
ok: begin returns a cursor
ok: fill writes every word
ok: begin returns a cursor
ok: fill writes every word
ok: begin returns a cursor
ok: fill writes every word
ok: begin returns a cursor
ok: fill writes every word
ok: begin returns a cursor
ok: fill writes every word
ok: begin returns a cursor
ok: fill writes every word
ok: begin returns a cursor
ok: fill writes every word
ok: begin returns a cursor
ok: fill writes every word
ok: begin returns a cursor
ok: fill writes every word
ok: begin returns a cursor
ok: fill writes every word
ok: begin returns a cursor
ok: fill writes every word
ok: begin returns a cursor
ok: fill writes every word
ok: begin returns a cursor
ok: fill writes every word
ok: begin returns a cursor
ok: fill writes every word
ok: begin returns a cursor
ok: fill writes every word
ok: begin returns a cursor
ok: fill writes every word
ok: F7 reader attaches to the copy
ok: F7 handoff: fresh final frame, dropped = N-1
ok: payload words intact
ok: F7 writer attach
ok: F7 second attach on the live broadcaster is refused
ok: begin returns a cursor
ok: fill writes every word
ok: F7 attached writer continues numbering
ok: F7 second reader attach
ok: F7 cross-producer accounting telescopes
ok: F8 debug latest/publishes/slots
ok: F8 slot stamps populated and in range
ok: F9 new rejects bad geometry (slots, mod-4)
ok: F9 new allocates
ok: F9 ring accessor non-NULL
ok: F9 new ring publishes frame 1
ok: F9 raw latestSeq == 1 at offset 0
ok: F9 raw publishes == 1 at offset 8
ok: F9 reader_new attaches to the ring pointer
ok: F9 reader on the new/free ring claims frame 1
ok: F9 reader_new rejects ring_bytes mismatch
ok: F9 free pair NULL-safe, no crash
ok: FC kernel init
ok: FC1 null frame baseline: first, behind 0
ok: FC2 first real frame: behind 0, not first
ok: FC3 gap accounting: behind 2
ok: FC4 idle claim: recycled hold, reset rule, behind 0
ok: FC4 idle claim adds no drops
ok: FC5 kernel init
ok: FC5 baseline seq 10
ok: FC5 decreasing seq resets accounting (no burst)
ok: FC5 reset adds no drops
ok: FC6 accumulators: totalDropped=2, claims=4
ok: FC6 reset: next update is first again
ok: FC6 reset zeroed the counters

PASS: 0 failure(s)

=== C F-series conformance (all-seq_cst regime) ===
ok: F1 payload_bytes=0 rejected
ok: F1 payload_bytes%4!=0 rejected
ok: F1 slot_count<2 rejected
ok: F1 slot_count=1 rejected
ok: F1 slot_count>64 rejected
ok: F1 ring_bytes formula (TS parity)
ok: F1 reader geometry mismatch rejected
ok: F2 init succeeds
ok: F2 reader init succeeds
ok: F2 claim before any publish: null frame
ok: begin returns a cursor
ok: fill writes every word
ok: F2 publish returns frame 1
ok: F2 first publish: fresh, dropped=0
ok: payload words intact
ok: begin returns a cursor
ok: fill writes every word
ok: begin returns a cursor
ok: fill writes every word
ok: begin returns a cursor
ok: fill writes every word
ok: F3 three unseen publishes: dropped=2
ok: payload words intact
ok: F4 ring init
ok: F4 reader init
ok: begin returns a cursor
ok: fill writes every word
ok: begin returns a cursor
ok: fill writes every word
ok: begin returns a cursor
ok: fill writes every word
ok: begin returns a cursor
ok: fill writes every word
ok: begin returns a cursor
ok: fill writes every word
ok: begin returns a cursor
ok: fill writes every word
ok: begin returns a cursor
ok: fill writes every word
ok: begin returns a cursor
ok: fill writes every word
ok: begin returns a cursor
ok: fill writes every word
ok: begin returns a cursor
ok: fill writes every word
ok: begin returns a cursor
ok: fill writes every word
ok: begin returns a cursor
ok: fill writes every word
ok: begin returns a cursor
ok: fill writes every word
ok: begin returns a cursor
ok: fill writes every word
ok: begin returns a cursor
ok: fill writes every word
ok: begin returns a cursor
ok: fill writes every word
ok: begin returns a cursor
ok: fill writes every word
ok: begin returns a cursor
ok: fill writes every word
ok: begin returns a cursor
ok: fill writes every word
ok: begin returns a cursor
ok: fill writes every word
ok: begin returns a cursor
ok: fill writes every word
ok: begin returns a cursor
ok: fill writes every word
ok: begin returns a cursor
ok: fill writes every word
ok: begin returns a cursor
ok: fill writes every word
ok: begin returns a cursor
ok: fill writes every word
ok: begin returns a cursor
ok: fill writes every word
ok: begin returns a cursor
ok: fill writes every word
ok: begin returns a cursor
ok: fill writes every word
ok: begin returns a cursor
ok: fill writes every word
ok: begin returns a cursor
ok: fill writes every word
ok: begin returns a cursor
ok: fill writes every word
ok: begin returns a cursor
ok: fill writes every word
ok: begin returns a cursor
ok: fill writes every word
ok: begin returns a cursor
ok: fill writes every word
ok: begin returns a cursor
ok: fill writes every word
ok: begin returns a cursor
ok: fill writes every word
ok: begin returns a cursor
ok: fill writes every word
ok: begin returns a cursor
ok: fill writes every word
ok: begin returns a cursor
ok: fill writes every word
ok: begin returns a cursor
ok: fill writes every word
ok: begin returns a cursor
ok: fill writes every word
ok: begin returns a cursor
ok: fill writes every word
ok: begin returns a cursor
ok: fill writes every word
ok: begin returns a cursor
ok: fill writes every word
ok: begin returns a cursor
ok: fill writes every word
ok: begin returns a cursor
ok: fill writes every word
ok: begin returns a cursor
ok: fill writes every word
ok: begin returns a cursor
ok: fill writes every word
ok: begin returns a cursor
ok: fill writes every word
ok: begin returns a cursor
ok: fill writes every word
ok: begin returns a cursor
ok: fill writes every word
ok: begin returns a cursor
ok: fill writes every word
ok: begin returns a cursor
ok: fill writes every word
ok: begin returns a cursor
ok: fill writes every word
ok: begin returns a cursor
ok: fill writes every word
ok: begin returns a cursor
ok: fill writes every word
ok: begin returns a cursor
ok: fill writes every word
ok: begin returns a cursor
ok: fill writes every word
ok: begin returns a cursor
ok: fill writes every word
ok: begin returns a cursor
ok: fill writes every word
ok: F4 telescoping identity exact
ok: F4 reader converged to the last frame
ok: F4 stats agree with the loop
ok: F5 M=2 ring init
ok: F5 reader init
ok: begin returns a cursor
ok: fill writes every word
ok: F5 reader holds frame 1
ok: begin returns a cursor
ok: fill writes every word
ok: begin returns a cursor
ok: fill writes every word
ok: F5 mid-overwrite: keeps last consistent frame
ok: F5 skip counted, never silent
ok: F5 converges after the overwrite completes
ok: F6 ring init
ok: F6 publish with no begin returns 0
ok: begin returns a cursor
ok: fill writes every word
ok: F6 publish after begin returns 1
ok: F6 fill len%4!=0 rejected
ok: F7 producer init
ok: begin returns a cursor
ok: fill writes every word
ok: begin returns a cursor
ok: fill writes every word
ok: begin returns a cursor
ok: fill writes every word
ok: begin returns a cursor
ok: fill writes every word
ok: begin returns a cursor
ok: fill writes every word
ok: begin returns a cursor
ok: fill writes every word
ok: begin returns a cursor
ok: fill writes every word
ok: begin returns a cursor
ok: fill writes every word
ok: begin returns a cursor
ok: fill writes every word
ok: begin returns a cursor
ok: fill writes every word
ok: begin returns a cursor
ok: fill writes every word
ok: begin returns a cursor
ok: fill writes every word
ok: begin returns a cursor
ok: fill writes every word
ok: begin returns a cursor
ok: fill writes every word
ok: begin returns a cursor
ok: fill writes every word
ok: begin returns a cursor
ok: fill writes every word
ok: begin returns a cursor
ok: fill writes every word
ok: begin returns a cursor
ok: fill writes every word
ok: begin returns a cursor
ok: fill writes every word
ok: begin returns a cursor
ok: fill writes every word
ok: begin returns a cursor
ok: fill writes every word
ok: begin returns a cursor
ok: fill writes every word
ok: begin returns a cursor
ok: fill writes every word
ok: begin returns a cursor
ok: fill writes every word
ok: begin returns a cursor
ok: fill writes every word
ok: begin returns a cursor
ok: fill writes every word
ok: begin returns a cursor
ok: fill writes every word
ok: begin returns a cursor
ok: fill writes every word
ok: begin returns a cursor
ok: fill writes every word
ok: begin returns a cursor
ok: fill writes every word
ok: begin returns a cursor
ok: fill writes every word
ok: begin returns a cursor
ok: fill writes every word
ok: begin returns a cursor
ok: fill writes every word
ok: begin returns a cursor
ok: fill writes every word
ok: begin returns a cursor
ok: fill writes every word
ok: begin returns a cursor
ok: fill writes every word
ok: begin returns a cursor
ok: fill writes every word
ok: begin returns a cursor
ok: fill writes every word
ok: begin returns a cursor
ok: fill writes every word
ok: begin returns a cursor
ok: fill writes every word
ok: begin returns a cursor
ok: fill writes every word
ok: begin returns a cursor
ok: fill writes every word
ok: begin returns a cursor
ok: fill writes every word
ok: begin returns a cursor
ok: fill writes every word
ok: begin returns a cursor
ok: fill writes every word
ok: begin returns a cursor
ok: fill writes every word
ok: begin returns a cursor
ok: fill writes every word
ok: begin returns a cursor
ok: fill writes every word
ok: begin returns a cursor
ok: fill writes every word
ok: begin returns a cursor
ok: fill writes every word
ok: begin returns a cursor
ok: fill writes every word
ok: begin returns a cursor
ok: fill writes every word
ok: begin returns a cursor
ok: fill writes every word
ok: begin returns a cursor
ok: fill writes every word
ok: begin returns a cursor
ok: fill writes every word
ok: begin returns a cursor
ok: fill writes every word
ok: begin returns a cursor
ok: fill writes every word
ok: begin returns a cursor
ok: fill writes every word
ok: begin returns a cursor
ok: fill writes every word
ok: begin returns a cursor
ok: fill writes every word
ok: begin returns a cursor
ok: fill writes every word
ok: begin returns a cursor
ok: fill writes every word
ok: begin returns a cursor
ok: fill writes every word
ok: begin returns a cursor
ok: fill writes every word
ok: begin returns a cursor
ok: fill writes every word
ok: begin returns a cursor
ok: fill writes every word
ok: begin returns a cursor
ok: fill writes every word
ok: begin returns a cursor
ok: fill writes every word
ok: begin returns a cursor
ok: fill writes every word
ok: begin returns a cursor
ok: fill writes every word
ok: begin returns a cursor
ok: fill writes every word
ok: begin returns a cursor
ok: fill writes every word
ok: begin returns a cursor
ok: fill writes every word
ok: begin returns a cursor
ok: fill writes every word
ok: begin returns a cursor
ok: fill writes every word
ok: begin returns a cursor
ok: fill writes every word
ok: begin returns a cursor
ok: fill writes every word
ok: begin returns a cursor
ok: fill writes every word
ok: begin returns a cursor
ok: fill writes every word
ok: begin returns a cursor
ok: fill writes every word
ok: begin returns a cursor
ok: fill writes every word
ok: begin returns a cursor
ok: fill writes every word
ok: begin returns a cursor
ok: fill writes every word
ok: begin returns a cursor
ok: fill writes every word
ok: begin returns a cursor
ok: fill writes every word
ok: begin returns a cursor
ok: fill writes every word
ok: begin returns a cursor
ok: fill writes every word
ok: begin returns a cursor
ok: fill writes every word
ok: begin returns a cursor
ok: fill writes every word
ok: begin returns a cursor
ok: fill writes every word
ok: begin returns a cursor
ok: fill writes every word
ok: begin returns a cursor
ok: fill writes every word
ok: begin returns a cursor
ok: fill writes every word
ok: begin returns a cursor
ok: fill writes every word
ok: begin returns a cursor
ok: fill writes every word
ok: begin returns a cursor
ok: fill writes every word
ok: begin returns a cursor
ok: fill writes every word
ok: F7 reader attaches to the copy
ok: F7 handoff: fresh final frame, dropped = N-1
ok: payload words intact
ok: F7 writer attach
ok: F7 second attach on the live broadcaster is refused
ok: begin returns a cursor
ok: fill writes every word
ok: F7 attached writer continues numbering
ok: F7 second reader attach
ok: F7 cross-producer accounting telescopes
ok: F8 debug latest/publishes/slots
ok: F8 slot stamps populated and in range
ok: F9 new rejects bad geometry (slots, mod-4)
ok: F9 new allocates
ok: F9 ring accessor non-NULL
ok: F9 new ring publishes frame 1
ok: F9 raw latestSeq == 1 at offset 0
ok: F9 raw publishes == 1 at offset 8
ok: F9 reader_new attaches to the ring pointer
ok: F9 reader on the new/free ring claims frame 1
ok: F9 reader_new rejects ring_bytes mismatch
ok: F9 free pair NULL-safe, no crash
ok: FC kernel init
ok: FC1 null frame baseline: first, behind 0
ok: FC2 first real frame: behind 0, not first
ok: FC3 gap accounting: behind 2
ok: FC4 idle claim: recycled hold, reset rule, behind 0
ok: FC4 idle claim adds no drops
ok: FC5 kernel init
ok: FC5 baseline seq 10
ok: FC5 decreasing seq resets accounting (no burst)
ok: FC5 reset adds no drops
ok: FC6 accumulators: totalDropped=2, claims=4
ok: FC6 reset: next update is first again
ok: FC6 reset zeroed the counters

PASS: 0 failure(s)

=== C torture (default regime, 200k frames) ===
reader 0: fresh=96449 dropped=103551 claims=3618495 skipped=0 torn_exhausted=0 last_seq=200000 identity=OK
reader 1: fresh=95378 dropped=104622 claims=1620384 skipped=0 torn_exhausted=0 last_seq=200000 identity=OK
reader 2: fresh=179546 dropped=20454 claims=2009984 skipped=0 torn_exhausted=0 last_seq=200000 identity=OK
reader 3: fresh=194549 dropped=5451 claims=4074732 skipped=0 torn_exhausted=0 last_seq=200000 identity=OK
torture: frames=200000 slots=4 words=256 readers=4 publishes=200000 elapsed_ms=229.3 rate=872281/s verdict=PASS

=== C torture (all-seq_cst regime, 200k frames) ===
reader 0: fresh=183874 dropped=16126 claims=2478971 skipped=0 torn_exhausted=0 last_seq=200000 identity=OK
reader 1: fresh=143914 dropped=56086 claims=917133 skipped=0 torn_exhausted=0 last_seq=200000 identity=OK
reader 2: fresh=99871 dropped=100129 claims=607324 skipped=0 torn_exhausted=0 last_seq=200000 identity=OK
reader 3: fresh=168622 dropped=31378 claims=2516405 skipped=0 torn_exhausted=0 last_seq=200000 identity=OK
torture: frames=200000 slots=4 words=256 readers=4 publishes=200000 elapsed_ms=223.7 rate=893906/s verdict=PASS

=== FS-series SIMD claim-copy gate (default + seq_cst + legacy + asan) ===
make: Entering directory '/home/runner/work/Weft/Weft/core/c'
gcc -O2 -std=c11 -Wall -Wextra -pthread -D_GNU_SOURCE -o fanout-simd-test fanout.c frame_cursor.c weft.c fanout_simd.c fanout_simd_test.c
weft.c:15: warning: "_GNU_SOURCE" redefined
   15 | #define _GNU_SOURCE  // for posix_memalign
      | 
<command-line>: note: this is the location of the previous definition
gcc -O2 -std=c11 -Wall -Wextra -pthread -D_GNU_SOURCE -DWEFT_FANOUT_SEQ_CST=1 -o fanout-simd-test-seq fanout.c frame_cursor.c weft.c fanout_simd.c fanout_simd_test.c
weft.c:15: warning: "_GNU_SOURCE" redefined
   15 | #define _GNU_SOURCE  // for posix_memalign
      | 
<command-line>: note: this is the location of the previous definition
gcc -O2 -std=c11 -Wall -Wextra -pthread -D_GNU_SOURCE -DWEFT_FANOUT_SIMD_DISABLE=1 -o fanout-simd-test-legacy fanout.c frame_cursor.c weft.c fanout_simd.c fanout_simd_test.c
weft.c:15: warning: "_GNU_SOURCE" redefined
   15 | #define _GNU_SOURCE  // for posix_memalign
      | 
<command-line>: note: this is the location of the previous definition
gcc -O1 -g -fsanitize=address -std=c11 -Wall -Wextra -pthread -D_GNU_SOURCE -o fanout-simd-test-asan fanout.c frame_cursor.c weft.c fanout_simd.c fanout_simd_test.c
weft.c:15: warning: "_GNU_SOURCE" redefined
   15 | #define _GNU_SOURCE  // for posix_memalign
      | 
<command-line>: note: this is the location of the previous definition
make: Leaving directory '/home/runner/work/Weft/Weft/core/c'
ok: FS1 auto-resolve reports an impl name
ok: FS1 pinned impl reports its own name
ok: FS1 pinned impl reports its own name
ok: FS1 pinned impl reports its own name
ok: FS1 refused pin leaves a working impl
ok: FS1 refused pin leaves a working impl
ok: FS1 unknown impl name refused
ok: FS1 NULL name refused
ok: FS1 force_scalar pins scalar
ok: FS2 byte-identity sweep passed (one line per impl)
ok: FS2 byte-identity sweep passed (one line per impl)
ok: FS2 swept every compiled vector impl
info: FS2 combos verified: 372 across 2 impls
ok: FS3 reader init
ok: FS3 end-to-end claims intact via scalar
ok: FS3 back-to-back claims always fresh
ok: FS3 zero drops in lockstep
ok: FS3 reader init
ok: FS3 end-to-end claims intact via sse2
ok: FS3 back-to-back claims always fresh
ok: FS3 zero drops in lockstep
ok: FS3 reader init
ok: FS3 end-to-end claims intact via avx2
ok: FS3 back-to-back claims always fresh
ok: FS3 zero drops in lockstep
ok: FS4 reader init
info: FS4 torturing with avx2 pinned, 1.0s
ok: FS4 writer spawn
ok: FS4 zero torn frames accepted as fresh
ok: FS4 every fresh frame byte-exact
ok: FS4 dropped+fresh telescopes to lastSeq exactly
ok: FS5 sub-vector and odd-tail sizes identical
ok: FS5 64 KiB tier identical
active impl on this host: avx2
FS-SERIES PASS
ok: FS1 auto-resolve reports an impl name
ok: FS1 pinned impl reports its own name
ok: FS1 pinned impl reports its own name
ok: FS1 pinned impl reports its own name
ok: FS1 refused pin leaves a working impl
ok: FS1 refused pin leaves a working impl
ok: FS1 unknown impl name refused
ok: FS1 NULL name refused
ok: FS1 force_scalar pins scalar
ok: FS2 byte-identity sweep passed (one line per impl)
ok: FS2 byte-identity sweep passed (one line per impl)
ok: FS2 swept every compiled vector impl
info: FS2 combos verified: 372 across 2 impls
ok: FS3 reader init
ok: FS3 end-to-end claims intact via scalar
ok: FS3 back-to-back claims always fresh
ok: FS3 zero drops in lockstep
ok: FS3 reader init
ok: FS3 end-to-end claims intact via sse2
ok: FS3 back-to-back claims always fresh
ok: FS3 zero drops in lockstep
ok: FS3 reader init
ok: FS3 end-to-end claims intact via avx2
ok: FS3 back-to-back claims always fresh
ok: FS3 zero drops in lockstep
ok: FS4 reader init
info: FS4 torturing with avx2 pinned, 1.0s
ok: FS4 writer spawn
ok: FS4 zero torn frames accepted as fresh
ok: FS4 every fresh frame byte-exact
ok: FS4 dropped+fresh telescopes to lastSeq exactly
ok: FS5 sub-vector and odd-tail sizes identical
ok: FS5 64 KiB tier identical
active impl on this host: avx2
FS-SERIES PASS
ok: FS1 auto-resolve reports an impl name
ok: FS1 pinned impl reports its own name
ok: FS1 pinned impl reports its own name
ok: FS1 pinned impl reports its own name
ok: FS1 refused pin leaves a working impl
ok: FS1 refused pin leaves a working impl
ok: FS1 unknown impl name refused
ok: FS1 NULL name refused
ok: FS1 force_scalar pins scalar
ok: FS2 byte-identity sweep passed (one line per impl)
ok: FS2 byte-identity sweep passed (one line per impl)
ok: FS2 swept every compiled vector impl
info: FS2 combos verified: 372 across 2 impls
ok: FS3 reader init
ok: FS3 end-to-end claims intact via scalar
ok: FS3 back-to-back claims always fresh
ok: FS3 zero drops in lockstep
ok: FS3 reader init
ok: FS3 end-to-end claims intact via sse2
ok: FS3 back-to-back claims always fresh
ok: FS3 zero drops in lockstep
ok: FS3 reader init
ok: FS3 end-to-end claims intact via avx2
ok: FS3 back-to-back claims always fresh
ok: FS3 zero drops in lockstep
ok: FS4 reader init
info: FS4 torturing with avx2 pinned, 1.0s
ok: FS4 writer spawn
ok: FS4 zero torn frames accepted as fresh
ok: FS4 every fresh frame byte-exact
ok: FS4 dropped+fresh telescopes to lastSeq exactly
ok: FS5 sub-vector and odd-tail sizes identical
ok: FS5 64 KiB tier identical
active impl on this host: avx2
FS-SERIES PASS
ok: FS1 auto-resolve reports an impl name
ok: FS1 pinned impl reports its own name
ok: FS1 pinned impl reports its own name
ok: FS1 pinned impl reports its own name
ok: FS1 refused pin leaves a working impl
ok: FS1 refused pin leaves a working impl
ok: FS1 unknown impl name refused
ok: FS1 NULL name refused
ok: FS1 force_scalar pins scalar
ok: FS2 byte-identity sweep passed (one line per impl)
ok: FS2 byte-identity sweep passed (one line per impl)
ok: FS2 swept every compiled vector impl
info: FS2 combos verified: 372 across 2 impls
ok: FS3 reader init
ok: FS3 end-to-end claims intact via scalar
ok: FS3 back-to-back claims always fresh
ok: FS3 zero drops in lockstep
ok: FS3 reader init
ok: FS3 end-to-end claims intact via sse2
ok: FS3 back-to-back claims always fresh
ok: FS3 zero drops in lockstep
ok: FS3 reader init
ok: FS3 end-to-end claims intact via avx2
ok: FS3 back-to-back claims always fresh
ok: FS3 zero drops in lockstep
ok: FS4 reader init
info: FS4 torturing with avx2 pinned, 1.0s
ok: FS4 writer spawn
ok: FS4 zero torn frames accepted as fresh
ok: FS4 every fresh frame byte-exact
ok: FS4 dropped+fresh telescopes to lastSeq exactly
ok: FS5 sub-vector and odd-tail sizes identical
ok: FS5 64 KiB tier identical
active impl on this host: avx2
FS-SERIES PASS

=== FL-series cache-aware layout gate (64B + 32B-line legs) ===
make: Entering directory '/home/runner/work/Weft/Weft/core/c'
gcc -O2 -std=c11 -Wall -Wextra -pthread -D_GNU_SOURCE -o fanout-layout-test fanout.c frame_cursor.c weft.c fanout_simd.c fanout_layout_test.c
weft.c:15: warning: "_GNU_SOURCE" redefined
   15 | #define _GNU_SOURCE  // for posix_memalign
      | 
<command-line>: note: this is the location of the previous definition
gcc -O2 -std=c11 -Wall -Wextra -pthread -D_GNU_SOURCE -DWEFT_FANOUT_SLOT_ALIGN_BYTES=32 -o fanout-layout-test-smallline fanout.c frame_cursor.c weft.c fanout_simd.c fanout_layout_test.c
weft.c:15: warning: "_GNU_SOURCE" redefined
   15 | #define _GNU_SOURCE  // for posix_memalign
      | 
<command-line>: note: this is the location of the previous definition
gcc -O1 -g -fsanitize=address -std=c11 -Wall -Wextra -pthread -D_GNU_SOURCE -o fanout-layout-test-asan fanout.c frame_cursor.c weft.c fanout_simd.c fanout_layout_test.c
weft.c:15: warning: "_GNU_SOURCE" redefined
   15 | #define _GNU_SOURCE  // for posix_memalign
      | 
<command-line>: note: this is the location of the previous definition
make: Leaving directory '/home/runner/work/Weft/Weft/core/c'
FAIL: FL3 slot-aligned <= base-aligned (within 5%) at every size (line 293)
FL-SERIES FAIL (1)
ok: FL2 closed form == brute force (all geometries, 64B/32B lines)
ok: FL2 slot-aligned: ZERO split vector loads at every geometry
ok: FL2 vw==line: base-aligned splits iff payload base unaligned (lucky depth M=6 mod 8)
ok: FL2 64B alignment implies 32B alignment (small-line CPUs safe)
{"bench":"fanout-layout","kind":"split-theory","line":64,"slots":4,"payload_bytes":256,"base_aligned_split_loads":4,"base_aligned_loads":4,"slot_aligned_split_loads":0,"slot_aligned_loads":4}
{"bench":"fanout-layout","kind":"split-theory","line":64,"slots":4,"payload_bytes":1024,"base_aligned_split_loads":16,"base_aligned_loads":16,"slot_aligned_split_loads":0,"slot_aligned_loads":16}
{"bench":"fanout-layout","kind":"split-theory","line":64,"slots":4,"payload_bytes":4096,"base_aligned_split_loads":64,"base_aligned_loads":64,"slot_aligned_split_loads":0,"slot_aligned_loads":64}
{"bench":"fanout-layout","kind":"split-theory","line":64,"slots":4,"payload_bytes":16384,"base_aligned_split_loads":256,"base_aligned_loads":256,"slot_aligned_split_loads":0,"slot_aligned_loads":256}
{"bench":"fanout-layout","kind":"split-theory","line":64,"slots":4,"payload_bytes":65536,"base_aligned_split_loads":1024,"base_aligned_loads":1024,"slot_aligned_split_loads":0,"slot_aligned_loads":1024}
ok: FL1 slot_line_align reports 64 (0 legacy, 64 default)
ok: FL1 payload base line-aligned across sweep (line=64)
ok: FL1 wire-relative offsets unchanged (ctrl@0, payload@16+8M)
{"bench":"fanout-layout","kind":"latency-ab","line":64,"slots":4,"payload_bytes":1024,"impl":"avx2","base_aligned_p50_ns":40.0,"slot_aligned_p50_ns":41.0,"delta_pct":2.50}
{"bench":"fanout-layout","kind":"latency-ab","line":64,"slots":4,"payload_bytes":4096,"impl":"avx2","base_aligned_p50_ns":71.0,"slot_aligned_p50_ns":80.0,"delta_pct":12.68}
{"bench":"fanout-layout","kind":"latency-ab","line":64,"slots":4,"payload_bytes":16384,"impl":"avx2","base_aligned_p50_ns":211.0,"slot_aligned_p50_ns":211.0,"delta_pct":0.00}
{"bench":"fanout-layout","kind":"latency-ab","line":64,"slots":4,"payload_bytes":65536,"impl":"avx2","base_aligned_p50_ns":1323.0,"slot_aligned_p50_ns":1353.0,"delta_pct":2.27}
ok: FL4 whole-ring bytes IDENTICAL across layouts (interop/fixtures unbroken)
ok: FL4 readers across layouts agree (seq + payload bytes)
ok: FL5 attach on foreign base-aligned ring
ok: FL5 reader on foreign ring
ok: FL5 foreign-ring claims stay correct under any producer alignment
line=64 impl=avx2
ok: FL2 closed form == brute force (all geometries, 64B/32B lines)
ok: FL2 slot-aligned: ZERO split vector loads at every geometry
ok: FL2 vw==line: base-aligned splits iff payload base unaligned (lucky depth M=6 mod 8)
{"bench":"fanout-layout","kind":"split-theory","line":32,"slots":4,"payload_bytes":256,"base_aligned_split_loads":8,"base_aligned_loads":8,"slot_aligned_split_loads":0,"slot_aligned_loads":8}
{"bench":"fanout-layout","kind":"split-theory","line":32,"slots":4,"payload_bytes":1024,"base_aligned_split_loads":32,"base_aligned_loads":32,"slot_aligned_split_loads":0,"slot_aligned_loads":32}
{"bench":"fanout-layout","kind":"split-theory","line":32,"slots":4,"payload_bytes":4096,"base_aligned_split_loads":128,"base_aligned_loads":128,"slot_aligned_split_loads":0,"slot_aligned_loads":128}
{"bench":"fanout-layout","kind":"split-theory","line":32,"slots":4,"payload_bytes":16384,"base_aligned_split_loads":512,"base_aligned_loads":512,"slot_aligned_split_loads":0,"slot_aligned_loads":512}
{"bench":"fanout-layout","kind":"split-theory","line":32,"slots":4,"payload_bytes":65536,"base_aligned_split_loads":2048,"base_aligned_loads":2048,"slot_aligned_split_loads":0,"slot_aligned_loads":2048}
ok: FL1 slot_line_align reports 32 (0 legacy, 32 default)
ok: FL1 payload base line-aligned across sweep (line=32)
ok: FL1 wire-relative offsets unchanged (ctrl@0, payload@16+8M)
{"bench":"fanout-layout","kind":"latency-ab","line":32,"slots":4,"payload_bytes":1024,"impl":"avx2","base_aligned_p50_ns":40.0,"slot_aligned_p50_ns":40.0,"delta_pct":0.00}
{"bench":"fanout-layout","kind":"latency-ab","line":32,"slots":4,"payload_bytes":4096,"impl":"avx2","base_aligned_p50_ns":71.0,"slot_aligned_p50_ns":70.0,"delta_pct":-1.41}
{"bench":"fanout-layout","kind":"latency-ab","line":32,"slots":4,"payload_bytes":16384,"impl":"avx2","base_aligned_p50_ns":220.0,"slot_aligned_p50_ns":220.0,"delta_pct":0.00}
{"bench":"fanout-layout","kind":"latency-ab","line":32,"slots":4,"payload_bytes":65536,"impl":"avx2","base_aligned_p50_ns":1332.0,"slot_aligned_p50_ns":1353.0,"delta_pct":1.58}
ok: FL3 slot-aligned <= base-aligned (within 5%) at every size
ok: FL4 whole-ring bytes IDENTICAL across layouts (interop/fixtures unbroken)
ok: FL4 readers across layouts agree (seq + payload bytes)
ok: FL5 attach on foreign base-aligned ring
ok: FL5 reader on foreign ring
ok: FL5 foreign-ring claims stay correct under any producer alignment
line=32 impl=avx2
FL-SERIES PASS
ok: FL2 closed form == brute force (all geometries, 64B/32B lines)
ok: FL2 slot-aligned: ZERO split vector loads at every geometry
ok: FL2 vw==line: base-aligned splits iff payload base unaligned (lucky depth M=6 mod 8)
ok: FL2 64B alignment implies 32B alignment (small-line CPUs safe)
{"bench":"fanout-layout","kind":"split-theory","line":64,"slots":4,"payload_bytes":256,"base_aligned_split_loads":4,"base_aligned_loads":4,"slot_aligned_split_loads":0,"slot_aligned_loads":4}
{"bench":"fanout-layout","kind":"split-theory","line":64,"slots":4,"payload_bytes":1024,"base_aligned_split_loads":16,"base_aligned_loads":16,"slot_aligned_split_loads":0,"slot_aligned_loads":16}
{"bench":"fanout-layout","kind":"split-theory","line":64,"slots":4,"payload_bytes":4096,"base_aligned_split_loads":64,"base_aligned_loads":64,"slot_aligned_split_loads":0,"slot_aligned_loads":64}
{"bench":"fanout-layout","kind":"split-theory","line":64,"slots":4,"payload_bytes":16384,"base_aligned_split_loads":256,"base_aligned_loads":256,"slot_aligned_split_loads":0,"slot_aligned_loads":256}
{"bench":"fanout-layout","kind":"split-theory","line":64,"slots":4,"payload_bytes":65536,"base_aligned_split_loads":1024,"base_aligned_loads":1024,"slot_aligned_split_loads":0,"slot_aligned_loads":1024}
ok: FL1 slot_line_align reports 64 (0 legacy, 64 default)
ok: FL1 payload base line-aligned across sweep (line=64)
ok: FL1 wire-relative offsets unchanged (ctrl@0, payload@16+8M)
{"bench":"fanout-layout","kind":"latency-ab","line":64,"slots":4,"payload_bytes":1024,"impl":"avx2","base_aligned_p50_ns":231.0,"slot_aligned_p50_ns":231.0,"delta_pct":0.00}
{"bench":"fanout-layout","kind":"latency-ab","line":64,"slots":4,"payload_bytes":4096,"impl":"avx2","base_aligned_p50_ns":390.0,"slot_aligned_p50_ns":381.0,"delta_pct":-2.31}
{"bench":"fanout-layout","kind":"latency-ab","line":64,"slots":4,"payload_bytes":16384,"impl":"avx2","base_aligned_p50_ns":1443.0,"slot_aligned_p50_ns":1452.0,"delta_pct":0.62}
{"bench":"fanout-layout","kind":"latency-ab","line":64,"slots":4,"payload_bytes":65536,"impl":"avx2","base_aligned_p50_ns":5641.0,"slot_aligned_p50_ns":5611.0,"delta_pct":-0.53}
ok: FL3 slot-aligned <= base-aligned (within 5%) at every size
ok: FL4 whole-ring bytes IDENTICAL across layouts (interop/fixtures unbroken)
ok: FL4 readers across layouts agree (seq + payload bytes)
ok: FL5 attach on foreign base-aligned ring
ok: FL5 reader on foreign ring
ok: FL5 foreign-ring claims stay correct under any producer alignment
line=64 impl=avx2
FL-SERIES PASS

=== FB-series writer-batching gate (default + seq_cst + asan) ===
make: Entering directory '/home/runner/work/Weft/Weft/core/c'
gcc -O2 -std=c11 -Wall -Wextra -pthread -D_GNU_SOURCE -o fanout-batch-test fanout.c frame_cursor.c weft.c fanout_simd.c fanout_batch.c fanout_batch_test.c
weft.c:15: warning: "_GNU_SOURCE" redefined
   15 | #define _GNU_SOURCE  // for posix_memalign
      | 
<command-line>: note: this is the location of the previous definition
fanout_batch_test.c: In function ‘test_fb3’:
fanout_batch_test.c:186:14: warning: unused variable ‘buf’ [-Wunused-variable]
  186 |     uint32_t buf[WORDS];
      |              ^~~
gcc -O2 -std=c11 -Wall -Wextra -pthread -D_GNU_SOURCE -DWEFT_FANOUT_SEQ_CST=1 -o fanout-batch-test-seq fanout.c frame_cursor.c weft.c fanout_simd.c fanout_batch.c fanout_batch_test.c
weft.c:15: warning: "_GNU_SOURCE" redefined
   15 | #define _GNU_SOURCE  // for posix_memalign
      | 
<command-line>: note: this is the location of the previous definition
fanout_batch_test.c: In function ‘test_fb3’:
fanout_batch_test.c:186:14: warning: unused variable ‘buf’ [-Wunused-variable]
  186 |     uint32_t buf[WORDS];
      |              ^~~
gcc -O1 -g -fsanitize=address -std=c11 -Wall -Wextra -pthread -D_GNU_SOURCE -o fanout-batch-test-asan fanout.c frame_cursor.c weft.c fanout_simd.c fanout_batch.c fanout_batch_test.c
weft.c:15: warning: "_GNU_SOURCE" redefined
   15 | #define _GNU_SOURCE  // for posix_memalign
      | 
<command-line>: note: this is the location of the previous definition
fanout_batch_test.c: In function ‘test_fb3’:
fanout_batch_test.c:186:14: warning: unused variable ‘buf’ [-Wunused-variable]
  186 |     uint32_t buf[WORDS];
      |              ^~~
make: Leaving directory '/home/runner/work/Weft/Weft/core/c'
ok: FB1 batch returns the tail seq, w_seq continuity exact
ok: FB1 freshest claim carries the LAST frame's bytes; dropped == n-1
ok: FB1 publishes telemetry counts every frame (n per batch)
ok: FB1 short + begin-only frames accepted
ok: FB1 begin-only tail frame claims (empty payload valid)
ok: FB2 single publishes interleave with batches seamlessly
ok: FB3 100-frame batch returns 100
ok: FB3 dropped == 99 behind a 100-frame batch (M=4)
ok: FB3 tail frame bytes exact after windowed stamping
ok: FB4 writer spawn
ok: FB4 ZERO torn frames accepted under batch bursts
ok: FB4 dropped+fresh telescopes to lastSeq exactly under batching
info: FB4 57675 batches (1845600 frames) vs reader: fresh=57669
ok: FB5 malformed batch refused (returns 0)
ok: FB5 refusal is ATOMIC: latestSeq and publishes unchanged
ok: FB5 refusal leaves w_seq untouched (no half-begun state)
ok: FB5 NULL src with len refused
ok: FB5 NULL frames refused
ok: FB5 n == 0 is a detectable no-op
ok: FB6 commit publishes the 5 begun frames
ok: FB6 reader view identical to the batch API
ok: FB6 tail frame bytes exact
ok: FB6 commit > w_seq refused
FB-SERIES PASS
ok: FB1 batch returns the tail seq, w_seq continuity exact
ok: FB1 freshest claim carries the LAST frame's bytes; dropped == n-1
ok: FB1 publishes telemetry counts every frame (n per batch)
ok: FB1 short + begin-only frames accepted
ok: FB1 begin-only tail frame claims (empty payload valid)
ok: FB2 single publishes interleave with batches seamlessly
ok: FB3 100-frame batch returns 100
ok: FB3 dropped == 99 behind a 100-frame batch (M=4)
ok: FB3 tail frame bytes exact after windowed stamping
ok: FB4 writer spawn
ok: FB4 ZERO torn frames accepted under batch bursts
ok: FB4 dropped+fresh telescopes to lastSeq exactly under batching
info: FB4 57675 batches (1845600 frames) vs reader: fresh=57664
ok: FB5 malformed batch refused (returns 0)
ok: FB5 refusal is ATOMIC: latestSeq and publishes unchanged
ok: FB5 refusal leaves w_seq untouched (no half-begun state)
ok: FB5 NULL src with len refused
ok: FB5 NULL frames refused
ok: FB5 n == 0 is a detectable no-op
ok: FB6 commit publishes the 5 begun frames
ok: FB6 reader view identical to the batch API
ok: FB6 tail frame bytes exact
ok: FB6 commit > w_seq refused
FB-SERIES PASS
ok: FB1 batch returns the tail seq, w_seq continuity exact
ok: FB1 freshest claim carries the LAST frame's bytes; dropped == n-1
ok: FB1 publishes telemetry counts every frame (n per batch)
ok: FB1 short + begin-only frames accepted
ok: FB1 begin-only tail frame claims (empty payload valid)
ok: FB2 single publishes interleave with batches seamlessly
ok: FB3 100-frame batch returns 100
ok: FB3 dropped == 99 behind a 100-frame batch (M=4)
ok: FB3 tail frame bytes exact after windowed stamping
ok: FB4 writer spawn
ok: FB4 ZERO torn frames accepted under batch bursts
ok: FB4 dropped+fresh telescopes to lastSeq exactly under batching
info: FB4 32970 batches (1055040 frames) vs reader: fresh=32967
ok: FB5 malformed batch refused (returns 0)
ok: FB5 refusal is ATOMIC: latestSeq and publishes unchanged
ok: FB5 refusal leaves w_seq untouched (no half-begun state)
ok: FB5 NULL src with len refused
ok: FB5 NULL frames refused
ok: FB5 n == 0 is a detectable no-op
ok: FB6 commit publishes the 5 begun frames
ok: FB6 reader view identical to the batch API
ok: FB6 tail frame bytes exact
ok: FB6 commit > w_seq refused
FB-SERIES PASS

=== Rust suite (F-series + cursor + torture + Loom model, bound 2) ===
[1m[92m    Updating[0m crates.io index
[1m[92m   Compiling[0m rustversion v1.0.23
[1m[92m   Compiling[0m once_cell v1.21.4
[1m[92m   Compiling[0m shlex v2.0.1
[1m[92m   Compiling[0m find-msvc-tools v0.1.12
[1m[92m   Compiling[0m cc v1.4.5
[1m[92m   Compiling[0m tracing-core v0.1.36
[1m[92m   Compiling[0m log v0.4.34
[1m[92m   Compiling[0m regex-syntax v0.8.11
[1m[92m   Compiling[0m libc v0.2.189
[1m[92m   Compiling[0m cfg-if v1.0.4
[1m[92m   Compiling[0m pin-project-lite v0.2.17
[1m[92m   Compiling[0m lazy_static v1.5.0
[1m[92m   Compiling[0m sharded-slab v0.1.7
[1m[92m   Compiling[0m regex-automata v0.4.18
[1m[92m   Compiling[0m generator v0.8.9
[1m[92m   Compiling[0m tracing v0.1.44
[1m[92m   Compiling[0m thread_local v1.1.10
[1m[92m   Compiling[0m tracing-log v0.2.0
[1m[92m   Compiling[0m nu-ansi-term v0.50.3
[1m[92m   Compiling[0m smallvec v1.16.0
[1m[92m   Compiling[0m scoped-tls v1.0.1
[1m[92m   Compiling[0m weft-core v0.1.0 (/home/runner/work/Weft/Weft/core/rust)
[1m[33mwarning[0m[1m: unused import: `AsRawFd`[0m
  [1m[94m--> [0msrc/shm.rs:35:25
   [1m[94m|[0m
[1m[94m35[0m [1m[94m|[0m use std::os::unix::io::{AsRawFd, FromRawFd};
   [1m[94m|[0m                         [1m[33m^^^^^^^[0m
   [1m[94m|[0m
   [1m[94m= [0m[1mnote[0m: `#[warn(unused_imports)]` (part of `#[warn(unused)]`) on by default

[1m[33mwarning[0m[1m: unnecessary `unsafe` block[0m
   [1m[94m--> [0msrc/shm.rs:265:20
    [1m[94m|[0m
[1m[94m255[0m [1m[94m|[0m     unsafe {
    [1m[94m|[0m     [1m[94m------[0m [1m[94mbecause it's nested under this `unsafe` block[0m
[1m[94m...[0m
[1m[94m265[0m [1m[94m|[0m         let file = unsafe { File::from_raw_fd(fd) };
    [1m[94m|[0m                    [1m[33m^^^^^^[0m [1m[33munnecessary `unsafe` block[0m
    [1m[94m|[0m
    [1m[94m= [0m[1mnote[0m: `#[warn(unused_unsafe)]` (part of `#[warn(unused)]`) on by default

[1m[33mwarning[0m[1m: unnecessary `unsafe` block[0m
   [1m[94m--> [0msrc/shm.rs:294:20
    [1m[94m|[0m
[1m[94m287[0m [1m[94m|[0m     unsafe {
    [1m[94m|[0m     [1m[94m------[0m [1m[94mbecause it's nested under this `unsafe` block[0m
[1m[94m...[0m
[1m[94m294[0m [1m[94m|[0m         let file = unsafe { File::from_raw_fd(fd) };
    [1m[94m|[0m                    [1m[33m^^^^^^[0m [1m[33munnecessary `unsafe` block[0m

[1m[33mwarning[0m[1m: unnecessary `unsafe` block[0m
   [1m[94m--> [0msrc/shm.rs:306:13
    [1m[94m|[0m
[1m[94m287[0m [1m[94m|[0m     unsafe {
    [1m[94m|[0m     [1m[94m------[0m [1m[94mbecause it's nested under this `unsafe` block[0m
[1m[94m...[0m
[1m[94m306[0m [1m[94m|[0m             unsafe { sys::munmap(p, mapping_bytes) };
    [1m[94m|[0m             [1m[33m^^^^^^[0m [1m[33munnecessary `unsafe` block[0m

[1m[33mwarning[0m[1m: unnecessary `unsafe` block[0m
   [1m[94m--> [0msrc/verified.rs:262:21
    [1m[94m|[0m
[1m[94m250[0m [1m[94m|[0m       unsafe {
    [1m[94m|[0m       [1m[94m------[0m [1m[94mbecause it's nested under this `unsafe` block[0m
[1m[94m...[0m
[1m[94m262[0m [1m[94m|[0m             let d = unsafe { data.add(blk * 64) };
    [1m[94m|[0m                     [1m[33m^^^^^^[0m [1m[33munnecessary `unsafe` block[0m

[1m[33mwarning[0m: `weft-core` (lib) generated 5 warnings (4 duplicates) (run `cargo fix --lib -p weft-core` to apply 1 suggestion)
[1m[92m   Compiling[0m matchers v0.2.0
[1m[33mwarning[0m: `weft-core` (lib) generated 5 warnings (1 duplicate)
[1m[92m   Compiling[0m tracing-subscriber v0.3.23
[1m[33mwarning[0m[1m: unused imports: `Duration` and `Instant`[0m
 [1m[94m--> [0msrc/bin/probe.rs:3:17
  [1m[94m|[0m
[1m[94m3[0m [1m[94m|[0m use std::time::{Duration, Instant};
  [1m[94m|[0m                 [1m[33m^^^^^^^^[0m  [1m[33m^^^^^^^[0m
  [1m[94m|[0m
  [1m[94m= [0m[1mnote[0m: `#[warn(unused_imports)]` (part of `#[warn(unused)]`) on by default

[1m[33mwarning[0m[1m: unused import: `PubResult`[0m
 [1m[94m--> [0msrc/bin/probe.rs:4:22
  [1m[94m|[0m
[1m[94m4[0m [1m[94m|[0m use weft_core::{pat, PubResult, Weft, WeftDebugView};
  [1m[94m|[0m                      [1m[33m^^^^^^^^^[0m

[1m[92m   Compiling[0m loom v0.7.2
[1m[33mwarning[0m: `weft-core` (bin "probe") generated 2 warnings (run `cargo fix --bin "probe" -p weft-core` to apply 2 suggestions)
[1m[33mwarning[0m[1m: unused import: `PubResult`[0m
 [1m[94m--> [0msrc/bin/bench.rs:8:22
  [1m[94m|[0m
[1m[94m8[0m [1m[94m|[0m use weft_core::{pat, PubResult, Weft};
  [1m[94m|[0m                      [1m[33m^^^^^^^^^[0m
  [1m[94m|[0m
  [1m[94m= [0m[1mnote[0m: `#[warn(unused_imports)]` (part of `#[warn(unused)]`) on by default

[1m[33mwarning[0m[1m: unnecessary `unsafe` block[0m
  [1m[94m--> [0msrc/bin/bench.rs:89:9
   [1m[94m|[0m
[1m[94m89[0m [1m[94m|[0m         unsafe { fill_payload(&w, seq, payload_max as u32, &mut scratch); }
   [1m[94m|[0m         [1m[33m^^^^^^[0m [1m[33munnecessary `unsafe` block[0m
   [1m[94m|[0m
   [1m[94m= [0m[1mnote[0m: `#[warn(unused_unsafe)]` (part of `#[warn(unused)]`) on by default

[1m[33mwarning[0m[1m: unnecessary `unsafe` block[0m
   [1m[94m--> [0msrc/bin/bench.rs:244:13
    [1m[94m|[0m
[1m[94m244[0m [1m[94m|[0m             unsafe { fill_payload(&w2, seq, payload_max as u32, &mut scratch); }
    [1m[94m|[0m             [1m[33m^^^^^^[0m [1m[33munnecessary `unsafe` block[0m

[1m[33mwarning[0m[1m: unnecessary `unsafe` block[0m
   [1m[94m--> [0msrc/bin/bench.rs:320:13
    [1m[94m|[0m
[1m[94m320[0m [1m[94m|[0m             unsafe { fill_payload(&w2, seq, payload_max as u32, &mut scratch); }
    [1m[94m|[0m             [1m[33m^^^^^^[0m [1m[33munnecessary `unsafe` block[0m

[1m[33mwarning[0m[1m: function `now_ns` is never used[0m
  [1m[94m--> [0msrc/bin/bench.rs:10:4
   [1m[94m|[0m
[1m[94m10[0m [1m[94m|[0m fn now_ns() -> u64 {
   [1m[94m|[0m    [1m[33m^^^^^^[0m
   [1m[94m|[0m
   [1m[94m= [0m[1mnote[0m: `#[warn(dead_code)]` (part of `#[warn(unused)]`) on by default

[1m[33mwarning[0m[1m: function `now_ns_abs` is never used[0m
  [1m[94m--> [0msrc/bin/bench.rs:14:4
   [1m[94m|[0m
[1m[94m14[0m [1m[94m|[0m fn now_ns_abs() -> u64 {
   [1m[94m|[0m    [1m[33m^^^^^^^^^^[0m

[1m[33mwarning[0m: `weft-core` (bin "bench") generated 6 warnings (run `cargo fix --bin "bench" -p weft-core` to apply 1 suggestion)
[1m[33mwarning[0m[1m: variable does not need to be mutable[0m
   [1m[94m--> [0mtests/fanout_test.rs:175:9
    [1m[94m|[0m
[1m[94m175[0m [1m[94m|[0m     let mut readers: Vec<_> = (0..4).map(|_| f.create_reader()).collect();
    [1m[94m|[0m         [1m[94m----[0m[1m[33m^^^^^^^[0m
    [1m[94m|[0m         [1m[94m|[0m
    [1m[94m|[0m         [1m[94mhelp: remove this `mut`[0m
    [1m[94m|[0m
    [1m[94m= [0m[1mnote[0m: `#[warn(unused_mut)]` (part of `#[warn(unused)]`) on by default

[1m[33mwarning[0m: `weft-core` (lib test) generated 5 warnings (5 duplicates)
[1m[33mwarning[0m: `weft-core` (bin "bench" test) generated 6 warnings (6 duplicates)
[1m[33mwarning[0m: `weft-core` (test "fanout_test") generated 1 warning (run `cargo fix --test "fanout_test" -p weft-core` to apply 1 suggestion)
[1m[33mwarning[0m: `weft-core` (bin "probe" test) generated 2 warnings (2 duplicates)
arn(unused_mut)]` (part of `#[warn(unused)]`) on by default

[1m[33mwarning[0m: `weft-core` (lib test) generated 5 warnings (5 duplicates)
[1m[33mwarning[0m: `weft-core` (bin "bench" test) generated 6 warnings (6 duplicates)
[1m[33mwarning[0m: `weft-core` (test "fanout_test") generated 1 warning (run `cargo fix --test "fanout_test" -p weft-core` to apply 1 suggestion)
[1m[33mwarning[0m: `weft-core` (bin "probe" test) generated 2 warnings (2 duplicates)
