==================================================
SHARD: perf-regression
DESCRIPTION: W-suite P99 vs pinned baseline; >15% drop = FAIL
STATUS: PASSED ✅
COMMIT: 22810dab9cf79cce20274c8e0d33207c4aba38d3
RUN: 151
==================================================

→ W1/A ... P99=76.2 alloc/frame=0.0 [PASS]
→ W1/B ... P99=90.9 alloc/frame=0.0 [PASS]
→ W1/C .../home/runner/work/Weft/Weft/core/c/weft.c:15: warning: "_GNU_SOURCE" redefined
   15 | #define _GNU_SOURCE  // for posix_memalign
      | 
<command-line>: note: this is the location of the previous definition
→ compiling Weft C kernel to /home/runner/work/Weft/Weft/core/c/libweft.so
 P99=84.6 alloc/frame=0.0 [PASS]
→ W1/D ... P99=57.0 alloc/frame=0.0 [PASS]
→ W2/A ... P99=34.6 alloc/frame=0.0 [PASS]
→ W2/B ... P99=73.4 alloc/frame=0.0 [PASS]
→ W2/C ... P99=74.3 alloc/frame=0.0 [PASS]
→ W2/D ... P99=21.6 alloc/frame=0.0 [PASS]
→ W3/A ... P99=6.4 alloc/frame=0.0 [PASS]
→ W3/B ... P99=7.8 alloc/frame=0.0 [PASS]
→ W3/C ... P99=7.5 alloc/frame=0.0 [PASS]
→ W3/D ... P99=4.3 alloc/frame=0.0 [PASS]
→ W4/A ... P99=1745.2 alloc/frame=0.0 [PASS]
→ W4/B ... P99=1942.7 alloc/frame=0.0 [PASS]
→ W4/C ... P99=1833.6 alloc/frame=0.0 [PASS]
→ W4/D ... P99=1639.3 alloc/frame=0.0 [PASS]
→ W5/A ... P99=12.6 alloc/frame=0.0 [PASS]
→ W5/B ... P99=15.7 alloc/frame=0.0 [PASS]
→ W5/C ... P99=16.1 alloc/frame=0.0 [PASS]
→ W5/D ... P99=7.9 alloc/frame=0.0 [PASS]

✓ W-suite bundle: /home/runner/work/Weft/Weft/bench/results/wsuite-x86_64-sandbox.json
  cells: 20 (target: 20 = 5 workloads × 4 backends)
  pass: 20/20
1/B ... P99=90.9 alloc/frame=0.0 [PASS]
→ W1/C .../home/runner/work/Weft/Weft/core/c/weft.c:15: warning: "_GNU_SOURCE" redefined
   15 | #define _GNU_SOURCE  // for posix_memalign
      | 
<command-line>: note: this is the location of the previous definition
→ compiling Weft C kernel to /home/runner/work/Weft/Weft/core/c/libweft.so
 P99=84.6 alloc/frame=0.0 [PASS]
→ W1/D ... P99=57.0 alloc/frame=0.0 [PASS]
→ W2/A ... P99=34.6 alloc/frame=0.0 [PASS]
→ W2/B ... P99=73.4 alloc/frame=0.0 [PASS]
→ W2/C ... P99=74.3 alloc/frame=0.0 [PASS]
→ W2/D ... P99=21.6 alloc/frame=0.0 [PASS]
→ W3/A ... P99=6.4 alloc/frame=0.0 [PASS]
→ W3/B ... P99=7.8 alloc/frame=0.0 [PASS]
→ W3/C ... P99=7.5 alloc/frame=0.0 [PASS]
→ W3/D ... P99=4.3 alloc/frame=0.0 [PASS]
→ W4/A ... P99=1745.2 alloc/frame=0.0 [PASS]
→ W4/B ... P99=1942.7 alloc/frame=0.0 [PASS]
→ W4/C ... P99=1833.6 alloc/frame=0.0 [PASS]
→ W4/D ... P99=1639.3 alloc/frame=0.0 [PASS]
→ W5/A ... P99=12.6 alloc/frame=0.0 [PASS]
→ W5/B ... P99=15.7 alloc/frame=0.0 [PASS]
→ W5/C ... P99=16.1 alloc/frame=0.0 [PASS]
→ W5/D ... P99=7.9 alloc/frame=0.0 [PASS]

✓ W-suite bundle: /home/runner/work/Weft/Weft/bench/results/wsuite-x86_64-sandbox.json
  cells: 20 (target: 20 = 5 workloads × 4 backends)
  pass: 20/20
{
  "shard": "perf-regression",
  "status": "PASSED",
  "threshold_pct": 15,
  "regression_count": 0,
  "improvement_count": 20,
  "cells_compared": 20,
  "regressions": [],
  "improvements": [
    {
      "workload": "W1",
      "backend": "A",
      "baseline": 7.3,
      "actual": 76.2,
      "delta_pct": 943.8,
      "reason": "improvement"
    },
    {
      "workload": "W1",
      "backend": "B",
      "baseline": 44.6,
      "actual": 90.9,
      "delta_pct": 103.8,
      "reason": "improvement"
    },
    {
      "workload": "W1",
      "backend": "C",
      "baseline": 7.8,
      "actual": 84.6,
      "delta_pct": 984.6,
      "reason": "improvement"
    },
    {
      "workload": "W1",
      "backend": "D",
      "baseline": 18.6,
      "actual": 57.0,
      "delta_pct": 206.5,
      "reason": "improvement"
    },
    {
      "workload": "W2",
      "backend": "A",
      "baseline": 4.3,
      "actual": 34.6,
      "delta_pct": 704.7,
      "reason": "improvement"
    },
    {
      "workload": "W2",
      "backend": "B",
      "baseline": 6.1,
      "actual": 73.4,
      "delta_pct": 1103.3,
      "reason": "improvement"
    },
    {
      "workload": "W2",
      "backend": "C",
      "baseline": 16.4,
      "actual": 74.3,
      "delta_pct": 353.0,
      "reason": "improvement"
    },
    {
      "workload": "W2",
      "backend": "D",
      "baseline": 7.5,
      "actual": 21.6,
      "delta_pct": 188.0,
      "reason": "improvement"
    },
    {
      "workload": "W3",
      "backend": "A",
      "baseline": 2.6,
      "actual": 6.4,
      "delta_pct": 146.2,
      "reason": "improvement"
    },
    {
      "workload": "W3",
      "backend": "B",
      "baseline": 3.7,
      "actual": 7.8,
      "delta_pct": 110.8,
      "reason": "improvement"
    },
    {
      "workload": "W3",
      "backend": "C",
      "baseline": 2.8,
      "actual": 7.5,
      "delta_pct": 167.9,
      "reason": "improvement"
    },
    {
      "workload": "W3",
      "backend": "D",
      "baseline": 1.1,
      "actual": 4.3,
      "delta_pct": 290.9,
      "reason": "improvement"
    },
    {
      "workload": "W4",
      "backend": "A",
      "baseline": 659.0,
      "actual": 1745.2,
      "delta_pct": 164.8,
      "reason": "improvement"
    },
    {
      "workload": "W4",
      "backend": "B",
      "baseline": 681.4,
      "actual": 1942.7,
      "delta_pct": 185.1,
      "reason": "improvement"
    },
    {
      "workload": "W4",
      "backend": "C",
      "baseline": 578.3,
      "actual": 1833.6,
      "delta_pct": 217.1,
      "reason": "improvement"
    },
    {
      "workload": "W4",
      "backend": "D",
      "baseline": 409.0,
      "actual": 1639.3,
      "delta_pct": 300.8,
      "reason": "improvement"
    },
    {
      "workload": "W5",
      "backend": "A",
      "baseline": 5.4,
      "actual": 12.6,
      "delta_pct": 133.3,
      "reason": "improvement"
    },
    {
      "workload": "W5",
      "backend": "B",
      "baseline": 7.7,
      "actual": 15.7,
      "delta_pct": 103.9,
      "reason": "improvement"
    },
    {
      "workload": "W5",
      "backend": "C",
      "baseline": 7.7,
      "actual": 16.1,
      "delta_pct": 109.1,
      "reason": "improvement"
    },
    {
      "workload": "W5",
      "backend": "D",
      "baseline": 3.2,
      "actual": 7.9,
      "delta_pct": 146.9,
      "reason": "improvement"
    }
  ],
  "all_compared": [
    {
      "workload": "W1",
      "backend": "A",
      "baseline_p99": 7.3,
      "actual_p99": 76.2,
      "delta_pct": 943.8
    },
    {
      "workload": "W1",
      "backend": "B",
      "baseline_p99": 44.6,
      "actual_p99": 90.9,
      "delta_pct": 103.8
    },
    {
      "workload": "W1",
      "backend": "C",
      "baseline_p99": 7.8,
      "actual_p99": 84.6,
      "delta_pct": 984.6
    },
    {
      "workload": "W1",
      "backend": "D",
      "baseline_p99": 18.6,
      "actual_p99": 57.0,
      "delta_pct": 206.5
    },
    {
      "workload": "W2",
      "backend": "A",
      "baseline_p99": 4.3,
      "actual_p99": 34.6,
      "delta_pct": 704.7
    },
    {
      "workload": "W2",
      "backend": "B",
      "baseline_p99": 6.1,
      "actual_p99": 73.4,
      "delta_pct": 1103.3
    },
    {
      "workload": "W2",
      "backend": "C",
      "baseline_p99": 16.4,
      "actual_p99": 74.3,
      "delta_pct": 353.0
    },
    {
      "workload": "W2",
      "backend": "D",
      "baseline_p99": 7.5,
      "actual_p99": 21.6,
      "delta_pct": 188.0
    },
    {
      "workload": "W3",
      "backend": "A",
      "baseline_p99": 2.6,
      "actual_p99": 6.4,
      "delta_pct": 146.2
    },
    {
      "workload": "W3",
      "backend": "B",
      "baseline_p99": 3.7,
      "actual_p99": 7.8,
      "delta_pct": 110.8
    },
    {
      "workload": "W3",
      "backend": "C",
      "baseline_p99": 2.8,
      "actual_p99": 7.5,
      "delta_pct": 167.9
    },
    {
      "workload": "W3",
      "backend": "D",
      "baseline_p99": 1.1,
      "actual_p99": 4.3,
      "delta_pct": 290.9
    },
    {
      "workload": "W4",
      "backend": "A",
      "baseline_p99": 659.0,
      "actual_p99": 1745.2,
      "delta_pct": 164.8
    },
    {
      "workload": "W4",
      "backend": "B",
      "baseline_p99": 681.4,
      "actual_p99": 1942.7,
      "delta_pct": 185.1
    },
    {
      "workload": "W4",
      "backend": "C",
      "baseline_p99": 578.3,
      "actual_p99": 1833.6,
      "delta_pct": 217.1
    },
    {
      "workload": "W4",
      "backend": "D",
      "baseline_p99": 409.0,
      "actual_p99": 1639.3,
      "delta_pct": 300.8
    },
    {
      "workload": "W5",
      "backend": "A",
      "baseline_p99": 5.4,
      "actual_p99": 12.6,
      "delta_pct": 133.3
    },
    {
      "workload": "W5",
      "backend": "B",
      "baseline_p99": 7.7,
      "actual_p99": 15.7,
      "delta_pct": 103.9
    },
    {
      "workload": "W5",
      "backend": "C",
      "baseline_p99": 7.7,
      "actual_p99": 16.1,
      "delta_pct": 109.1
    },
    {
      "workload": "W5",
      "backend": "D",
      "baseline_p99": 3.2,
      "actual_p99": 7.9,
      "delta_pct": 146.9
    }
  ]
}

=== Perf-regression status: PASSED ===
✅ No performance regressions
