==================================================
SHARD: simd-blend
DESCRIPTION: Q12 raster blend: C golden gates + xlang-blend cross-language digests + bench
STATUS: PASSED ✅
COMMIT: 22810dab9cf79cce20274c8e0d33207c4aba38d3
RUN: 151
==================================================

== simd-blend shard: env x86_64/Linux ==
-- C kernel gates --
== blend_test: impl=avx2 (2) ==
B1 boundaries: OK
B2 parity sweep: OK (154 path-checks, all == scalar)
B3 alpha sweep 0..4096 (dispatched): OK
B4 in-place aliasing: OK
blend_test: ALL GATES GREEN
blend-test: ALL GATES GREEN
-- xlang-blend golden gate --
== xlang-blend golden parity: env x86_64/Linux ==
-- C kernel (golden source) --
   blend-test gates GREEN
   golden-vectors.csv matches the kernel
-- TS verifier (reference port) --
xlang-blend TS verifier: 63/63 golden digests match
-- Kotlin verifier --
xlang-blend Kotlin verifier: 63/63 golden digests match
-- Dart verifier: DECLARED skip (no dart; flutter-packages leg owns it) --
-- Swift port: DECLARED skip (no swiftc; apple-packages compiles + golden-gates it) --

xlang-blend: ran=3 declared_skips=2
✅ xlang-blend parity: every executed port byte-identical to the C kernel
xlang-blend parity GREEN
-- blend_runner benchmark --
== blend_runner: dispatch=avx2 ==
256x256-hot (65536 words): scalar   286460 ns/frame (  2.7 GB/s) | avx2    21340 ns/frame ( 36.9 GB/s) | speedup 13.42x
1080p (2073600 words): scalar  9088907 ns/frame (  2.7 GB/s) | avx2   677429 ns/frame ( 36.7 GB/s) | speedup 13.42x
4K (8294400 words): scalar 36514398 ns/frame (  2.7 GB/s) | avx2  2951481 ns/frame ( 33.7 GB/s) | speedup 12.37x
8K (33177600 words): scalar 145286464 ns/frame (  2.7 GB/s) | avx2 12893099 ns/frame ( 30.9 GB/s) | speedup 11.27x
✅ simd-blend shard GREEN
