# TL-writer — one variant per process, 3 reps interleaved — 2026-09-17T20:42:50Z
{"bench":"TL-writer","lang":"c","variant":"plain","payload_max":256,"slots":8,"frames":200000,"stride":16,"ops_per_s":6968195,"p50":60,"p90":62,"p99":77,"p999":92,"max":6737,"samples":12500,"clock_overhead_ns":23}
{"bench":"TL-writer","lang":"c","variant":"turbo-prefetch","payload_max":256,"slots":8,"frames":200000,"stride":16,"ops_per_s":1325379,"p50":718,"p90":795,"p99":3575,"p999":4280,"max":7778,"samples":12500,"clock_overhead_ns":23}
{"bench":"TL-writer","lang":"c","variant":"turbo-ring","payload_max":256,"slots":8,"frames":200000,"stride":16,"ops_per_s":6761410,"p50":65,"p90":66,"p99":86,"p999":113,"max":5313,"samples":12500,"clock_overhead_ns":23}
{"bench":"TL-writer","lang":"c","variant":"turbo-nt-fill","payload_max":256,"slots":8,"frames":200000,"stride":16,"ops_per_s":1944648,"p50":381,"p90":543,"p99":588,"p999":4022,"max":5340,"samples":12500,"clock_overhead_ns":23}
{"bench":"TL-writer","lang":"c","variant":"turbo-full","payload_max":256,"slots":8,"frames":200000,"stride":16,"ops_per_s":1980669,"p50":403,"p90":443,"p99":593,"p999":3807,"max":6939,"samples":12500,"clock_overhead_ns":23}
{"bench":"TL-writer","lang":"c","variant":"plain","payload_max":65536,"slots":8,"frames":200000,"stride":16,"ops_per_s":58126,"p50":3875,"p90":4215,"p99":7118,"p999":11054,"max":86724,"samples":12500,"clock_overhead_ns":23}
{"bench":"TL-writer","lang":"c","variant":"turbo-prefetch","payload_max":65536,"slots":8,"frames":200000,"stride":16,"ops_per_s":51372,"p50":6027,"p90":6446,"p99":10179,"p999":16112,"max":75133,"samples":12500,"clock_overhead_ns":23}
{"bench":"TL-writer","lang":"c","variant":"turbo-ring","payload_max":65536,"slots":8,"frames":200000,"stride":16,"ops_per_s":58185,"p50":3974,"p90":4317,"p99":7024,"p999":9912,"max":12352,"samples":12500,"clock_overhead_ns":22}
{"bench":"TL-writer","lang":"c","variant":"turbo-nt-fill","payload_max":65536,"slots":8,"frames":200000,"stride":16,"ops_per_s":51456,"p50":5920,"p90":6228,"p99":9837,"p999":14314,"max":34052,"samples":12500,"clock_overhead_ns":23}
{"bench":"TL-writer","lang":"c","variant":"turbo-full","payload_max":65536,"slots":8,"frames":200000,"stride":16,"ops_per_s":51005,"p50":6707,"p90":7156,"p99":10820,"p999":15219,"max":23993,"samples":12500,"clock_overhead_ns":23}
{"bench":"TL-writer","lang":"c","variant":"plain","payload_max":256,"slots":8,"frames":200000,"stride":16,"ops_per_s":7042111,"p50":60,"p90":62,"p99":63,"p999":89,"max":5577,"samples":12500,"clock_overhead_ns":23}
{"bench":"TL-writer","lang":"c","variant":"turbo-prefetch","payload_max":256,"slots":8,"frames":200000,"stride":16,"ops_per_s":1544455,"p50":512,"p90":613,"p99":3461,"p999":4087,"max":7649,"samples":12500,"clock_overhead_ns":23}
{"bench":"TL-writer","lang":"c","variant":"turbo-ring","payload_max":256,"slots":8,"frames":200000,"stride":16,"ops_per_s":6752300,"p50":65,"p90":67,"p99":85,"p999":100,"max":262,"samples":12500,"clock_overhead_ns":23}
{"bench":"TL-writer","lang":"c","variant":"turbo-nt-fill","payload_max":256,"slots":8,"frames":200000,"stride":16,"ops_per_s":1590700,"p50":497,"p90":638,"p99":716,"p999":3980,"max":7332,"samples":12500,"clock_overhead_ns":23}
{"bench":"TL-writer","lang":"c","variant":"turbo-full","payload_max":256,"slots":8,"frames":200000,"stride":16,"ops_per_s":1980570,"p50":353,"p90":426,"p99":541,"p999":3580,"max":5287,"samples":12500,"clock_overhead_ns":23}
{"bench":"TL-writer","lang":"c","variant":"plain","payload_max":65536,"slots":8,"frames":200000,"stride":16,"ops_per_s":58334,"p50":3873,"p90":4216,"p99":6069,"p999":9729,"max":13486,"samples":12500,"clock_overhead_ns":23}
{"bench":"TL-writer","lang":"c","variant":"turbo-prefetch","payload_max":65536,"slots":8,"frames":200000,"stride":16,"ops_per_s":51631,"p50":5946,"p90":6295,"p99":9884,"p999":13886,"max":19108,"samples":12500,"clock_overhead_ns":22}
{"bench":"TL-writer","lang":"c","variant":"turbo-ring","payload_max":65536,"slots":8,"frames":200000,"stride":16,"ops_per_s":58006,"p50":3975,"p90":4318,"p99":6992,"p999":10056,"max":13336,"samples":12500,"clock_overhead_ns":23}
{"bench":"TL-writer","lang":"c","variant":"turbo-nt-fill","payload_max":65536,"slots":8,"frames":200000,"stride":16,"ops_per_s":51884,"p50":5886,"p90":6212,"p99":9741,"p999":13260,"max":15970,"samples":12500,"clock_overhead_ns":23}
{"bench":"TL-writer","lang":"c","variant":"turbo-full","payload_max":65536,"slots":8,"frames":200000,"stride":16,"ops_per_s":50588,"p50":6298,"p90":6678,"p99":10633,"p999":15798,"max":73438,"samples":12500,"clock_overhead_ns":22}
{"bench":"TL-writer","lang":"c","variant":"plain","payload_max":256,"slots":8,"frames":200000,"stride":16,"ops_per_s":7039559,"p50":60,"p90":62,"p99":70,"p999":86,"max":9836,"samples":12500,"clock_overhead_ns":23}
{"bench":"TL-writer","lang":"c","variant":"turbo-prefetch","payload_max":256,"slots":8,"frames":200000,"stride":16,"ops_per_s":1365818,"p50":628,"p90":743,"p99":852,"p999":4253,"max":11113,"samples":12500,"clock_overhead_ns":23}
{"bench":"TL-writer","lang":"c","variant":"turbo-ring","payload_max":256,"slots":8,"frames":200000,"stride":16,"ops_per_s":6807046,"p50":65,"p90":66,"p99":79,"p999":97,"max":3840,"samples":12500,"clock_overhead_ns":22}
{"bench":"TL-writer","lang":"c","variant":"turbo-nt-fill","payload_max":256,"slots":8,"frames":200000,"stride":16,"ops_per_s":1921090,"p50":431,"p90":530,"p99":655,"p999":3953,"max":5280,"samples":12500,"clock_overhead_ns":23}
{"bench":"TL-writer","lang":"c","variant":"turbo-full","payload_max":256,"slots":8,"frames":200000,"stride":16,"ops_per_s":1941096,"p50":375,"p90":487,"p99":583,"p999":3784,"max":7089,"samples":12500,"clock_overhead_ns":23}
{"bench":"TL-writer","lang":"c","variant":"plain","payload_max":65536,"slots":8,"frames":200000,"stride":16,"ops_per_s":58470,"p50":3874,"p90":4214,"p99":6062,"p999":10385,"max":26609,"samples":12500,"clock_overhead_ns":23}
{"bench":"TL-writer","lang":"c","variant":"turbo-prefetch","payload_max":65536,"slots":8,"frames":200000,"stride":16,"ops_per_s":52456,"p50":5142,"p90":5352,"p99":8900,"p999":11202,"max":14817,"samples":12500,"clock_overhead_ns":22}
{"bench":"TL-writer","lang":"c","variant":"turbo-ring","payload_max":65536,"slots":8,"frames":200000,"stride":16,"ops_per_s":58222,"p50":3974,"p90":4316,"p99":6227,"p999":10740,"max":40275,"samples":12500,"clock_overhead_ns":23}
{"bench":"TL-writer","lang":"c","variant":"turbo-nt-fill","payload_max":65536,"slots":8,"frames":200000,"stride":16,"ops_per_s":52546,"p50":5980,"p90":6267,"p99":10015,"p999":13272,"max":28998,"samples":12500,"clock_overhead_ns":22}
{"bench":"TL-writer","lang":"c","variant":"turbo-full","payload_max":65536,"slots":8,"frames":200000,"stride":16,"ops_per_s":51394,"p50":6398,"p90":6796,"p99":10495,"p999":14609,"max":167128,"samples":12500,"clock_overhead_ns":23}
