==================================================
SHARD: weft-tensor-managed
DESCRIPTION: Project weft-tensor Pillar 2: WTR1 layout, TS/Python ingestion engines, DLPack/NumPy bridge, cross-language parity, React/Flutter AI hooks/widgets, 120 FPS flight demo, alloc probes
STATUS: PASSED ✅
COMMIT: d84aacf20fdc1109511bb110642523c12d91338f
RUN: 221
==================================================

[1/8] fixture determinism
OK /home/runner/work/Weft/Weft/fixtures/weft-tensor/ring-v1-f32.bin (640 B) byte-identical
OK /home/runner/work/Weft/Weft/fixtures/weft-tensor/ring-v1-u8.bin (640 B) byte-identical
[2/8] TypeScript suite
✔ zero-alloc probe [ring] — 100k steady-state ops stay flat (132.815601ms)
✔ zero-alloc probe [ingest] — 100k steady-state ops stay flat (94.778924ms)
✔ zero-alloc probe [audio] — 100k steady-state ops stay flat (95.832053ms)
✔ zero-alloc probe [render] — 100k steady-state ops stay flat (1218.949747ms)
✔ zero-alloc probe [overlay] — 100k steady-state ops stay flat (58.752397ms)
✔ negative control: a deliberately-allocating loop IS caught (53.454725ms)
✔ f32 fixture: header fields, 10 frames, dyadic payload parity (2.079654ms)
✔ u8 fixture: header fields, 6 frames, byte payload parity (0.876945ms)
✔ WebCodecs sync fast path: bytes land in ring, no intermediate (2.210997ms)
✔ WebCodecs async fast path resolves after the GPU readback lands (0.257388ms)
✔ copyTo failure is a DROP, never a throw into the frame loop (0.167631ms)
✔ legacy sync copyTo returning void still commits the full slot (1.618402ms)
✔ ImageData + raw paths (0.923287ms)
✔ ingestor dtype gate: f32 ring rejected (Law 4) (0.630746ms)
✔ AudioPcmFeeder: exact-fit chunks roll one slot per chunk (1.006405ms)
✔ AudioPcmFeeder: chunk spanning slot boundaries carries with zero gaps (0.635441ms)
✔ AudioPcmFeeder: tiny chunks accumulate then roll (worklet cadence) (0.635085ms)
✔ AudioPcmFeeder dtype gate + chunk size gate (Law 4) (0.514956ms)
✔ crc32 matches node:zlib over the static header region (1.958899ms)
✔ f16FromBits matches numpy float16 decode exactly (0.451269ms)
✔ f16ToBits matches numpy round-to-nearest-even (0.606162ms)
✔ fourcc round-trips as LE ASCII (0.236443ms)
✔ validateRingHeader accepts both golden fixtures (1.375261ms)
✔ fail-closed corruption matrix — every mutation gets a machine-readable code (1.835278ms)
✔ dtype validity table (0.20671ms)
✔ create() writes a self-validating header (round trip through attach) (0.927173ms)
✔ Canvas2DPlane: ONE ImageData reused, pixel-accurate blit per frame (2.083095ms)
✔ Canvas2DPlane dtype gate (Law 4) (0.662379ms)
✔ OverlayScratch + drawBoxes2D: bounded, reused, pixel records (0.782147ms)
✔ drawSkeleton2D honours confidence gating (1.02531ms)
✔ WebGL2Plane: zero-alloc texSubImage2D from the slot view + fullscreen tri (0.619914ms)
✔ create + typed commit + acquireLatest returns exact values, zero surprises (3.600259ms)
✔ byte commit path (Uint8Array) with short payload (bounded loop, no throw) (0.2736ms)
✔ acquireLatest(lastSeq) returns null when nothing new; acquireFrame bounds (0.43013ms)
✔ overrun: slotCount=2, 5 commits -> old seq gone, latest correct (0.461833ms)
✔ torn read: uncommitted slot is invisible, then visible after commit marker (0.366304ms)
✔ zero-copy begin/finish path matches convenience commit (0.3327ms)
✔ commit rejects wrong dtype / oversized payloads (fail-closed) (1.52521ms)
✔ create() input validation is fail-closed (0.340108ms)
✔ waitForNewFrame resolves via injected scheduler; timeout path returns null (31.805091ms)
✔ SharedArrayBuffer smoke: create(shared) + atomics publish + acquire (0.377173ms)
✔ ring stats counters are sealed and monotonic (0.132141ms)
✔ detectRuntime identifies node (this process) (0.728443ms)
✔ detectRuntime: browser / deno / bun / worker / electron fakes (0.22624ms)
✔ runtimeMatrix feature list stays sorted/deterministic (0.595557ms)
✔ assertShareable accepts SAB, rejects plain ArrayBuffer (0.408253ms)
ℹ tests 46
ℹ suites 0
ℹ pass 46
ℹ fail 0
ℹ cancelled 0
ℹ skipped 0
ℹ todo 0
ℹ duration_ms 1716.901261
[3/8] Python suite
......s................                                                  [100%]
22 passed, 1 skipped in 0.42s
[4/8] TS producer -> Python consumer
{"producer":"typescript","path":"/tmp/tmp.0NxPth7AnN/ts_ring.bin","byteLength":640,"producerSeq":10,"slotStride":128,"schemaId":"fe77000000000000"}
{"consumer": "python", "path": "/tmp/tmp.0NxPth7AnN/ts_ring.bin", "framesValidated": [7, 8, 9, 10], "dlpackAlias": true, "ok": true}
[5/8] Python producer -> TS consumer
{"producer": "python", "path": "/tmp/tmp.0NxPth7AnN/py_ring.bin", "byteLength": 640, "producerSeq": 10, "slotStride": 128, "schemaId": "fe77000000000001"}
{"consumer":"typescript","path":"/tmp/tmp.0NxPth7AnN/py_ring.bin","framesValidated":[7,8,9,10],"ok":true}
[6/8] DLPack alias proof (consumed the TS-produced ring, pointer-checked)
    dlpack alias OK (slot ptr 0x55fda2610f30 inside ring 0x55fda2610df0..0x55fda2611070)
[7/8] zero-allocation probes (100k ops each, post-warmup, --expose-gc)
    {"mode":"ring","iters":100000,"heapBefore":4407640,"heapAfter":4402608,"deltaBytes":-5032}
    {"mode":"ingest","iters":100000,"heapBefore":4398168,"heapAfter":4411416,"deltaBytes":13248}
    {"mode":"audio","iters":100000,"heapBefore":4392560,"heapAfter":4405864,"deltaBytes":13304}
    {"mode":"render","iters":100000,"heapBefore":4404864,"heapAfter":4406464,"deltaBytes":1600}
    {"mode":"overlay","iters":100000,"heapBefore":4284936,"heapAfter":4285648,"deltaBytes":712}
[8/8] latency gates (directive: commit < 50us)
    {"bench":"weft-tensor commit/acquire","node":"v24.20.0","video":{"geometry":"320x180 RGBA","slotCapBytes":230400,"commit":{"n":50000,"p50_us":0.143,"p99_us":0.758,"max_us":233.3},"acquire":{"n":50000,"p50_us":0.093,"p99_us":0.438,"max_us":31.964},"commit_under_50us":true},"audio":{"geometry":"2ch x 128 f32 (interleaved quanta 256)","slotCapBytes":1024,"commit":{"n":50000,"p50_us":0.419,"p99_us":0.521,"max_us":138.839},"acquire":{"n":50000,"p50_us":0.097,"p99_us":1.024,"max_us":120.035},"commit_under_50us":true}}
weft-tensor managed shard: ALL 8 STAGES GREEN
