==================================================
SHARD: perf-regression
DESCRIPTION: W-suite P99 vs pinned baseline; >15% drop = FAIL
STATUS: PASSED ✅
COMMIT: d84aacf20fdc1109511bb110642523c12d91338f
RUN: 221
==================================================

→ W1/A ... P99=96.4 alloc/frame=0.0 [PASS]
→ W1/B ... P99=103.7 alloc/frame=0.0 [PASS]
→ W1/C .../home/runner/work/Weft/Weft/core/c/weft.c:15: warning: "_GNU_SOURCE" redefined
   15 | #define _GNU_SOURCE  // for posix_memalign
      | 
<command-line>: note: this is the location of the previous definition
→ compiling Weft C kernel to /home/runner/work/Weft/Weft/core/c/libweft.so
 P99=121.2 alloc/frame=0.0 [PASS]
→ W1/D ... P99=76.3 alloc/frame=0.0 [PASS]
→ W2/A ... P99=70.7 alloc/frame=0.0 [PASS]
→ W2/B ... P99=99.5 alloc/frame=0.0 [PASS]
→ W2/C ... P99=99.0 alloc/frame=0.0 [PASS]
→ W2/D ... P99=40.0 alloc/frame=0.0 [PASS]
→ W3/A ... P99=8.6 alloc/frame=0.0 [PASS]
→ W3/B ... P99=10.0 alloc/frame=0.0 [PASS]
→ W3/C ... P99=10.6 alloc/frame=0.0 [PASS]
→ W3/D ... P99=5.4 alloc/frame=0.0 [PASS]
→ W4/A ... P99=2479.1 alloc/frame=0.0 [PASS]
→ W4/B ... P99=2676.1 alloc/frame=0.0 [PASS]
→ W4/C ... P99=2528.4 alloc/frame=0.0 [PASS]
→ W4/D ... P99=2540.6 alloc/frame=0.0 [PASS]
→ W5/A ... P99=17.4 alloc/frame=0.0 [PASS]
→ W5/B ... P99=22.1 alloc/frame=0.0 [PASS]
→ W5/C ... P99=21.3 alloc/frame=0.0 [PASS]
→ W5/D ... P99=10.4 alloc/frame=0.0 [PASS]

✓ W-suite bundle: /home/runner/work/Weft/Weft/bench/results/wsuite-x86_64-sandbox.json
  cells: 20 (target: 20 = 5 workloads × 4 backends)
  pass: 20/20
.. P99=103.7 alloc/frame=0.0 [PASS]
→ W1/C .../home/runner/work/Weft/Weft/core/c/weft.c:15: warning: "_GNU_SOURCE" redefined
   15 | #define _GNU_SOURCE  // for posix_memalign
      | 
<command-line>: note: this is the location of the previous definition
→ compiling Weft C kernel to /home/runner/work/Weft/Weft/core/c/libweft.so
 P99=121.2 alloc/frame=0.0 [PASS]
→ W1/D ... P99=76.3 alloc/frame=0.0 [PASS]
→ W2/A ... P99=70.7 alloc/frame=0.0 [PASS]
→ W2/B ... P99=99.5 alloc/frame=0.0 [PASS]
→ W2/C ... P99=99.0 alloc/frame=0.0 [PASS]
→ W2/D ... P99=40.0 alloc/frame=0.0 [PASS]
→ W3/A ... P99=8.6 alloc/frame=0.0 [PASS]
→ W3/B ... P99=10.0 alloc/frame=0.0 [PASS]
→ W3/C ... P99=10.6 alloc/frame=0.0 [PASS]
→ W3/D ... P99=5.4 alloc/frame=0.0 [PASS]
→ W4/A ... P99=2479.1 alloc/frame=0.0 [PASS]
→ W4/B ... P99=2676.1 alloc/frame=0.0 [PASS]
→ W4/C ... P99=2528.4 alloc/frame=0.0 [PASS]
→ W4/D ... P99=2540.6 alloc/frame=0.0 [PASS]
→ W5/A ... P99=17.4 alloc/frame=0.0 [PASS]
→ W5/B ... P99=22.1 alloc/frame=0.0 [PASS]
→ W5/C ... P99=21.3 alloc/frame=0.0 [PASS]
→ W5/D ... P99=10.4 alloc/frame=0.0 [PASS]

✓ W-suite bundle: /home/runner/work/Weft/Weft/bench/results/wsuite-x86_64-sandbox.json
  cells: 20 (target: 20 = 5 workloads × 4 backends)
  pass: 20/20
{
  "shard": "perf-regression",
  "status": "PASSED",
  "threshold_pct": 5,
  "regression_count": 0,
  "improvement_count": 20,
  "cells_compared": 20,
  "regressions": [],
  "improvements": [
    {
      "workload": "W1",
      "backend": "A",
      "baseline": 7.3,
      "actual": 96.4,
      "delta_pct": 1220.5,
      "reason": "improvement"
    },
    {
      "workload": "W1",
      "backend": "B",
      "baseline": 44.6,
      "actual": 103.7,
      "delta_pct": 132.5,
      "reason": "improvement"
    },
    {
      "workload": "W1",
      "backend": "C",
      "baseline": 7.8,
      "actual": 121.2,
      "delta_pct": 1453.8,
      "reason": "improvement"
    },
    {
      "workload": "W1",
      "backend": "D",
      "baseline": 18.6,
      "actual": 76.3,
      "delta_pct": 310.2,
      "reason": "improvement"
    },
    {
      "workload": "W2",
      "backend": "A",
      "baseline": 4.3,
      "actual": 70.7,
      "delta_pct": 1544.2,
      "reason": "improvement"
    },
    {
      "workload": "W2",
      "backend": "B",
      "baseline": 6.1,
      "actual": 99.5,
      "delta_pct": 1531.1,
      "reason": "improvement"
    },
    {
      "workload": "W2",
      "backend": "C",
      "baseline": 16.4,
      "actual": 99.0,
      "delta_pct": 503.7,
      "reason": "improvement"
    },
    {
      "workload": "W2",
      "backend": "D",
      "baseline": 7.5,
      "actual": 40.0,
      "delta_pct": 433.3,
      "reason": "improvement"
    },
    {
      "workload": "W3",
      "backend": "A",
      "baseline": 2.6,
      "actual": 8.6,
      "delta_pct": 230.8,
      "reason": "improvement"
    },
    {
      "workload": "W3",
      "backend": "B",
      "baseline": 3.7,
      "actual": 10.0,
      "delta_pct": 170.3,
      "reason": "improvement"
    },
    {
      "workload": "W3",
      "backend": "C",
      "baseline": 2.8,
      "actual": 10.6,
      "delta_pct": 278.6,
      "reason": "improvement"
    },
    {
      "workload": "W3",
      "backend": "D",
      "baseline": 1.1,
      "actual": 5.4,
      "delta_pct": 390.9,
      "reason": "improvement"
    },
    {
      "workload": "W4",
      "backend": "A",
      "baseline": 659.0,
      "actual": 2479.1,
      "delta_pct": 276.2,
      "reason": "improvement"
    },
    {
      "workload": "W4",
      "backend": "B",
      "baseline": 681.4,
      "actual": 2676.1,
      "delta_pct": 292.7,
      "reason": "improvement"
    },
    {
      "workload": "W4",
      "backend": "C",
      "baseline": 578.3,
      "actual": 2528.4,
      "delta_pct": 337.2,
      "reason": "improvement"
    },
    {
      "workload": "W4",
      "backend": "D",
      "baseline": 409.0,
      "actual": 2540.6,
      "delta_pct": 521.2,
      "reason": "improvement"
    },
    {
      "workload": "W5",
      "backend": "A",
      "baseline": 5.4,
      "actual": 17.4,
      "delta_pct": 222.2,
      "reason": "improvement"
    },
    {
      "workload": "W5",
      "backend": "B",
      "baseline": 7.7,
      "actual": 22.1,
      "delta_pct": 187.0,
      "reason": "improvement"
    },
    {
      "workload": "W5",
      "backend": "C",
      "baseline": 7.7,
      "actual": 21.3,
      "delta_pct": 176.6,
      "reason": "improvement"
    },
    {
      "workload": "W5",
      "backend": "D",
      "baseline": 3.2,
      "actual": 10.4,
      "delta_pct": 225.0,
      "reason": "improvement"
    }
  ],
  "all_compared": [
    {
      "workload": "W1",
      "backend": "A",
      "baseline_p99": 7.3,
      "actual_p99": 96.4,
      "delta_pct": 1220.5
    },
    {
      "workload": "W1",
      "backend": "B",
      "baseline_p99": 44.6,
      "actual_p99": 103.7,
      "delta_pct": 132.5
    },
    {
      "workload": "W1",
      "backend": "C",
      "baseline_p99": 7.8,
      "actual_p99": 121.2,
      "delta_pct": 1453.8
    },
    {
      "workload": "W1",
      "backend": "D",
      "baseline_p99": 18.6,
      "actual_p99": 76.3,
      "delta_pct": 310.2
    },
    {
      "workload": "W2",
      "backend": "A",
      "baseline_p99": 4.3,
      "actual_p99": 70.7,
      "delta_pct": 1544.2
    },
    {
      "workload": "W2",
      "backend": "B",
      "baseline_p99": 6.1,
      "actual_p99": 99.5,
      "delta_pct": 1531.1
    },
    {
      "workload": "W2",
      "backend": "C",
      "baseline_p99": 16.4,
      "actual_p99": 99.0,
      "delta_pct": 503.7
    },
    {
      "workload": "W2",
      "backend": "D",
      "baseline_p99": 7.5,
      "actual_p99": 40.0,
      "delta_pct": 433.3
    },
    {
      "workload": "W3",
      "backend": "A",
      "baseline_p99": 2.6,
      "actual_p99": 8.6,
      "delta_pct": 230.8
    },
    {
      "workload": "W3",
      "backend": "B",
      "baseline_p99": 3.7,
      "actual_p99": 10.0,
      "delta_pct": 170.3
    },
    {
      "workload": "W3",
      "backend": "C",
      "baseline_p99": 2.8,
      "actual_p99": 10.6,
      "delta_pct": 278.6
    },
    {
      "workload": "W3",
      "backend": "D",
      "baseline_p99": 1.1,
      "actual_p99": 5.4,
      "delta_pct": 390.9
    },
    {
      "workload": "W4",
      "backend": "A",
      "baseline_p99": 659.0,
      "actual_p99": 2479.1,
      "delta_pct": 276.2
    },
    {
      "workload": "W4",
      "backend": "B",
      "baseline_p99": 681.4,
      "actual_p99": 2676.1,
      "delta_pct": 292.7
    },
    {
      "workload": "W4",
      "backend": "C",
      "baseline_p99": 578.3,
      "actual_p99": 2528.4,
      "delta_pct": 337.2
    },
    {
      "workload": "W4",
      "backend": "D",
      "baseline_p99": 409.0,
      "actual_p99": 2540.6,
      "delta_pct": 521.2
    },
    {
      "workload": "W5",
      "backend": "A",
      "baseline_p99": 5.4,
      "actual_p99": 17.4,
      "delta_pct": 222.2
    },
    {
      "workload": "W5",
      "backend": "B",
      "baseline_p99": 7.7,
      "actual_p99": 22.1,
      "delta_pct": 187.0
    },
    {
      "workload": "W5",
      "backend": "C",
      "baseline_p99": 7.7,
      "actual_p99": 21.3,
      "delta_pct": 176.6
    },
    {
      "workload": "W5",
      "backend": "D",
      "baseline_p99": 3.2,
      "actual_p99": 10.4,
      "delta_pct": 225.0
    }
  ]
}

-> publish/claim P50+P99 latency vs ci/baselines/publish-claim-p99-baseline.json
  PASS claim_p50: {'actual': 30, 'baseline': 40, 'ok': True}
  PASS claim_p99: {'actual': 270, 'limit': 20000, 'noise_cap': 20000, 'ok': True}
  PASS publish_p50: {'actual': 31, 'baseline': 48, 'ok': True}
  PASS publish_p99: {'actual': 130, 'limit': 20000, 'noise_cap': 20000, 'ok': True}

=== Perf-regression status: PASSED ===
✅ No performance regressions
