TLC2 Version 2026.09.17.032053 (rev: 142d0ba)
Running breadth-first search Model-Checking with fp 67 and seed -1685422505069427224 with 1 worker on 2 cores with 1333MB heap and 64MB offheap memory [pid: 3963] (Linux 5.10.134-013.15.kangaroo.al8.x86_64 amd64, Debian 21.0.12.1 64bit, MSBDiskFPSet, DiskStateQueue).
Parsing file /home/z/my-project/weft-repo/formal/seqlock_ring.tla
Parsing file /tmp/tlc-5468470987929778442/Naturals.tla (jar:file:/home/z/my-project/weft-repo/.tlc-cache/tla2tools-1.8.0.jar!/tla2sany/StandardModules/Naturals.tla)
Parsing file /tmp/tlc-5468470987929778442/FiniteSets.tla (jar:file:/home/z/my-project/weft-repo/.tlc-cache/tla2tools-1.8.0.jar!/tla2sany/StandardModules/FiniteSets.tla)
Parsing file /tmp/tlc-5468470987929778442/_TLCTrace.tla (jar:file:/home/z/my-project/weft-repo/.tlc-cache/tla2tools-1.8.0.jar!/tla2sany/StandardModules/_TLCTrace.tla)
Parsing file /tmp/tlc-5468470987929778442/Sequences.tla (jar:file:/home/z/my-project/weft-repo/.tlc-cache/tla2tools-1.8.0.jar!/tla2sany/StandardModules/Sequences.tla)
Parsing file /tmp/tlc-5468470987929778442/TLC.tla (jar:file:/home/z/my-project/weft-repo/.tlc-cache/tla2tools-1.8.0.jar!/tla2sany/StandardModules/TLC.tla)
Parsing file /tmp/tlc-5468470987929778442/TLCExt.tla (jar:file:/home/z/my-project/weft-repo/.tlc-cache/tla2tools-1.8.0.jar!/tla2sany/StandardModules/TLCExt.tla)
Parsing file /tmp/tlc-5468470987929778442/Integers.tla (jar:file:/home/z/my-project/weft-repo/.tlc-cache/tla2tools-1.8.0.jar!/tla2sany/StandardModules/Integers.tla)
Semantic processing of module Naturals
Semantic processing of module Sequences
Semantic processing of module FiniteSets
Semantic processing of module TLC
Semantic processing of module Integers
Semantic processing of module TLCExt
Semantic processing of module _TLCTrace
Semantic processing of module seqlock_ring
Linting of module TLCExt
Linting of module _TLCTrace
Linting of module seqlock_ring
Starting... (2026-09-22 11:12:04)
Implied-temporal checking--satisfiability problem has 1 branches.
Computing initial states...
Computed 2 initial states...
Computed 4 initial states...
Finished computing initial states: 8 distinct states generated at 2026-09-22 11:12:04.
Checking temporal properties for the current state space with 79884 total distinct states at (2026-09-22 11:12:07)
Finished checking temporal properties in 00s at 2026-09-22 11:12:08
Progress(14) at 2026-09-22 11:12:08: 288,214 states generated (288,214 s/min), 129,313 distinct states found (129,313 ds/min), 49,158 states left on queue.
Progress(23) at 2026-09-22 11:13:08: 8,718,388 states generated (8,430,174 s/min), 3,064,008 distinct states found (2,934,695 ds/min), 654,367 states left on queue.
Checking temporal properties for the current state space with 4734541 total distinct states at (2026-09-22 11:14:08)
Finished checking temporal properties in 59s at 2026-09-22 11:15:08
Progress(26) at 2026-09-22 11:15:08: 17,178,675 states generated (8,460,287 s/min), 5,301,205 distinct states found (2,237,197 ds/min), 566,660 states left on queue.
Progress(34) at 2026-09-22 11:15:57: 23,975,608 states generated, 6,676,860 distinct states found, 0 states left on queue.
Checking temporal properties for the complete state space with 6676860 total distinct states at (2026-09-22 11:15:57)
Finished checking temporal properties in 01min 22s at 2026-09-22 11:17:20
Model checking completed. No error has been found.
  Estimates of the probability that TLC did not check all reachable states
  because two distinct states had the same fingerprint:
  calculated (optimistic):  val = 6.3E-6
  based on the actual fingerprints:  val = 4.9E-7
23975608 states generated, 6676860 distinct states found, 0 states left on queue.
The depth of the complete state graph search is 34.
The average outdegree of the complete state graph is 1 (minimum is 0, the maximum 6 and the 95th percentile is 3).
Finished in 05min 17s at (2026-09-22 11:17:21)
