==================================================
SHARD: weft-tensor-managed
DESCRIPTION: Project weft-tensor Pillar 2: WTR1 layout, TS/Python ingestion engines, DLPack/NumPy bridge, cross-language parity, React/Flutter AI hooks/widgets, 120 FPS flight demo, alloc probes
STATUS: PASSED ✅
COMMIT: 7d8ca0a6670fc923ff2e4ebde491f9da2cdb3640
RUN: 246
==================================================

[1/8] fixture determinism
OK /home/runner/work/Weft/Weft/fixtures/weft-tensor/ring-v1-f32.bin (640 B) byte-identical
OK /home/runner/work/Weft/Weft/fixtures/weft-tensor/ring-v1-u8.bin (640 B) byte-identical
[2/8] TypeScript suite
✔ zero-alloc probe [ring] — 100k steady-state ops stay flat (235.688166ms)
✔ zero-alloc probe [ingest] — 100k steady-state ops stay flat (108.94664ms)
✔ zero-alloc probe [audio] — 100k steady-state ops stay flat (117.842485ms)
✔ zero-alloc probe [render] — 100k steady-state ops stay flat (1606.100759ms)
✔ zero-alloc probe [overlay] — 100k steady-state ops stay flat (75.232953ms)
✔ negative control: a deliberately-allocating loop IS caught (69.822621ms)
✔ f32 fixture: header fields, 10 frames, dyadic payload parity (5.651773ms)
✔ u8 fixture: header fields, 6 frames, byte payload parity (1.375639ms)
✔ WebCodecs sync fast path: bytes land in ring, no intermediate (6.679394ms)
✔ WebCodecs async fast path resolves after the GPU readback lands (1.32941ms)
✔ copyTo failure is a DROP, never a throw into the frame loop (0.310688ms)
✔ legacy sync copyTo returning void still commits the full slot (1.987291ms)
✔ ImageData + raw paths (0.555539ms)
✔ ingestor dtype gate: f32 ring rejected (Law 4) (0.749926ms)
✔ AudioPcmFeeder: exact-fit chunks roll one slot per chunk (0.66478ms)
✔ AudioPcmFeeder: chunk spanning slot boundaries carries with zero gaps (0.551923ms)
✔ AudioPcmFeeder: tiny chunks accumulate then roll (worklet cadence) (0.405388ms)
✔ AudioPcmFeeder dtype gate + chunk size gate (Law 4) (0.56962ms)
✔ crc32 matches node:zlib over the static header region (2.308173ms)
✔ f16FromBits matches numpy float16 decode exactly (0.528469ms)
✔ f16ToBits matches numpy round-to-nearest-even (0.58341ms)
✔ fourcc round-trips as LE ASCII (0.251892ms)
✔ validateRingHeader accepts both golden fixtures (1.650253ms)
✔ fail-closed corruption matrix — every mutation gets a machine-readable code (4.385697ms)
✔ dtype validity table (0.196129ms)
✔ create() writes a self-validating header (round trip through attach) (2.038501ms)
✔ Canvas2DPlane: ONE ImageData reused, pixel-accurate blit per frame (3.758571ms)
✔ Canvas2DPlane dtype gate (Law 4) (0.858055ms)
✔ OverlayScratch + drawBoxes2D: bounded, reused, pixel records (1.339235ms)
✔ drawSkeleton2D honours confidence gating (0.432087ms)
✔ WebGL2Plane: zero-alloc texSubImage2D from the slot view + fullscreen tri (1.100612ms)
✔ create + typed commit + acquireLatest returns exact values, zero surprises (6.525531ms)
✔ byte commit path (Uint8Array) with short payload (bounded loop, no throw) (2.040108ms)
✔ acquireLatest(lastSeq) returns null when nothing new; acquireFrame bounds (0.421812ms)
✔ overrun: slotCount=2, 5 commits -> old seq gone, latest correct (0.497604ms)
✔ torn read: uncommitted slot is invisible, then visible after commit marker (0.397166ms)
✔ zero-copy begin/finish path matches convenience commit (0.851145ms)
✔ commit rejects wrong dtype / oversized payloads (fail-closed) (1.455226ms)
✔ create() input validation is fail-closed (0.365649ms)
✔ waitForNewFrame resolves via injected scheduler; timeout path returns null (44.464203ms)
✔ SharedArrayBuffer smoke: create(shared) + atomics publish + acquire (0.901409ms)
✔ ring stats counters are sealed and monotonic (0.255396ms)
✔ detectRuntime identifies node (this process) (1.413775ms)
✔ detectRuntime: browser / deno / bun / worker / electron fakes (0.381863ms)
✔ runtimeMatrix feature list stays sorted/deterministic (1.149615ms)
✔ assertShareable accepts SAB, rejects plain ArrayBuffer (0.795864ms)
ℹ tests 46
ℹ suites 0
ℹ pass 46
ℹ fail 0
ℹ cancelled 0
ℹ skipped 0
ℹ todo 0
ℹ duration_ms 2314.580494
[3/8] Python suite
.......s.............s................                                   [100%]
36 passed, 2 skipped in 9.47s
[4/8] TS producer -> Python consumer
{"producer":"typescript","path":"/tmp/tmp.KrJ1TcYQOI/ts_ring.bin","byteLength":640,"producerSeq":10,"slotStride":128,"schemaId":"fe77000000000000"}
{"consumer": "python", "path": "/tmp/tmp.KrJ1TcYQOI/ts_ring.bin", "framesValidated": [7, 8, 9, 10], "dlpackAlias": true, "ok": true}
[5/8] Python producer -> TS consumer
{"producer": "python", "path": "/tmp/tmp.KrJ1TcYQOI/py_ring.bin", "byteLength": 640, "producerSeq": 10, "slotStride": 128, "schemaId": "fe77000000000001"}
{"consumer":"typescript","path":"/tmp/tmp.KrJ1TcYQOI/py_ring.bin","framesValidated":[7,8,9,10],"ok":true}
[6/8] DLPack alias proof (consumed the TS-produced ring, pointer-checked)
    dlpack alias OK (slot ptr 0x56292ac72f30 inside ring 0x56292ac72df0..0x56292ac73070)
[7/8] zero-allocation probes (100k ops each, post-warmup, --expose-gc)
    {"mode":"ring","iters":100000,"heapBefore":4389904,"heapAfter":4402608,"deltaBytes":12704}
    {"mode":"ingest","iters":100000,"heapBefore":4398168,"heapAfter":4411416,"deltaBytes":13248}
    {"mode":"audio","iters":100000,"heapBefore":4410768,"heapAfter":4405864,"deltaBytes":-4904}
    {"mode":"render","iters":100000,"heapBefore":4404960,"heapAfter":4406560,"deltaBytes":1600}
    {"mode":"overlay","iters":100000,"heapBefore":4284176,"heapAfter":4285648,"deltaBytes":1472}
[8/8] latency gates (directive: commit < 50us)
    {"bench":"weft-tensor commit/acquire","node":"v24.20.0","video":{"geometry":"320x180 RGBA","slotCapBytes":230400,"commit":{"n":50000,"p50_us":0.181,"p99_us":1.302,"max_us":163.09},"acquire":{"n":50000,"p50_us":0.13,"p99_us":0.461,"max_us":43.184},"commit_under_50us":true},"audio":{"geometry":"2ch x 128 f32 (interleaved quanta 256)","slotCapBytes":1024,"commit":{"n":50000,"p50_us":0.5,"p99_us":0.551,"max_us":159.104},"acquire":{"n":50000,"p50_us":0.13,"p99_us":0.671,"max_us":127.718},"commit_under_50us":true}}
weft-tensor managed shard: ALL 8 STAGES GREEN
