==================================================
SHARD: weft-cluster-managed
DESCRIPTION: Project weft-cluster Pillar 3: TS wire/client/topology/router/metrics, Python wire/router/UDP parity, live UDP mesh, 100k zero-alloc probes, 1M fps burst, rendezvous router
STATUS: PASSED ✅
COMMIT: 7d8ca0a6670fc923ff2e4ebde491f9da2cdb3640
RUN: 246
==================================================

[1/8] kernel-core integrity (Law 3: core/c/weft.{c,h} byte-frozen)
    core/c/weft.{c,h} untouched
[2/8] TS wire vectors + cross-language guard
✔ crosslang: TS still decodes the frozen WCN1 vectors byte-exactly (1.900375ms)
✔ crosslang: TS rejects malformed fixtures with the frozen codes (0.324718ms)
✔ crosslang: FNV/CRC reference vectors match the fixture (0.335658ms)
✔ crc32 IEEE vectors (parity with Python zlib.crc32) (1.180548ms)
✔ fnv1a64 topic hash vectors (parity with Python impl) (0.380782ms)
✔ WCN1 header: little-endian byte layout is normative (0.296706ms)
✔ WCN1 round-trip: encode -> decode -> same fields (3.896951ms)
✔ Law 4: malformed datagrams map to the exact error taxonomy (0.379801ms)
✔ error names are stable (Law 4 contract) (0.326381ms)
✔ WGS1 gossip: encode + entries + decode round-trip (0.580967ms)
✔ WGS1: entry_count overrun is WC_E_TRUNCATED, not a crash (0.15482ms)
✔ Law 1: decodeInto is allocation-free (structural check) (0.35807ms)
ℹ tests 12
ℹ suites 0
ℹ pass 12
ℹ fail 0
ℹ cancelled 0
ℹ skipped 0
ℹ todo 0
ℹ duration_ms 81.086562
[3/8] Python wire + router vector parity
.........                                                                [100%]
9 passed in 0.34s
[4/8] TypeScript suite
✔ shm: publish -> subscribe async iterator, seq monotonic, payload intact (13.590347ms)
✔ shm: two subscribers fan out independently; unsubscribe stops flow (10.926815ms)
✔ shm: tryLatest reads newest without advancing the iterator (4.401087ms)
✔ Law 4: stale seq replays are dropped and counted (datagram path) (1.317847ms)
✔ udp: two clients, SUB control plane, live datagram pub/sub (40.356332ms)
✔ udp: publisher with zero subscribers stays silent (no peers dup) (0.858006ms)
✔ crosslang: TS still decodes the frozen WCN1 vectors byte-exactly (1.333115ms)
✔ crosslang: TS rejects malformed fixtures with the frozen codes (0.345747ms)
✔ crosslang: FNV/CRC reference vectors match the fixture (0.442058ms)
✔ registry: counters, gauges, histogram quantile sanity (2.963617ms)
✔ histogram bucket bounds follow the 1, 2, 3, 4, 6, 8, 12... sequence (0.273992ms)
✔ prometheus: exposition format with cumulative histogram buckets (1.094519ms)
✔ otel: OTLP/JSON document shape (resourceMetrics -> metrics) (1.676467ms)
✔ perfetto: .pftrace protobuf round-trips packets and track events (1.587451ms)
✔ prometheus: embedded /metrics server answers 200 over real HTTP (56.16969ms)
✔ router: deterministic owner across calls and instances (1.712245ms)
✔ router: cross-language owner vector (node seeds 11,22,33,44 / telemetry) (2.198425ms)
✔ router: 8-node balance within 3x envelope (9.466923ms)
✔ router: minimal disruption — adding 1 of 9 nodes moves ~1/9 of topics (15.851278ms)
✔ router: unrouted topic -> WC_E_TOPIC_UNROUTED (0.434133ms)
✔ router: removeNode stops routing to it; version bumps (0.239799ms)
✔ membership: upsert + hash-index lookup round-trip (1.552165ms)
✔ membership: open addressing survives heavy collisions (1.129995ms)
✔ gossip: 3 engines converge to a full membership view (socketless) (3.071329ms)
✔ gossip: stale incarnation ignored, higher incarnation wins (0.48125ms)
✔ gossip: LEAVING is sticky at equal incarnation, revive needs higher (0.305231ms)
✔ gossip: SWIM refutation — falsely-leaving node bumps incarnation (0.386243ms)
✔ gossip: silent nodes suspect then evicted (fake clock) (1.178386ms)
✔ gossip: graceful leave announces and propagates LEAVING (0.401311ms)
✔ crc32 IEEE vectors (parity with Python zlib.crc32) (1.200487ms)
✔ fnv1a64 topic hash vectors (parity with Python impl) (0.313598ms)
✔ WCN1 header: little-endian byte layout is normative (0.289562ms)
✔ WCN1 round-trip: encode -> decode -> same fields (4.353579ms)
✔ Law 4: malformed datagrams map to the exact error taxonomy (0.287499ms)
✔ error names are stable (Law 4 contract) (0.278982ms)
✔ WGS1 gossip: encode + entries + decode round-trip (0.40064ms)
✔ WGS1: entry_count overrun is WC_E_TRUNCATED, not a crash (0.142346ms)
✔ Law 1: decodeInto is allocation-free (structural check) (0.368681ms)
ℹ tests 38
ℹ suites 0
ℹ pass 38
ℹ fail 0
ℹ cancelled 0
ℹ skipped 0
ℹ todo 0
ℹ duration_ms 2184.944736
[5/8] Python suite
.....s.........                                                          [100%]
14 passed, 1 skipped in 8.68s
[6/8] live cross-language UDP cluster (both directions)
..                                                                       [100%]
2 passed in 8.33s
[7/8] zero-allocation probes (100k ops each, post-warmup, --expose-gc)
    {"mode":"publish","iters":100000,"heapBefore":7444616,"heapAfter":7444672,"deltaBytes":56}
    {"mode":"subscribe","iters":100000,"heapBefore":7522928,"heapAfter":7521232,"deltaBytes":-1696}
    {"mode":"metrics","iters":100000,"heapBefore":7359960,"heapAfter":7359416,"deltaBytes":-544}
    {"mode":"router","iters":100000,"heapBefore":7395744,"heapAfter":7395704,"deltaBytes":-40}
[8/8] performance gates
    [8a] 4-node demo smoke (monotonicity must PASS)
    demo PASS (monotonic, 0 gaps, 0 stale)
    [8b] mesh burst >= 1,000,000 fps (mandate D)
    {"kind":"weft-cluster-mesh-burst","transport":"loopback-shm (simulated cluster)","nodes":4,"consumers":3,"topics":1,"payloadBytes":64,"fpsTarget":1000000,"seconds":2,"publishedFrames":2000000,"ingestedFrames":6000000,"expectedIngest":6000000,"achievedFps":1062878,"fanoutWritesPerSec":3188635,"elapsedSec":1.88,"sequenceGaps":0,"hopLatencyNs":{"p50":1024,"p99":2048},"at":"2026-09-23T13:01:15.636Z"}
    [8c] membership lookup latency (mandate B1)
    {"kind":"weft-cluster-router-bench","membershipLookupNs":{"p50":17,"p99":33.1},"routerOwnerNs":{"p50":1143,"p99":1190.5,"nodes":8},"mandate":"lock-free cluster state table lookups < 10 ns (Pillar 3 mandate B1)"}
    lookup p50 17ns (gate 25ns; mandate 10ns is bare-metal — delta recorded in D-33)
weft-cluster-managed shard: ALL 8 STAGES GREEN
