==================================================
SHARD: perf-regression
DESCRIPTION: W-suite P99 vs pinned baseline; >15% drop = FAIL
STATUS: PASSED ✅
COMMIT: 7d8ca0a6670fc923ff2e4ebde491f9da2cdb3640
RUN: 246
==================================================

→ W1/A ... P99=92.8 alloc/frame=0.0 [PASS]
→ W1/B ... P99=101.1 alloc/frame=0.0 [PASS]
→ W1/C .../home/runner/work/Weft/Weft/core/c/weft.c:15: warning: "_GNU_SOURCE" redefined
   15 | #define _GNU_SOURCE  // for posix_memalign
      | 
<command-line>: note: this is the location of the previous definition
→ compiling Weft C kernel to /home/runner/work/Weft/Weft/core/c/libweft.so
 P99=118.9 alloc/frame=0.0 [PASS]
→ W1/D ... P99=75.0 alloc/frame=0.0 [PASS]
→ W2/A ... P99=69.3 alloc/frame=0.0 [PASS]
→ W2/B ... P99=98.7 alloc/frame=0.0 [PASS]
→ W2/C ... P99=93.1 alloc/frame=0.0 [PASS]
→ W2/D ... P99=37.7 alloc/frame=0.0 [PASS]
→ W3/A ... P99=8.6 alloc/frame=0.0 [PASS]
→ W3/B ... P99=9.2 alloc/frame=0.0 [PASS]
→ W3/C ... P99=9.6 alloc/frame=0.0 [PASS]
→ W3/D ... P99=5.1 alloc/frame=0.0 [PASS]
→ W4/A ... P99=2469.3 alloc/frame=0.0 [PASS]
→ W4/B ... P99=2645.1 alloc/frame=0.0 [PASS]
→ W4/C ... P99=2481.1 alloc/frame=0.0 [PASS]
→ W4/D ... P99=2511.3 alloc/frame=0.0 [PASS]
→ W5/A ... P99=17.0 alloc/frame=0.0 [PASS]
→ W5/B ... P99=21.8 alloc/frame=0.0 [PASS]
→ W5/C ... P99=21.9 alloc/frame=0.0 [PASS]
→ W5/D ... P99=10.3 alloc/frame=0.0 [PASS]

✓ W-suite bundle: /home/runner/work/Weft/Weft/bench/results/wsuite-x86_64-sandbox.json
  cells: 20 (target: 20 = 5 workloads × 4 backends)
  pass: 20/20
 ... P99=101.1 alloc/frame=0.0 [PASS]
→ W1/C .../home/runner/work/Weft/Weft/core/c/weft.c:15: warning: "_GNU_SOURCE" redefined
   15 | #define _GNU_SOURCE  // for posix_memalign
      | 
<command-line>: note: this is the location of the previous definition
→ compiling Weft C kernel to /home/runner/work/Weft/Weft/core/c/libweft.so
 P99=118.9 alloc/frame=0.0 [PASS]
→ W1/D ... P99=75.0 alloc/frame=0.0 [PASS]
→ W2/A ... P99=69.3 alloc/frame=0.0 [PASS]
→ W2/B ... P99=98.7 alloc/frame=0.0 [PASS]
→ W2/C ... P99=93.1 alloc/frame=0.0 [PASS]
→ W2/D ... P99=37.7 alloc/frame=0.0 [PASS]
→ W3/A ... P99=8.6 alloc/frame=0.0 [PASS]
→ W3/B ... P99=9.2 alloc/frame=0.0 [PASS]
→ W3/C ... P99=9.6 alloc/frame=0.0 [PASS]
→ W3/D ... P99=5.1 alloc/frame=0.0 [PASS]
→ W4/A ... P99=2469.3 alloc/frame=0.0 [PASS]
→ W4/B ... P99=2645.1 alloc/frame=0.0 [PASS]
→ W4/C ... P99=2481.1 alloc/frame=0.0 [PASS]
→ W4/D ... P99=2511.3 alloc/frame=0.0 [PASS]
→ W5/A ... P99=17.0 alloc/frame=0.0 [PASS]
→ W5/B ... P99=21.8 alloc/frame=0.0 [PASS]
→ W5/C ... P99=21.9 alloc/frame=0.0 [PASS]
→ W5/D ... P99=10.3 alloc/frame=0.0 [PASS]

✓ W-suite bundle: /home/runner/work/Weft/Weft/bench/results/wsuite-x86_64-sandbox.json
  cells: 20 (target: 20 = 5 workloads × 4 backends)
  pass: 20/20
{
  "shard": "perf-regression",
  "status": "PASSED",
  "threshold_pct": 5,
  "regression_count": 0,
  "improvement_count": 20,
  "cells_compared": 20,
  "regressions": [],
  "improvements": [
    {
      "workload": "W1",
      "backend": "A",
      "baseline": 7.3,
      "actual": 92.8,
      "delta_pct": 1171.2,
      "reason": "improvement"
    },
    {
      "workload": "W1",
      "backend": "B",
      "baseline": 44.6,
      "actual": 101.1,
      "delta_pct": 126.7,
      "reason": "improvement"
    },
    {
      "workload": "W1",
      "backend": "C",
      "baseline": 7.8,
      "actual": 118.9,
      "delta_pct": 1424.4,
      "reason": "improvement"
    },
    {
      "workload": "W1",
      "backend": "D",
      "baseline": 18.6,
      "actual": 75.0,
      "delta_pct": 303.2,
      "reason": "improvement"
    },
    {
      "workload": "W2",
      "backend": "A",
      "baseline": 4.3,
      "actual": 69.3,
      "delta_pct": 1511.6,
      "reason": "improvement"
    },
    {
      "workload": "W2",
      "backend": "B",
      "baseline": 6.1,
      "actual": 98.7,
      "delta_pct": 1518.0,
      "reason": "improvement"
    },
    {
      "workload": "W2",
      "backend": "C",
      "baseline": 16.4,
      "actual": 93.1,
      "delta_pct": 467.7,
      "reason": "improvement"
    },
    {
      "workload": "W2",
      "backend": "D",
      "baseline": 7.5,
      "actual": 37.7,
      "delta_pct": 402.7,
      "reason": "improvement"
    },
    {
      "workload": "W3",
      "backend": "A",
      "baseline": 2.6,
      "actual": 8.6,
      "delta_pct": 230.8,
      "reason": "improvement"
    },
    {
      "workload": "W3",
      "backend": "B",
      "baseline": 3.7,
      "actual": 9.2,
      "delta_pct": 148.6,
      "reason": "improvement"
    },
    {
      "workload": "W3",
      "backend": "C",
      "baseline": 2.8,
      "actual": 9.6,
      "delta_pct": 242.9,
      "reason": "improvement"
    },
    {
      "workload": "W3",
      "backend": "D",
      "baseline": 1.1,
      "actual": 5.1,
      "delta_pct": 363.6,
      "reason": "improvement"
    },
    {
      "workload": "W4",
      "backend": "A",
      "baseline": 659.0,
      "actual": 2469.3,
      "delta_pct": 274.7,
      "reason": "improvement"
    },
    {
      "workload": "W4",
      "backend": "B",
      "baseline": 681.4,
      "actual": 2645.1,
      "delta_pct": 288.2,
      "reason": "improvement"
    },
    {
      "workload": "W4",
      "backend": "C",
      "baseline": 578.3,
      "actual": 2481.1,
      "delta_pct": 329.0,
      "reason": "improvement"
    },
    {
      "workload": "W4",
      "backend": "D",
      "baseline": 409.0,
      "actual": 2511.3,
      "delta_pct": 514.0,
      "reason": "improvement"
    },
    {
      "workload": "W5",
      "backend": "A",
      "baseline": 5.4,
      "actual": 17.0,
      "delta_pct": 214.8,
      "reason": "improvement"
    },
    {
      "workload": "W5",
      "backend": "B",
      "baseline": 7.7,
      "actual": 21.8,
      "delta_pct": 183.1,
      "reason": "improvement"
    },
    {
      "workload": "W5",
      "backend": "C",
      "baseline": 7.7,
      "actual": 21.9,
      "delta_pct": 184.4,
      "reason": "improvement"
    },
    {
      "workload": "W5",
      "backend": "D",
      "baseline": 3.2,
      "actual": 10.3,
      "delta_pct": 221.9,
      "reason": "improvement"
    }
  ],
  "all_compared": [
    {
      "workload": "W1",
      "backend": "A",
      "baseline_p99": 7.3,
      "actual_p99": 92.8,
      "delta_pct": 1171.2
    },
    {
      "workload": "W1",
      "backend": "B",
      "baseline_p99": 44.6,
      "actual_p99": 101.1,
      "delta_pct": 126.7
    },
    {
      "workload": "W1",
      "backend": "C",
      "baseline_p99": 7.8,
      "actual_p99": 118.9,
      "delta_pct": 1424.4
    },
    {
      "workload": "W1",
      "backend": "D",
      "baseline_p99": 18.6,
      "actual_p99": 75.0,
      "delta_pct": 303.2
    },
    {
      "workload": "W2",
      "backend": "A",
      "baseline_p99": 4.3,
      "actual_p99": 69.3,
      "delta_pct": 1511.6
    },
    {
      "workload": "W2",
      "backend": "B",
      "baseline_p99": 6.1,
      "actual_p99": 98.7,
      "delta_pct": 1518.0
    },
    {
      "workload": "W2",
      "backend": "C",
      "baseline_p99": 16.4,
      "actual_p99": 93.1,
      "delta_pct": 467.7
    },
    {
      "workload": "W2",
      "backend": "D",
      "baseline_p99": 7.5,
      "actual_p99": 37.7,
      "delta_pct": 402.7
    },
    {
      "workload": "W3",
      "backend": "A",
      "baseline_p99": 2.6,
      "actual_p99": 8.6,
      "delta_pct": 230.8
    },
    {
      "workload": "W3",
      "backend": "B",
      "baseline_p99": 3.7,
      "actual_p99": 9.2,
      "delta_pct": 148.6
    },
    {
      "workload": "W3",
      "backend": "C",
      "baseline_p99": 2.8,
      "actual_p99": 9.6,
      "delta_pct": 242.9
    },
    {
      "workload": "W3",
      "backend": "D",
      "baseline_p99": 1.1,
      "actual_p99": 5.1,
      "delta_pct": 363.6
    },
    {
      "workload": "W4",
      "backend": "A",
      "baseline_p99": 659.0,
      "actual_p99": 2469.3,
      "delta_pct": 274.7
    },
    {
      "workload": "W4",
      "backend": "B",
      "baseline_p99": 681.4,
      "actual_p99": 2645.1,
      "delta_pct": 288.2
    },
    {
      "workload": "W4",
      "backend": "C",
      "baseline_p99": 578.3,
      "actual_p99": 2481.1,
      "delta_pct": 329.0
    },
    {
      "workload": "W4",
      "backend": "D",
      "baseline_p99": 409.0,
      "actual_p99": 2511.3,
      "delta_pct": 514.0
    },
    {
      "workload": "W5",
      "backend": "A",
      "baseline_p99": 5.4,
      "actual_p99": 17.0,
      "delta_pct": 214.8
    },
    {
      "workload": "W5",
      "backend": "B",
      "baseline_p99": 7.7,
      "actual_p99": 21.8,
      "delta_pct": 183.1
    },
    {
      "workload": "W5",
      "backend": "C",
      "baseline_p99": 7.7,
      "actual_p99": 21.9,
      "delta_pct": 184.4
    },
    {
      "workload": "W5",
      "backend": "D",
      "baseline_p99": 3.2,
      "actual_p99": 10.3,
      "delta_pct": 221.9
    }
  ]
}

-> publish/claim P50+P99 latency vs ci/baselines/publish-claim-p99-baseline.json
  PASS claim_p50: {'actual': 30, 'baseline': 40, 'ok': True}
  PASS claim_p99: {'actual': 7090, 'limit': 20000, 'noise_cap': 20000, 'ok': True}
  PASS publish_p50: {'actual': 30, 'baseline': 48, 'ok': True}
  PASS publish_p99: {'actual': 100, 'limit': 20000, 'noise_cap': 20000, 'ok': True}

=== Perf-regression status: PASSED ===
✅ No performance regressions
