==================================================
SHARD: fanout-native
DESCRIPTION: C/Rust fan-out ring: F-series + torture x2 regimes + Loom + xlang
STATUS: PASSED ✅
COMMIT: e6f45aa7b63b3f4e5b5c243b05656ad6804efe83
RUN: 166
==================================================


=== C build (fenced acq/rel + seq_cst) ===
make: Entering directory '/home/runner/work/Weft/Weft/core/c'
gcc -O2 -std=c11 -Wall -Wextra -pthread -D_GNU_SOURCE -o fanout-test fanout.c frame_cursor.c weft.c fanout_simd.c fanout_test.c
weft.c:15: warning: "_GNU_SOURCE" redefined
   15 | #define _GNU_SOURCE  // for posix_memalign
      | 
<command-line>: note: this is the location of the previous definition
gcc -O2 -std=c11 -Wall -Wextra -pthread -D_GNU_SOURCE -DWEFT_FANOUT_SEQ_CST=1 -o fanout-test-seq fanout.c frame_cursor.c weft.c fanout_simd.c fanout_test.c
weft.c:15: warning: "_GNU_SOURCE" redefined
   15 | #define _GNU_SOURCE  // for posix_memalign
      | 
<command-line>: note: this is the location of the previous definition
gcc -O2 -std=c11 -Wall -Wextra -pthread -D_GNU_SOURCE -o fanout-runner fanout.c frame_cursor.c weft.c fanout_simd.c fanout_runner.c
weft.c:15: warning: "_GNU_SOURCE" redefined
   15 | #define _GNU_SOURCE  // for posix_memalign
      | 
<command-line>: note: this is the location of the previous definition
gcc -O2 -std=c11 -Wall -Wextra -pthread -D_GNU_SOURCE -DWEFT_FANOUT_SEQ_CST=1 -o fanout-runner-seq fanout.c frame_cursor.c weft.c fanout_simd.c fanout_runner.c
weft.c:15: warning: "_GNU_SOURCE" redefined
   15 | #define _GNU_SOURCE  // for posix_memalign
      | 
<command-line>: note: this is the location of the previous definition
make: Leaving directory '/home/runner/work/Weft/Weft/core/c'

=== C F-series conformance (default regime) ===
ok: F1 payload_bytes=0 rejected
ok: F1 payload_bytes%4!=0 rejected
ok: F1 slot_count<2 rejected
ok: F1 slot_count=1 rejected
ok: F1 slot_count>64 rejected
ok: F1 ring_bytes formula (TS parity)
ok: F1 reader geometry mismatch rejected
ok: F2 init succeeds
ok: F2 reader init succeeds
ok: F2 claim before any publish: null frame
ok: begin returns a cursor
ok: fill writes every word
ok: F2 publish returns frame 1
ok: F2 first publish: fresh, dropped=0
ok: payload words intact
ok: begin returns a cursor
ok: fill writes every word
ok: begin returns a cursor
ok: fill writes every word
ok: begin returns a cursor
ok: fill writes every word
ok: F3 three unseen publishes: dropped=2
ok: payload words intact
ok: F4 ring init
ok: F4 reader init
ok: begin returns a cursor
ok: fill writes every word
ok: begin returns a cursor
ok: fill writes every word
ok: begin returns a cursor
ok: fill writes every word
ok: begin returns a cursor
ok: fill writes every word
ok: begin returns a cursor
ok: fill writes every word
ok: begin returns a cursor
ok: fill writes every word
ok: begin returns a cursor
ok: fill writes every word
ok: begin returns a cursor
ok: fill writes every word
ok: begin returns a cursor
ok: fill writes every word
ok: begin returns a cursor
ok: fill writes every word
ok: begin returns a cursor
ok: fill writes every word
ok: begin returns a cursor
ok: fill writes every word
ok: begin returns a cursor
ok: fill writes every word
ok: begin returns a cursor
ok: fill writes every word
ok: begin returns a cursor
ok: fill writes every word
ok: begin returns a cursor
ok: fill writes every word
ok: begin returns a cursor
ok: fill writes every word
ok: begin returns a cursor
ok: fill writes every word
ok: begin returns a cursor
ok: fill writes every word
ok: begin returns a cursor
ok: fill writes every word
ok: begin returns a cursor
ok: fill writes every word
ok: begin returns a cursor
ok: fill writes every word
ok: begin returns a cursor
ok: fill writes every word
ok: begin returns a cursor
ok: fill writes every word
ok: begin returns a cursor
ok: fill writes every word
ok: begin returns a cursor
ok: fill writes every word
ok: begin returns a cursor
ok: fill writes every word
ok: begin returns a cursor
ok: fill writes every word
ok: begin returns a cursor
ok: fill writes every word
ok: begin returns a cursor
ok: fill writes every word
ok: begin returns a cursor
ok: fill writes every word
ok: begin returns a cursor
ok: fill writes every word
ok: begin returns a cursor
ok: fill writes every word
ok: begin returns a cursor
ok: fill writes every word
ok: begin returns a cursor
ok: fill writes every word
ok: begin returns a cursor
ok: fill writes every word
ok: begin returns a cursor
ok: fill writes every word
ok: begin returns a cursor
ok: fill writes every word
ok: begin returns a cursor
ok: fill writes every word
ok: begin returns a cursor
ok: fill writes every word
ok: begin returns a cursor
ok: fill writes every word
ok: begin returns a cursor
ok: fill writes every word
ok: begin returns a cursor
ok: fill writes every word
ok: begin returns a cursor
ok: fill writes every word
ok: begin returns a cursor
ok: fill writes every word
ok: begin returns a cursor
ok: fill writes every word
ok: begin returns a cursor
ok: fill writes every word
ok: begin returns a cursor
ok: fill writes every word
ok: begin returns a cursor
ok: fill writes every word
ok: begin returns a cursor
ok: fill writes every word
ok: begin returns a cursor
ok: fill writes every word
ok: begin returns a cursor
ok: fill writes every word
ok: begin returns a cursor
ok: fill writes every word
ok: begin returns a cursor
ok: fill writes every word
ok: begin returns a cursor
ok: fill writes every word
ok: begin returns a cursor
ok: fill writes every word
ok: begin returns a cursor
ok: fill writes every word
ok: begin returns a cursor
ok: fill writes every word
ok: begin returns a cursor
ok: fill writes every word
ok: begin returns a cursor
ok: fill writes every word
ok: F4 telescoping identity exact
ok: F4 reader converged to the last frame
ok: F4 stats agree with the loop
ok: F5 M=2 ring init
ok: F5 reader init
ok: begin returns a cursor
ok: fill writes every word
ok: F5 reader holds frame 1
ok: begin returns a cursor
ok: fill writes every word
ok: begin returns a cursor
ok: fill writes every word
ok: F5 mid-overwrite: keeps last consistent frame
ok: F5 skip counted, never silent
ok: F5 converges after the overwrite completes
ok: F6 ring init
ok: F6 publish with no begin returns 0
ok: begin returns a cursor
ok: fill writes every word
ok: F6 publish after begin returns 1
ok: F6 fill len%4!=0 rejected
ok: F7 producer init
ok: begin returns a cursor
ok: fill writes every word
ok: begin returns a cursor
ok: fill writes every word
ok: begin returns a cursor
ok: fill writes every word
ok: begin returns a cursor
ok: fill writes every word
ok: begin returns a cursor
ok: fill writes every word
ok: begin returns a cursor
ok: fill writes every word
ok: begin returns a cursor
ok: fill writes every word
ok: begin returns a cursor
ok: fill writes every word
ok: begin returns a cursor
ok: fill writes every word
ok: begin returns a cursor
ok: fill writes every word
ok: begin returns a cursor
ok: fill writes every word
ok: begin returns a cursor
ok: fill writes every word
ok: begin returns a cursor
ok: fill writes every word
ok: begin returns a cursor
ok: fill writes every word
ok: begin returns a cursor
ok: fill writes every word
ok: begin returns a cursor
ok: fill writes every word
ok: begin returns a cursor
ok: fill writes every word
ok: begin returns a cursor
ok: fill writes every word
ok: begin returns a cursor
ok: fill writes every word
ok: begin returns a cursor
ok: fill writes every word
ok: begin returns a cursor
ok: fill writes every word
ok: begin returns a cursor
ok: fill writes every word
ok: begin returns a cursor
ok: fill writes every word
ok: begin returns a cursor
ok: fill writes every word
ok: begin returns a cursor
ok: fill writes every word
ok: begin returns a cursor
ok: fill writes every word
ok: begin returns a cursor
ok: fill writes every word
ok: begin returns a cursor
ok: fill writes every word
ok: begin returns a cursor
ok: fill writes every word
ok: begin returns a cursor
ok: fill writes every word
ok: begin returns a cursor
ok: fill writes every word
ok: begin returns a cursor
ok: fill writes every word
ok: begin returns a cursor
ok: fill writes every word
ok: begin returns a cursor
ok: fill writes every word
ok: begin returns a cursor
ok: fill writes every word
ok: begin returns a cursor
ok: fill writes every word
ok: begin returns a cursor
ok: fill writes every word
ok: begin returns a cursor
ok: fill writes every word
ok: begin returns a cursor
ok: fill writes every word
ok: begin returns a cursor
ok: fill writes every word
ok: begin returns a cursor
ok: fill writes every word
ok: begin returns a cursor
ok: fill writes every word
ok: begin returns a cursor
ok: fill writes every word
ok: begin returns a cursor
ok: fill writes every word
ok: begin returns a cursor
ok: fill writes every word
ok: begin returns a cursor
ok: fill writes every word
ok: begin returns a cursor
ok: fill writes every word
ok: begin returns a cursor
ok: fill writes every word
ok: begin returns a cursor
ok: fill writes every word
ok: begin returns a cursor
ok: fill writes every word
ok: begin returns a cursor
ok: fill writes every word
ok: begin returns a cursor
ok: fill writes every word
ok: begin returns a cursor
ok: fill writes every word
ok: begin returns a cursor
ok: fill writes every word
ok: begin returns a cursor
ok: fill writes every word
ok: begin returns a cursor
ok: fill writes every word
ok: begin returns a cursor
ok: fill writes every word
ok: begin returns a cursor
ok: fill writes every word
ok: begin returns a cursor
ok: fill writes every word
ok: begin returns a cursor
ok: fill writes every word
ok: begin returns a cursor
ok: fill writes every word
ok: begin returns a cursor
ok: fill writes every word
ok: begin returns a cursor
ok: fill writes every word
ok: begin returns a cursor
ok: fill writes every word
ok: begin returns a cursor
ok: fill writes every word
ok: begin returns a cursor
ok: fill writes every word
ok: begin returns a cursor
ok: fill writes every word
ok: begin returns a cursor
ok: fill writes every word
ok: begin returns a cursor
ok: fill writes every word
ok: begin returns a cursor
ok: fill writes every word
ok: begin returns a cursor
ok: fill writes every word
ok: begin returns a cursor
ok: fill writes every word
ok: begin returns a cursor
ok: fill writes every word
ok: begin returns a cursor
ok: fill writes every word
ok: begin returns a cursor
ok: fill writes every word
ok: begin returns a cursor
ok: fill writes every word
ok: begin returns a cursor
ok: fill writes every word
ok: begin returns a cursor
ok: fill writes every word
ok: begin returns a cursor
ok: fill writes every word
ok: begin returns a cursor
ok: fill writes every word
ok: begin returns a cursor
ok: fill writes every word
ok: begin returns a cursor
ok: fill writes every word
ok: begin returns a cursor
ok: fill writes every word
ok: begin returns a cursor
ok: fill writes every word
ok: begin returns a cursor
ok: fill writes every word
ok: begin returns a cursor
ok: fill writes every word
ok: begin returns a cursor
ok: fill writes every word
ok: begin returns a cursor
ok: fill writes every word
ok: begin returns a cursor
ok: fill writes every word
ok: begin returns a cursor
ok: fill writes every word
ok: begin returns a cursor
ok: fill writes every word
ok: begin returns a cursor
ok: fill writes every word
ok: begin returns a cursor
ok: fill writes every word
ok: begin returns a cursor
ok: fill writes every word
ok: begin returns a cursor
ok: fill writes every word
ok: begin returns a cursor
ok: fill writes every word
ok: begin returns a cursor
ok: fill writes every word
ok: F7 reader attaches to the copy
ok: F7 handoff: fresh final frame, dropped = N-1
ok: payload words intact
ok: F7 writer attach
ok: F7 second attach on the live broadcaster is refused
ok: begin returns a cursor
ok: fill writes every word
ok: F7 attached writer continues numbering
ok: F7 second reader attach
ok: F7 cross-producer accounting telescopes
ok: F8 debug latest/publishes/slots
ok: F8 slot stamps populated and in range
ok: F9 new rejects bad geometry (slots, mod-4)
ok: F9 new allocates
ok: F9 ring accessor non-NULL
ok: F9 new ring publishes frame 1
ok: F9 raw latestSeq == 1 at offset 0
ok: F9 raw publishes == 1 at offset 8
ok: F9 reader_new attaches to the ring pointer
ok: F9 reader on the new/free ring claims frame 1
ok: F9 reader_new rejects ring_bytes mismatch
ok: F9 free pair NULL-safe, no crash
ok: FC kernel init
ok: FC1 null frame baseline: first, behind 0
ok: FC2 first real frame: behind 0, not first
ok: FC3 gap accounting: behind 2
ok: FC4 idle claim: recycled hold, reset rule, behind 0
ok: FC4 idle claim adds no drops
ok: FC5 kernel init
ok: FC5 baseline seq 10
ok: FC5 decreasing seq resets accounting (no burst)
ok: FC5 reset adds no drops
ok: FC6 accumulators: totalDropped=2, claims=4
ok: FC6 reset: next update is first again
ok: FC6 reset zeroed the counters

PASS: 0 failure(s)

=== C F-series conformance (all-seq_cst regime) ===
ok: F1 payload_bytes=0 rejected
ok: F1 payload_bytes%4!=0 rejected
ok: F1 slot_count<2 rejected
ok: F1 slot_count=1 rejected
ok: F1 slot_count>64 rejected
ok: F1 ring_bytes formula (TS parity)
ok: F1 reader geometry mismatch rejected
ok: F2 init succeeds
ok: F2 reader init succeeds
ok: F2 claim before any publish: null frame
ok: begin returns a cursor
ok: fill writes every word
ok: F2 publish returns frame 1
ok: F2 first publish: fresh, dropped=0
ok: payload words intact
ok: begin returns a cursor
ok: fill writes every word
ok: begin returns a cursor
ok: fill writes every word
ok: begin returns a cursor
ok: fill writes every word
ok: F3 three unseen publishes: dropped=2
ok: payload words intact
ok: F4 ring init
ok: F4 reader init
ok: begin returns a cursor
ok: fill writes every word
ok: begin returns a cursor
ok: fill writes every word
ok: begin returns a cursor
ok: fill writes every word
ok: begin returns a cursor
ok: fill writes every word
ok: begin returns a cursor
ok: fill writes every word
ok: begin returns a cursor
ok: fill writes every word
ok: begin returns a cursor
ok: fill writes every word
ok: begin returns a cursor
ok: fill writes every word
ok: begin returns a cursor
ok: fill writes every word
ok: begin returns a cursor
ok: fill writes every word
ok: begin returns a cursor
ok: fill writes every word
ok: begin returns a cursor
ok: fill writes every word
ok: begin returns a cursor
ok: fill writes every word
ok: begin returns a cursor
ok: fill writes every word
ok: begin returns a cursor
ok: fill writes every word
ok: begin returns a cursor
ok: fill writes every word
ok: begin returns a cursor
ok: fill writes every word
ok: begin returns a cursor
ok: fill writes every word
ok: begin returns a cursor
ok: fill writes every word
ok: begin returns a cursor
ok: fill writes every word
ok: begin returns a cursor
ok: fill writes every word
ok: begin returns a cursor
ok: fill writes every word
ok: begin returns a cursor
ok: fill writes every word
ok: begin returns a cursor
ok: fill writes every word
ok: begin returns a cursor
ok: fill writes every word
ok: begin returns a cursor
ok: fill writes every word
ok: begin returns a cursor
ok: fill writes every word
ok: begin returns a cursor
ok: fill writes every word
ok: begin returns a cursor
ok: fill writes every word
ok: begin returns a cursor
ok: fill writes every word
ok: begin returns a cursor
ok: fill writes every word
ok: begin returns a cursor
ok: fill writes every word
ok: begin returns a cursor
ok: fill writes every word
ok: begin returns a cursor
ok: fill writes every word
ok: begin returns a cursor
ok: fill writes every word
ok: begin returns a cursor
ok: fill writes every word
ok: begin returns a cursor
ok: fill writes every word
ok: begin returns a cursor
ok: fill writes every word
ok: begin returns a cursor
ok: fill writes every word
ok: begin returns a cursor
ok: fill writes every word
ok: begin returns a cursor
ok: fill writes every word
ok: begin returns a cursor
ok: fill writes every word
ok: begin returns a cursor
ok: fill writes every word
ok: begin returns a cursor
ok: fill writes every word
ok: begin returns a cursor
ok: fill writes every word
ok: begin returns a cursor
ok: fill writes every word
ok: begin returns a cursor
ok: fill writes every word
ok: begin returns a cursor
ok: fill writes every word
ok: begin returns a cursor
ok: fill writes every word
ok: begin returns a cursor
ok: fill writes every word
ok: begin returns a cursor
ok: fill writes every word
ok: begin returns a cursor
ok: fill writes every word
ok: begin returns a cursor
ok: fill writes every word
ok: begin returns a cursor
ok: fill writes every word
ok: begin returns a cursor
ok: fill writes every word
ok: begin returns a cursor
ok: fill writes every word
ok: begin returns a cursor
ok: fill writes every word
ok: begin returns a cursor
ok: fill writes every word
ok: begin returns a cursor
ok: fill writes every word
ok: begin returns a cursor
ok: fill writes every word
ok: F4 telescoping identity exact
ok: F4 reader converged to the last frame
ok: F4 stats agree with the loop
ok: F5 M=2 ring init
ok: F5 reader init
ok: begin returns a cursor
ok: fill writes every word
ok: F5 reader holds frame 1
ok: begin returns a cursor
ok: fill writes every word
ok: begin returns a cursor
ok: fill writes every word
ok: F5 mid-overwrite: keeps last consistent frame
ok: F5 skip counted, never silent
ok: F5 converges after the overwrite completes
ok: F6 ring init
ok: F6 publish with no begin returns 0
ok: begin returns a cursor
ok: fill writes every word
ok: F6 publish after begin returns 1
ok: F6 fill len%4!=0 rejected
ok: F7 producer init
ok: begin returns a cursor
ok: fill writes every word
ok: begin returns a cursor
ok: fill writes every word
ok: begin returns a cursor
ok: fill writes every word
ok: begin returns a cursor
ok: fill writes every word
ok: begin returns a cursor
ok: fill writes every word
ok: begin returns a cursor
ok: fill writes every word
ok: begin returns a cursor
ok: fill writes every word
ok: begin returns a cursor
ok: fill writes every word
ok: begin returns a cursor
ok: fill writes every word
ok: begin returns a cursor
ok: fill writes every word
ok: begin returns a cursor
ok: fill writes every word
ok: begin returns a cursor
ok: fill writes every word
ok: begin returns a cursor
ok: fill writes every word
ok: begin returns a cursor
ok: fill writes every word
ok: begin returns a cursor
ok: fill writes every word
ok: begin returns a cursor
ok: fill writes every word
ok: begin returns a cursor
ok: fill writes every word
ok: begin returns a cursor
ok: fill writes every word
ok: begin returns a cursor
ok: fill writes every word
ok: begin returns a cursor
ok: fill writes every word
ok: begin returns a cursor
ok: fill writes every word
ok: begin returns a cursor
ok: fill writes every word
ok: begin returns a cursor
ok: fill writes every word
ok: begin returns a cursor
ok: fill writes every word
ok: begin returns a cursor
ok: fill writes every word
ok: begin returns a cursor
ok: fill writes every word
ok: begin returns a cursor
ok: fill writes every word
ok: begin returns a cursor
ok: fill writes every word
ok: begin returns a cursor
ok: fill writes every word
ok: begin returns a cursor
ok: fill writes every word
ok: begin returns a cursor
ok: fill writes every word
ok: begin returns a cursor
ok: fill writes every word
ok: begin returns a cursor
ok: fill writes every word
ok: begin returns a cursor
ok: fill writes every word
ok: begin returns a cursor
ok: fill writes every word
ok: begin returns a cursor
ok: fill writes every word
ok: begin returns a cursor
ok: fill writes every word
ok: begin returns a cursor
ok: fill writes every word
ok: begin returns a cursor
ok: fill writes every word
ok: begin returns a cursor
ok: fill writes every word
ok: begin returns a cursor
ok: fill writes every word
ok: begin returns a cursor
ok: fill writes every word
ok: begin returns a cursor
ok: fill writes every word
ok: begin returns a cursor
ok: fill writes every word
ok: begin returns a cursor
ok: fill writes every word
ok: begin returns a cursor
ok: fill writes every word
ok: begin returns a cursor
ok: fill writes every word
ok: begin returns a cursor
ok: fill writes every word
ok: begin returns a cursor
ok: fill writes every word
ok: begin returns a cursor
ok: fill writes every word
ok: begin returns a cursor
ok: fill writes every word
ok: begin returns a cursor
ok: fill writes every word
ok: begin returns a cursor
ok: fill writes every word
ok: begin returns a cursor
ok: fill writes every word
ok: begin returns a cursor
ok: fill writes every word
ok: begin returns a cursor
ok: fill writes every word
ok: begin returns a cursor
ok: fill writes every word
ok: begin returns a cursor
ok: fill writes every word
ok: begin returns a cursor
ok: fill writes every word
ok: begin returns a cursor
ok: fill writes every word
ok: begin returns a cursor
ok: fill writes every word
ok: begin returns a cursor
ok: fill writes every word
ok: begin returns a cursor
ok: fill writes every word
ok: begin returns a cursor
ok: fill writes every word
ok: begin returns a cursor
ok: fill writes every word
ok: begin returns a cursor
ok: fill writes every word
ok: begin returns a cursor
ok: fill writes every word
ok: begin returns a cursor
ok: fill writes every word
ok: begin returns a cursor
ok: fill writes every word
ok: begin returns a cursor
ok: fill writes every word
ok: begin returns a cursor
ok: fill writes every word
ok: begin returns a cursor
ok: fill writes every word
ok: begin returns a cursor
ok: fill writes every word
ok: begin returns a cursor
ok: fill writes every word
ok: begin returns a cursor
ok: fill writes every word
ok: begin returns a cursor
ok: fill writes every word
ok: begin returns a cursor
ok: fill writes every word
ok: begin returns a cursor
ok: fill writes every word
ok: begin returns a cursor
ok: fill writes every word
ok: begin returns a cursor
ok: fill writes every word
ok: begin returns a cursor
ok: fill writes every word
ok: begin returns a cursor
ok: fill writes every word
ok: begin returns a cursor
ok: fill writes every word
ok: begin returns a cursor
ok: fill writes every word
ok: begin returns a cursor
ok: fill writes every word
ok: begin returns a cursor
ok: fill writes every word
ok: begin returns a cursor
ok: fill writes every word
ok: begin returns a cursor
ok: fill writes every word
ok: begin returns a cursor
ok: fill writes every word
ok: begin returns a cursor
ok: fill writes every word
ok: begin returns a cursor
ok: fill writes every word
ok: begin returns a cursor
ok: fill writes every word
ok: begin returns a cursor
ok: fill writes every word
ok: begin returns a cursor
ok: fill writes every word
ok: begin returns a cursor
ok: fill writes every word
ok: begin returns a cursor
ok: fill writes every word
ok: begin returns a cursor
ok: fill writes every word
ok: F7 reader attaches to the copy
ok: F7 handoff: fresh final frame, dropped = N-1
ok: payload words intact
ok: F7 writer attach
ok: F7 second attach on the live broadcaster is refused
ok: begin returns a cursor
ok: fill writes every word
ok: F7 attached writer continues numbering
ok: F7 second reader attach
ok: F7 cross-producer accounting telescopes
ok: F8 debug latest/publishes/slots
ok: F8 slot stamps populated and in range
ok: F9 new rejects bad geometry (slots, mod-4)
ok: F9 new allocates
ok: F9 ring accessor non-NULL
ok: F9 new ring publishes frame 1
ok: F9 raw latestSeq == 1 at offset 0
ok: F9 raw publishes == 1 at offset 8
ok: F9 reader_new attaches to the ring pointer
ok: F9 reader on the new/free ring claims frame 1
ok: F9 reader_new rejects ring_bytes mismatch
ok: F9 free pair NULL-safe, no crash
ok: FC kernel init
ok: FC1 null frame baseline: first, behind 0
ok: FC2 first real frame: behind 0, not first
ok: FC3 gap accounting: behind 2
ok: FC4 idle claim: recycled hold, reset rule, behind 0
ok: FC4 idle claim adds no drops
ok: FC5 kernel init
ok: FC5 baseline seq 10
ok: FC5 decreasing seq resets accounting (no burst)
ok: FC5 reset adds no drops
ok: FC6 accumulators: totalDropped=2, claims=4
ok: FC6 reset: next update is first again
ok: FC6 reset zeroed the counters

PASS: 0 failure(s)

=== C torture (default regime, 200k frames) ===
reader 0: fresh=198233 dropped=1767 claims=2873253 skipped=0 torn_exhausted=0 last_seq=200000 identity=OK
reader 1: fresh=78518 dropped=121482 claims=95530 skipped=0 torn_exhausted=0 last_seq=200000 identity=OK
reader 2: fresh=145136 dropped=54864 claims=260634 skipped=0 torn_exhausted=0 last_seq=200000 identity=OK
reader 3: fresh=85431 dropped=114569 claims=172842 skipped=0 torn_exhausted=0 last_seq=200000 identity=OK
torture: frames=200000 slots=4 words=256 readers=4 publishes=200000 elapsed_ms=135.5 rate=1475542/s verdict=PASS

=== C torture (all-seq_cst regime, 200k frames) ===
reader 0: fresh=193232 dropped=6768 claims=548082 skipped=0 torn_exhausted=0 last_seq=200000 identity=OK
reader 1: fresh=95870 dropped=104130 claims=183008 skipped=0 torn_exhausted=0 last_seq=200000 identity=OK
reader 2: fresh=157414 dropped=42586 claims=208870 skipped=0 torn_exhausted=0 last_seq=200000 identity=OK
reader 3: fresh=97574 dropped=102426 claims=1335962 skipped=0 torn_exhausted=0 last_seq=200000 identity=OK
torture: frames=200000 slots=4 words=256 readers=4 publishes=200000 elapsed_ms=142.1 rate=1406965/s verdict=PASS

=== FS-series SIMD claim-copy gate (default + seq_cst + legacy + asan) ===
make: Entering directory '/home/runner/work/Weft/Weft/core/c'
gcc -O2 -std=c11 -Wall -Wextra -pthread -D_GNU_SOURCE -o fanout-simd-test fanout.c frame_cursor.c weft.c fanout_simd.c fanout_simd_test.c
weft.c:15: warning: "_GNU_SOURCE" redefined
   15 | #define _GNU_SOURCE  // for posix_memalign
      | 
<command-line>: note: this is the location of the previous definition
gcc -O2 -std=c11 -Wall -Wextra -pthread -D_GNU_SOURCE -DWEFT_FANOUT_SEQ_CST=1 -o fanout-simd-test-seq fanout.c frame_cursor.c weft.c fanout_simd.c fanout_simd_test.c
weft.c:15: warning: "_GNU_SOURCE" redefined
   15 | #define _GNU_SOURCE  // for posix_memalign
      | 
<command-line>: note: this is the location of the previous definition
gcc -O2 -std=c11 -Wall -Wextra -pthread -D_GNU_SOURCE -DWEFT_FANOUT_SIMD_DISABLE=1 -o fanout-simd-test-legacy fanout.c frame_cursor.c weft.c fanout_simd.c fanout_simd_test.c
weft.c:15: warning: "_GNU_SOURCE" redefined
   15 | #define _GNU_SOURCE  // for posix_memalign
      | 
<command-line>: note: this is the location of the previous definition
gcc -O1 -g -fsanitize=address -std=c11 -Wall -Wextra -pthread -D_GNU_SOURCE -o fanout-simd-test-asan fanout.c frame_cursor.c weft.c fanout_simd.c fanout_simd_test.c
weft.c:15: warning: "_GNU_SOURCE" redefined
   15 | #define _GNU_SOURCE  // for posix_memalign
      | 
<command-line>: note: this is the location of the previous definition
make: Leaving directory '/home/runner/work/Weft/Weft/core/c'
ok: FS1 auto-resolve reports an impl name
ok: FS1 pinned impl reports its own name
ok: FS1 pinned impl reports its own name
ok: FS1 pinned impl reports its own name
ok: FS1 pinned impl reports its own name
ok: FS1 refused pin leaves a working impl
ok: FS1 unknown impl name refused
ok: FS1 NULL name refused
ok: FS1 force_scalar pins scalar
ok: FS2 byte-identity sweep passed (one line per impl)
ok: FS2 byte-identity sweep passed (one line per impl)
ok: FS2 byte-identity sweep passed (one line per impl)
ok: FS2 swept every compiled vector impl
info: FS2 combos verified: 558 across 3 impls
ok: FS3 reader init
ok: FS3 end-to-end claims intact via scalar
ok: FS3 back-to-back claims always fresh
ok: FS3 zero drops in lockstep
ok: FS3 reader init
ok: FS3 end-to-end claims intact via sse2
ok: FS3 back-to-back claims always fresh
ok: FS3 zero drops in lockstep
ok: FS3 reader init
ok: FS3 end-to-end claims intact via avx2
ok: FS3 back-to-back claims always fresh
ok: FS3 zero drops in lockstep
ok: FS3 reader init
ok: FS3 end-to-end claims intact via avx512
ok: FS3 back-to-back claims always fresh
ok: FS3 zero drops in lockstep
ok: FS4 reader init
info: FS4 torturing with avx512 pinned, 1.0s
ok: FS4 writer spawn
ok: FS4 zero torn frames accepted as fresh
ok: FS4 every fresh frame byte-exact
ok: FS4 dropped+fresh telescopes to lastSeq exactly
ok: FS5 sub-vector and odd-tail sizes identical
ok: FS5 64 KiB tier identical
active impl on this host: avx512
FS-SERIES PASS
ok: FS1 auto-resolve reports an impl name
ok: FS1 pinned impl reports its own name
ok: FS1 pinned impl reports its own name
ok: FS1 pinned impl reports its own name
ok: FS1 pinned impl reports its own name
ok: FS1 refused pin leaves a working impl
ok: FS1 unknown impl name refused
ok: FS1 NULL name refused
ok: FS1 force_scalar pins scalar
ok: FS2 byte-identity sweep passed (one line per impl)
ok: FS2 byte-identity sweep passed (one line per impl)
ok: FS2 byte-identity sweep passed (one line per impl)
ok: FS2 swept every compiled vector impl
info: FS2 combos verified: 558 across 3 impls
ok: FS3 reader init
ok: FS3 end-to-end claims intact via scalar
ok: FS3 back-to-back claims always fresh
ok: FS3 zero drops in lockstep
ok: FS3 reader init
ok: FS3 end-to-end claims intact via sse2
ok: FS3 back-to-back claims always fresh
ok: FS3 zero drops in lockstep
ok: FS3 reader init
ok: FS3 end-to-end claims intact via avx2
ok: FS3 back-to-back claims always fresh
ok: FS3 zero drops in lockstep
ok: FS3 reader init
ok: FS3 end-to-end claims intact via avx512
ok: FS3 back-to-back claims always fresh
ok: FS3 zero drops in lockstep
ok: FS4 reader init
info: FS4 torturing with avx512 pinned, 1.0s
ok: FS4 writer spawn
ok: FS4 zero torn frames accepted as fresh
ok: FS4 every fresh frame byte-exact
ok: FS4 dropped+fresh telescopes to lastSeq exactly
ok: FS5 sub-vector and odd-tail sizes identical
ok: FS5 64 KiB tier identical
active impl on this host: avx512
FS-SERIES PASS
ok: FS1 auto-resolve reports an impl name
ok: FS1 pinned impl reports its own name
ok: FS1 pinned impl reports its own name
ok: FS1 pinned impl reports its own name
ok: FS1 pinned impl reports its own name
ok: FS1 refused pin leaves a working impl
ok: FS1 unknown impl name refused
ok: FS1 NULL name refused
ok: FS1 force_scalar pins scalar
ok: FS2 byte-identity sweep passed (one line per impl)
ok: FS2 byte-identity sweep passed (one line per impl)
ok: FS2 byte-identity sweep passed (one line per impl)
ok: FS2 swept every compiled vector impl
info: FS2 combos verified: 558 across 3 impls
ok: FS3 reader init
ok: FS3 end-to-end claims intact via scalar
ok: FS3 back-to-back claims always fresh
ok: FS3 zero drops in lockstep
ok: FS3 reader init
ok: FS3 end-to-end claims intact via sse2
ok: FS3 back-to-back claims always fresh
ok: FS3 zero drops in lockstep
ok: FS3 reader init
ok: FS3 end-to-end claims intact via avx2
ok: FS3 back-to-back claims always fresh
ok: FS3 zero drops in lockstep
ok: FS3 reader init
ok: FS3 end-to-end claims intact via avx512
ok: FS3 back-to-back claims always fresh
ok: FS3 zero drops in lockstep
ok: FS4 reader init
info: FS4 torturing with avx512 pinned, 1.0s
ok: FS4 writer spawn
ok: FS4 zero torn frames accepted as fresh
ok: FS4 every fresh frame byte-exact
ok: FS4 dropped+fresh telescopes to lastSeq exactly
ok: FS5 sub-vector and odd-tail sizes identical
ok: FS5 64 KiB tier identical
active impl on this host: avx512
FS-SERIES PASS
ok: FS1 auto-resolve reports an impl name
ok: FS1 pinned impl reports its own name
ok: FS1 pinned impl reports its own name
ok: FS1 pinned impl reports its own name
ok: FS1 pinned impl reports its own name
ok: FS1 refused pin leaves a working impl
ok: FS1 unknown impl name refused
ok: FS1 NULL name refused
ok: FS1 force_scalar pins scalar
ok: FS2 byte-identity sweep passed (one line per impl)
ok: FS2 byte-identity sweep passed (one line per impl)
ok: FS2 byte-identity sweep passed (one line per impl)
ok: FS2 swept every compiled vector impl
info: FS2 combos verified: 558 across 3 impls
ok: FS3 reader init
ok: FS3 end-to-end claims intact via scalar
ok: FS3 back-to-back claims always fresh
ok: FS3 zero drops in lockstep
ok: FS3 reader init
ok: FS3 end-to-end claims intact via sse2
ok: FS3 back-to-back claims always fresh
ok: FS3 zero drops in lockstep
ok: FS3 reader init
ok: FS3 end-to-end claims intact via avx2
ok: FS3 back-to-back claims always fresh
ok: FS3 zero drops in lockstep
ok: FS3 reader init
ok: FS3 end-to-end claims intact via avx512
ok: FS3 back-to-back claims always fresh
ok: FS3 zero drops in lockstep
ok: FS4 reader init
info: FS4 torturing with avx512 pinned, 1.0s
ok: FS4 writer spawn
ok: FS4 zero torn frames accepted as fresh
ok: FS4 every fresh frame byte-exact
ok: FS4 dropped+fresh telescopes to lastSeq exactly
ok: FS5 sub-vector and odd-tail sizes identical
ok: FS5 64 KiB tier identical
active impl on this host: avx512
FS-SERIES PASS

=== FL-series cache-aware layout gate (64B + 32B-line legs) ===
make: Entering directory '/home/runner/work/Weft/Weft/core/c'
gcc -O2 -std=c11 -Wall -Wextra -pthread -D_GNU_SOURCE -o fanout-layout-test fanout.c frame_cursor.c weft.c fanout_simd.c fanout_layout_test.c
weft.c:15: warning: "_GNU_SOURCE" redefined
   15 | #define _GNU_SOURCE  // for posix_memalign
      | 
<command-line>: note: this is the location of the previous definition
gcc -O2 -std=c11 -Wall -Wextra -pthread -D_GNU_SOURCE -DWEFT_FANOUT_SLOT_ALIGN_BYTES=32 -o fanout-layout-test-smallline fanout.c frame_cursor.c weft.c fanout_simd.c fanout_layout_test.c
weft.c:15: warning: "_GNU_SOURCE" redefined
   15 | #define _GNU_SOURCE  // for posix_memalign
      | 
<command-line>: note: this is the location of the previous definition
gcc -O1 -g -fsanitize=address -std=c11 -Wall -Wextra -pthread -D_GNU_SOURCE -o fanout-layout-test-asan fanout.c frame_cursor.c weft.c fanout_simd.c fanout_layout_test.c
weft.c:15: warning: "_GNU_SOURCE" redefined
   15 | #define _GNU_SOURCE  // for posix_memalign
      | 
<command-line>: note: this is the location of the previous definition
make: Leaving directory '/home/runner/work/Weft/Weft/core/c'
ok: FL2 closed form == brute force (all geometries, 64B/32B lines)
ok: FL2 slot-aligned: ZERO split vector loads at every geometry
ok: FL2 vw==line: base-aligned splits iff payload base unaligned (lucky depth M=6 mod 8)
ok: FL2 64B alignment implies 32B alignment (small-line CPUs safe)
{"bench":"fanout-layout","kind":"split-theory","line":64,"slots":4,"payload_bytes":256,"base_aligned_split_loads":4,"base_aligned_loads":4,"slot_aligned_split_loads":0,"slot_aligned_loads":4}
{"bench":"fanout-layout","kind":"split-theory","line":64,"slots":4,"payload_bytes":1024,"base_aligned_split_loads":16,"base_aligned_loads":16,"slot_aligned_split_loads":0,"slot_aligned_loads":16}
{"bench":"fanout-layout","kind":"split-theory","line":64,"slots":4,"payload_bytes":4096,"base_aligned_split_loads":64,"base_aligned_loads":64,"slot_aligned_split_loads":0,"slot_aligned_loads":64}
{"bench":"fanout-layout","kind":"split-theory","line":64,"slots":4,"payload_bytes":16384,"base_aligned_split_loads":256,"base_aligned_loads":256,"slot_aligned_split_loads":0,"slot_aligned_loads":256}
{"bench":"fanout-layout","kind":"split-theory","line":64,"slots":4,"payload_bytes":65536,"base_aligned_split_loads":1024,"base_aligned_loads":1024,"slot_aligned_split_loads":0,"slot_aligned_loads":1024}
ok: FL1 slot_line_align reports 64 (0 legacy, 64 default)
ok: FL1 payload base line-aligned across sweep (line=64)
ok: FL1 wire-relative offsets unchanged (ctrl@0, payload@16+8M)
{"bench":"fanout-layout","kind":"latency-ab","line":64,"slots":4,"payload_bytes":1024,"impl":"avx512","base_aligned_p50_ns":36.0,"slot_aligned_p50_ns":33.0,"delta_pct":-8.33}
{"bench":"fanout-layout","kind":"latency-ab","line":64,"slots":4,"payload_bytes":4096,"impl":"avx512","base_aligned_p50_ns":57.0,"slot_aligned_p50_ns":47.0,"delta_pct":-17.54}
{"bench":"fanout-layout","kind":"latency-ab","line":64,"slots":4,"payload_bytes":16384,"impl":"avx512","base_aligned_p50_ns":124.0,"slot_aligned_p50_ns":92.0,"delta_pct":-25.81}
{"bench":"fanout-layout","kind":"latency-ab","line":64,"slots":4,"payload_bytes":65536,"impl":"avx512","base_aligned_p50_ns":1326.0,"slot_aligned_p50_ns":1354.0,"delta_pct":2.11}
ok: FL3 slot-aligned <= base-aligned (within 15%) at every size
ok: FL4 whole-ring bytes IDENTICAL across layouts (interop/fixtures unbroken)
ok: FL4 readers across layouts agree (seq + payload bytes)
ok: FL5 attach on foreign base-aligned ring
ok: FL5 reader on foreign ring
ok: FL5 foreign-ring claims stay correct under any producer alignment
line=64 impl=avx512
FL-SERIES PASS
ok: FL2 closed form == brute force (all geometries, 64B/32B lines)
ok: FL2 slot-aligned: ZERO split vector loads at every geometry
ok: FL2 vw==line: base-aligned splits iff payload base unaligned (lucky depth M=6 mod 8)
{"bench":"fanout-layout","kind":"split-theory","line":32,"slots":4,"payload_bytes":256,"base_aligned_split_loads":8,"base_aligned_loads":8,"slot_aligned_split_loads":0,"slot_aligned_loads":8}
{"bench":"fanout-layout","kind":"split-theory","line":32,"slots":4,"payload_bytes":1024,"base_aligned_split_loads":32,"base_aligned_loads":32,"slot_aligned_split_loads":0,"slot_aligned_loads":32}
{"bench":"fanout-layout","kind":"split-theory","line":32,"slots":4,"payload_bytes":4096,"base_aligned_split_loads":128,"base_aligned_loads":128,"slot_aligned_split_loads":0,"slot_aligned_loads":128}
{"bench":"fanout-layout","kind":"split-theory","line":32,"slots":4,"payload_bytes":16384,"base_aligned_split_loads":512,"base_aligned_loads":512,"slot_aligned_split_loads":0,"slot_aligned_loads":512}
{"bench":"fanout-layout","kind":"split-theory","line":32,"slots":4,"payload_bytes":65536,"base_aligned_split_loads":2048,"base_aligned_loads":2048,"slot_aligned_split_loads":0,"slot_aligned_loads":2048}
ok: FL1 slot_line_align reports 32 (0 legacy, 32 default)
ok: FL1 payload base line-aligned across sweep (line=32)
ok: FL1 wire-relative offsets unchanged (ctrl@0, payload@16+8M)
{"bench":"fanout-layout","kind":"latency-ab","line":32,"slots":4,"payload_bytes":1024,"impl":"avx512","base_aligned_p50_ns":36.0,"slot_aligned_p50_ns":36.0,"delta_pct":0.00}
{"bench":"fanout-layout","kind":"latency-ab","line":32,"slots":4,"payload_bytes":4096,"impl":"avx512","base_aligned_p50_ns":57.0,"slot_aligned_p50_ns":54.0,"delta_pct":-5.26}
{"bench":"fanout-layout","kind":"latency-ab","line":32,"slots":4,"payload_bytes":16384,"impl":"avx512","base_aligned_p50_ns":124.0,"slot_aligned_p50_ns":125.0,"delta_pct":0.81}
{"bench":"fanout-layout","kind":"latency-ab","line":32,"slots":4,"payload_bytes":65536,"impl":"avx512","base_aligned_p50_ns":1304.0,"slot_aligned_p50_ns":1362.0,"delta_pct":4.45}
ok: FL3 slot-aligned <= base-aligned (within 15%) at every size
ok: FL4 whole-ring bytes IDENTICAL across layouts (interop/fixtures unbroken)
ok: FL4 readers across layouts agree (seq + payload bytes)
ok: FL5 attach on foreign base-aligned ring
ok: FL5 reader on foreign ring
ok: FL5 foreign-ring claims stay correct under any producer alignment
line=32 impl=avx512
FL-SERIES PASS
ok: FL2 closed form == brute force (all geometries, 64B/32B lines)
ok: FL2 slot-aligned: ZERO split vector loads at every geometry
ok: FL2 vw==line: base-aligned splits iff payload base unaligned (lucky depth M=6 mod 8)
ok: FL2 64B alignment implies 32B alignment (small-line CPUs safe)
{"bench":"fanout-layout","kind":"split-theory","line":64,"slots":4,"payload_bytes":256,"base_aligned_split_loads":4,"base_aligned_loads":4,"slot_aligned_split_loads":0,"slot_aligned_loads":4}
{"bench":"fanout-layout","kind":"split-theory","line":64,"slots":4,"payload_bytes":1024,"base_aligned_split_loads":16,"base_aligned_loads":16,"slot_aligned_split_loads":0,"slot_aligned_loads":16}
{"bench":"fanout-layout","kind":"split-theory","line":64,"slots":4,"payload_bytes":4096,"base_aligned_split_loads":64,"base_aligned_loads":64,"slot_aligned_split_loads":0,"slot_aligned_loads":64}
{"bench":"fanout-layout","kind":"split-theory","line":64,"slots":4,"payload_bytes":16384,"base_aligned_split_loads":256,"base_aligned_loads":256,"slot_aligned_split_loads":0,"slot_aligned_loads":256}
{"bench":"fanout-layout","kind":"split-theory","line":64,"slots":4,"payload_bytes":65536,"base_aligned_split_loads":1024,"base_aligned_loads":1024,"slot_aligned_split_loads":0,"slot_aligned_loads":1024}
ok: FL1 slot_line_align reports 64 (0 legacy, 64 default)
ok: FL1 payload base line-aligned across sweep (line=64)
ok: FL1 wire-relative offsets unchanged (ctrl@0, payload@16+8M)
{"bench":"fanout-layout","kind":"latency-ab","line":64,"slots":4,"payload_bytes":1024,"impl":"avx512","base_aligned_p50_ns":81.0,"slot_aligned_p50_ns":88.0,"delta_pct":8.64}
{"bench":"fanout-layout","kind":"latency-ab","line":64,"slots":4,"payload_bytes":4096,"impl":"avx512","base_aligned_p50_ns":196.0,"slot_aligned_p50_ns":196.0,"delta_pct":0.00}
{"bench":"fanout-layout","kind":"latency-ab","line":64,"slots":4,"payload_bytes":16384,"impl":"avx512","base_aligned_p50_ns":677.0,"slot_aligned_p50_ns":677.0,"delta_pct":0.00}
{"bench":"fanout-layout","kind":"latency-ab","line":64,"slots":4,"payload_bytes":65536,"impl":"avx512","base_aligned_p50_ns":2628.0,"slot_aligned_p50_ns":2621.0,"delta_pct":-0.27}
ok: FL3 slot-aligned <= base-aligned (within 15%) at every size
ok: FL4 whole-ring bytes IDENTICAL across layouts (interop/fixtures unbroken)
ok: FL4 readers across layouts agree (seq + payload bytes)
ok: FL5 attach on foreign base-aligned ring
ok: FL5 reader on foreign ring
ok: FL5 foreign-ring claims stay correct under any producer alignment
line=64 impl=avx512
FL-SERIES PASS

=== FB-series writer-batching gate (default + seq_cst + asan) ===
make: Entering directory '/home/runner/work/Weft/Weft/core/c'
gcc -O2 -std=c11 -Wall -Wextra -pthread -D_GNU_SOURCE -o fanout-batch-test fanout.c frame_cursor.c weft.c fanout_simd.c fanout_batch.c fanout_batch_test.c
weft.c:15: warning: "_GNU_SOURCE" redefined
   15 | #define _GNU_SOURCE  // for posix_memalign
      | 
<command-line>: note: this is the location of the previous definition
fanout_batch_test.c: In function ‘test_fb3’:
fanout_batch_test.c:186:14: warning: unused variable ‘buf’ [-Wunused-variable]
  186 |     uint32_t buf[WORDS];
      |              ^~~
gcc -O2 -std=c11 -Wall -Wextra -pthread -D_GNU_SOURCE -DWEFT_FANOUT_SEQ_CST=1 -o fanout-batch-test-seq fanout.c frame_cursor.c weft.c fanout_simd.c fanout_batch.c fanout_batch_test.c
weft.c:15: warning: "_GNU_SOURCE" redefined
   15 | #define _GNU_SOURCE  // for posix_memalign
      | 
<command-line>: note: this is the location of the previous definition
fanout_batch_test.c: In function ‘test_fb3’:
fanout_batch_test.c:186:14: warning: unused variable ‘buf’ [-Wunused-variable]
  186 |     uint32_t buf[WORDS];
      |              ^~~
gcc -O1 -g -fsanitize=address -std=c11 -Wall -Wextra -pthread -D_GNU_SOURCE -o fanout-batch-test-asan fanout.c frame_cursor.c weft.c fanout_simd.c fanout_batch.c fanout_batch_test.c
weft.c:15: warning: "_GNU_SOURCE" redefined
   15 | #define _GNU_SOURCE  // for posix_memalign
      | 
<command-line>: note: this is the location of the previous definition
fanout_batch_test.c: In function ‘test_fb3’:
fanout_batch_test.c:186:14: warning: unused variable ‘buf’ [-Wunused-variable]
  186 |     uint32_t buf[WORDS];
      |              ^~~
make: Leaving directory '/home/runner/work/Weft/Weft/core/c'
ok: FB1 batch returns the tail seq, w_seq continuity exact
ok: FB1 freshest claim carries the LAST frame's bytes; dropped == n-1
ok: FB1 publishes telemetry counts every frame (n per batch)
ok: FB1 short + begin-only frames accepted
ok: FB1 begin-only tail frame claims (empty payload valid)
ok: FB2 single publishes interleave with batches seamlessly
ok: FB3 100-frame batch returns 100
ok: FB3 dropped == 99 behind a 100-frame batch (M=4)
ok: FB3 tail frame bytes exact after windowed stamping
ok: FB4 writer spawn
ok: FB4 ZERO torn frames accepted under batch bursts
ok: FB4 dropped+fresh telescopes to lastSeq exactly under batching
info: FB4 90315 batches (2890080 frames) vs reader: fresh=90289
ok: FB5 malformed batch refused (returns 0)
ok: FB5 refusal is ATOMIC: latestSeq and publishes unchanged
ok: FB5 refusal leaves w_seq untouched (no half-begun state)
ok: FB5 NULL src with len refused
ok: FB5 NULL frames refused
ok: FB5 n == 0 is a detectable no-op
ok: FB6 commit publishes the 5 begun frames
ok: FB6 reader view identical to the batch API
ok: FB6 tail frame bytes exact
ok: FB6 commit > w_seq refused
FB-SERIES PASS
ok: FB1 batch returns the tail seq, w_seq continuity exact
ok: FB1 freshest claim carries the LAST frame's bytes; dropped == n-1
ok: FB1 publishes telemetry counts every frame (n per batch)
ok: FB1 short + begin-only frames accepted
ok: FB1 begin-only tail frame claims (empty payload valid)
ok: FB2 single publishes interleave with batches seamlessly
ok: FB3 100-frame batch returns 100
ok: FB3 dropped == 99 behind a 100-frame batch (M=4)
ok: FB3 tail frame bytes exact after windowed stamping
ok: FB4 writer spawn
ok: FB4 ZERO torn frames accepted under batch bursts
ok: FB4 dropped+fresh telescopes to lastSeq exactly under batching
info: FB4 97345 batches (3115040 frames) vs reader: fresh=97283
ok: FB5 malformed batch refused (returns 0)
ok: FB5 refusal is ATOMIC: latestSeq and publishes unchanged
ok: FB5 refusal leaves w_seq untouched (no half-begun state)
ok: FB5 NULL src with len refused
ok: FB5 NULL frames refused
ok: FB5 n == 0 is a detectable no-op
ok: FB6 commit publishes the 5 begun frames
ok: FB6 reader view identical to the batch API
ok: FB6 tail frame bytes exact
ok: FB6 commit > w_seq refused
FB-SERIES PASS
ok: FB1 batch returns the tail seq, w_seq continuity exact
ok: FB1 freshest claim carries the LAST frame's bytes; dropped == n-1
ok: FB1 publishes telemetry counts every frame (n per batch)
ok: FB1 short + begin-only frames accepted
ok: FB1 begin-only tail frame claims (empty payload valid)
ok: FB2 single publishes interleave with batches seamlessly
ok: FB3 100-frame batch returns 100
ok: FB3 dropped == 99 behind a 100-frame batch (M=4)
ok: FB3 tail frame bytes exact after windowed stamping
ok: FB4 writer spawn
ok: FB4 ZERO torn frames accepted under batch bursts
ok: FB4 dropped+fresh telescopes to lastSeq exactly under batching
info: FB4 47658 batches (1525056 frames) vs reader: fresh=47646
ok: FB5 malformed batch refused (returns 0)
ok: FB5 refusal is ATOMIC: latestSeq and publishes unchanged
ok: FB5 refusal leaves w_seq untouched (no half-begun state)
ok: FB5 NULL src with len refused
ok: FB5 NULL frames refused
ok: FB5 n == 0 is a detectable no-op
ok: FB6 commit publishes the 5 begun frames
ok: FB6 reader view identical to the batch API
ok: FB6 tail frame bytes exact
ok: FB6 commit > w_seq refused
FB-SERIES PASS

=== Rust suite (F-series + cursor + torture + Loom model, bound 2) ===
[1m[92m    Updating[0m crates.io index
[1m[92m   Compiling[0m rustversion v1.0.23
[1m[92m   Compiling[0m shlex v2.0.1
[1m[92m   Compiling[0m once_cell v1.21.4
[1m[92m   Compiling[0m find-msvc-tools v0.1.12
[1m[92m   Compiling[0m tracing-core v0.1.36
[1m[92m   Compiling[0m cc v1.4.5
[1m[92m   Compiling[0m cfg-if v1.0.4
[1m[92m   Compiling[0m regex-syntax v0.8.11
[1m[92m   Compiling[0m libc v0.2.189
[1m[92m   Compiling[0m log v0.4.34
[1m[92m   Compiling[0m lazy_static v1.5.0
[1m[92m   Compiling[0m pin-project-lite v0.2.17
[1m[92m   Compiling[0m tracing v0.1.44
[1m[92m   Compiling[0m sharded-slab v0.1.7
[1m[92m   Compiling[0m generator v0.8.9
[1m[92m   Compiling[0m regex-automata v0.4.18
[1m[92m   Compiling[0m tracing-log v0.2.0
[1m[92m   Compiling[0m thread_local v1.1.10
[1m[92m   Compiling[0m nu-ansi-term v0.50.3
[1m[92m   Compiling[0m smallvec v1.16.0
[1m[92m   Compiling[0m scoped-tls v1.0.1
[1m[92m   Compiling[0m weft-core v0.1.0 (/home/runner/work/Weft/Weft/core/rust)
[1m[33mwarning[0m[1m: unused import: `AsRawFd`[0m
  [1m[94m--> [0msrc/shm.rs:35:25
   [1m[94m|[0m
[1m[94m35[0m [1m[94m|[0m use std::os::unix::io::{AsRawFd, FromRawFd};
   [1m[94m|[0m                         [1m[33m^^^^^^^[0m
   [1m[94m|[0m
   [1m[94m= [0m[1mnote[0m: `#[warn(unused_imports)]` (part of `#[warn(unused)]`) on by default

[1m[33mwarning[0m[1m: unnecessary `unsafe` block[0m
   [1m[94m--> [0msrc/shm.rs:265:20
    [1m[94m|[0m
[1m[94m255[0m [1m[94m|[0m     unsafe {
    [1m[94m|[0m     [1m[94m------[0m [1m[94mbecause it's nested under this `unsafe` block[0m
[1m[94m...[0m
[1m[94m265[0m [1m[94m|[0m         let file = unsafe { File::from_raw_fd(fd) };
    [1m[94m|[0m                    [1m[33m^^^^^^[0m [1m[33munnecessary `unsafe` block[0m
    [1m[94m|[0m
    [1m[94m= [0m[1mnote[0m: `#[warn(unused_unsafe)]` (part of `#[warn(unused)]`) on by default

[1m[33mwarning[0m[1m: unnecessary `unsafe` block[0m
   [1m[94m--> [0msrc/shm.rs:294:20
    [1m[94m|[0m
[1m[94m287[0m [1m[94m|[0m     unsafe {
    [1m[94m|[0m     [1m[94m------[0m [1m[94mbecause it's nested under this `unsafe` block[0m
[1m[94m...[0m
[1m[94m294[0m [1m[94m|[0m         let file = unsafe { File::from_raw_fd(fd) };
    [1m[94m|[0m                    [1m[33m^^^^^^[0m [1m[33munnecessary `unsafe` block[0m

[1m[33mwarning[0m[1m: unnecessary `unsafe` block[0m
   [1m[94m--> [0msrc/shm.rs:306:13
    [1m[94m|[0m
[1m[94m287[0m [1m[94m|[0m     unsafe {
    [1m[94m|[0m     [1m[94m------[0m [1m[94mbecause it's nested under this `unsafe` block[0m
[1m[94m...[0m
[1m[94m306[0m [1m[94m|[0m             unsafe { sys::munmap(p, mapping_bytes) };
    [1m[94m|[0m             [1m[33m^^^^^^[0m [1m[33munnecessary `unsafe` block[0m

[1m[33mwarning[0m[1m: unnecessary `unsafe` block[0m
   [1m[94m--> [0msrc/verified.rs:262:21
    [1m[94m|[0m
[1m[94m250[0m [1m[94m|[0m       unsafe {
    [1m[94m|[0m       [1m[94m------[0m [1m[94mbecause it's nested under this `unsafe` block[0m
[1m[94m...[0m
[1m[94m262[0m [1m[94m|[0m             let d = unsafe { data.add(blk * 64) };
    [1m[94m|[0m                     [1m[33m^^^^^^[0m [1m[33munnecessary `unsafe` block[0m

[1m[33mwarning[0m: `weft-core` (lib) generated 5 warnings (run `cargo fix --lib -p weft-core` to apply 1 suggestion)
[1m[33mwarning[0m: `weft-core` (lib) generated 5 warnings (5 duplicates)
[1m[33mwarning[0m[1m: unused imports: `Duration` and `Instant`[0m
 [1m[94m--> [0msrc/bin/probe.rs:3:17
  [1m[94m|[0m
[1m[94m3[0m [1m[94m|[0m use std::time::{Duration, Instant};
  [1m[94m|[0m                 [1m[33m^^^^^^^^[0m  [1m[33m^^^^^^^[0m
  [1m[94m|[0m
  [1m[94m= [0m[1mnote[0m: `#[warn(unused_imports)]` (part of `#[warn(unused)]`) on by default

[1m[33mwarning[0m[1m: unused import: `PubResult`[0m
 [1m[94m--> [0msrc/bin/probe.rs:4:22
  [1m[94m|[0m
[1m[94m4[0m [1m[94m|[0m use weft_core::{pat, PubResult, Weft, WeftDebugView};
  [1m[94m|[0m                      [1m[33m^^^^^^^^^[0m

[1m[92m   Compiling[0m matchers v0.2.0
[1m[92m   Compiling[0m tracing-subscriber v0.3.23
[1m[92m   Compiling[0m loom v0.7.2
[1m[33mwarning[0m: `weft-core` (bin "probe") generated 2 warnings (run `cargo fix --bin "probe" -p weft-core` to apply 2 suggestions)
[1m[33mwarning[0m[1m: unused import: `PubResult`[0m
 [1m[94m--> [0msrc/bin/bench.rs:8:22
  [1m[94m|[0m
[1m[94m8[0m [1m[94m|[0m use weft_core::{pat, PubResult, Weft};
  [1m[94m|[0m                      [1m[33m^^^^^^^^^[0m
  [1m[94m|[0m
  [1m[94m= [0m[1mnote[0m: `#[warn(unused_imports)]` (part of `#[warn(unused)]`) on by default

[1m[33mwarning[0m[1m: unnecessary `unsafe` block[0m
  [1m[94m--> [0msrc/bin/bench.rs:89:9
   [1m[94m|[0m
[1m[94m89[0m [1m[94m|[0m         unsafe { fill_payload(&w, seq, payload_max as u32, &mut scratch); }
   [1m[94m|[0m         [1m[33m^^^^^^[0m [1m[33munnecessary `unsafe` block[0m
   [1m[94m|[0m
   [1m[94m= [0m[1mnote[0m: `#[warn(unused_unsafe)]` (part of `#[warn(unused)]`) on by default

[1m[33mwarning[0m[1m: unnecessary `unsafe` block[0m
   [1m[94m--> [0msrc/bin/bench.rs:244:13
    [1m[94m|[0m
[1m[94m244[0m [1m[94m|[0m             unsafe { fill_payload(&w2, seq, payload_max as u32, &mut scratch); }
    [1m[94m|[0m             [1m[33m^^^^^^[0m [1m[33munnecessary `unsafe` block[0m

[1m[33mwarning[0m[1m: unnecessary `unsafe` block[0m
   [1m[94m--> [0msrc/bin/bench.rs:320:13
    [1m[94m|[0m
[1m[94m320[0m [1m[94m|[0m             unsafe { fill_payload(&w2, seq, payload_max as u32, &mut scratch); }
    [1m[94m|[0m             [1m[33m^^^^^^[0m [1m[33munnecessary `unsafe` block[0m

[1m[33mwarning[0m[1m: function `now_ns` is never used[0m
  [1m[94m--> [0msrc/bin/bench.rs:10:4
   [1m[94m|[0m
[1m[94m10[0m [1m[94m|[0m fn now_ns() -> u64 {
   [1m[94m|[0m    [1m[33m^^^^^^[0m
   [1m[94m|[0m
   [1m[94m= [0m[1mnote[0m: `#[warn(dead_code)]` (part of `#[warn(unused)]`) on by default

[1m[33mwarning[0m[1m: function `now_ns_abs` is never used[0m
  [1m[94m--> [0msrc/bin/bench.rs:14:4
   [1m[94m|[0m
[1m[94m14[0m [1m[94m|[0m fn now_ns_abs() -> u64 {
   [1m[94m|[0m    [1m[33m^^^^^^^^^^[0m

[1m[33mwarning[0m: `weft-core` (bin "bench") generated 6 warnings (run `cargo fix --bin "bench" -p weft-core` to apply 1 suggestion)
[1m[33mwarning[0m: `weft-core` (bin "bench" test) generated 6 warnings (6 duplicates)
[1m[33mwarning[0m[1m: variable does not need to be mutable[0m
   [1m[94m--> [0mtests/fanout_test.rs:175:9
    [1m[94m|[0m
[1m[94m175[0m [1m[94m|[0m     let mut readers: Vec<_> = (0..4).map(|_| f.create_reader()).collect();
    [1m[94m|[0m         [1m[94m----[0m[1m[33m^^^^^^^[0m
    [1m[94m|[0m         [1m[94m|[0m
    [1m[94m|[0m         [1m[94mhelp: remove this `mut`[0m
    [1m[94m|[0m
    [1m[94m= [0m[1mnote[0m: `#[warn(unused_mut)]` (part of `#[warn(unused)]`) on by default

[1m[33mwarning[0m: `weft-core` (lib test) generated 5 warnings (5 duplicates)
[1m[33mwarning[0m: `weft-core` (bin "probe" test) generated 2 warnings (2 duplicates)
[1m[33mwarning[0m: `weft-core` (test "fanout_test") generated 1 warning (run `cargo fix --test "fanout_test" -p weft-core` to apply 1 suggestion)
[1m[92m    Finished[0m `release` profile [optimized] target(s) in 38.65s
[1m[92m     Running[0m unittests src/lib.rs (target/release/deps/weft_core-b59d8ec68b487b8f)

running 10 tests
test verified::tests::v2_derive_key ... ok
test verified::tests::v3_record_roundtrip ... ok
test verified::tests::v1_hmac_vectors ... ok
test verified::tests::v5_rejections ... ok
test verified::tests::v6_ct_eq ... ok
test verified::tests::v10_batch ... ok
test verified::tests::v4_tamper ... ok
test verified::tests::v8_hw_equivalence ... ok
test verified::tests::v9_prekeyed_verifier ... ok
test verified::tests::v7_perf_vs_claims ... ok

test result: ok. 10 passed; 0 failed; 0 ignored; 0 measured; 0 filtered out; finished in 0.08s

[1m[92m     Running[0m unittests src/bin/bench.rs (target/release/deps/bench-93a5ef9309cde51c)

running 0 tests

test result: ok. 0 passed; 0 failed; 0 ignored; 0 measured; 0 filtered out; finished in 0.00s

[1m[92m     Running[0m unittests src/bin/governor_xlang.rs (target/release/deps/governor_xlang-7591375be0d5e5d1)

running 0 tests

test result: ok. 0 passed; 0 failed; 0 ignored; 0 measured; 0 filtered out; finished in 0.00s

[1m[92m     Running[0m unittests src/bin/litmus.rs (target/release/deps/litmus-1383df2e07c16058)

running 0 tests

test result: ok. 0 passed; 0 failed; 0 ignored; 0 measured; 0 filtered out; finished in 0.00s

[1m[92m     Running[0m unittests src/bin/probe.rs (target/release/deps/probe-3f066521810cac38)

running 0 tests

test result: ok. 0 passed; 0 failed; 0 ignored; 0 measured; 0 filtered out; finished in 0.00s

[1m[92m     Running[0m unittests src/bin/record.rs (target/release/deps/record-1407ea70ac2cddd5)

running 0 tests

test result: ok. 0 passed; 0 failed; 0 ignored; 0 measured; 0 filtered out; finished in 0.00s

[1m[92m     Running[0m tests/fanout_test.rs (target/release/deps/fanout_test-68f40cbffdea150c)

running 9 tests
test f1_geometry_validation ... ok
test f2_roundtrip ... ok
test f3_drop_accounting ... ok
test f4_telescoping_identity ... ok
test f5_graceful_skip ... ok
test f6_publish_without_begin_is_a_noop ... ok
test f7_ring_handoff_and_bytes ... ok
test f8_debug_stats ... ok
test torture_concurrent_readers_zero_torn_claims ... ok

test result: ok. 9 passed; 0 failed; 0 ignored; 0 measured; 0 filtered out; finished in 0.13s

[1m[92m     Running[0m tests/frame_cursor_test.rs (target/release/deps/frame_cursor_test-6030bfbeba384511)

running 5 tests
test fc1_first_claim_is_the_baseline ... ok
test fc2_paced_reader_sees_zero_drops ... ok
test fc3_counts_frames_never_seen ... ok
test fc5_reset_then_first_again ... ok
test fc4_decreasing_seq_is_a_writer_reset ... ok

test result: ok. 5 passed; 0 failed; 0 ignored; 0 measured; 0 filtered out; finished in 0.00s

[1m[92m     Running[0m tests/governor_test.rs (target/release/deps/governor_test-574983c7fdb10aa3)

running 7 tests
test custom_thresholds_and_reset ... ok
test g1_ladder ... ok
test g2_monotone ... ok
test g3_reseed_flap_bound ... ok
test g4_zero_allocation_by_construction ... ok
test g3b_suppressed_reseed_degrades_to_snapshot ... ok
test law4_decided_drops ... ok

test result: ok. 7 passed; 0 failed; 0 ignored; 0 measured; 0 filtered out; finished in 0.00s

[1m[92m     Running[0m tests/loom_fanout.rs (target/release/deps/loom_fanout-64dc2954cd7e5cfe)

running 5 tests
test loom_fanout_ring_preemption_bound3_evidence ... ignored, RFC 0011 bound-3 exhaustive sweep — minutes, run by the nightly chaos leg (`cargo test -- --ignored`)
test loom_fanout_ring_reorder_fill_exhaustive ... ok
test loom_fanout_ring_three_readers ... ok
test loom_fanout_reader_rejoin_after_wrap ... ok
test loom_fanout_ring_no_torn_claims_exhaustive ... ok

test result: ok. 4 passed; 0 failed; 1 ignored; 0 measured; 0 filtered out; finished in 40.93s

[1m[92m     Running[0m tests/loom_model.rs (target/release/deps/loom_model-685ad20208a7ecc2)

running 1 test
test loom_triad_protocol_exhaustive_v2 ... ok

test result: ok. 1 passed; 0 failed; 0 ignored; 0 measured; 0 filtered out; finished in 0.09s

[1m[92m     Running[0m tests/shm_test.rs (target/release/deps/shm_test-68402df699751b00)

running 7 tests
test s1_create_header_contract ... ok
test s2_attach_validation ... ok
test s3_excl_semantics ... ok
test s6_producer_handoff ... ok
test s9_bindings_round_trip ... ok
test s5_named_fork_torture ... ok
test s4_anon_fork_torture ... ok

test result: ok. 7 passed; 0 failed; 0 ignored; 0 measured; 0 filtered out; finished in 0.09s

[1m[92m     Running[0m tests/writer_contract_test.rs (target/release/deps/writer_contract_test-f545f254b98ded76)

running 3 tests
test w1_publish_preserves_writer_payload ... ok
test w2_publish_does_not_fill_untouched_tail ... ok
test w3_envelope_and_canary_still_written ... ok

test result: ok. 3 passed; 0 failed; 0 ignored; 0 measured; 0 filtered out; finished in 0.00s

[1m[92m   Doc-tests[0m weft_core

running 0 tests

test result: ok. 0 passed; 0 failed; 0 ignored; 0 measured; 0 filtered out; finished in 0.00s


=== xlang interop (TS <-> C, bit-exact) ===
== xlang fan-out interop: env x86_64/Linux, node v24.20.0, frames=2000 ==
-- direction 1: TS producer -> C consumer --
writer: frames=2000 slots=4 floats=64 bytes=1072 latest=2000 publishes=2000
validate-ring: ring-ts.bin — fresh seq=2000 dropped=1999 payload_words=64 verdict=PASS

-- direction 2: C producer -> TS consumer --
dump-ring: wrote ring-c.bin (1072 bytes) + ring-c.meta — frames=2000 slots=4 words=64
reader: fresh seq=2000 dropped=1999 words=64 bits=OK verdict=PASS

verdict: PASS

=== JNI fan-out harness (host JVM, 200k frames x 3 readers) ===
/home/runner/work/Weft/Weft/core/c/weft.c:15: warning: "_GNU_SOURCE" redefined
   15 | #define _GNU_SOURCE  // for posix_memalign
      | 
<command-line>: note: this is the location of the previous definition
ok: JF1 payloadBytes=0 rejected
ok: JF1 payload not multiple of 4 rejected
ok: JF1 slotCount<2 rejected
ok: JF1 slotCount>64 rejected
ok: JF1 ring_bytes = 16 + 8M + M*payload (the interop contract)
ok: JF1 ring_bytes rejects bad geometry
ok: JF2 fanoutCreate handle
ok: JF2 begin: direct BB cursor, cap=payload
ok: JF2 publish returns frame seq 1
ok: JF2 readerCreate on the broadcaster's ring
ok: JF2 first claim: fresh, seq 1, dropped 0
ok: JF2 view buffer: cap=payload
ok: JF2 claimed bytes match pat(1,i) — no tear on the happy path
ok: JF2 advisory latestSeq/publishes (AXIOM T)
ok: JF3 10 fresh claims, last frame 40
ok: JF3 telescoping: sum(dropped) == 30 exactly
ok: JF3 identity: lastSeq - freshClaims == sum(dropped)
ok: JF4 baseline: reader holds frame 1
ok: JF4 mid-overwrite claim: graceful skip, keeps frame 1 (Law 1: bounded, counted)
ok: JF4 skip counted in reader stats (never silent)
ok: JF4 publish after the skip publishes frame 9
ok: JF4 next claim is fresh with exact telescoped drops
ok: JF4 publish-without-begin returns the last frame seq (no-op)
ok: JF5 reader 0 fresh claims == 70/1
ok: JF5 reader 0 telescoping exact: sum(dropped) == lastClaimed(70) - fresh
ok: JF5 reader 0 reads == claim calls
ok: JF5 reader 1 fresh claims == 70/3
ok: JF5 reader 1 telescoping exact: sum(dropped) == lastClaimed(69) - fresh
ok: JF5 reader 1 reads == claim calls
ok: JF5 reader 2 fresh claims == 70/7
ok: JF5 reader 2 telescoping exact: sum(dropped) == lastClaimed(70) - fresh
ok: JF5 reader 2 reads == claim calls
ok: JF6 foreign broadcaster attaches by geometry alone
ok: JF6 publish on foreign ring (numbering from latestSeq=0)
ok: JF6 foreign reader attaches
ok: JF6 foreign reader claims frame 1 — one ring, two entry points
ok: JF6 foreign attach rejects ring_bytes mismatch
ok: JF6 foreign reader rejects ring_bytes mismatch
ok: JF7 fill copies payload/4 words
ok: JF7 publish after fill
ok: JF7 fill path delivers intact bytes
ok: JF7 fill rejects len%4!=0
ok: JF8 reader thread fanout-reader-0 terminated
ok: JF8 reader thread fanout-reader-1 terminated
ok: JF8 reader thread fanout-reader-2 terminated
ok: JF8 torture: zero protocol violations across 200000 frames x 3 readers (violations: [])
ok: JF8 reader 0 stats populated (reads=3388250 fresh=193774 dropped=6226 skipped=0 exhausted=0)
ok: JF8 reader 0 converged to the final frame
ok: JF8 reader 1 stats populated (reads=2675301 fresh=152275 dropped=47725 skipped=0 exhausted=0)
ok: JF8 reader 1 converged to the final frame
ok: JF8 reader 2 stats populated (reads=3194844 fresh=178752 dropped=21248 skipped=0 exhausted=0)
ok: JF8 reader 2 converged to the final frame
ok: JF8 readers observed frames (524801 fresh claims total)
       torture perf: ~1104K publishes/s through the JNI zero-copy cursor path (informative, host JVM)

PASS: 0 failure(s), 53 check(s), 209 ms total
env: java 17.0.20.1 (amd64), host gcc .so, -O2

=== governor G-series (C) ===
make: Entering directory '/home/runner/work/Weft/Weft/core/c'
gcc -O2 -std=c11 -Wall -Wextra -pthread -D_GNU_SOURCE -o governor-test governor.c governor_test.c
make: Leaving directory '/home/runner/work/Weft/Weft/core/c'
{"test":"governor-G-series","lang":"c","pass":true,"metrics":{"gates":"G1,G2,G3,G3b,G4,Law4,custom"},"notes":"RFC-0009 FreshnessGovernor conformance; G5 via xlang-dump + fixtures/xlang-governor"}

=== governor G-series (Rust) + G5 trace parity (TS/C/Rust + VM emitters) ===
[1m[33mwarning[0m[1m: unused import: `AsRawFd`[0m
  [1m[94m--> [0msrc/shm.rs:35:25
   [1m[94m|[0m
[1m[94m35[0m [1m[94m|[0m use std::os::unix::io::{AsRawFd, FromRawFd};
   [1m[94m|[0m                         [1m[33m^^^^^^^[0m
   [1m[94m|[0m
   [1m[94m= [0m[1mnote[0m: `#[warn(unused_imports)]` (part of `#[warn(unused)]`) on by default

[1m[33mwarning[0m[1m: unnecessary `unsafe` block[0m
   [1m[94m--> [0msrc/shm.rs:265:20
    [1m[94m|[0m
[1m[94m255[0m [1m[94m|[0m     unsafe {
    [1m[94m|[0m     [1m[94m------[0m [1m[94mbecause it's nested under this `unsafe` block[0m
[1m[94m...[0m
[1m[94m265[0m [1m[94m|[0m         let file = unsafe { File::from_raw_fd(fd) };
    [1m[94m|[0m                    [1m[33m^^^^^^[0m [1m[33munnecessary `unsafe` block[0m
    [1m[94m|[0m
    [1m[94m= [0m[1mnote[0m: `#[warn(unused_unsafe)]` (part of `#[warn(unused)]`) on by default

[1m[33mwarning[0m[1m: unnecessary `unsafe` block[0m
   [1m[94m--> [0msrc/shm.rs:294:20
    [1m[94m|[0m
[1m[94m287[0m [1m[94m|[0m     unsafe {
    [1m[94m|[0m     [1m[94m------[0m [1m[94mbecause it's nested under this `unsafe` block[0m
[1m[94m...[0m
[1m[94m294[0m [1m[94m|[0m         let file = unsafe { File::from_raw_fd(fd) };
    [1m[94m|[0m                    [1m[33m^^^^^^[0m [1m[33munnecessary `unsafe` block[0m

[1m[33mwarning[0m[1m: unnecessary `unsafe` block[0m
   [1m[94m--> [0msrc/shm.rs:306:13
    [1m[94m|[0m
[1m[94m287[0m [1m[94m|[0m     unsafe {
    [1m[94m|[0m     [1m[94m------[0m [1m[94mbecause it's nested under this `unsafe` block[0m
[1m[94m...[0m
[1m[94m306[0m [1m[94m|[0m             unsafe { sys::munmap(p, mapping_bytes) };
    [1m[94m|[0m             [1m[33m^^^^^^[0m [1m[33munnecessary `unsafe` block[0m

[1m[33mwarning[0m[1m: unnecessary `unsafe` block[0m
   [1m[94m--> [0msrc/verified.rs:262:21
    [1m[94m|[0m
[1m[94m250[0m [1m[94m|[0m       unsafe {
    [1m[94m|[0m       [1m[94m------[0m [1m[94mbecause it's nested under this `unsafe` block[0m
[1m[94m...[0m
[1m[94m262[0m [1m[94m|[0m             let d = unsafe { data.add(blk * 64) };
    [1m[94m|[0m                     [1m[33m^^^^^^[0m [1m[33munnecessary `unsafe` block[0m

[1m[33mwarning[0m: `weft-core` (lib) generated 5 warnings (run `cargo fix --lib -p weft-core` to apply 1 suggestion)
[1m[33mwarning[0m: `weft-core` (lib) generated 5 warnings (5 duplicates)
[1m[33mwarning[0m[1m: unused import: `PubResult`[0m
 [1m[94m--> [0msrc/bin/bench.rs:8:22
  [1m[94m|[0m
[1m[94m8[0m [1m[94m|[0m use weft_core::{pat, PubResult, Weft};
  [1m[94m|[0m                      [1m[33m^^^^^^^^^[0m
  [1m[94m|[0m
  [1m[94m= [0m[1mnote[0m: `#[warn(unused_imports)]` (part of `#[warn(unused)]`) on by default

[1m[33mwarning[0m[1m: unnecessary `unsafe` block[0m
  [1m[94m--> [0msrc/bin/bench.rs:89:9
   [1m[94m|[0m
[1m[94m89[0m [1m[94m|[0m         unsafe { fill_payload(&w, seq, payload_max as u32, &mut scratch); }
   [1m[94m|[0m         [1m[33m^^^^^^[0m [1m[33munnecessary `unsafe` block[0m
   [1m[94m|[0m
   [1m[94m= [0m[1mnote[0m: `#[warn(unused_unsafe)]` (part of `#[warn(unused)]`) on by default

[1m[33mwarning[0m[1m: unnecessary `unsafe` block[0m
   [1m[94m--> [0msrc/bin/bench.rs:244:13
    [1m[94m|[0m
[1m[94m244[0m [1m[94m|[0m             unsafe { fill_payload(&w2, seq, payload_max as u32, &mut scratch); }
    [1m[94m|[0m             [1m[33m^^^^^^[0m [1m[33munnecessary `unsafe` block[0m

[1m[33mwarning[0m[1m: unnecessary `unsafe` block[0m
   [1m[94m--> [0msrc/bin/bench.rs:320:13
    [1m[94m|[0m
[1m[94m320[0m [1m[94m|[0m             unsafe { fill_payload(&w2, seq, payload_max as u32, &mut scratch); }
    [1m[94m|[0m             [1m[33m^^^^^^[0m [1m[33munnecessary `unsafe` block[0m

[1m[33mwarning[0m[1m: function `now_ns` is never used[0m
  [1m[94m--> [0msrc/bin/bench.rs:10:4
   [1m[94m|[0m
[1m[94m10[0m [1m[94m|[0m fn now_ns() -> u64 {
   [1m[94m|[0m    [1m[33m^^^^^^[0m
   [1m[94m|[0m
   [1m[94m= [0m[1mnote[0m: `#[warn(dead_code)]` (part of `#[warn(unused)]`) on by default

[1m[33mwarning[0m[1m: function `now_ns_abs` is never used[0m
  [1m[94m--> [0msrc/bin/bench.rs:14:4
   [1m[94m|[0m
[1m[94m14[0m [1m[94m|[0m fn now_ns_abs() -> u64 {
   [1m[94m|[0m    [1m[33m^^^^^^^^^^[0m

[1m[33mwarning[0m: `weft-core` (bin "bench") generated 6 warnings (run `cargo fix --bin "bench" -p weft-core` to apply 1 suggestion)
[1m[33mwarning[0m[1m: unused imports: `Duration` and `Instant`[0m
 [1m[94m--> [0msrc/bin/probe.rs:3:17
  [1m[94m|[0m
[1m[94m3[0m [1m[94m|[0m use std::time::{Duration, Instant};
  [1m[94m|[0m                 [1m[33m^^^^^^^^[0m  [1m[33m^^^^^^^[0m
  [1m[94m|[0m
  [1m[94m= [0m[1mnote[0m: `#[warn(unused_imports)]` (part of `#[warn(unused)]`) on by default

[1m[33mwarning[0m[1m: unused import: `PubResult`[0m
 [1m[94m--> [0msrc/bin/probe.rs:4:22
  [1m[94m|[0m
[1m[94m4[0m [1m[94m|[0m use weft_core::{pat, PubResult, Weft, WeftDebugView};
  [1m[94m|[0m                      [1m[33m^^^^^^^^^[0m

[1m[33mwarning[0m: `weft-core` (bin "probe") generated 2 warnings (run `cargo fix --bin "probe" -p weft-core` to apply 2 suggestions)
[1m[92m    Finished[0m `release` profile [optimized] target(s) in 0.01s
[1m[92m     Running[0m tests/governor_test.rs (target/release/deps/governor_test-574983c7fdb10aa3)

running 7 tests
test custom_thresholds_and_reset ... ok
test g3b_suppressed_reseed_degrades_to_snapshot ... ok
test g1_ladder ... ok
test g2_monotone ... ok
test g3_reseed_flap_bound ... ok
test g4_zero_allocation_by_construction ... ok
test law4_decided_drops ... ok

test result: ok. 7 passed; 0 failed; 0 ignored; 0 measured; 0 filtered out; finished in 0.00s

[1m[33mwarning[0m[1m: unused import: `AsRawFd`[0m
  [1m[94m--> [0msrc/shm.rs:35:25
   [1m[94m|[0m
[1m[94m35[0m [1m[94m|[0m use std::os::unix::io::{AsRawFd, FromRawFd};
   [1m[94m|[0m                         [1m[33m^^^^^^^[0m
   [1m[94m|[0m
   [1m[94m= [0m[1mnote[0m: `#[warn(unused_imports)]` (part of `#[warn(unused)]`) on by default

[1m[33mwarning[0m[1m: unnecessary `unsafe` block[0m
   [1m[94m--> [0msrc/shm.rs:265:20
    [1m[94m|[0m
[1m[94m255[0m [1m[94m|[0m     unsafe {
    [1m[94m|[0m     [1m[94m------[0m [1m[94mbecause it's nested under this `unsafe` block[0m
[1m[94m...[0m
[1m[94m265[0m [1m[94m|[0m         let file = unsafe { File::from_raw_fd(fd) };
    [1m[94m|[0m                    [1m[33m^^^^^^[0m [1m[33munnecessary `unsafe` block[0m
    [1m[94m|[0m
    [1m[94m= [0m[1mnote[0m: `#[warn(unused_unsafe)]` (part of `#[warn(unused)]`) on by default

[1m[33mwarning[0m[1m: unnecessary `unsafe` block[0m
   [1m[94m--> [0msrc/shm.rs:294:20
    [1m[94m|[0m
[1m[94m287[0m [1m[94m|[0m     unsafe {
    [1m[94m|[0m     [1m[94m------[0m [1m[94mbecause it's nested under this `unsafe` block[0m
[1m[94m...[0m
[1m[94m294[0m [1m[94m|[0m         let file = unsafe { File::from_raw_fd(fd) };
    [1m[94m|[0m                    [1m[33m^^^^^^[0m [1m[33munnecessary `unsafe` block[0m

[1m[33mwarning[0m[1m: unnecessary `unsafe` block[0m
   [1m[94m--> [0msrc/shm.rs:306:13
    [1m[94m|[0m
[1m[94m287[0m [1m[94m|[0m     unsafe {
    [1m[94m|[0m     [1m[94m------[0m [1m[94mbecause it's nested under this `unsafe` block[0m
[1m[94m...[0m
[1m[94m306[0m [1m[94m|[0m             unsafe { sys::munmap(p, mapping_bytes) };
    [1m[94m|[0m             [1m[33m^^^^^^[0m [1m[33munnecessary `unsafe` block[0m

[1m[33mwarning[0m[1m: unnecessary `unsafe` block[0m
   [1m[94m--> [0msrc/verified.rs:262:21
    [1m[94m|[0m
[1m[94m250[0m [1m[94m|[0m       unsafe {
    [1m[94m|[0m       [1m[94m------[0m [1m[94mbecause it's nested under this `unsafe` block[0m
[1m[94m...[0m
[1m[94m262[0m [1m[94m|[0m             let d = unsafe { data.add(blk * 64) };
    [1m[94m|[0m                     [1m[33m^^^^^^[0m [1m[33munnecessary `unsafe` block[0m

[1m[33mwarning[0m: `weft-core` (lib) generated 5 warnings (run `cargo fix --lib -p weft-core` to apply 1 suggestion)
[1m[92m    Finished[0m `release` profile [optimized] target(s) in 0.00s
== G5 governor trace parity: env x86_64/Linux, node v24.20.0, steps=10000 seed=0x00C0FFEE ==
-- TS emitter --
-- C emitter --
-- byte-compare (TS vs C) --
   identical (20001 bytes)
-- Rust emitter --
-- byte-compare (TS vs Rust) --
   identical (20001 bytes)
-- VM ladder emitters (G5-VM) --
-- byte-compare (TS vs Kotlin) --
   identical (20001 bytes)
-- byte-compare (TS vs Swift) --
   identical (20001 bytes)
   Dart: SKIPPED (no dart on this runner; flutter-packages CI covers)
-- action-class coverage --
   all four action classes exercised
G5: PASS — identical action sequences across every emitter present (TS/C/Rust + VM)

=== cadence PC3 trace parity (TS + VM emitters present) ===
== PC3 cadence trace parity: env x86_64/Linux, node v24.20.0, steps=10000 seed=0x00C0FFEE ==
-- TS emitter (reference) --
-- Kotlin emitter --
   identical (160001 bytes)
-- Swift emitter --
   identical (160001 bytes)
-- Dart emitter -- SKIPPED (no dart on this runner; flutter-packages CI covers)
-- policy coverage --
   all four policies presented; ticks=10000 interpPacked=20000 coalescedPacked=48176
PC3: PASS — identical cadence decision sequences (TS + 2 VM emitters present)

=== flight-recorder selftest (capture -> validate(mixer) -> replay -> recapture -> compare) ===
make: Entering directory '/home/runner/work/Weft/Weft/tools/weft-fanout-rec'
cc -O2 -std=c11 -Wall -Wextra -pthread -D_GNU_SOURCE -I../../core/c -o weft-fanout-rec weft_fanout_rec.c ../../core/c/fanout.c ../../core/c/fanout_simd.c ../../core/c/shm_ring.c -lm -lrt
cc -O2 -std=c11 -Wall -Wextra -pthread -D_GNU_SOURCE -DWEFT_FANOUT_SEQ_CST=1 -I../../core/c -o weft-fanout-rec-seq weft_fanout_rec.c ../../core/c/fanout.c ../../core/c/fanout_simd.c ../../core/c/shm_ring.c -lm -lrt
make: Leaving directory '/home/runner/work/Weft/Weft/tools/weft-fanout-rec'
validate: selftest_a.weftrec — 3536 records, final seq 20000, sum(dropped)=16464 — telescoping exact, mixer bit-exact (v2)
validate: selftest_b.weftrec — 3047 records, final seq 3536, sum(dropped)=489 — telescoping exact (v2)
selftest: content-faithful replay — 3047/3536 source payloads recaptured in order, payload-exact; final frame converged
selftest: PASS — capture -> validate(mixer) -> replay -> recapture -> compare, all green (20000 frames published, 64-word payload)
validate: selftest_a.weftrec — 3775 records, final seq 20000, sum(dropped)=16225 — telescoping exact, mixer bit-exact (v2)
validate: selftest_b.weftrec — 3278 records, final seq 3775, sum(dropped)=497 — telescoping exact (v2)
selftest: content-faithful replay — 3278/3775 source payloads recaptured in order, payload-exact; final frame converged
selftest: PASS — capture -> validate(mixer) -> replay -> recapture -> compare, all green (20000 frames published, 64-word payload)

=== flight-recorder e2e under v3 compression (RFC-0010) ===
== 1+2. concurrent session: produce wave -> ring A while capture --compress runs ==
produce: wave family, 20000 frames -> shm /weft_e2e_ring_a (session left in place for capture/daemon; producer exits — latestSeq holds)
capture: /tmp/tmp.apimQdc3Ok/a.weftrec — 19250 claims, 750 dropped frames accounted (the honest capture; telemetry advisory)
== 3. validate: file A (wave bit-exact through decompression) ==
validate: /tmp/tmp.apimQdc3Ok/a.weftrec — 19250 records, final seq 20000, sum(dropped)=750 — telescoping exact, wave bit-exact (v3)
== 4+5. replay (throttled) -> ring B while capture --compress recaptures ==
replay: /tmp/tmp.apimQdc3Ok/a.weftrec -> shm /weft_e2e_ring_b — 19250 frames republished (content-faithful; seqs renumbered 1..19250 — declared boundary)
capture: /tmp/tmp.apimQdc3Ok/b.weftrec — 18346 claims, 904 dropped frames accounted (the honest capture; telemetry advisory)
== 6. validate + compare: file B structural + payload-exact vs file A ==
validate: /tmp/tmp.apimQdc3Ok/b.weftrec — 18346 records, final seq 19250, sum(dropped)=904 — telescoping exact (v3)
compare: 18346/18346 recaptured records are an ordered payload-exact subsequence of 19250 (content-faithful loop closed; 
sizes: v3 file 4257207 B vs v2-equivalent 5621000 B -> ratio 1.32x (wave family, dzv)
== 7. mixer leg: concurrent capture; the codec honestly declines ==
produce: mixer family, 20000 frames -> shm /weft_e2e_ring_c (session left in place for capture/daemon; producer exits — latestSeq holds)
capture: /tmp/tmp.apimQdc3Ok/c.weftrec — 19246 claims, 754 dropped frames accounted (the honest capture; telemetry advisory)
validate: /tmp/tmp.apimQdc3Ok/c.weftrec — 19246 records, final seq 20000, sum(dropped)=754 — telescoping exact, mixer bit-exact (v3)
mixer capture under --compress: 0 dzv records, 19246 stored (self-limiting: pseudorandom payloads are emitted verbatim)
== 8. version gates ==
forged v2-shaped header (version 2 + compressed flags + patched CRC)
v2 flags contract rejects v3-shaped flags — OK
capture: /tmp/tmp.apimQdc3Ok/plain.weftrec — 1470 claims, 530 dropped frames accounted (the honest capture; telemetry advisory)
validate: /tmp/tmp.apimQdc3Ok/plain.weftrec — 1470 records, final seq 2000, sum(dropped)=530 — telescoping exact, mixer bit-exact (v2)
rings unlinked

e2e: PASS — capture -> validate(wave, v3) -> replay -> recapture -> compare,
      mixer stored-fallback measured, version gates enforced

=== IPC shm sessions: S-series conformance (C) ===
make: Entering directory '/home/runner/work/Weft/Weft/core/c'
gcc -O2 -std=c11 -Wall -Wextra -pthread -D_GNU_SOURCE -o shm-test shm_ring.c fanout.c weft.c fanout_simd.c shm_test.c -lrt -lpthread
weft.c:15: warning: "_GNU_SOURCE" redefined
   15 | #define _GNU_SOURCE  // for posix_memalign
      | 
<command-line>: note: this is the location of the previous definition
make: Leaving directory '/home/runner/work/Weft/Weft/core/c'
    reader: fresh=148772 drops=51228 last=200000 torn_exhausted=0 skipped=0 -> OK
    reader: fresh=195027 drops=4973 last=200000 torn_exhausted=0 skipped=0 -> OK
    reader: fresh=172768 drops=27232 last=200000 torn_exhausted=0 skipped=0 -> OK
    reader: fresh=194808 drops=5192 last=200000 torn_exhausted=0 skipped=0 -> OK
    reader: fresh=191221 drops=8779 last=200000 torn_exhausted=0 skipped=0 -> OK
    reader: fresh=139891 drops=60109 last=200000 torn_exhausted=0 skipped=0 -> OK
Weft S-series (inter-process shared-memory rings) — C driver layer
S1: create named — header + ring invariants
  PASS create ok
  PASS geometry readable from header
  PASS ring_bytes identity (RFC 0004)
  PASS ring follows the header
  PASS mapping size exact
  PASS ctrl zero-initialized (fresh-ring invariants)
  PASS creator destroy unlinks (attach fails after)
S2: attach named — validation and read-only mapping
  PASS fanout binding create ok
  PASS rw attach ok
  PASS same object, same geometry (second mapping)
  PASS reader over the second mapping
  PASS frame visible across mappings (publish over A, claim over B)
  PASS read-only attach ok
  PASS reader over PROT_READ mapping
  PASS read-only reader claims frame 1
  PASS payload bit-exact through the read-only mapping
  PASS garbage object refused (bad magic/size)
  PASS zeroed right-size object refused (no header)
S3: O_EXCL create semantics + stale replacement
  PASS first create ok
  PASS second create refused (O_EXCL)
  PASS destroy NULL-safe
  PASS recreate after unlink ok
  PASS unlink absent ok (ENOENT)
S4: anonymous + fork — inherited mapping, 3 readers
  PASS anon create ok
  PASS writer attach ok
  PASS 3 forked readers x 200000 frames: integrity + telescoping, zero torn
S5: named + fork — attach-by-name children, 3 readers
  PASS named create ok
  PASS writer attach ok
  PASS 3 forked readers x 200000 frames: integrity + telescoping, zero torn
S6: producer handoff — stamp monotonicity across processes
  PASS creator writer ok
  PASS successor writer attaches
  PASS frame numbering continues from latestSeq
  PASS reader attaches
  PASS handoff frame claims clean
  PASS 1000 unseen frames accounted as drops (no phantom loss)
  PASS handoff payload bit-exact
S7: fd-passing attach — foreign files refused
  PASS session created
  PASS fd attach ok
  PASS fd attach: same object, same geometry
  PASS cross-mapping visibility (publish over map A, claim over map B)
  PASS garbage fd refused
S8: crashed producer — ring persists, reader reads the tail
  PASS producer exited (no cleanup)
  PASS reader attaches to the orphaned ring
  PASS last consistent frame readable
  PASS frame-500 payload bit-exact
S9: fan-out bindings — create/publish/claim round trip
  PASS binding create
  PASS binding reader
  PASS 5000 frames round-trip, sampled claims bit-exact

verdict: PASS

=== IPC shm sessions: multi-process torture (named + anonymous roads) ===
make: Entering directory '/home/runner/work/Weft/Weft/core/c'
gcc -O2 -std=c11 -Wall -Wextra -pthread -D_GNU_SOURCE -o shm-runner shm_ring.c fanout.c weft.c fanout_simd.c shm_runner.c -lrt -lpthread
weft.c:15: warning: "_GNU_SOURCE" redefined
   15 | #define _GNU_SOURCE  // for posix_memalign
      | 
<command-line>: note: this is the location of the previous definition
make: Leaving directory '/home/runner/work/Weft/Weft/core/c'
    reader pid=3993: fresh=90183 drops=9817 last=100000 torn_exhausted=0
    reader pid=3994: fresh=89707 drops=10293 last=100000 torn_exhausted=0
    reader pid=3992: fresh=47437 drops=52563 last=100000 torn_exhausted=0
    reader pid=3995: fresh=7 drops=99993 last=100000 torn_exhausted=0
torture: named+attach road, 4 readers x 100000 frames, 64 B x 4 slots
torture: writer 0.034 s (2921219 frames/s); readers all OK; verdict PASS
    reader pid=4001: fresh=7 drops=99993 last=100000 torn_exhausted=0
    reader pid=3998: fresh=55873 drops=44127 last=100000 torn_exhausted=0
    reader pid=4000: fresh=87837 drops=12163 last=100000 torn_exhausted=0
    reader pid=3999: fresh=90486 drops=9514 last=100000 torn_exhausted=0
torture: anonymous+fork road, 4 readers x 100000 frames, 64 B x 4 slots
torture: writer 0.036 s (2787130 frames/s); readers all OK; verdict PASS

=== IPC shm sessions: Rust S-series (fork torture included) ===
[1m[33mwarning[0m[1m: unused import: `AsRawFd`[0m
  [1m[94m--> [0msrc/shm.rs:35:25
   [1m[94m|[0m
[1m[94m35[0m [1m[94m|[0m use std::os::unix::io::{AsRawFd, FromRawFd};
   [1m[94m|[0m                         [1m[33m^^^^^^^[0m
   [1m[94m|[0m
   [1m[94m= [0m[1mnote[0m: `#[warn(unused_imports)]` (part of `#[warn(unused)]`) on by default

[1m[33mwarning[0m[1m: unnecessary `unsafe` block[0m
   [1m[94m--> [0msrc/shm.rs:265:20
    [1m[94m|[0m
[1m[94m255[0m [1m[94m|[0m     unsafe {
    [1m[94m|[0m     [1m[94m------[0m [1m[94mbecause it's nested under this `unsafe` block[0m
[1m[94m...[0m
[1m[94m265[0m [1m[94m|[0m         let file = unsafe { File::from_raw_fd(fd) };
    [1m[94m|[0m                    [1m[33m^^^^^^[0m [1m[33munnecessary `unsafe` block[0m
    [1m[94m|[0m
    [1m[94m= [0m[1mnote[0m: `#[warn(unused_unsafe)]` (part of `#[warn(unused)]`) on by default

[1m[33mwarning[0m[1m: unnecessary `unsafe` block[0m
   [1m[94m--> [0msrc/shm.rs:294:20
    [1m[94m|[0m
[1m[94m287[0m [1m[94m|[0m     unsafe {
    [1m[94m|[0m     [1m[94m------[0m [1m[94mbecause it's nested under this `unsafe` block[0m
[1m[94m...[0m
[1m[94m294[0m [1m[94m|[0m         let file = unsafe { File::from_raw_fd(fd) };
    [1m[94m|[0m                    [1m[33m^^^^^^[0m [1m[33munnecessary `unsafe` block[0m

[1m[33mwarning[0m[1m: unnecessary `unsafe` block[0m
   [1m[94m--> [0msrc/shm.rs:306:13
    [1m[94m|[0m
[1m[94m287[0m [1m[94m|[0m     unsafe {
    [1m[94m|[0m     [1m[94m------[0m [1m[94mbecause it's nested under this `unsafe` block[0m
[1m[94m...[0m
[1m[94m306[0m [1m[94m|[0m             unsafe { sys::munmap(p, mapping_bytes) };
    [1m[94m|[0m             [1m[33m^^^^^^[0m [1m[33munnecessary `unsafe` block[0m

[1m[33mwarning[0m[1m: unnecessary `unsafe` block[0m
   [1m[94m--> [0msrc/verified.rs:262:21
    [1m[94m|[0m
[1m[94m250[0m [1m[94m|[0m       unsafe {
    [1m[94m|[0m       [1m[94m------[0m [1m[94mbecause it's nested under this `unsafe` block[0m
[1m[94m...[0m
[1m[94m262[0m [1m[94m|[0m             let d = unsafe { data.add(blk * 64) };
    [1m[94m|[0m                     [1m[33m^^^^^^[0m [1m[33munnecessary `unsafe` block[0m

[1m[33mwarning[0m: `weft-core` (lib) generated 5 warnings (run `cargo fix --lib -p weft-core` to apply 1 suggestion)
[1m[33mwarning[0m: `weft-core` (lib) generated 5 warnings (5 duplicates)
[1m[33mwarning[0m[1m: unused import: `PubResult`[0m
 [1m[94m--> [0msrc/bin/bench.rs:8:22
  [1m[94m|[0m
[1m[94m8[0m [1m[94m|[0m use weft_core::{pat, PubResult, Weft};
  [1m[94m|[0m                      [1m[33m^^^^^^^^^[0m
  [1m[94m|[0m
  [1m[94m= [0m[1mnote[0m: `#[warn(unused_imports)]` (part of `#[warn(unused)]`) on by default

[1m[33mwarning[0m[1m: unnecessary `unsafe` block[0m
  [1m[94m--> [0msrc/bin/bench.rs:89:9
   [1m[94m|[0m
[1m[94m89[0m [1m[94m|[0m         unsafe { fill_payload(&w, seq, payload_max as u32, &mut scratch); }
   [1m[94m|[0m         [1m[33m^^^^^^[0m [1m[33munnecessary `unsafe` block[0m
   [1m[94m|[0m
   [1m[94m= [0m[1mnote[0m: `#[warn(unused_unsafe)]` (part of `#[warn(unused)]`) on by default

[1m[33mwarning[0m[1m: unnecessary `unsafe` block[0m
   [1m[94m--> [0msrc/bin/bench.rs:244:13
    [1m[94m|[0m
[1m[94m244[0m [1m[94m|[0m             unsafe { fill_payload(&w2, seq, payload_max as u32, &mut scratch); }
    [1m[94m|[0m             [1m[33m^^^^^^[0m [1m[33munnecessary `unsafe` block[0m

[1m[33mwarning[0m[1m: unnecessary `unsafe` block[0m
   [1m[94m--> [0msrc/bin/bench.rs:320:13
    [1m[94m|[0m
[1m[94m320[0m [1m[94m|[0m             unsafe { fill_payload(&w2, seq, payload_max as u32, &mut scratch); }
    [1m[94m|[0m             [1m[33m^^^^^^[0m [1m[33munnecessary `unsafe` block[0m

[1m[33mwarning[0m[1m: function `now_ns` is never used[0m
  [1m[94m--> [0msrc/bin/bench.rs:10:4
   [1m[94m|[0m
[1m[94m10[0m [1m[94m|[0m fn now_ns() -> u64 {
   [1m[94m|[0m    [1m[33m^^^^^^[0m
   [1m[94m|[0m
   [1m[94m= [0m[1mnote[0m: `#[warn(dead_code)]` (part of `#[warn(unused)]`) on by default

[1m[33mwarning[0m[1m: function `now_ns_abs` is never used[0m
  [1m[94m--> [0msrc/bin/bench.rs:14:4
   [1m[94m|[0m
[1m[94m14[0m [1m[94m|[0m fn now_ns_abs() -> u64 {
   [1m[94m|[0m    [1m[33m^^^^^^^^^^[0m

[1m[33mwarning[0m[1m: unused imports: `Duration` and `Instant`[0m
 [1m[94m--> [0msrc/bin/probe.rs:3:17
  [1m[94m|[0m
[1m[94m3[0m [1m[94m|[0m use std::time::{Duration, Instant};
  [1m[94m|[0m                 [1m[33m^^^^^^^^[0m  [1m[33m^^^^^^^[0m
  [1m[94m|[0m
  [1m[94m= [0m[1mnote[0m: `#[warn(unused_imports)]` (part of `#[warn(unused)]`) on by default

[1m[33mwarning[0m[1m: unused import: `PubResult`[0m
 [1m[94m--> [0msrc/bin/probe.rs:4:22
  [1m[94m|[0m
[1m[94m4[0m [1m[94m|[0m use weft_core::{pat, PubResult, Weft, WeftDebugView};
  [1m[94m|[0m                      [1m[33m^^^^^^^^^[0m

[1m[33mwarning[0m: `weft-core` (bin "bench") generated 6 warnings (run `cargo fix --bin "bench" -p weft-core` to apply 1 suggestion)
[1m[33mwarning[0m: `weft-core` (bin "probe") generated 2 warnings (run `cargo fix --bin "probe" -p weft-core` to apply 2 suggestions)
[1m[92m    Finished[0m `release` profile [optimized] target(s) in 0.01s
[1m[92m     Running[0m tests/shm_test.rs (target/release/deps/shm_test-68402df699751b00)

running 7 tests
test s1_create_header_contract ... ok
test s2_attach_validation ... ok
test s3_excl_semantics ... ok
test s6_producer_handoff ... ok
test s9_bindings_round_trip ... ok
test s5_named_fork_torture ... ok
test s4_anon_fork_torture ... ok

test result: ok. 7 passed; 0 failed; 0 ignored; 0 measured; 0 filtered out; finished in 0.02s


=== IPC shm sessions: zero-syscall data path (strace gate) ===
strace-proof: 50000 frames published + 1 claim; between the markers only the marker writes appear -> OK
non-marker syscalls between publish markers: 0 (must be 0)

=== IPC shm sessions: cross-process produce -> daemon capture (session protocol) ===
weft-fanout-rec daemon: attached /weft-ci-session-2372 (304 B ring, 4 slots, 64 B payload) -> /tmp/weft-ci-daemon-2372.weftrec
weft-fanout-rec daemon: stopped (idle (producer quiesced)) — 1 claims, 499 dropped frames accounted (the honest capture; telemetry advisory)
daemon: /tmp/weft-ci-daemon-2372.weftrec — 1 claims, 499 dropped
validate: /tmp/weft-ci-daemon-2372.weftrec — 1 records, final seq 500, sum(dropped)=499 — telescoping exact (v2)

=== F10 100k torture parity (C baseline x2 regimes + JVM + source contract) ===

=== C baseline: fanout-runner torture 100000 4 64 3 (fenced acq/rel) ===
make: Entering directory '/home/runner/work/Weft/Weft/core/c'
make: 'fanout-runner' is up to date.
make: 'fanout-runner-seq' is up to date.
make: Leaving directory '/home/runner/work/Weft/Weft/core/c'
reader 0: fresh=98253 dropped=1747 claims=539191 skipped=0 torn_exhausted=0 last_seq=100000 identity=OK
reader 1: fresh=71746 dropped=28254 claims=91046 skipped=0 torn_exhausted=0 last_seq=100000 identity=OK
reader 2: fresh=77626 dropped=22374 claims=102630 skipped=0 torn_exhausted=0 last_seq=100000 identity=OK
torture: frames=100000 slots=4 words=64 readers=3 publishes=100000 elapsed_ms=40.9 rate=2445611/s verdict=PASS

=== C baseline: fanout-runner-seq torture 100000 4 64 3 (all-seq_cst) ===
reader 0: fresh=88138 dropped=11862 claims=378980 skipped=0 torn_exhausted=0 last_seq=100000 identity=OK
reader 1: fresh=72734 dropped=27266 claims=87437 skipped=0 torn_exhausted=0 last_seq=100000 identity=OK
reader 2: fresh=70958 dropped=29042 claims=114642 skipped=0 torn_exhausted=0 last_seq=100000 identity=OK
torture: frames=100000 slots=4 words=64 readers=3 publishes=100000 elapsed_ms=37.2 rate=2689513/s verdict=PASS

=== JVM harness (host JVM threads over the C ring) ===
/home/runner/work/Weft/Weft/core/c/weft.c:15: warning: "_GNU_SOURCE" redefined
   15 | #define _GNU_SOURCE  // for posix_memalign
      | 
<command-line>: note: this is the location of the previous definition
ok: JF1 payloadBytes=0 rejected
ok: JF1 payload not multiple of 4 rejected
ok: JF1 slotCount<2 rejected
ok: JF1 slotCount>64 rejected
ok: JF1 ring_bytes = 16 + 8M + M*payload (the interop contract)
ok: JF1 ring_bytes rejects bad geometry
ok: JF2 fanoutCreate handle
ok: JF2 begin: direct BB cursor, cap=payload
ok: JF2 publish returns frame seq 1
ok: JF2 readerCreate on the broadcaster's ring
ok: JF2 first claim: fresh, seq 1, dropped 0
ok: JF2 view buffer: cap=payload
ok: JF2 claimed bytes match pat(1,i) — no tear on the happy path
ok: JF2 advisory latestSeq/publishes (AXIOM T)
ok: JF3 10 fresh claims, last frame 40
ok: JF3 telescoping: sum(dropped) == 30 exactly
ok: JF3 identity: lastSeq - freshClaims == sum(dropped)
ok: JF4 baseline: reader holds frame 1
ok: JF4 mid-overwrite claim: graceful skip, keeps frame 1 (Law 1: bounded, counted)
ok: JF4 skip counted in reader stats (never silent)
ok: JF4 publish after the skip publishes frame 9
ok: JF4 next claim is fresh with exact telescoped drops
ok: JF4 publish-without-begin returns the last frame seq (no-op)
ok: JF5 reader 0 fresh claims == 70/1
ok: JF5 reader 0 telescoping exact: sum(dropped) == lastClaimed(70) - fresh
ok: JF5 reader 0 reads == claim calls
ok: JF5 reader 1 fresh claims == 70/3
ok: JF5 reader 1 telescoping exact: sum(dropped) == lastClaimed(69) - fresh
ok: JF5 reader 1 reads == claim calls
ok: JF5 reader 2 fresh claims == 70/7
ok: JF5 reader 2 telescoping exact: sum(dropped) == lastClaimed(70) - fresh
ok: JF5 reader 2 reads == claim calls
ok: JF6 foreign broadcaster attaches by geometry alone
ok: JF6 publish on foreign ring (numbering from latestSeq=0)
ok: JF6 foreign reader attaches
ok: JF6 foreign reader claims frame 1 — one ring, two entry points
ok: JF6 foreign attach rejects ring_bytes mismatch
ok: JF6 foreign reader rejects ring_bytes mismatch
ok: JF7 fill copies payload/4 words
ok: JF7 publish after fill
ok: JF7 fill path delivers intact bytes
ok: JF7 fill rejects len%4!=0
ok: JF8 reader thread fanout-reader-0 terminated
ok: JF8 reader thread fanout-reader-1 terminated
ok: JF8 reader thread fanout-reader-2 terminated
ok: JF8 torture: zero protocol violations across 200000 frames x 3 readers (violations: [])
ok: JF8 reader 0 stats populated (reads=3805983 fresh=198029 dropped=1971 skipped=0 exhausted=0)
ok: JF8 reader 0 converged to the final frame
ok: JF8 reader 1 stats populated (reads=3852887 fresh=162302 dropped=37698 skipped=0 exhausted=0)
ok: JF8 reader 1 converged to the final frame
ok: JF8 reader 2 stats populated (reads=4820965 fresh=195996 dropped=4004 skipped=0 exhausted=0)
ok: JF8 reader 2 converged to the final frame
ok: JF8 readers observed frames (556327 fresh claims total)
       torture perf: ~877K publishes/s through the JNI zero-copy cursor path (informative, host JVM)

PASS: 0 failure(s), 53 check(s), 256 ms total
env: java 17.0.20.1 (amd64), host gcc .so, -O2

=== Parity-of-contract: each port's F10 source carries every gate ===
  [ok]  kotlin: F10 runs 100_000 frames
  [ok]  kotlin: every fresh claim word-validated (mixer)
  [ok]  kotlin: telescoping identity assert
  [ok]  kotlin: convergence assert
  [ok]  swift: F10 runs 100_000 frames
  [ok]  swift: every fresh claim word-validated (mixer)
  [ok]  swift: telescoping identity assert
  [ok]  swift: convergence assert
  [ok]  dart: F10 runs 100000 frames
  [ok]  dart: every fresh claim word-validated (mixer)
  [ok]  dart: telescoping identity assert
  [ok]  dart: convergence assert
  [ok]  dart: mid-overwrite window exercised (split begin/publish)

F10 PARITY: PASS (C both regimes + contract parity kotlin/swift/dart)
✅ fanout-native shard PASSED
g identity assert
  [ok]  swift: convergence assert
  [ok]  dart: F10 runs 100000 frames
  [ok]  dart: every fresh claim word-validated (mixer)
  [ok]  dart: telescoping identity assert
  [ok]  dart: convergence assert
  [ok]  dart: mid-overwrite window exercised (split begin/publish)

F10 PARITY: PASS (C both regimes + contract parity kotlin/swift/dart)
✅ fanout-native shard PASSED
