==================================================
SHARD: fanout-concurrent
DESCRIPTION: 1 writer + 4 reader workers, integrity-gated + daisy-chain
STATUS: PASSED ✅
COMMIT: e6f45aa7b63b3f4e5b5c243b05656ad6804efe83
RUN: 166
==================================================

────────────────────────────────────────────────────────────────────────
RFC 0004 — CONCURRENT fan-out torture test (worker_threads, true parallelism)
────────────────────────────────────────────────────────────────────────
phase 1  sprint : writer 3.374M pub/s over 400000 frames (119 ms) — 4 verifying readers
  reader[0] fresh=112162 dropped=285763 stale=699 tornRetries=1075 notReady=56924 exhausted=115 violations=0 (127 ms)
  reader[1] fresh=172170 dropped=227830 stale=1939 tornRetries=27 notReady=19829 exhausted=0 violations=0 (124 ms)
  reader[2] fresh=84968 dropped=315014 stale=1304 tornRetries=61 notReady=0 exhausted=0 violations=0 (118 ms)
  reader[3] fresh=86604 dropped=313396 stale=1490 tornRetries=38 notReady=37650 exhausted=0 violations=0 (128 ms)
phase 2  daisy  : Triad kernel → broadcaster → ring → 4 readers over 120000 frames (330 ms, 364K frames/s)
  reader[0] fresh=116251 dropped=3749 stale=1495747 tornRetries=70 notReady=3833732 exhausted=0 violations=0 (536 ms)
  reader[1] fresh=58369 dropped=61631 stale=758961 tornRetries=41 notReady=3965553 exhausted=0 violations=0 (531 ms)
  reader[2] fresh=59705 dropped=60289 stale=710588 tornRetries=27 notReady=1986407 exhausted=0 violations=0 (515 ms)
  reader[3] fresh=45672 dropped=74328 stale=597483 tornRetries=116 notReady=5253279 exhausted=0 violations=0 (556 ms)
────────────────────────────────────────────────────────────────────────
GATE: ALL PASSED ✅  (integrity, convergence, exact drop accounting, daisy-chain)
────────────────────────────────────────────────────────────────────────
RFC 0004 — CONCURRENT fan-out benchmark (1 writer + 4 readers, worker_threads)
────────────────────────────────────────────────────────────────────────
Environment Tag: node / linux-sandbox (SharedArrayBuffer + Atomics, all SeqCst)
Writer: 1000000 publishes in 465 ms  →  2.150M publishes/sec  (latch protocol INCLUDED)
  reader[0]: fresh=207468 dropped=792509 claims=1280197 → 0.442M fresh claims/sec (470 ms)
  reader[1]: fresh=893893 dropped=105579 claims=1981485 → 1.904M fresh claims/sec (470 ms)
  reader[2]: fresh=943564 dropped=56025 claims=2189954 → 2.052M fresh claims/sec (460 ms)
  reader[3]: fresh=875560 dropped=124148 claims=2035772 → 1.892M fresh claims/sec (463 ms)
Aggregate: 2.920M fresh deliveries across 4 readers; drops are per-reader (Law 4) and exact.
Law 2 invariant: publish/claim paths allocate nothing (pre-allocated views + out-params).
────────────────────────────────────────────────────────────────────────
✅ fanout-concurrent shard PASSED
across 4 readers; drops are per-reader (Law 4) and exact.
Law 2 invariant: publish/claim paths allocate nothing (pre-allocated views + out-params).
────────────────────────────────────────────────────────────────────────
