==================================================
SHARD: simd-blend
DESCRIPTION: Q12 raster blend: C golden gates + xlang-blend cross-language digests + bench
STATUS: PASSED ✅
COMMIT: e6f45aa7b63b3f4e5b5c243b05656ad6804efe83
RUN: 166
==================================================

== simd-blend shard: env x86_64/Linux ==
-- C kernel gates --
== blend_test: impl=avx2 (2) ==
B1 boundaries: OK
B2 parity sweep: OK (154 path-checks, all == scalar)
B3 alpha sweep 0..4096 (dispatched): OK
B4 in-place aliasing: OK
blend_test: ALL GATES GREEN
blend-test: ALL GATES GREEN
-- xlang-blend golden gate --
== xlang-blend golden parity: env x86_64/Linux ==
-- C kernel (golden source) --
   blend-test gates GREEN
   golden-vectors.csv matches the kernel
-- TS verifier (reference port) --
xlang-blend TS verifier: 63/63 golden digests match
-- Kotlin verifier --
xlang-blend Kotlin verifier: 63/63 golden digests match
-- Dart verifier: DECLARED skip (no dart; flutter-packages leg owns it) --
-- Swift port: DECLARED skip (no swiftc; apple-packages compiles + golden-gates it) --

xlang-blend: ran=3 declared_skips=2
✅ xlang-blend parity: every executed port byte-identical to the C kernel
xlang-blend parity GREEN
-- blend_runner benchmark --
== blend_runner: dispatch=avx2 ==
256x256-hot (65536 words): scalar   286349 ns/frame (  2.7 GB/s) | avx2    21356 ns/frame ( 36.8 GB/s) | speedup 13.41x
1080p (2073600 words): scalar  9068986 ns/frame (  2.7 GB/s) | avx2   674122 ns/frame ( 36.9 GB/s) | speedup 13.45x
4K (8294400 words): scalar 36306376 ns/frame (  2.7 GB/s) | avx2  2908331 ns/frame ( 34.2 GB/s) | speedup 12.48x
8K (33177600 words): scalar 145133819 ns/frame (  2.7 GB/s) | avx2 11867529 ns/frame ( 33.5 GB/s) | speedup 12.23x
✅ simd-blend shard GREEN
