==================================================
SHARD: litmus-ts
DESCRIPTION: L1-L8 litmus suite, TS kernel (with EXPOSURE-RETRY)
STATUS: PASSED ✅
COMMIT: c286e7d295e7cfc7bc1aaede2623b1b82d5b7e0d
RUN: 195
==================================================

# Loaded catalog: w# Loaded catalog: weft-litmus v3
  run    -> exit=0 elaps    -> exit=0 elap  running ts L2-wri  running ts     -> exit=0 elaps    -> exit=0 elap  running ts L3-rea  running ts     -> exit=0 elaps    -> exit=0 elap  running ts L4-fre  running     -> exit=0 elaps    -> exit=0 elap  running ts L5-pro  running    -> exit=0 elaps    -> exit=0 elap  running ts L6-own  running     -> exit=0 elaps    -> exit=0 elap  running ts L7-rev  running t    -> exit=0 elaps    -> exit=0 elap  running ts L8-env  running    -> exit=0 elaps    -> exit=0 elapWrote /home/runner/Wrote /home/runner/work/Weft/WefWrote /home/runner/Wrote /home/runner/work/Weft/Weft/litmus/results.json
{
  "shard": "litmus-ts",
  "status": "PASSED",
  "cells_pass": 8,
  "cells_total": 8,
  "cells": {
    "ts/L1-tear": true,
    "ts/L2-writer-steps": true,
    "ts/L3-reader-steps": true,
    "ts/L4-freshness": true,
    "ts/L5-progress": true,
    "ts/L6-ownership": true,
    "ts/L7-revocation": true,
    "ts/L8-envelope": true
  }
}
