==================================================
SHARD: perf-regression
DESCRIPTION: W-suite P99 vs pinned baseline; >15% drop = FAIL
STATUS: PASSED ✅
COMMIT: 30c5bc67527f8808c94a6fa4f4a16e9e838d47fe
RUN: 261
==================================================

→ W1/A ... P99=141.0 alloc/frame=0.0 [PASS]
→ W1/B ... P99=160.8 alloc/frame=0.0 [PASS]
→ W1/C .../home/runner/work/Weft/Weft/core/c/weft.c:15: warning: "_GNU_SOURCE" redefined
   15 | #define _GNU_SOURCE  // for posix_memalign
      | 
<command-line>: note: this is the location of the previous definition
→ compiling Weft C kernel to /home/runner/work/Weft/Weft/core/c/libweft.so
 P99=116.2 alloc/frame=0.0 [PASS]
→ W1/D ... P99=77.5 alloc/frame=0.0 [PASS]
→ W2/A ... P99=93.7 alloc/frame=0.0 [PASS]
→ W2/B ... P99=92.8 alloc/frame=0.0 [PASS]
→ W2/C ... P99=69.2 alloc/frame=0.0 [PASS]
→ W2/D ... P99=43.6 alloc/frame=0.0 [PASS]
→ W3/A ... P99=8.2 alloc/frame=0.0 [PASS]
→ W3/B ... P99=9.9 alloc/frame=0.0 [PASS]
→ W3/C ... P99=10.0 alloc/frame=0.0 [PASS]
→ W3/D ... P99=5.5 alloc/frame=0.0 [PASS]
→ W4/A ... P99=2103.8 alloc/frame=0.0 [PASS]
→ W4/B ... P99=2611.6 alloc/frame=0.0 [PASS]
→ W4/C ... P99=3212.7 alloc/frame=0.0 [PASS]
→ W4/D ... P99=3296.4 alloc/frame=0.0 [PASS]
→ W5/A ... P99=21.2 alloc/frame=0.0 [PASS]
→ W5/B ... P99=17.8 alloc/frame=0.0 [PASS]
→ W5/C ... P99=27.6 alloc/frame=0.0 [PASS]
→ W5/D ... P99=8.8 alloc/frame=0.0 [PASS]

✓ W-suite bundle: /home/runner/work/Weft/Weft/bench/results/wsuite-x86_64-sandbox.json
  cells: 20 (target: 20 = 5 workloads × 4 backends)
  pass: 20/20
 ... P99=160.8 alloc/frame=0.0 [PASS]
→ W1/C .../home/runner/work/Weft/Weft/core/c/weft.c:15: warning: "_GNU_SOURCE" redefined
   15 | #define _GNU_SOURCE  // for posix_memalign
      | 
<command-line>: note: this is the location of the previous definition
→ compiling Weft C kernel to /home/runner/work/Weft/Weft/core/c/libweft.so
 P99=116.2 alloc/frame=0.0 [PASS]
→ W1/D ... P99=77.5 alloc/frame=0.0 [PASS]
→ W2/A ... P99=93.7 alloc/frame=0.0 [PASS]
→ W2/B ... P99=92.8 alloc/frame=0.0 [PASS]
→ W2/C ... P99=69.2 alloc/frame=0.0 [PASS]
→ W2/D ... P99=43.6 alloc/frame=0.0 [PASS]
→ W3/A ... P99=8.2 alloc/frame=0.0 [PASS]
→ W3/B ... P99=9.9 alloc/frame=0.0 [PASS]
→ W3/C ... P99=10.0 alloc/frame=0.0 [PASS]
→ W3/D ... P99=5.5 alloc/frame=0.0 [PASS]
→ W4/A ... P99=2103.8 alloc/frame=0.0 [PASS]
→ W4/B ... P99=2611.6 alloc/frame=0.0 [PASS]
→ W4/C ... P99=3212.7 alloc/frame=0.0 [PASS]
→ W4/D ... P99=3296.4 alloc/frame=0.0 [PASS]
→ W5/A ... P99=21.2 alloc/frame=0.0 [PASS]
→ W5/B ... P99=17.8 alloc/frame=0.0 [PASS]
→ W5/C ... P99=27.6 alloc/frame=0.0 [PASS]
→ W5/D ... P99=8.8 alloc/frame=0.0 [PASS]

✓ W-suite bundle: /home/runner/work/Weft/Weft/bench/results/wsuite-x86_64-sandbox.json
  cells: 20 (target: 20 = 5 workloads × 4 backends)
  pass: 20/20
{
  "shard": "perf-regression",
  "status": "PASSED",
  "threshold_pct": 5,
  "regression_count": 0,
  "improvement_count": 20,
  "cells_compared": 20,
  "regressions": [],
  "improvements": [
    {
      "workload": "W1",
      "backend": "A",
      "baseline": 7.3,
      "actual": 141.0,
      "delta_pct": 1831.5,
      "reason": "improvement"
    },
    {
      "workload": "W1",
      "backend": "B",
      "baseline": 44.6,
      "actual": 160.8,
      "delta_pct": 260.5,
      "reason": "improvement"
    },
    {
      "workload": "W1",
      "backend": "C",
      "baseline": 7.8,
      "actual": 116.2,
      "delta_pct": 1389.7,
      "reason": "improvement"
    },
    {
      "workload": "W1",
      "backend": "D",
      "baseline": 18.6,
      "actual": 77.5,
      "delta_pct": 316.7,
      "reason": "improvement"
    },
    {
      "workload": "W2",
      "backend": "A",
      "baseline": 4.3,
      "actual": 93.7,
      "delta_pct": 2079.1,
      "reason": "improvement"
    },
    {
      "workload": "W2",
      "backend": "B",
      "baseline": 6.1,
      "actual": 92.8,
      "delta_pct": 1421.3,
      "reason": "improvement"
    },
    {
      "workload": "W2",
      "backend": "C",
      "baseline": 16.4,
      "actual": 69.2,
      "delta_pct": 322.0,
      "reason": "improvement"
    },
    {
      "workload": "W2",
      "backend": "D",
      "baseline": 7.5,
      "actual": 43.6,
      "delta_pct": 481.3,
      "reason": "improvement"
    },
    {
      "workload": "W3",
      "backend": "A",
      "baseline": 2.6,
      "actual": 8.2,
      "delta_pct": 215.4,
      "reason": "improvement"
    },
    {
      "workload": "W3",
      "backend": "B",
      "baseline": 3.7,
      "actual": 9.9,
      "delta_pct": 167.6,
      "reason": "improvement"
    },
    {
      "workload": "W3",
      "backend": "C",
      "baseline": 2.8,
      "actual": 10.0,
      "delta_pct": 257.1,
      "reason": "improvement"
    },
    {
      "workload": "W3",
      "backend": "D",
      "baseline": 1.1,
      "actual": 5.5,
      "delta_pct": 400.0,
      "reason": "improvement"
    },
    {
      "workload": "W4",
      "backend": "A",
      "baseline": 659.0,
      "actual": 2103.8,
      "delta_pct": 219.2,
      "reason": "improvement"
    },
    {
      "workload": "W4",
      "backend": "B",
      "baseline": 681.4,
      "actual": 2611.6,
      "delta_pct": 283.3,
      "reason": "improvement"
    },
    {
      "workload": "W4",
      "backend": "C",
      "baseline": 578.3,
      "actual": 3212.7,
      "delta_pct": 455.5,
      "reason": "improvement"
    },
    {
      "workload": "W4",
      "backend": "D",
      "baseline": 409.0,
      "actual": 3296.4,
      "delta_pct": 706.0,
      "reason": "improvement"
    },
    {
      "workload": "W5",
      "backend": "A",
      "baseline": 5.4,
      "actual": 21.2,
      "delta_pct": 292.6,
      "reason": "improvement"
    },
    {
      "workload": "W5",
      "backend": "B",
      "baseline": 7.7,
      "actual": 17.8,
      "delta_pct": 131.2,
      "reason": "improvement"
    },
    {
      "workload": "W5",
      "backend": "C",
      "baseline": 7.7,
      "actual": 27.6,
      "delta_pct": 258.4,
      "reason": "improvement"
    },
    {
      "workload": "W5",
      "backend": "D",
      "baseline": 3.2,
      "actual": 8.8,
      "delta_pct": 175.0,
      "reason": "improvement"
    }
  ],
  "all_compared": [
    {
      "workload": "W1",
      "backend": "A",
      "baseline_p99": 7.3,
      "actual_p99": 141.0,
      "delta_pct": 1831.5
    },
    {
      "workload": "W1",
      "backend": "B",
      "baseline_p99": 44.6,
      "actual_p99": 160.8,
      "delta_pct": 260.5
    },
    {
      "workload": "W1",
      "backend": "C",
      "baseline_p99": 7.8,
      "actual_p99": 116.2,
      "delta_pct": 1389.7
    },
    {
      "workload": "W1",
      "backend": "D",
      "baseline_p99": 18.6,
      "actual_p99": 77.5,
      "delta_pct": 316.7
    },
    {
      "workload": "W2",
      "backend": "A",
      "baseline_p99": 4.3,
      "actual_p99": 93.7,
      "delta_pct": 2079.1
    },
    {
      "workload": "W2",
      "backend": "B",
      "baseline_p99": 6.1,
      "actual_p99": 92.8,
      "delta_pct": 1421.3
    },
    {
      "workload": "W2",
      "backend": "C",
      "baseline_p99": 16.4,
      "actual_p99": 69.2,
      "delta_pct": 322.0
    },
    {
      "workload": "W2",
      "backend": "D",
      "baseline_p99": 7.5,
      "actual_p99": 43.6,
      "delta_pct": 481.3
    },
    {
      "workload": "W3",
      "backend": "A",
      "baseline_p99": 2.6,
      "actual_p99": 8.2,
      "delta_pct": 215.4
    },
    {
      "workload": "W3",
      "backend": "B",
      "baseline_p99": 3.7,
      "actual_p99": 9.9,
      "delta_pct": 167.6
    },
    {
      "workload": "W3",
      "backend": "C",
      "baseline_p99": 2.8,
      "actual_p99": 10.0,
      "delta_pct": 257.1
    },
    {
      "workload": "W3",
      "backend": "D",
      "baseline_p99": 1.1,
      "actual_p99": 5.5,
      "delta_pct": 400.0
    },
    {
      "workload": "W4",
      "backend": "A",
      "baseline_p99": 659.0,
      "actual_p99": 2103.8,
      "delta_pct": 219.2
    },
    {
      "workload": "W4",
      "backend": "B",
      "baseline_p99": 681.4,
      "actual_p99": 2611.6,
      "delta_pct": 283.3
    },
    {
      "workload": "W4",
      "backend": "C",
      "baseline_p99": 578.3,
      "actual_p99": 3212.7,
      "delta_pct": 455.5
    },
    {
      "workload": "W4",
      "backend": "D",
      "baseline_p99": 409.0,
      "actual_p99": 3296.4,
      "delta_pct": 706.0
    },
    {
      "workload": "W5",
      "backend": "A",
      "baseline_p99": 5.4,
      "actual_p99": 21.2,
      "delta_pct": 292.6
    },
    {
      "workload": "W5",
      "backend": "B",
      "baseline_p99": 7.7,
      "actual_p99": 17.8,
      "delta_pct": 131.2
    },
    {
      "workload": "W5",
      "backend": "C",
      "baseline_p99": 7.7,
      "actual_p99": 27.6,
      "delta_pct": 258.4
    },
    {
      "workload": "W5",
      "backend": "D",
      "baseline_p99": 3.2,
      "actual_p99": 8.8,
      "delta_pct": 175.0
    }
  ]
}

-> publish/claim P50+P99 latency vs ci/baselines/publish-claim-p99-baseline.json
  PASS claim_p50: {'actual': 31, 'baseline': 40, 'ok': True}
  PASS claim_p99: {'actual': 1311, 'limit': 20000, 'noise_cap': 20000, 'ok': True}
  PASS publish_p50: {'actual': 40, 'baseline': 48, 'ok': True}
  PASS publish_p99: {'actual': 41, 'limit': 20000, 'noise_cap': 20000, 'ok': True}

=== Perf-regression status: PASSED ===
✅ No performance regressions
