==================================================
SHARD: weft-tensor-managed
DESCRIPTION: Project weft-tensor Pillar 2: WTR1 layout, TS/Python ingestion engines, DLPack/NumPy bridge, cross-language parity, React/Flutter AI hooks/widgets, 120 FPS flight demo, alloc probes
STATUS: PASSED ✅
COMMIT: 30c5bc67527f8808c94a6fa4f4a16e9e838d47fe
RUN: 261
==================================================

[1/8] fixture determinism
OK /home/runner/work/Weft/Weft/fixtures/weft-tensor/ring-v1-f32.bin (640 B) byte-identical
OK /home/runner/work/Weft/Weft/fixtures/weft-tensor/ring-v1-u8.bin (640 B) byte-identical
[2/8] TypeScript suite
✔ zero-alloc probe [ring] — 100k steady-state ops stay flat (213.179196ms)
✔ zero-alloc probe [ingest] — 100k steady-state ops stay flat (131.987004ms)
✔ zero-alloc probe [audio] — 100k steady-state ops stay flat (124.723115ms)
✔ zero-alloc probe [render] — 100k steady-state ops stay flat (1630.559441ms)
✔ zero-alloc probe [overlay] — 100k steady-state ops stay flat (66.868617ms)
✔ negative control: a deliberately-allocating loop IS caught (88.743056ms)
✔ f32 fixture: header fields, 10 frames, dyadic payload parity (2.582714ms)
✔ u8 fixture: header fields, 6 frames, byte payload parity (1.27706ms)
✔ WebCodecs sync fast path: bytes land in ring, no intermediate (4.345994ms)
✔ WebCodecs async fast path resolves after the GPU readback lands (0.506538ms)
✔ copyTo failure is a DROP, never a throw into the frame loop (1.5443ms)
✔ legacy sync copyTo returning void still commits the full slot (0.479447ms)
✔ ImageData + raw paths (0.639207ms)
✔ ingestor dtype gate: f32 ring rejected (Law 4) (0.76388ms)
✔ AudioPcmFeeder: exact-fit chunks roll one slot per chunk (0.765623ms)
✔ AudioPcmFeeder: chunk spanning slot boundaries carries with zero gaps (0.615803ms)
✔ AudioPcmFeeder: tiny chunks accumulate then roll (worklet cadence) (0.4647ms)
✔ AudioPcmFeeder dtype gate + chunk size gate (Law 4) (0.620732ms)
✔ crc32 matches node:zlib over the static header region (4.455168ms)
✔ f16FromBits matches numpy float16 decode exactly (0.57137ms)
✔ f16ToBits matches numpy round-to-nearest-even (0.544449ms)
✔ fourcc round-trips as LE ASCII (0.675243ms)
✔ validateRingHeader accepts both golden fixtures (2.67151ms)
✔ fail-closed corruption matrix — every mutation gets a machine-readable code (1.930583ms)
✔ dtype validity table (0.35278ms)
✔ create() writes a self-validating header (round trip through attach) (3.427034ms)
✔ Canvas2DPlane: ONE ImageData reused, pixel-accurate blit per frame (8.565731ms)
✔ Canvas2DPlane dtype gate (Law 4) (0.990003ms)
✔ OverlayScratch + drawBoxes2D: bounded, reused, pixel records (1.566212ms)
✔ drawSkeleton2D honours confidence gating (0.457637ms)
✔ WebGL2Plane: zero-alloc texSubImage2D from the slot view + fullscreen tri (3.378093ms)
✔ create + typed commit + acquireLatest returns exact values, zero surprises (5.666636ms)
✔ byte commit path (Uint8Array) with short payload (bounded loop, no throw) (0.709178ms)
✔ acquireLatest(lastSeq) returns null when nothing new; acquireFrame bounds (2.664987ms)
✔ overrun: slotCount=2, 5 commits -> old seq gone, latest correct (0.725678ms)
✔ torn read: uncommitted slot is invisible, then visible after commit marker (1.000011ms)
✔ zero-copy begin/finish path matches convenience commit (0.446356ms)
✔ commit rejects wrong dtype / oversized payloads (fail-closed) (1.968855ms)
✔ create() input validation is fail-closed (0.60367ms)
✔ waitForNewFrame resolves via injected scheduler; timeout path returns null (34.561882ms)
✔ SharedArrayBuffer smoke: create(shared) + atomics publish + acquire (0.77981ms)
✔ ring stats counters are sealed and monotonic (0.316642ms)
✔ detectRuntime identifies node (this process) (1.520696ms)
✔ detectRuntime: browser / deno / bun / worker / electron fakes (0.43274ms)
✔ runtimeMatrix feature list stays sorted/deterministic (1.379452ms)
✔ assertShareable accepts SAB, rejects plain ArrayBuffer (0.832117ms)
ℹ tests 46
ℹ suites 0
ℹ pass 46
ℹ fail 0
ℹ cancelled 0
ℹ skipped 0
ℹ todo 0
ℹ duration_ms 2344.336078
[3/8] Python suite
.......s.............s................                                   [100%]
36 passed, 2 skipped in 9.63s
[4/8] TS producer -> Python consumer
{"producer":"typescript","path":"/tmp/tmp.2D8w8gUXtH/ts_ring.bin","byteLength":640,"producerSeq":10,"slotStride":128,"schemaId":"fe77000000000000"}
{"consumer": "python", "path": "/tmp/tmp.2D8w8gUXtH/ts_ring.bin", "framesValidated": [7, 8, 9, 10], "dlpackAlias": true, "ok": true}
[5/8] Python producer -> TS consumer
{"producer": "python", "path": "/tmp/tmp.2D8w8gUXtH/py_ring.bin", "byteLength": 640, "producerSeq": 10, "slotStride": 128, "schemaId": "fe77000000000001"}
{"consumer":"typescript","path":"/tmp/tmp.2D8w8gUXtH/py_ring.bin","framesValidated":[7,8,9,10],"ok":true}
[6/8] DLPack alias proof (consumed the TS-produced ring, pointer-checked)
    dlpack alias OK (slot ptr 0x55df070fef30 inside ring 0x55df070fedf0..0x55df070ff070)
[7/8] zero-allocation probes (100k ops each, post-warmup, --expose-gc)
    {"mode":"ring","iters":100000,"heapBefore":4419432,"heapAfter":4416328,"deltaBytes":-3104}
    {"mode":"ingest","iters":100000,"heapBefore":4410952,"heapAfter":4425696,"deltaBytes":14744}
    {"mode":"audio","iters":100000,"heapBefore":4407632,"heapAfter":4420568,"deltaBytes":12936}
    {"mode":"render","iters":100000,"heapBefore":4418992,"heapAfter":4420592,"deltaBytes":1600}
    {"mode":"overlay","iters":100000,"heapBefore":4298968,"heapAfter":4299680,"deltaBytes":712}
[8/8] latency gates (directive: commit < 50us)
    {"bench":"weft-tensor commit/acquire","node":"v24.21.0","video":{"geometry":"320x180 RGBA","slotCapBytes":230400,"commit":{"n":50000,"p50_us":0.19,"p99_us":1.072,"max_us":215.423},"acquire":{"n":50000,"p50_us":0.12,"p99_us":0.531,"max_us":70.402},"commit_under_50us":true},"audio":{"geometry":"2ch x 128 f32 (interleaved quanta 256)","slotCapBytes":1024,"commit":{"n":50000,"p50_us":0.481,"p99_us":0.961,"max_us":221.715},"acquire":{"n":50000,"p50_us":0.121,"p99_us":1.412,"max_us":146.524},"commit_under_50us":true}}
weft-tensor managed shard: ALL 8 STAGES GREEN
