cd core/rust && cargo build --release
[1m[33mwarning[0m[1m: unused imports: `Duration` and `Instant`[0m
 [1m[94m--> [0msrc/bin/probe.rs:3:17
  [1m[94m|[0m
[1m[94m3[0m [1m[94m|[0m use std::time::{Duration, Instant};
  [1m[94m|[0m                 [1m[33m^^^^^^^^[0m  [1m[33m^^^^^^^[0m
  [1m[94m|[0m
  [1m[94m= [0m[1mnote[0m: `#[warn(unused_imports)]` (part of `#[warn(unused)]`) on by default

[1m[33mwarning[0m[1m: unused import: `PubResult`[0m
 [1m[94m--> [0msrc/bin/probe.rs:4:22
  [1m[94m|[0m
[1m[94m4[0m [1m[94m|[0m use weft_core::{pat, PubResult, Weft, WeftDebugView};
  [1m[94m|[0m                      [1m[33m^^^^^^^^^[0m

[1m[33mwarning[0m: `weft-core` (bin "probe") generated 2 warnings (run `cargo fix --bin "probe" -p weft-core` to apply 2 suggestions)
[1m[33mwarning[0m[1m: unused import: `PubResult`[0m
 [1m[94m--> [0msrc/bin/bench.rs:8:22
  [1m[94m|[0m
[1m[94m8[0m [1m[94m|[0m use weft_core::{pat, PubResult, Weft};
  [1m[94m|[0m                      [1m[33m^^^^^^^^^[0m
  [1m[94m|[0m
  [1m[94m= [0m[1mnote[0m: `#[warn(unused_imports)]` (part of `#[warn(unused)]`) on by default

[1m[33mwarning[0m[1m: unnecessary `unsafe` block[0m
  [1m[94m--> [0msrc/bin/bench.rs:78:9
   [1m[94m|[0m
[1m[94m78[0m [1m[94m|[0m         unsafe { fill_payload(&w, seq, payload_max as u32); }
   [1m[94m|[0m         [1m[33m^^^^^^[0m [1m[33munnecessary `unsafe` block[0m
   [1m[94m|[0m
   [1m[94m= [0m[1mnote[0m: `#[warn(unused_unsafe)]` (part of `#[warn(unused)]`) on by default

[1m[33mwarning[0m[1m: unnecessary `unsafe` block[0m
   [1m[94m--> [0msrc/bin/bench.rs:223:13
    [1m[94m|[0m
[1m[94m223[0m [1m[94m|[0m             unsafe { fill_payload(&w2, seq, payload_max as u32); }
    [1m[94m|[0m             [1m[33m^^^^^^[0m [1m[33munnecessary `unsafe` block[0m

[1m[33mwarning[0m[1m: unnecessary `unsafe` block[0m
   [1m[94m--> [0msrc/bin/bench.rs:287:13
    [1m[94m|[0m
[1m[94m287[0m [1m[94m|[0m             unsafe { fill_payload(&w2, seq, payload_max as u32); }
    [1m[94m|[0m             [1m[33m^^^^^^[0m [1m[33munnecessary `unsafe` block[0m

[1m[33mwarning[0m[1m: function `now_ns` is never used[0m
  [1m[94m--> [0msrc/bin/bench.rs:10:4
   [1m[94m|[0m
[1m[94m10[0m [1m[94m|[0m fn now_ns() -> u64 {
   [1m[94m|[0m    [1m[33m^^^^^^[0m
   [1m[94m|[0m
   [1m[94m= [0m[1mnote[0m: `#[warn(dead_code)]` (part of `#[warn(unused)]`) on by default

[1m[33mwarning[0m[1m: function `now_ns_abs` is never used[0m
  [1m[94m--> [0msrc/bin/bench.rs:14:4
   [1m[94m|[0m
[1m[94m14[0m [1m[94m|[0m fn now_ns_abs() -> u64 {
   [1m[94m|[0m    [1m[33m^^^^^^^^^^[0m

[1m[33mwarning[0m: `weft-core` (bin "bench") generated 6 warnings (run `cargo fix --bin "bench" -p weft-core` to apply 1 suggestion)
[1m[92m    Finished[0m `release` profile [optimized] target(s) in 0.01s

=== Iteration 1/5 (rust) ===
# Loaded catalog: weft-litmus v2
  running rust L1-tear...
    -> exit=0 elapsed=7.6s pass=True
  running rust L2-writer-steps...
    -> exit=0 elapsed=5.0s pass=True
  running rust L3-reader-steps...
    -> exit=0 elapsed=0.0s pass=True
  running rust L4-freshness...
    -> exit=0 elapsed=2.1s pass=True
  running rust L5-progress...
    -> exit=0 elapsed=5.0s pass=True
  running rust L6-ownership...
    -> exit=0 elapsed=4.0s pass=True
  running rust L7-revocation...
    -> exit=0 elapsed=0.0s pass=True
  running rust L8-envelope...
    -> exit=0 elapsed=0.0s pass=True
Wrote /home/runner/work/Weft/Weft/litmus/REPORT.md
Wrote /home/runner/work/Weft/Weft/litmus/results.json

=== Iteration 2/5 (rust) ===
# Loaded catalog: weft-litmus v2
  running rust L1-tear...
    -> exit=0 elapsed=7.6s pass=True
  running rust L2-writer-steps...
    -> exit=0 elapsed=5.0s pass=True
  running rust L3-reader-steps...
    -> exit=0 elapsed=0.0s pass=True
  running rust L4-freshness...
    -> exit=0 elapsed=2.1s pass=True
  running rust L5-progress...
    -> exit=0 elapsed=5.0s pass=True
  running rust L6-ownership...
    -> exit=0 elapsed=4.0s pass=True
  running rust L7-revocation...
    -> exit=0 elapsed=0.0s pass=True
  running rust L8-envelope...
    -> exit=0 elapsed=0.0s pass=True
Wrote /home/runner/work/Weft/Weft/litmus/REPORT.md
Wrote /home/runner/work/Weft/Weft/litmus/results.json

=== Iteration 3/5 (rust) ===
# Loaded catalog: weft-litmus v2
  running rust L1-tear...
    -> exit=0 elapsed=7.6s pass=True
  running rust L2-writer-steps...
    -> exit=0 elapsed=5.0s pass=True
  running rust L3-reader-steps...
    -> exit=0 elapsed=0.0s pass=True
  running rust L4-freshness...
    -> exit=0 elapsed=2.1s pass=True
  running rust L5-progress...
    -> exit=0 elapsed=5.0s pass=True
  running rust L6-ownership...
    -> exit=0 elapsed=4.0s pass=True
  running rust L7-revocation...
    -> exit=0 elapsed=0.0s pass=True
  running rust L8-envelope...
    -> exit=0 elapsed=0.0s pass=True
Wrote /home/runner/work/Weft/Weft/litmus/REPORT.md
Wrote /home/runner/work/Weft/Weft/litmus/results.json

=== Iteration 4/5 (rust) ===
# Loaded catalog: weft-litmus v2
  running rust L1-tear...
    -> exit=0 elapsed=7.6s pass=True
  running rust L2-writer-steps...
    -> exit=0 elapsed=5.0s pass=True
  running rust L3-reader-steps...
    -> exit=0 elapsed=0.0s pass=True
  running rust L4-freshness...
    -> exit=0 elapsed=2.1s pass=True
  running rust L5-progress...
    -> exit=0 elapsed=5.0s pass=True
  running rust L6-ownership...
    -> exit=0 elapsed=4.0s pass=True
  running rust L7-revocation...
    -> exit=0 elapsed=0.0s pass=True
  running rust L8-envelope...
    -> exit=0 elapsed=0.0s pass=True
Wrote /home/runner/work/Weft/Weft/litmus/REPORT.md
Wrote /home/runner/work/Weft/Weft/litmus/results.json

=== Iteration 5/5 (rust) ===
# Loaded catalog: weft-litmus v2
  running rust L1-tear...
    -> exit=0 elapsed=7.6s pass=True
  running rust L2-writer-steps...
    -> exit=0 elapsed=5.0s pass=True
  running rust L3-reader-steps...
    -> exit=0 elapsed=0.0s pass=True
  running rust L4-freshness...
    -> exit=0 elapsed=2.1s pass=True
  running rust L5-progress...
    -> exit=0 elapsed=5.0s pass=True
  running rust L6-ownership...
    -> exit=0 elapsed=4.0s pass=True
  running rust L7-revocation...
    -> exit=0 elapsed=0.0s pass=True
  running rust L8-envelope...
    -> exit=0 elapsed=0.0s pass=True
Wrote /home/runner/work/Weft/Weft/litmus/REPORT.md
Wrote /home/runner/work/Weft/Weft/litmus/results.json
{
  "shard": "litmus-stability-rust",
  "iterations": 5,
  "runs": [
    {
      "iteration": 1,
      "status": "PASSED"
    },
    {
      "iteration": 2,
      "status": "PASSED"
    },
    {
      "iteration": 3,
      "status": "PASSED"
    },
    {
      "iteration": 4,
      "status": "PASSED"
    },
    {
      "iteration": 5,
      "status": "PASSED"
    }
  ],
  "pass_count": 5,
  "fail_count": 0,
  "status": "PASSED",
  "pass_rate": 100.0
}

=== Stability summary (rust): 5/5 PASS, 0/5 FAIL ===
✅ Stability threshold met (>=80%)
