==================================================
SHARD: simd-blend
DESCRIPTION: Q12 raster blend: C golden gates + xlang-blend cross-language digests + bench
STATUS: PASSED ✅
COMMIT: 90e9ae0b04babc29be4182ea5cf2ed75dbf49605
RUN: 204
==================================================

== simd-blend shard: env x86_64/Linux ==
-- C kernel gates --
== blend_test: impl=avx2 (2) ==
B1 boundaries: OK
B2 parity sweep: OK (154 path-checks, all == scalar)
B3 alpha sweep 0..4096 (dispatched): OK
B4 in-place aliasing: OK
blend_test: ALL GATES GREEN
blend-test: ALL GATES GREEN
-- xlang-blend golden gate --
== xlang-blend golden parity: env x86_64/Linux ==
-- C kernel (golden source) --
   blend-test gates GREEN
   golden-vectors.csv matches the kernel
-- TS verifier (reference port) --
xlang-blend TS verifier: 63/63 golden digests match
-- Kotlin verifier --
xlang-blend Kotlin verifier: 63/63 golden digests match
-- Dart verifier: DECLARED skip (no dart; flutter-packages leg owns it) --
-- Swift port: DECLARED skip (no swiftc; apple-packages compiles + golden-gates it) --

xlang-blend: ran=3 declared_skips=2
✅ xlang-blend parity: every executed port byte-identical to the C kernel
xlang-blend parity GREEN
-- blend_runner benchmark --
== blend_runner: dispatch=avx2 ==
256x256-hot (65536 words): scalar   216159 ns/frame (  3.6 GB/s) | avx2    26812 ns/frame ( 29.3 GB/s) | speedup 8.06x
1080p (2073600 words): scalar  6893843 ns/frame (  3.6 GB/s) | avx2   921633 ns/frame ( 27.0 GB/s) | speedup 7.48x
4K (8294400 words): scalar 27694775 ns/frame (  3.6 GB/s) | avx2  5206211 ns/frame ( 19.1 GB/s) | speedup 5.32x
8K (33177600 words): scalar 111216135 ns/frame (  3.6 GB/s) | avx2 30376281 ns/frame ( 13.1 GB/s) | speedup 3.66x
✅ simd-blend shard GREEN
