
======================================================================
  WEFT STUDIO MANAGED SUITE — Pillar 7 (branch feat/studio-managed, 2e9c2fe)
======================================================================
started: 2026-09-22T05:10:57Z

======================================================================
  STAGE 1 — integrity + embed parity + boundary law
======================================================================
  PASS  artifact packages/studio/src/engine/types.ts
  PASS  artifact packages/studio/src/engine/schema.ts
  PASS  artifact packages/studio/src/engine/layout.ts
  PASS  artifact packages/studio/src/engine/codegen.ts
  PASS  artifact packages/studio/src/engine/ring.ts
  PASS  artifact packages/studio/src/engine/ingest.ts
  PASS  artifact packages/studio/src/engine/sim.ts
  PASS  artifact packages/studio/src/engine/scheduler.ts
  PASS  artifact packages/studio/src/engine/flightrec.ts
  PASS  artifact packages/studio/src/engine/react-adapter.ts
  PASS  artifact packages/studio/src/engine/studio-engine.ts
  PASS  artifact packages/studio/src/ui/studio.tsx
  PASS  artifact packages/studio/src/ui/panels/SchemaDesignerPanel.tsx
  PASS  artifact packages/studio/src/ui/panels/CacheMapperPanel.tsx
  PASS  artifact packages/studio/src/ui/panels/RingMonitorPanel.tsx
  PASS  artifact packages/studio/src/ui/panels/TimeTravelPanel.tsx
  PASS  artifact packages/studio/src/ui/panels/TelemetryPanel.tsx
  PASS  artifact packages/studio/src/ui/panels/RenderSpyPanel.tsx
  PASS  artifact packages/studio/src/ui/panels/StatusBar.tsx
  PASS  artifact packages/studio/src/ui/panels/ProjectTreePanel.tsx
  PASS  artifact packages/studio/src/ui/panels/DeliverablesPanel.tsx
  PASS  artifact packages/studio/package.json
  PASS  artifact fixtures/studio/golden/canonical.weft
  PASS  artifact fixtures/studio/golden/manifest.json
  PASS  artifact docs/studio/STUDIO-SEAMS-V1.md
  PASS  artifact tools/studio/tests/run_studio_managed_suite.sh
  PASS  artifact tools/studio/sync_webapp.py
  PASS  artifact examples/studio/run_demo.ts
  PASS  package.json name
  PASS  zero runtime dependencies
  PASS  peer dep react only
  PASS  branch touches only managed territory (40 files) — core/c untouched
  PASS  webapp embed parity — EMBED PARITY OK — 26 files byte-identical to packages/studio/src
STAGE 1: PASS
[stage 1] PASS (0s)

======================================================================
  STAGE 2 — 1,000,000-message heap probe (node --expose-gc)
======================================================================
{
  "messages": 1000000,
  "hot_growth_kib": -16.891,
  "control_growth_mib": 48.08,
  "gate_hot_kib": 64,
  "gate_control_mib_min": 4,
  "ok": true
}
[stage 2] PASS

======================================================================
  STAGE 3 — zero-re-render proof (10,000-frame burst)
======================================================================
  PASS  root mounted and engine attached — root renders = 3 (mount lifecycle: shell → mounted → engine)
  PASS  canvas refs bound to fake surfaces — bound = 3
  PASS  engine attached through mount lifecycle — rate=1000000
  PASS  all 10000 frames executed — ran = 10000
  PASS  hot components invoked exactly once — counts stable at [1,0,0,0,1,1,1]
  PASS  zero setState mutations during burst — mutations = 0
  PASS  hot plane painted — ctx calls = 140000
  PASS  flight log recorded the burst — 80000 records
  PASS  burst completed in reasonable wall time — 858 ms
  PASS  unmount detaches all drawers — 3 → 0
STAGE 3: PASS
[stage 3] PASS (1s)

======================================================================
  STAGE 4 — 240 FPS render loop gate (4,800 frames)
======================================================================
  PASS  4800 consecutive frames executed — ran = 4800
  PASS  0 dropped/skipped frames (all attempts) — skipped = [0,0,0]
  PASS  0 timing stalls (work > budget) — stalls = 0 (budget 4166666 ns)
  PASS  p99 frame work inside budget — p99 = 0.222 ms of 4.167 ms
  PASS  max frame work inside budget — max = 0.558 ms
  PASS  stream ingested across the run — published = 61010471
  PASS  zero torn reads under the governor — torn = 0
  PASS  run completed well under real-time — 973 ms wall for 4800 frames
STAGE 4: PASS
[stage 4] PASS (3s)

======================================================================
  STAGE 5 — time-travel determinism + stream integrity
======================================================================
  PASS  50000 records captured — 50000
  PASS  scrub determinism across two passes (1,000 indices) — 0 mismatches
  PASS  state is non-trivial (distinct hashes) — 991 distinct states over 1,000 indices
  PASS  checkpoint jump equals full replay
  PASS  serialize fills the stream buffer — 2000032 vs 2000032
  PASS  parse succeeds — 50000
  PASS  serialize(parse(serialize)) byte-identical
  PASS  crash bundle serialized — 2000064 bytes
  PASS  bundle trailer CRC verifies
  PASS  corrupted stream rejected (fail-closed) — E_EXPORT: header crc mismatch
STAGE 5: PASS
[stage 5] PASS (0s)

======================================================================
  STAGE 6 — codegen parity + layout truth
======================================================================
  PASS  canonical schema parses clean
  PASS  layout pass clean
  PASS  schema hash stable — 06bfa14666db8191 vs 06bfa14666db8191
  PASS  layout facts match manifest (sizes/aligns/offsets/writers) — 2 structs verified
  PASS  false-sharing hazards match manifest — 64B: 1 (manifest 1) · 128B: 1 (manifest 1)
  PASS  canonical schema exhibits the teaching hazard
  PASS  golden c — a7d648f8e5c5 vs a7d648f8e5c5
  PASS  golden c deterministic
  PASS  golden cpp — fb1ee9dd6703 vs fb1ee9dd6703
  PASS  golden cpp deterministic
  PASS  golden rust — 0aff3f98ef80 vs 0aff3f98ef80
  PASS  golden rust deterministic
  PASS  golden typescript — 758af63f5583 vs 758af63f5583
  PASS  golden typescript deterministic
  PASS  golden python — b37a00c31283 vs b37a00c31283
  PASS  golden python deterministic
  PASS  golden dart — 057e33368d69 vs 057e33368d69
  PASS  golden dart deterministic
  PASS  golden swift — 9a645c0ff645 vs 9a645c0ff645
  PASS  golden swift deterministic
  PASS  codegen latency < 1 ms per target — max 0.496 ms
STAGE 6: PASS
[stage 6] PASS (0s)

======================================================================
  STAGE 7 — UI discipline audit + bundle budgets
======================================================================
  PASS  hot draw functions audited (13 found) — 13
  PASS  no per-frame allocation patterns in hot draws — clean
  PASS  no setState in hot draws — clean
  PASS  ui/panels/RingMonitorPanel.tsx structure
  PASS  ui/panels/TelemetryPanel.tsx structure
  PASS  ui/panels/RenderSpyPanel.tsx structure
  PASS  ui/panels/StatusBar.tsx structure
  PASS  ui/panels/TimeTravelPanel.tsx structure
  PASS  ui/panels/CacheMapperPanel.tsx structure
  PASS  ui/hooks.ts structure
  PASS  engine+UI payload < 160 KiB gzipped (instant zero-install budget) — 56 KiB gz / 162 KiB raw across 26 files
  PASS  payload < 500 KiB raw (15 MB desktop bundle share) — 162 KiB
  PASS  Tauri launcher bundle budget < 15 MB — 14.2 MB declared
  PASS  Tauri cold start budget < 200 ms — 180 ms declared
STAGE 7: PASS
[stage 7] PASS (0s)

======================================================================
  VERDICT
======================================================================
ALL 7 STAGES GREEN — weftc-pillar7-managed is releasable.
finished: 2026-09-22T05:11:02Z
