==================================================
SHARD: perf-regression
DESCRIPTION: W-suite P99 vs pinned baseline; >15% drop = FAIL
STATUS: PASSED ✅
COMMIT: d47d3372554c366e115d90f2719f42eed9e77f34
RUN: 256
==================================================

→ W1/A ... P99=136.6 alloc/frame=0.0 [PASS]
→ W1/B ... P99=110.0 alloc/frame=0.0 [PASS]
→ W1/C .../home/runner/work/Weft/Weft/core/c/weft.c:15: warning: "_GNU_SOURCE" redefined
   15 | #define _GNU_SOURCE  // for posix_memalign
      | 
<command-line>: note: this is the location of the previous definition
→ compiling Weft C kernel to /home/runner/work/Weft/Weft/core/c/libweft.so
 P99=142.7 alloc/frame=0.0 [PASS]
→ W1/D ... P99=104.5 alloc/frame=0.0 [PASS]
→ W2/A ... P99=81.6 alloc/frame=0.0 [PASS]
→ W2/B ... P99=78.3 alloc/frame=0.0 [PASS]
→ W2/C ... P99=130.5 alloc/frame=0.0 [PASS]
→ W2/D ... P99=43.6 alloc/frame=0.0 [PASS]
→ W3/A ... P99=8.8 alloc/frame=0.0 [PASS]
→ W3/B ... P99=13.0 alloc/frame=0.0 [PASS]
→ W3/C ... P99=9.8 alloc/frame=0.0 [PASS]
→ W3/D ... P99=7.7 alloc/frame=0.0 [PASS]
→ W4/A ... P99=3313.9 alloc/frame=0.0 [PASS]
→ W4/B ... P99=2514.1 alloc/frame=0.0 [PASS]
→ W4/C ... P99=2429.3 alloc/frame=0.0 [PASS]
→ W4/D ... P99=3322.0 alloc/frame=0.0 [PASS]
→ W5/A ... P99=17.5 alloc/frame=0.0 [PASS]
→ W5/B ... P99=22.8 alloc/frame=0.0 [PASS]
→ W5/C ... P99=27.4 alloc/frame=0.0 [PASS]
→ W5/D ... P99=14.7 alloc/frame=0.0 [PASS]

✓ W-suite bundle: /home/runner/work/Weft/Weft/bench/results/wsuite-x86_64-sandbox.json
  cells: 20 (target: 20 = 5 workloads × 4 backends)
  pass: 20/20
. P99=110.0 alloc/frame=0.0 [PASS]
→ W1/C .../home/runner/work/Weft/Weft/core/c/weft.c:15: warning: "_GNU_SOURCE" redefined
   15 | #define _GNU_SOURCE  // for posix_memalign
      | 
<command-line>: note: this is the location of the previous definition
→ compiling Weft C kernel to /home/runner/work/Weft/Weft/core/c/libweft.so
 P99=142.7 alloc/frame=0.0 [PASS]
→ W1/D ... P99=104.5 alloc/frame=0.0 [PASS]
→ W2/A ... P99=81.6 alloc/frame=0.0 [PASS]
→ W2/B ... P99=78.3 alloc/frame=0.0 [PASS]
→ W2/C ... P99=130.5 alloc/frame=0.0 [PASS]
→ W2/D ... P99=43.6 alloc/frame=0.0 [PASS]
→ W3/A ... P99=8.8 alloc/frame=0.0 [PASS]
→ W3/B ... P99=13.0 alloc/frame=0.0 [PASS]
→ W3/C ... P99=9.8 alloc/frame=0.0 [PASS]
→ W3/D ... P99=7.7 alloc/frame=0.0 [PASS]
→ W4/A ... P99=3313.9 alloc/frame=0.0 [PASS]
→ W4/B ... P99=2514.1 alloc/frame=0.0 [PASS]
→ W4/C ... P99=2429.3 alloc/frame=0.0 [PASS]
→ W4/D ... P99=3322.0 alloc/frame=0.0 [PASS]
→ W5/A ... P99=17.5 alloc/frame=0.0 [PASS]
→ W5/B ... P99=22.8 alloc/frame=0.0 [PASS]
→ W5/C ... P99=27.4 alloc/frame=0.0 [PASS]
→ W5/D ... P99=14.7 alloc/frame=0.0 [PASS]

✓ W-suite bundle: /home/runner/work/Weft/Weft/bench/results/wsuite-x86_64-sandbox.json
  cells: 20 (target: 20 = 5 workloads × 4 backends)
  pass: 20/20
{
  "shard": "perf-regression",
  "status": "PASSED",
  "threshold_pct": 5,
  "regression_count": 0,
  "improvement_count": 20,
  "cells_compared": 20,
  "regressions": [],
  "improvements": [
    {
      "workload": "W1",
      "backend": "A",
      "baseline": 7.3,
      "actual": 136.6,
      "delta_pct": 1771.2,
      "reason": "improvement"
    },
    {
      "workload": "W1",
      "backend": "B",
      "baseline": 44.6,
      "actual": 110.0,
      "delta_pct": 146.6,
      "reason": "improvement"
    },
    {
      "workload": "W1",
      "backend": "C",
      "baseline": 7.8,
      "actual": 142.7,
      "delta_pct": 1729.5,
      "reason": "improvement"
    },
    {
      "workload": "W1",
      "backend": "D",
      "baseline": 18.6,
      "actual": 104.5,
      "delta_pct": 461.8,
      "reason": "improvement"
    },
    {
      "workload": "W2",
      "backend": "A",
      "baseline": 4.3,
      "actual": 81.6,
      "delta_pct": 1797.7,
      "reason": "improvement"
    },
    {
      "workload": "W2",
      "backend": "B",
      "baseline": 6.1,
      "actual": 78.3,
      "delta_pct": 1183.6,
      "reason": "improvement"
    },
    {
      "workload": "W2",
      "backend": "C",
      "baseline": 16.4,
      "actual": 130.5,
      "delta_pct": 695.7,
      "reason": "improvement"
    },
    {
      "workload": "W2",
      "backend": "D",
      "baseline": 7.5,
      "actual": 43.6,
      "delta_pct": 481.3,
      "reason": "improvement"
    },
    {
      "workload": "W3",
      "backend": "A",
      "baseline": 2.6,
      "actual": 8.8,
      "delta_pct": 238.5,
      "reason": "improvement"
    },
    {
      "workload": "W3",
      "backend": "B",
      "baseline": 3.7,
      "actual": 13.0,
      "delta_pct": 251.4,
      "reason": "improvement"
    },
    {
      "workload": "W3",
      "backend": "C",
      "baseline": 2.8,
      "actual": 9.8,
      "delta_pct": 250.0,
      "reason": "improvement"
    },
    {
      "workload": "W3",
      "backend": "D",
      "baseline": 1.1,
      "actual": 7.7,
      "delta_pct": 600.0,
      "reason": "improvement"
    },
    {
      "workload": "W4",
      "backend": "A",
      "baseline": 659.0,
      "actual": 3313.9,
      "delta_pct": 402.9,
      "reason": "improvement"
    },
    {
      "workload": "W4",
      "backend": "B",
      "baseline": 681.4,
      "actual": 2514.1,
      "delta_pct": 269.0,
      "reason": "improvement"
    },
    {
      "workload": "W4",
      "backend": "C",
      "baseline": 578.3,
      "actual": 2429.3,
      "delta_pct": 320.1,
      "reason": "improvement"
    },
    {
      "workload": "W4",
      "backend": "D",
      "baseline": 409.0,
      "actual": 3322.0,
      "delta_pct": 712.2,
      "reason": "improvement"
    },
    {
      "workload": "W5",
      "backend": "A",
      "baseline": 5.4,
      "actual": 17.5,
      "delta_pct": 224.1,
      "reason": "improvement"
    },
    {
      "workload": "W5",
      "backend": "B",
      "baseline": 7.7,
      "actual": 22.8,
      "delta_pct": 196.1,
      "reason": "improvement"
    },
    {
      "workload": "W5",
      "backend": "C",
      "baseline": 7.7,
      "actual": 27.4,
      "delta_pct": 255.8,
      "reason": "improvement"
    },
    {
      "workload": "W5",
      "backend": "D",
      "baseline": 3.2,
      "actual": 14.7,
      "delta_pct": 359.4,
      "reason": "improvement"
    }
  ],
  "all_compared": [
    {
      "workload": "W1",
      "backend": "A",
      "baseline_p99": 7.3,
      "actual_p99": 136.6,
      "delta_pct": 1771.2
    },
    {
      "workload": "W1",
      "backend": "B",
      "baseline_p99": 44.6,
      "actual_p99": 110.0,
      "delta_pct": 146.6
    },
    {
      "workload": "W1",
      "backend": "C",
      "baseline_p99": 7.8,
      "actual_p99": 142.7,
      "delta_pct": 1729.5
    },
    {
      "workload": "W1",
      "backend": "D",
      "baseline_p99": 18.6,
      "actual_p99": 104.5,
      "delta_pct": 461.8
    },
    {
      "workload": "W2",
      "backend": "A",
      "baseline_p99": 4.3,
      "actual_p99": 81.6,
      "delta_pct": 1797.7
    },
    {
      "workload": "W2",
      "backend": "B",
      "baseline_p99": 6.1,
      "actual_p99": 78.3,
      "delta_pct": 1183.6
    },
    {
      "workload": "W2",
      "backend": "C",
      "baseline_p99": 16.4,
      "actual_p99": 130.5,
      "delta_pct": 695.7
    },
    {
      "workload": "W2",
      "backend": "D",
      "baseline_p99": 7.5,
      "actual_p99": 43.6,
      "delta_pct": 481.3
    },
    {
      "workload": "W3",
      "backend": "A",
      "baseline_p99": 2.6,
      "actual_p99": 8.8,
      "delta_pct": 238.5
    },
    {
      "workload": "W3",
      "backend": "B",
      "baseline_p99": 3.7,
      "actual_p99": 13.0,
      "delta_pct": 251.4
    },
    {
      "workload": "W3",
      "backend": "C",
      "baseline_p99": 2.8,
      "actual_p99": 9.8,
      "delta_pct": 250.0
    },
    {
      "workload": "W3",
      "backend": "D",
      "baseline_p99": 1.1,
      "actual_p99": 7.7,
      "delta_pct": 600.0
    },
    {
      "workload": "W4",
      "backend": "A",
      "baseline_p99": 659.0,
      "actual_p99": 3313.9,
      "delta_pct": 402.9
    },
    {
      "workload": "W4",
      "backend": "B",
      "baseline_p99": 681.4,
      "actual_p99": 2514.1,
      "delta_pct": 269.0
    },
    {
      "workload": "W4",
      "backend": "C",
      "baseline_p99": 578.3,
      "actual_p99": 2429.3,
      "delta_pct": 320.1
    },
    {
      "workload": "W4",
      "backend": "D",
      "baseline_p99": 409.0,
      "actual_p99": 3322.0,
      "delta_pct": 712.2
    },
    {
      "workload": "W5",
      "backend": "A",
      "baseline_p99": 5.4,
      "actual_p99": 17.5,
      "delta_pct": 224.1
    },
    {
      "workload": "W5",
      "backend": "B",
      "baseline_p99": 7.7,
      "actual_p99": 22.8,
      "delta_pct": 196.1
    },
    {
      "workload": "W5",
      "backend": "C",
      "baseline_p99": 7.7,
      "actual_p99": 27.4,
      "delta_pct": 255.8
    },
    {
      "workload": "W5",
      "backend": "D",
      "baseline_p99": 3.2,
      "actual_p99": 14.7,
      "delta_pct": 359.4
    }
  ]
}

-> publish/claim P50+P99 latency vs ci/baselines/publish-claim-p99-baseline.json
  PASS claim_p50: {'actual': 30, 'baseline': 40, 'ok': True}
  PASS claim_p99: {'actual': 41, 'limit': 20000, 'noise_cap': 20000, 'ok': True}
  PASS publish_p50: {'actual': 40, 'baseline': 48, 'ok': True}
  PASS publish_p99: {'actual': 41, 'limit': 20000, 'noise_cap': 20000, 'ok': True}

=== Perf-regression status: PASSED ===
✅ No performance regressions
