==================================================
SHARD: weft-tensor-managed
DESCRIPTION: Project weft-tensor Pillar 2: WTR1 layout, TS/Python ingestion engines, DLPack/NumPy bridge, cross-language parity, React/Flutter AI hooks/widgets, 120 FPS flight demo, alloc probes
STATUS: PASSED ✅
COMMIT: d47d3372554c366e115d90f2719f42eed9e77f34
RUN: 256
==================================================

[1/8] fixture determinism
OK /home/runner/work/Weft/Weft/fixtures/weft-tensor/ring-v1-f32.bin (640 B) byte-identical
OK /home/runner/work/Weft/Weft/fixtures/weft-tensor/ring-v1-u8.bin (640 B) byte-identical
[2/8] TypeScript suite
✔ zero-alloc probe [ring] — 100k steady-state ops stay flat (225.353986ms)
✔ zero-alloc probe [ingest] — 100k steady-state ops stay flat (126.939307ms)
✔ zero-alloc probe [audio] — 100k steady-state ops stay flat (118.753424ms)
✔ zero-alloc probe [render] — 100k steady-state ops stay flat (1546.615245ms)
✔ zero-alloc probe [overlay] — 100k steady-state ops stay flat (68.959973ms)
✔ negative control: a deliberately-allocating loop IS caught (83.776455ms)
✔ f32 fixture: header fields, 10 frames, dyadic payload parity (6.625402ms)
✔ u8 fixture: header fields, 6 frames, byte payload parity (1.551245ms)
✔ WebCodecs sync fast path: bytes land in ring, no intermediate (4.461826ms)
✔ WebCodecs async fast path resolves after the GPU readback lands (0.334452ms)
✔ copyTo failure is a DROP, never a throw into the frame loop (0.284489ms)
✔ legacy sync copyTo returning void still commits the full slot (1.70988ms)
✔ ImageData + raw paths (0.813292ms)
✔ ingestor dtype gate: f32 ring rejected (Law 4) (0.673372ms)
✔ AudioPcmFeeder: exact-fit chunks roll one slot per chunk (0.750035ms)
✔ AudioPcmFeeder: chunk spanning slot boundaries carries with zero gaps (0.790961ms)
✔ AudioPcmFeeder: tiny chunks accumulate then roll (worklet cadence) (1.442153ms)
✔ AudioPcmFeeder dtype gate + chunk size gate (Law 4) (0.716703ms)
✔ crc32 matches node:zlib over the static header region (4.961197ms)
✔ f16FromBits matches numpy float16 decode exactly (0.562206ms)
✔ f16ToBits matches numpy round-to-nearest-even (0.624591ms)
✔ fourcc round-trips as LE ASCII (0.323512ms)
✔ validateRingHeader accepts both golden fixtures (1.947001ms)
✔ fail-closed corruption matrix — every mutation gets a machine-readable code (3.696644ms)
✔ dtype validity table (0.223195ms)
✔ create() writes a self-validating header (round trip through attach) (1.256367ms)
✔ Canvas2DPlane: ONE ImageData reused, pixel-accurate blit per frame (4.977668ms)
✔ Canvas2DPlane dtype gate (Law 4) (0.938396ms)
✔ OverlayScratch + drawBoxes2D: bounded, reused, pixel records (1.612269ms)
✔ drawSkeleton2D honours confidence gating (0.479832ms)
✔ WebGL2Plane: zero-alloc texSubImage2D from the slot view + fullscreen tri (3.09765ms)
✔ create + typed commit + acquireLatest returns exact values, zero surprises (6.231669ms)
✔ byte commit path (Uint8Array) with short payload (bounded loop, no throw) (0.548751ms)
✔ acquireLatest(lastSeq) returns null when nothing new; acquireFrame bounds (2.408149ms)
✔ overrun: slotCount=2, 5 commits -> old seq gone, latest correct (0.743433ms)
✔ torn read: uncommitted slot is invisible, then visible after commit marker (0.527772ms)
✔ zero-copy begin/finish path matches convenience commit (0.435099ms)
✔ commit rejects wrong dtype / oversized payloads (fail-closed) (1.882561ms)
✔ create() input validation is fail-closed (0.565461ms)
✔ waitForNewFrame resolves via injected scheduler; timeout path returns null (36.254507ms)
✔ SharedArrayBuffer smoke: create(shared) + atomics publish + acquire (0.587603ms)
✔ ring stats counters are sealed and monotonic (0.260465ms)
✔ detectRuntime identifies node (this process) (1.421614ms)
✔ detectRuntime: browser / deno / bun / worker / electron fakes (0.381249ms)
✔ runtimeMatrix feature list stays sorted/deterministic (1.186847ms)
✔ assertShareable accepts SAB, rejects plain ArrayBuffer (0.755165ms)
ℹ tests 46
ℹ suites 0
ℹ pass 46
ℹ fail 0
ℹ cancelled 0
ℹ skipped 0
ℹ todo 0
ℹ duration_ms 2250.562689
[3/8] Python suite
.......s.............s................                                   [100%]
36 passed, 2 skipped in 9.26s
[4/8] TS producer -> Python consumer
{"producer":"typescript","path":"/tmp/tmp.m7HMZHrNZ8/ts_ring.bin","byteLength":640,"producerSeq":10,"slotStride":128,"schemaId":"fe77000000000000"}
{"consumer": "python", "path": "/tmp/tmp.m7HMZHrNZ8/ts_ring.bin", "framesValidated": [7, 8, 9, 10], "dlpackAlias": true, "ok": true}
[5/8] Python producer -> TS consumer
{"producer": "python", "path": "/tmp/tmp.m7HMZHrNZ8/py_ring.bin", "byteLength": 640, "producerSeq": 10, "slotStride": 128, "schemaId": "fe77000000000001"}
{"consumer":"typescript","path":"/tmp/tmp.m7HMZHrNZ8/py_ring.bin","framesValidated":[7,8,9,10],"ok":true}
[6/8] DLPack alias proof (consumed the TS-produced ring, pointer-checked)
    dlpack alias OK (slot ptr 0x55d9523d9f30 inside ring 0x55d9523d9df0..0x55d9523da070)
[7/8] zero-allocation probes (100k ops each, post-warmup, --expose-gc)
    {"mode":"ring","iters":100000,"heapBefore":4389904,"heapAfter":4402608,"deltaBytes":12704}
    {"mode":"ingest","iters":100000,"heapBefore":4396920,"heapAfter":4411664,"deltaBytes":14744}
    {"mode":"audio","iters":100000,"heapBefore":4392488,"heapAfter":4394672,"deltaBytes":2184}
    {"mode":"render","iters":100000,"heapBefore":4404864,"heapAfter":4406464,"deltaBytes":1600}
    {"mode":"overlay","iters":100000,"heapBefore":4284936,"heapAfter":4285648,"deltaBytes":712}
[8/8] latency gates (directive: commit < 50us)
    {"bench":"weft-tensor commit/acquire","node":"v24.20.0","video":{"geometry":"320x180 RGBA","slotCapBytes":230400,"commit":{"n":50000,"p50_us":0.18,"p99_us":1.012,"max_us":176.539},"acquire":{"n":50000,"p50_us":0.19,"p99_us":0.541,"max_us":289.298},"commit_under_50us":true},"audio":{"geometry":"2ch x 128 f32 (interleaved quanta 256)","slotCapBytes":1024,"commit":{"n":50000,"p50_us":0.471,"p99_us":1.002,"max_us":39.092},"acquire":{"n":50000,"p50_us":0.12,"p99_us":1.593,"max_us":131.685},"commit_under_50us":true}}
weft-tensor managed shard: ALL 8 STAGES GREEN
