==================================================
SHARD: weft-cluster-managed
DESCRIPTION: Project weft-cluster Pillar 3: TS wire/client/topology/router/metrics, Python wire/router/UDP parity, live UDP mesh, 100k zero-alloc probes, 1M fps burst, rendezvous router
STATUS: PASSED ✅
COMMIT: d47d3372554c366e115d90f2719f42eed9e77f34
RUN: 256
==================================================

[1/8] kernel-core integrity (Law 3: core/c/weft.{c,h} byte-frozen)
    core/c/weft.{c,h} untouched
[2/8] TS wire vectors + cross-language guard
✔ crosslang: TS still decodes the frozen WCN1 vectors byte-exactly (1.76744ms)
✔ crosslang: TS rejects malformed fixtures with the frozen codes (0.313598ms)
✔ crosslang: FNV/CRC reference vectors match the fixture (0.359613ms)
✔ crc32 IEEE vectors (parity with Python zlib.crc32) (1.228049ms)
✔ fnv1a64 topic hash vectors (parity with Python impl) (0.353653ms)
✔ WCN1 header: little-endian byte layout is normative (0.289572ms)
✔ WCN1 round-trip: encode -> decode -> same fields (6.765391ms)
✔ Law 4: malformed datagrams map to the exact error taxonomy (0.298979ms)
✔ error names are stable (Law 4 contract) (0.352272ms)
✔ WGS1 gossip: encode + entries + decode round-trip (0.413334ms)
✔ WGS1: entry_count overrun is WC_E_TRUNCATED, not a crash (0.175349ms)
✔ Law 1: decodeInto is allocation-free (structural check) (0.456144ms)
ℹ tests 12
ℹ suites 0
ℹ pass 12
ℹ fail 0
ℹ cancelled 0
ℹ skipped 0
ℹ todo 0
ℹ duration_ms 85.760434
[3/8] Python wire + router vector parity
.........                                                                [100%]
9 passed in 0.33s
[4/8] TypeScript suite
✔ shm: publish -> subscribe async iterator, seq monotonic, payload intact (12.568109ms)
✔ shm: two subscribers fan out independently; unsubscribe stops flow (12.389141ms)
✔ shm: tryLatest reads newest without advancing the iterator (4.824536ms)
✔ Law 4: stale seq replays are dropped and counted (datagram path) (1.363594ms)
✔ udp: two clients, SUB control plane, live datagram pub/sub (39.735385ms)
✔ udp: publisher with zero subscribers stays silent (no peers dup) (1.800021ms)
✔ crosslang: TS still decodes the frozen WCN1 vectors byte-exactly (1.865874ms)
✔ crosslang: TS rejects malformed fixtures with the frozen codes (0.39011ms)
✔ crosslang: FNV/CRC reference vectors match the fixture (0.435396ms)
✔ registry: counters, gauges, histogram quantile sanity (2.849297ms)
✔ histogram bucket bounds follow the 1, 2, 3, 4, 6, 8, 12... sequence (0.44327ms)
✔ prometheus: exposition format with cumulative histogram buckets (1.328958ms)
✔ otel: OTLP/JSON document shape (resourceMetrics -> metrics) (1.894328ms)
✔ perfetto: .pftrace protobuf round-trips packets and track events (1.801174ms)
✔ prometheus: embedded /metrics server answers 200 over real HTTP (67.209393ms)
✔ router: deterministic owner across calls and instances (1.919976ms)
✔ router: cross-language owner vector (node seeds 11,22,33,44 / telemetry) (2.230898ms)
✔ router: 8-node balance within 3x envelope (8.458422ms)
✔ router: minimal disruption — adding 1 of 9 nodes moves ~1/9 of topics (9.621701ms)
✔ router: unrouted topic -> WC_E_TOPIC_UNROUTED (0.292037ms)
✔ router: removeNode stops routing to it; version bumps (0.263994ms)
✔ membership: upsert + hash-index lookup round-trip (1.713239ms)
✔ membership: open addressing survives heavy collisions (1.571062ms)
✔ gossip: 3 engines converge to a full membership view (socketless) (4.016363ms)
✔ gossip: stale incarnation ignored, higher incarnation wins (0.640921ms)
✔ gossip: LEAVING is sticky at equal incarnation, revive needs higher (2.68026ms)
✔ gossip: SWIM refutation — falsely-leaving node bumps incarnation (0.495308ms)
✔ gossip: silent nodes suspect then evicted (fake clock) (0.451456ms)
✔ gossip: graceful leave announces and propagates LEAVING (0.463378ms)
✔ crc32 IEEE vectors (parity with Python zlib.crc32) (1.154713ms)
✔ fnv1a64 topic hash vectors (parity with Python impl) (0.365604ms)
✔ WCN1 header: little-endian byte layout is normative (0.291556ms)
✔ WCN1 round-trip: encode -> decode -> same fields (4.344387ms)
✔ Law 4: malformed datagrams map to the exact error taxonomy (0.327203ms)
✔ error names are stable (Law 4 contract) (0.264224ms)
✔ WGS1 gossip: encode + entries + decode round-trip (0.435245ms)
✔ WGS1: entry_count overrun is WC_E_TRUNCATED, not a crash (0.151544ms)
✔ Law 1: decodeInto is allocation-free (structural check) (0.269505ms)
ℹ tests 38
ℹ suites 0
ℹ pass 38
ℹ fail 0
ℹ cancelled 0
ℹ skipped 0
ℹ todo 0
ℹ duration_ms 2186.867438
[5/8] Python suite
.....s.........                                                          [100%]
14 passed, 1 skipped in 8.68s
[6/8] live cross-language UDP cluster (both directions)
..                                                                       [100%]
2 passed in 8.34s
[7/8] zero-allocation probes (100k ops each, post-warmup, --expose-gc)
    {"mode":"publish","iters":100000,"heapBefore":7445560,"heapAfter":7445616,"deltaBytes":56}
    {"mode":"subscribe","iters":100000,"heapBefore":7522544,"heapAfter":7520752,"deltaBytes":-1792}
    {"mode":"metrics","iters":100000,"heapBefore":7361856,"heapAfter":7359416,"deltaBytes":-2440}
    {"mode":"router","iters":100000,"heapBefore":7395744,"heapAfter":7395704,"deltaBytes":-40}
[8/8] performance gates
    [8a] 4-node demo smoke (monotonicity must PASS)
    demo PASS (monotonic, 0 gaps, 0 stale)
    [8b] mesh burst >= 1,000,000 fps (mandate D)
    {"kind":"weft-cluster-mesh-burst","transport":"loopback-shm (simulated cluster)","nodes":4,"consumers":3,"topics":1,"payloadBytes":64,"fpsTarget":1000000,"seconds":2,"publishedFrames":2000000,"ingestedFrames":6000000,"expectedIngest":6000000,"achievedFps":1036910,"fanoutWritesPerSec":3110730,"elapsedSec":1.93,"sequenceGaps":0,"hopLatencyNs":{"p50":1024,"p99":2048},"at":"2026-09-23T13:50:08.754Z"}
    [8c] membership lookup latency (mandate B1)
    {"kind":"weft-cluster-router-bench","membershipLookupNs":{"p50":17.6,"p99":39.2},"routerOwnerNs":{"p50":1137.1,"p99":1176.8,"nodes":8},"mandate":"lock-free cluster state table lookups < 10 ns (Pillar 3 mandate B1)"}
    lookup p50 17.6ns (gate 25ns; mandate 10ns is bare-metal — delta recorded in D-33)
weft-cluster-managed shard: ALL 8 STAGES GREEN
