==================================================
SHARD: wsuite
DESCRIPTION: W1-W5 × A/B/C/D = 20 cells, P99 + alloc assertions
STATUS: PASSED ✅
COMMIT: be1b3d06f41f8db73bf684630af895d4d391380c
RUN: 178
==================================================

→ W1/A ... P99=106.4 alloc/frame=0.0 [PASS]
→ W1/B ... P99=133.2 alloc/frame=0.0 [PASS]
→ W1/C .../home/runner/work/Weft/Weft/core/c/weft.c:15: warning: "_GNU_SOURCE" redefined
   15 | #define _GNU_SOURCE  // for posix_memalign
      | 
<command-line>: note: this is the location of the previous definition
→ compiling Weft C kernel to /home/runner/work/Weft/Weft/core/c/libweft.so
 P99=129.2 alloc/frame=0.0 [PASS]
→ W1/D ... P99=82.6 alloc/frame=0.0 [PASS]
→ W2/A ... P99=79.8 alloc/frame=0.0 [PASS]
→ W2/B ... P99=108.4 alloc/frame=0.0 [PASS]
→ W2/C ... P99=110.3 alloc/frame=0.0 [PASS]
→ W2/D ... P99=45.8 alloc/frame=0.0 [PASS]
→ W3/A ... P99=9.4 alloc/frame=0.0 [PASS]
→ W3/B ... P99=11.4 alloc/frame=0.0 [PASS]
→ W3/C ... P99=11.4 alloc/frame=0.0 [PASS]
→ W3/D ... P99=6.4 alloc/frame=0.0 [PASS]
→ W4/A ... P99=2639.7 alloc/frame=0.0 [PASS]
→ W4/B ... P99=2767.0 alloc/frame=0.0 [PASS]
→ W4/C ... P99=2623.4 alloc/frame=0.0 [PASS]
→ W4/D ... P99=2343.1 alloc/frame=0.0 [PASS]
→ W5/A ... P99=16.3 alloc/frame=0.0 [PASS]
→ W5/B ... P99=24.6 alloc/frame=0.0 [PASS]
→ W5/C ... P99=24.3 alloc/frame=0.0 [PASS]
→ W5/D ... P99=11.7 alloc/frame=0.0 [PASS]

✓ W-suite bundle: /home/runner/work/Weft/Weft/bench/results/wsuite-x86_64-sandbox.json
  cells: 20 (target: 20 = 5 workloads × 4 backends)
  pass: 20/20
/runner/work/Weft/Weft/core/c/weft.c:15: warning: "_GNU_SOURCE" redefined
   15 | #define _GNU_SOURCE  // for posix_memalign
      | 
<command-line>: note: this is the location of the previous definition
→ compiling Weft C kernel to /home/runner/work/Weft/Weft/core/c/libweft.so
 P99=129.2 alloc/frame=0.0 [PASS]
→ W1/D ... P99=82.6 alloc/frame=0.0 [PASS]
→ W2/A ... P99=79.8 alloc/frame=0.0 [PASS]
→ W2/B ... P99=108.4 alloc/frame=0.0 [PASS]
→ W2/C ... P99=110.3 alloc/frame=0.0 [PASS]
→ W2/D ... P99=45.8 alloc/frame=0.0 [PASS]
→ W3/A ... P99=9.4 alloc/frame=0.0 [PASS]
→ W3/B ... P99=11.4 alloc/frame=0.0 [PASS]
→ W3/C ... P99=11.4 alloc/frame=0.0 [PASS]
→ W3/D ... P99=6.4 alloc/frame=0.0 [PASS]
→ W4/A ... P99=2639.7 alloc/frame=0.0 [PASS]
→ W4/B ... P99=2767.0 alloc/frame=0.0 [PASS]
→ W4/C ... P99=2623.4 alloc/frame=0.0 [PASS]
→ W4/D ... P99=2343.1 alloc/frame=0.0 [PASS]
→ W5/A ... P99=16.3 alloc/frame=0.0 [PASS]
→ W5/B ... P99=24.6 alloc/frame=0.0 [PASS]
→ W5/C ... P99=24.3 alloc/frame=0.0 [PASS]
→ W5/D ... P99=11.7 alloc/frame=0.0 [PASS]

✓ W-suite bundle: /home/runner/work/Weft/Weft/bench/results/wsuite-x86_64-sandbox.json
  cells: 20 (target: 20 = 5 workloads × 4 backends)
  pass: 20/20
{
  "shard": "wsuite",
  "status": "PASSED",
  "cells_pass": 20,
  "cells_total": 20,
  "alloc_violations": 0,
  "cells": [
    {
      "workload": "W1",
      "backend": "A",
      "pass": true,
      "p99": 106.4,
      "alloc_per_frame": 0.0,
      "alloc_violation": false
    },
    {
      "workload": "W1",
      "backend": "B",
      "pass": true,
      "p99": 133.2,
      "alloc_per_frame": 0.0,
      "alloc_violation": false
    },
    {
      "workload": "W1",
      "backend": "C",
      "pass": true,
      "p99": 129.2,
      "alloc_per_frame": 0.0,
      "alloc_violation": false
    },
    {
      "workload": "W1",
      "backend": "D",
      "pass": true,
      "p99": 82.6,
      "alloc_per_frame": 0.0,
      "alloc_violation": false
    },
    {
      "workload": "W2",
      "backend": "A",
      "pass": true,
      "p99": 79.8,
      "alloc_per_frame": 0.0,
      "alloc_violation": false
    },
    {
      "workload": "W2",
      "backend": "B",
      "pass": true,
      "p99": 108.4,
      "alloc_per_frame": 0.0,
      "alloc_violation": false
    },
    {
      "workload": "W2",
      "backend": "C",
      "pass": true,
      "p99": 110.3,
      "alloc_per_frame": 0.0,
      "alloc_violation": false
    },
    {
      "workload": "W2",
      "backend": "D",
      "pass": true,
      "p99": 45.8,
      "alloc_per_frame": 0.0,
      "alloc_violation": false
    },
    {
      "workload": "W3",
      "backend": "A",
      "pass": true,
      "p99": 9.4,
      "alloc_per_frame": 0.0,
      "alloc_violation": false
    },
    {
      "workload": "W3",
      "backend": "B",
      "pass": true,
      "p99": 11.4,
      "alloc_per_frame": 0.0,
      "alloc_violation": false
    },
    {
      "workload": "W3",
      "backend": "C",
      "pass": true,
      "p99": 11.4,
      "alloc_per_frame": 0.0,
      "alloc_violation": false
    },
    {
      "workload": "W3",
      "backend": "D",
      "pass": true,
      "p99": 6.4,
      "alloc_per_frame": 0.0,
      "alloc_violation": false
    },
    {
      "workload": "W4",
      "backend": "A",
      "pass": true,
      "p99": 2639.7,
      "alloc_per_frame": 0.0,
      "alloc_violation": false
    },
    {
      "workload": "W4",
      "backend": "B",
      "pass": true,
      "p99": 2767.0,
      "alloc_per_frame": 0.0,
      "alloc_violation": false
    },
    {
      "workload": "W4",
      "backend": "C",
      "pass": true,
      "p99": 2623.4,
      "alloc_per_frame": 0.0,
      "alloc_violation": false
    },
    {
      "workload": "W4",
      "backend": "D",
      "pass": true,
      "p99": 2343.1,
      "alloc_per_frame": 0.0,
      "alloc_violation": false
    },
    {
      "workload": "W5",
      "backend": "A",
      "pass": true,
      "p99": 16.3,
      "alloc_per_frame": 0.0,
      "alloc_violation": false
    },
    {
      "workload": "W5",
      "backend": "B",
      "pass": true,
      "p99": 24.6,
      "alloc_per_frame": 0.0,
      "alloc_violation": false
    },
    {
      "workload": "W5",
      "backend": "C",
      "pass": true,
      "p99": 24.3,
      "alloc_per_frame": 0.0,
      "alloc_violation": false
    },
    {
      "workload": "W5",
      "backend": "D",
      "pass": true,
      "p99": 11.7,
      "alloc_per_frame": 0.0,
      "alloc_violation": false
    }
  ]
}
