==================================================
SHARD: simd-blend
DESCRIPTION: Q12 raster blend: C golden gates + xlang-blend cross-language digests + bench
STATUS: PASSED ✅
COMMIT: be1b3d06f41f8db73bf684630af895d4d391380c
RUN: 178
==================================================

== simd-blend shard: env x86_64/Linux ==
-- C kernel gates --
== blend_test: impl=avx2 (2) ==
B1 boundaries: OK
B2 parity sweep: OK (154 path-checks, all == scalar)
B3 alpha sweep 0..4096 (dispatched): OK
B4 in-place aliasing: OK
blend_test: ALL GATES GREEN
blend-test: ALL GATES GREEN
-- xlang-blend golden gate --
== xlang-blend golden parity: env x86_64/Linux ==
-- C kernel (golden source) --
   blend-test gates GREEN
   golden-vectors.csv matches the kernel
-- TS verifier (reference port) --
xlang-blend TS verifier: 63/63 golden digests match
-- Kotlin verifier --
xlang-blend Kotlin verifier: 63/63 golden digests match
-- Dart verifier: DECLARED skip (no dart; flutter-packages leg owns it) --
-- Swift port: DECLARED skip (no swiftc; apple-packages compiles + golden-gates it) --

xlang-blend: ran=3 declared_skips=2
✅ xlang-blend parity: every executed port byte-identical to the C kernel
xlang-blend parity GREEN
-- blend_runner benchmark --
== blend_runner: dispatch=avx2 ==
256x256-hot (65536 words): scalar   186322 ns/frame (  4.2 GB/s) | avx2    23040 ns/frame ( 34.1 GB/s) | speedup 8.09x
1080p (2073600 words): scalar  5925626 ns/frame (  4.2 GB/s) | avx2   792784 ns/frame ( 31.4 GB/s) | speedup 7.47x
4K (8294400 words): scalar 23723119 ns/frame (  4.2 GB/s) | avx2  3226268 ns/frame ( 30.9 GB/s) | speedup 7.35x
8K (33177600 words): scalar 96213178 ns/frame (  4.1 GB/s) | avx2 24652650 ns/frame ( 16.1 GB/s) | speedup 3.90x
✅ simd-blend shard GREEN
