==================================================
SHARD: weft-cluster-managed
DESCRIPTION: Project weft-cluster Pillar 3: TS wire/client/topology/router/metrics, Python wire/router/UDP parity, live UDP mesh, 100k zero-alloc probes, 1M fps burst, rendezvous router
STATUS: PASSED ✅
COMMIT: b88de687fe9a3800dd5d62d47cbbf787430928dd
RUN: 239
==================================================

[1/8] kernel-core integrity (Law 3: core/c/weft.{c,h} byte-frozen)
    core/c/weft.{c,h} untouched
[2/8] TS wire vectors + cross-language guard
✔ crosslang: TS still decodes the frozen WCN1 vectors byte-exactly (1.260589ms)
✔ crosslang: TS rejects malformed fixtures with the frozen codes (0.263703ms)
✔ crosslang: FNV/CRC reference vectors match the fixture (0.335548ms)
✔ crc32 IEEE vectors (parity with Python zlib.crc32) (1.504555ms)
✔ fnv1a64 topic hash vectors (parity with Python impl) (0.466012ms)
✔ WCN1 header: little-endian byte layout is normative (0.47582ms)
✔ WCN1 round-trip: encode -> decode -> same fields (6.168422ms)
✔ Law 4: malformed datagrams map to the exact error taxonomy (0.458908ms)
✔ error names are stable (Law 4 contract) (0.344445ms)
✔ WGS1 gossip: encode + entries + decode round-trip (0.725788ms)
✔ WGS1: entry_count overrun is WC_E_TRUNCATED, not a crash (0.216084ms)
✔ Law 1: decodeInto is allocation-free (structural check) (0.405879ms)
ℹ tests 12
ℹ suites 0
ℹ pass 12
ℹ fail 0
ℹ cancelled 0
ℹ skipped 0
ℹ todo 0
ℹ duration_ms 106.782364
[3/8] Python wire + router vector parity
.........                                                                [100%]
9 passed in 0.32s
[4/8] TypeScript suite
✔ shm: publish -> subscribe async iterator, seq monotonic, payload intact (14.154145ms)
✔ shm: two subscribers fan out independently; unsubscribe stops flow (10.956983ms)
✔ shm: tryLatest reads newest without advancing the iterator (4.939022ms)
✔ Law 4: stale seq replays are dropped and counted (datagram path) (1.096582ms)
✔ udp: two clients, SUB control plane, live datagram pub/sub (41.255137ms)
✔ udp: publisher with zero subscribers stays silent (no peers dup) (0.830995ms)
✔ crosslang: TS still decodes the frozen WCN1 vectors byte-exactly (1.740787ms)
✔ crosslang: TS rejects malformed fixtures with the frozen codes (0.415768ms)
✔ crosslang: FNV/CRC reference vectors match the fixture (0.460622ms)
✔ registry: counters, gauges, histogram quantile sanity (2.959127ms)
✔ histogram bucket bounds follow the 1, 2, 3, 4, 6, 8, 12... sequence (0.278942ms)
✔ prometheus: exposition format with cumulative histogram buckets (1.363101ms)
✔ otel: OTLP/JSON document shape (resourceMetrics -> metrics) (1.745717ms)
✔ perfetto: .pftrace protobuf round-trips packets and track events (2.050838ms)
✔ prometheus: embedded /metrics server answers 200 over real HTTP (56.843777ms)
✔ router: deterministic owner across calls and instances (2.370856ms)
✔ router: cross-language owner vector (node seeds 11,22,33,44 / telemetry) (2.048604ms)
✔ router: 8-node balance within 3x envelope (8.456653ms)
✔ router: minimal disruption — adding 1 of 9 nodes moves ~1/9 of topics (15.541131ms)
✔ router: unrouted topic -> WC_E_TOPIC_UNROUTED (0.348001ms)
✔ router: removeNode stops routing to it; version bumps (0.317324ms)
✔ membership: upsert + hash-index lookup round-trip (2.079311ms)
✔ membership: open addressing survives heavy collisions (2.220255ms)
✔ gossip: 3 engines converge to a full membership view (socketless) (6.737026ms)
✔ gossip: stale incarnation ignored, higher incarnation wins (0.480078ms)
✔ gossip: LEAVING is sticky at equal incarnation, revive needs higher (0.344564ms)
✔ gossip: SWIM refutation — falsely-leaving node bumps incarnation (0.305952ms)
✔ gossip: silent nodes suspect then evicted (fake clock) (1.498604ms)
✔ gossip: graceful leave announces and propagates LEAVING (0.381143ms)
✔ crc32 IEEE vectors (parity with Python zlib.crc32) (1.178826ms)
✔ fnv1a64 topic hash vectors (parity with Python impl) (0.341108ms)
✔ WCN1 header: little-endian byte layout is normative (0.277048ms)
✔ WCN1 round-trip: encode -> decode -> same fields (4.33966ms)
✔ Law 4: malformed datagrams map to the exact error taxonomy (0.34213ms)
✔ error names are stable (Law 4 contract) (0.259185ms)
✔ WGS1 gossip: encode + entries + decode round-trip (0.458508ms)
✔ WGS1: entry_count overrun is WC_E_TRUNCATED, not a crash (0.147616ms)
✔ Law 1: decodeInto is allocation-free (structural check) (0.29912ms)
ℹ tests 38
ℹ suites 0
ℹ pass 38
ℹ fail 0
ℹ cancelled 0
ℹ skipped 0
ℹ todo 0
ℹ duration_ms 2180.3836
[5/8] Python suite
.....s.........                                                          [100%]
14 passed, 1 skipped in 8.67s
[6/8] live cross-language UDP cluster (both directions)
..                                                                       [100%]
2 passed in 8.32s
[7/8] zero-allocation probes (100k ops each, post-warmup, --expose-gc)
    {"mode":"publish","iters":100000,"heapBefore":7482856,"heapAfter":7482912,"deltaBytes":56}
    {"mode":"subscribe","iters":100000,"heapBefore":7560696,"heapAfter":7560744,"deltaBytes":48}
    {"mode":"metrics","iters":100000,"heapBefore":7396888,"heapAfter":7396576,"deltaBytes":-312}
    {"mode":"router","iters":100000,"heapBefore":7432672,"heapAfter":7432632,"deltaBytes":-40}
[8/8] performance gates
    [8a] 4-node demo smoke (monotonicity must PASS)
    demo PASS (monotonic, 0 gaps, 0 stale)
    [8b] mesh burst >= 1,000,000 fps (mandate D)
    {"kind":"weft-cluster-mesh-burst","transport":"loopback-shm (simulated cluster)","nodes":4,"consumers":3,"topics":1,"payloadBytes":64,"fpsTarget":1000000,"seconds":2,"publishedFrames":2000000,"ingestedFrames":6000000,"expectedIngest":6000000,"achievedFps":1073673,"fanoutWritesPerSec":3221019,"elapsedSec":1.86,"sequenceGaps":0,"hopLatencyNs":{"p50":1024,"p99":2048},"at":"2026-09-23T12:32:08.891Z"}
    [8c] membership lookup latency (mandate B1)
    {"kind":"weft-cluster-router-bench","membershipLookupNs":{"p50":16.7,"p99":34.8},"routerOwnerNs":{"p50":1140.3,"p99":1162,"nodes":8},"mandate":"lock-free cluster state table lookups < 10 ns (Pillar 3 mandate B1)"}
    lookup p50 16.7ns (gate 25ns; mandate 10ns is bare-metal — delta recorded in D-33)
weft-cluster-managed shard: ALL 8 STAGES GREEN
