==================================================
SHARD: perf-regression
DESCRIPTION: W-suite P99 vs pinned baseline; >15% drop = FAIL
STATUS: PASSED ✅
COMMIT: ff34e2dd8d4fbab3e6030a4494e94454f4c36165
RUN: 94
==================================================

→ W1/A ... P99=105.8 alloc/frame=0.0 [PASS]
→ W1/B ... P99=119.0 alloc/frame=0.0 [PASS]
→ W1/C .../home/runner/work/Weft/Weft/core/c/weft.c:15: warning: "_GNU_SOURCE" redefined
   15 | #define _GNU_SOURCE  // for posix_memalign
      | 
<command-line>: note: this is the location of the previous definition
→ compiling Weft C kernel to /home/runner/work/Weft/Weft/core/c/libweft.so
 P99=123.7 alloc/frame=0.0 [PASS]
→ W1/D ... P99=79.1 alloc/frame=0.0 [PASS]
→ W2/A ... P99=72.1 alloc/frame=0.0 [PASS]
→ W2/B ... P99=100.3 alloc/frame=0.0 [PASS]
→ W2/C ... P99=100.6 alloc/frame=0.0 [PASS]
→ W2/D ... P99=40.7 alloc/frame=0.0 [PASS]
→ W3/A ... P99=8.3 alloc/frame=0.0 [PASS]
→ W3/B ... P99=10.0 alloc/frame=0.0 [PASS]
→ W3/C ... P99=10.2 alloc/frame=0.0 [PASS]
→ W3/D ... P99=5.6 alloc/frame=0.0 [PASS]
→ W4/A ... P99=2571.7 alloc/frame=0.0 [PASS]
→ W4/B ... P99=2711.1 alloc/frame=0.0 [PASS]
→ W4/C ... P99=2513.4 alloc/frame=0.0 [PASS]
→ W4/D ... P99=2534.9 alloc/frame=0.0 [PASS]
→ W5/A ... P99=17.2 alloc/frame=0.0 [PASS]
→ W5/B ... P99=21.8 alloc/frame=0.0 [PASS]
→ W5/C ... P99=21.2 alloc/frame=0.0 [PASS]
→ W5/D ... P99=10.4 alloc/frame=0.0 [PASS]

✓ W-suite bundle: /home/runner/work/Weft/Weft/bench/results/wsuite-x86_64-sandbox.json
  cells: 20 (target: 20 = 5 workloads × 4 backends)
  pass: 20/20
 P99=119.0 alloc/frame=0.0 [PASS]
→ W1/C .../home/runner/work/Weft/Weft/core/c/weft.c:15: warning: "_GNU_SOURCE" redefined
   15 | #define _GNU_SOURCE  // for posix_memalign
      | 
<command-line>: note: this is the location of the previous definition
→ compiling Weft C kernel to /home/runner/work/Weft/Weft/core/c/libweft.so
 P99=123.7 alloc/frame=0.0 [PASS]
→ W1/D ... P99=79.1 alloc/frame=0.0 [PASS]
→ W2/A ... P99=72.1 alloc/frame=0.0 [PASS]
→ W2/B ... P99=100.3 alloc/frame=0.0 [PASS]
→ W2/C ... P99=100.6 alloc/frame=0.0 [PASS]
→ W2/D ... P99=40.7 alloc/frame=0.0 [PASS]
→ W3/A ... P99=8.3 alloc/frame=0.0 [PASS]
→ W3/B ... P99=10.0 alloc/frame=0.0 [PASS]
→ W3/C ... P99=10.2 alloc/frame=0.0 [PASS]
→ W3/D ... P99=5.6 alloc/frame=0.0 [PASS]
→ W4/A ... P99=2571.7 alloc/frame=0.0 [PASS]
→ W4/B ... P99=2711.1 alloc/frame=0.0 [PASS]
→ W4/C ... P99=2513.4 alloc/frame=0.0 [PASS]
→ W4/D ... P99=2534.9 alloc/frame=0.0 [PASS]
→ W5/A ... P99=17.2 alloc/frame=0.0 [PASS]
→ W5/B ... P99=21.8 alloc/frame=0.0 [PASS]
→ W5/C ... P99=21.2 alloc/frame=0.0 [PASS]
→ W5/D ... P99=10.4 alloc/frame=0.0 [PASS]

✓ W-suite bundle: /home/runner/work/Weft/Weft/bench/results/wsuite-x86_64-sandbox.json
  cells: 20 (target: 20 = 5 workloads × 4 backends)
  pass: 20/20
Traceback (most recent call last):
  File "<string>", line 76, in <module>
FileNotFoundError: [Errno 2] No such file or directory: 'ci/final-report/perf-regression.md'
{
  "shard": "perf-regression",
  "status": "FAILED",
  "threshold_pct": 15,
  "regression_count": 1,
  "improvement_count": 0,
  "cells_compared": 20,
  "regressions": [
    {
      "workload": "W1",
      "backend": "B",
      "baseline": 140.5,
      "actual": 119.0,
      "delta_pct": -15.3,
      "reason": "regression"
    }
  ],
  "improvements": [],
  "all_compared": [
    {
      "workload": "W1",
      "backend": "A",
      "baseline_p99": 120.2,
      "actual_p99": 105.8,
      "delta_pct": -12.0
    },
    {
      "workload": "W1",
      "backend": "B",
      "baseline_p99": 140.5,
      "actual_p99": 119.0,
      "delta_pct": -15.3
    },
    {
      "workload": "W1",
      "backend": "C",
      "baseline_p99": 140.9,
      "actual_p99": 123.7,
      "delta_pct": -12.2
    },
    {
      "workload": "W1",
      "backend": "D",
      "baseline_p99": 87.5,
      "actual_p99": 79.1,
      "delta_pct": -9.6
    },
    {
      "workload": "W2",
      "backend": "A",
      "baseline_p99": 78.6,
      "actual_p99": 72.1,
      "delta_pct": -8.3
    },
    {
      "workload": "W2",
      "backend": "B",
      "baseline_p99": 111.7,
      "actual_p99": 100.3,
      "delta_pct": -10.2
    },
    {
      "workload": "W2",
      "backend": "C",
      "baseline_p99": 111.0,
      "actual_p99": 100.6,
      "delta_pct": -9.4
    },
    {
      "workload": "W2",
      "backend": "D",
      "baseline_p99": 45.4,
      "actual_p99": 40.7,
      "delta_pct": -10.4
    },
    {
      "workload": "W3",
      "backend": "A",
      "baseline_p99": 9.7,
      "actual_p99": 8.3,
      "delta_pct": -14.4
    },
    {
      "workload": "W3",
      "backend": "B",
      "baseline_p99": 11.5,
      "actual_p99": 10.0,
      "delta_pct": -13.0
    },
    {
      "workload": "W3",
      "backend": "C",
      "baseline_p99": 11.5,
      "actual_p99": 10.2,
      "delta_pct": -11.3
    },
    {
      "workload": "W3",
      "backend": "D",
      "baseline_p99": 6.2,
      "actual_p99": 5.6,
      "delta_pct": -9.7
    },
    {
      "workload": "W4",
      "backend": "A",
      "baseline_p99": 2838.8,
      "actual_p99": 2571.7,
      "delta_pct": -9.4
    },
    {
      "workload": "W4",
      "backend": "B",
      "baseline_p99": 3008.8,
      "actual_p99": 2711.1,
      "delta_pct": -9.9
    },
    {
      "workload": "W4",
      "backend": "C",
      "baseline_p99": 2847.4,
      "actual_p99": 2513.4,
      "delta_pct": -11.7
    },
    {
      "workload": "W4",
      "backend": "D",
      "baseline_p99": 2828.5,
      "actual_p99": 2534.9,
      "delta_pct": -10.4
    },
    {
      "workload": "W5",
      "backend": "A",
      "baseline_p99": 19.1,
      "actual_p99": 17.2,
      "delta_pct": -9.9
    },
    {
      "workload": "W5",
      "backend": "B",
      "baseline_p99": 24.2,
      "actual_p99": 21.8,
      "delta_pct": -9.9
    },
    {
      "workload": "W5",
      "backend": "C",
      "baseline_p99": 24.1,
      "actual_p99": 21.2,
      "delta_pct": -12.0
    },
    {
      "workload": "W5",
      "backend": "D",
      "baseline_p99": 11.6,
      "actual_p99": 10.4,
      "delta_pct": -10.3
    }
  ]
}
