==================================================
SHARD: weft-tensor-managed
DESCRIPTION: Project weft-tensor Pillar 2: WTR1 layout, TS/Python ingestion engines, DLPack/NumPy bridge, cross-language parity, React/Flutter AI hooks/widgets, 120 FPS flight demo, alloc probes
STATUS: PASSED ✅
COMMIT: 953ed6cb4d15078ae6c7a078b107ac95a6ac7b2e
RUN: 237
==================================================

[1/8] fixture determinism
OK /home/runner/work/Weft/Weft/fixtures/weft-tensor/ring-v1-f32.bin (640 B) byte-identical
OK /home/runner/work/Weft/Weft/fixtures/weft-tensor/ring-v1-u8.bin (640 B) byte-identical
[2/8] TypeScript suite
✔ zero-alloc probe [ring] — 100k steady-state ops stay flat (141.3558ms)
✔ zero-alloc probe [ingest] — 100k steady-state ops stay flat (107.533596ms)
✔ zero-alloc probe [audio] — 100k steady-state ops stay flat (102.910749ms)
✔ zero-alloc probe [render] — 100k steady-state ops stay flat (1269.724602ms)
✔ zero-alloc probe [overlay] — 100k steady-state ops stay flat (60.923519ms)
✔ negative control: a deliberately-allocating loop IS caught (59.790782ms)
✔ f32 fixture: header fields, 10 frames, dyadic payload parity (2.617507ms)
✔ u8 fixture: header fields, 6 frames, byte payload parity (1.02843ms)
✔ WebCodecs sync fast path: bytes land in ring, no intermediate (3.270937ms)
✔ WebCodecs async fast path resolves after the GPU readback lands (0.41966ms)
✔ copyTo failure is a DROP, never a throw into the frame loop (1.330824ms)
✔ legacy sync copyTo returning void still commits the full slot (0.314706ms)
✔ ImageData + raw paths (0.774714ms)
✔ ingestor dtype gate: f32 ring rejected (Law 4) (0.504049ms)
✔ AudioPcmFeeder: exact-fit chunks roll one slot per chunk (0.590107ms)
✔ AudioPcmFeeder: chunk spanning slot boundaries carries with zero gaps (0.386634ms)
✔ AudioPcmFeeder: tiny chunks accumulate then roll (worklet cadence) (0.314768ms)
✔ AudioPcmFeeder dtype gate + chunk size gate (Law 4) (0.396094ms)
✔ crc32 matches node:zlib over the static header region (3.483412ms)
✔ f16FromBits matches numpy float16 decode exactly (0.538604ms)
✔ f16ToBits matches numpy round-to-nearest-even (0.495927ms)
✔ fourcc round-trips as LE ASCII (0.240772ms)
✔ validateRingHeader accepts both golden fixtures (1.48975ms)
✔ fail-closed corruption matrix — every mutation gets a machine-readable code (1.155913ms)
✔ dtype validity table (0.194905ms)
✔ create() writes a self-validating header (round trip through attach) (2.559237ms)
✔ Canvas2DPlane: ONE ImageData reused, pixel-accurate blit per frame (4.99002ms)
✔ Canvas2DPlane dtype gate (Law 4) (0.748449ms)
✔ OverlayScratch + drawBoxes2D: bounded, reused, pixel records (1.206428ms)
✔ drawSkeleton2D honours confidence gating (0.354774ms)
✔ WebGL2Plane: zero-alloc texSubImage2D from the slot view + fullscreen tri (2.455606ms)
✔ create + typed commit + acquireLatest returns exact values, zero surprises (6.098275ms)
✔ byte commit path (Uint8Array) with short payload (bounded loop, no throw) (0.421507ms)
✔ acquireLatest(lastSeq) returns null when nothing new; acquireFrame bounds (0.480591ms)
✔ overrun: slotCount=2, 5 commits -> old seq gone, latest correct (0.505658ms)
✔ torn read: uncommitted slot is invisible, then visible after commit marker (0.384729ms)
✔ zero-copy begin/finish path matches convenience commit (0.343767ms)
✔ commit rejects wrong dtype / oversized payloads (fail-closed) (1.700663ms)
✔ create() input validation is fail-closed (0.337319ms)
✔ waitForNewFrame resolves via injected scheduler; timeout path returns null (32.275557ms)
✔ SharedArrayBuffer smoke: create(shared) + atomics publish + acquire (0.529709ms)
✔ ring stats counters are sealed and monotonic (0.201047ms)
✔ detectRuntime identifies node (this process) (1.145944ms)
✔ detectRuntime: browser / deno / bun / worker / electron fakes (0.290549ms)
✔ runtimeMatrix feature list stays sorted/deterministic (1.112052ms)
✔ assertShareable accepts SAB, rejects plain ArrayBuffer (0.609872ms)
ℹ tests 46
ℹ suites 0
ℹ pass 46
ℹ fail 0
ℹ cancelled 0
ℹ skipped 0
ℹ todo 0
ℹ duration_ms 1811.246143
[3/8] Python suite
.......s.............s................                                   [100%]
36 passed, 2 skipped in 9.07s
[4/8] TS producer -> Python consumer
{"producer":"typescript","path":"/tmp/tmp.PknYdeqiKN/ts_ring.bin","byteLength":640,"producerSeq":10,"slotStride":128,"schemaId":"fe77000000000000"}
{"consumer": "python", "path": "/tmp/tmp.PknYdeqiKN/ts_ring.bin", "framesValidated": [7, 8, 9, 10], "dlpackAlias": true, "ok": true}
[5/8] Python producer -> TS consumer
{"producer": "python", "path": "/tmp/tmp.PknYdeqiKN/py_ring.bin", "byteLength": 640, "producerSeq": 10, "slotStride": 128, "schemaId": "fe77000000000001"}
{"consumer":"typescript","path":"/tmp/tmp.PknYdeqiKN/py_ring.bin","framesValidated":[7,8,9,10],"ok":true}
[6/8] DLPack alias proof (consumed the TS-produced ring, pointer-checked)
    dlpack alias OK (slot ptr 0x55e7a6082f30 inside ring 0x55e7a6082df0..0x55e7a6083070)
[7/8] zero-allocation probes (100k ops each, post-warmup, --expose-gc)
    {"mode":"ring","iters":100000,"heapBefore":4407640,"heapAfter":4402608,"deltaBytes":-5032}
    {"mode":"ingest","iters":100000,"heapBefore":4448216,"heapAfter":4411592,"deltaBytes":-36624}
    {"mode":"audio","iters":100000,"heapBefore":4392536,"heapAfter":4405840,"deltaBytes":13304}
    {"mode":"render","iters":100000,"heapBefore":4404960,"heapAfter":4406560,"deltaBytes":1600}
    {"mode":"overlay","iters":100000,"heapBefore":4284936,"heapAfter":4285648,"deltaBytes":712}
[8/8] latency gates (directive: commit < 50us)
    {"bench":"weft-tensor commit/acquire","node":"v24.20.0","video":{"geometry":"320x180 RGBA","slotCapBytes":230400,"commit":{"n":50000,"p50_us":0.154,"p99_us":1.196,"max_us":157.267},"acquire":{"n":50000,"p50_us":0.095,"p99_us":0.449,"max_us":50.241},"commit_under_50us":true},"audio":{"geometry":"2ch x 128 f32 (interleaved quanta 256)","slotCapBytes":1024,"commit":{"n":50000,"p50_us":0.434,"p99_us":0.975,"max_us":158.634},"acquire":{"n":50000,"p50_us":0.1,"p99_us":1.126,"max_us":143.198},"commit_under_50us":true}}
weft-tensor managed shard: ALL 8 STAGES GREEN
