Content-Length: 434

{"jsonrpc":"2.0","id":1,"result":{"capabilities":{"positionEncoding":"utf-8","textDocumentSync":{"openClose":true,"change":2},"hoverProvider":true,"completionProvider":{"triggerCharacters":["@","."]},"semanticTokensProvider":{"legend":{"tokenTypes":["keyword","type","property","enumMember","number","comment","operator","decorator"],"tokenModifiers":["declaration"]},"full":true}},"serverInfo":{"name":"weft-lsp","version":"1.0.0"}}}Content-Length: 129

{"jsonrpc":"2.0","method":"textDocument/publishDiagnostics","params":{"uri":"file:///fixture.weft","version":1,"diagnostics":[]}}Content-Length: 252

{"jsonrpc":"2.0","id":2,"result":{"contents":{"kind":"markdown","value":"**field** `seq: u64` of `Header`\n\n- offset: 0\n- size: 8\n- align: 8\n- cache line: 0 (bytes 0..63)"},"range":{"start":{"line":1,"character":5},"end":{"line":1,"character":8}}}}Content-Length: 755

{"jsonrpc":"2.0","id":3,"result":{"isIncomplete":false,"items":[{"label":"u8","kind":25,"detail":"primitive type"},{"label":"i8","kind":25,"detail":"primitive type"},{"label":"u16","kind":25,"detail":"primitive type"},{"label":"i16","kind":25,"detail":"primitive type"},{"label":"u32","kind":25,"detail":"primitive type"},{"label":"i32","kind":25,"detail":"primitive type"},{"label":"u64","kind":25,"detail":"primitive type"},{"label":"i64","kind":25,"detail":"primitive type"},{"label":"f16","kind":25,"detail":"primitive type"},{"label":"f32","kind":25,"detail":"primitive type"},{"label":"f64","kind":25,"detail":"primitive type"},{"label":"bool","kind":25,"detail":"primitive type"},{"label":"Header","kind":22,"detail":"struct (in-memory layout)"}]}}Content-Length: 38

{"jsonrpc":"2.0","id":4,"result":null}