==================================================
SHARD: perf-regression
DESCRIPTION: W-suite P99 vs pinned baseline; >15% drop = FAIL
STATUS: PASSED ✅
COMMIT: 4516a1660b4f57eff3ae084c952843596c9a052b
RUN: 182
==================================================

→ W1/A ... P99=119.0 alloc/frame=0.0 [PASS]
→ W1/B ... P99=131.5 alloc/frame=0.0 [PASS]
→ W1/C .../home/runner/work/Weft/Weft/core/c/weft.c:15: warning: "_GNU_SOURCE" redefined
   15 | #define _GNU_SOURCE  // for posix_memalign
      | 
<command-line>: note: this is the location of the previous definition
→ compiling Weft C kernel to /home/runner/work/Weft/Weft/core/c/libweft.so
 P99=137.6 alloc/frame=0.0 [PASS]
→ W1/D ... P99=86.5 alloc/frame=0.0 [PASS]
→ W2/A ... P99=78.6 alloc/frame=0.0 [PASS]
→ W2/B ... P99=108.2 alloc/frame=0.0 [PASS]
→ W2/C ... P99=112.0 alloc/frame=0.0 [PASS]
→ W2/D ... P99=46.2 alloc/frame=0.0 [PASS]
→ W3/A ... P99=7.9 alloc/frame=0.0 [PASS]
→ W3/B ... P99=11.6 alloc/frame=0.0 [PASS]
→ W3/C ... P99=11.7 alloc/frame=0.0 [PASS]
→ W3/D ... P99=6.2 alloc/frame=0.0 [PASS]
→ W4/A ... P99=2616.3 alloc/frame=0.0 [PASS]
→ W4/B ... P99=2717.7 alloc/frame=0.0 [PASS]
→ W4/C ... P99=2627.7 alloc/frame=0.0 [PASS]
→ W4/D ... P99=2589.9 alloc/frame=0.0 [PASS]
→ W5/A ... P99=18.8 alloc/frame=0.0 [PASS]
→ W5/B ... P99=24.8 alloc/frame=0.0 [PASS]
→ W5/C ... P99=24.7 alloc/frame=0.0 [PASS]
→ W5/D ... P99=12.0 alloc/frame=0.0 [PASS]

✓ W-suite bundle: /home/runner/work/Weft/Weft/bench/results/wsuite-x86_64-sandbox.json
  cells: 20 (target: 20 = 5 workloads × 4 backends)
  pass: 20/20
 P99=131.5 alloc/frame=0.0 [PASS]
→ W1/C .../home/runner/work/Weft/Weft/core/c/weft.c:15: warning: "_GNU_SOURCE" redefined
   15 | #define _GNU_SOURCE  // for posix_memalign
      | 
<command-line>: note: this is the location of the previous definition
→ compiling Weft C kernel to /home/runner/work/Weft/Weft/core/c/libweft.so
 P99=137.6 alloc/frame=0.0 [PASS]
→ W1/D ... P99=86.5 alloc/frame=0.0 [PASS]
→ W2/A ... P99=78.6 alloc/frame=0.0 [PASS]
→ W2/B ... P99=108.2 alloc/frame=0.0 [PASS]
→ W2/C ... P99=112.0 alloc/frame=0.0 [PASS]
→ W2/D ... P99=46.2 alloc/frame=0.0 [PASS]
→ W3/A ... P99=7.9 alloc/frame=0.0 [PASS]
→ W3/B ... P99=11.6 alloc/frame=0.0 [PASS]
→ W3/C ... P99=11.7 alloc/frame=0.0 [PASS]
→ W3/D ... P99=6.2 alloc/frame=0.0 [PASS]
→ W4/A ... P99=2616.3 alloc/frame=0.0 [PASS]
→ W4/B ... P99=2717.7 alloc/frame=0.0 [PASS]
→ W4/C ... P99=2627.7 alloc/frame=0.0 [PASS]
→ W4/D ... P99=2589.9 alloc/frame=0.0 [PASS]
→ W5/A ... P99=18.8 alloc/frame=0.0 [PASS]
→ W5/B ... P99=24.8 alloc/frame=0.0 [PASS]
→ W5/C ... P99=24.7 alloc/frame=0.0 [PASS]
→ W5/D ... P99=12.0 alloc/frame=0.0 [PASS]

✓ W-suite bundle: /home/runner/work/Weft/Weft/bench/results/wsuite-x86_64-sandbox.json
  cells: 20 (target: 20 = 5 workloads × 4 backends)
  pass: 20/20
{
  "shard": "perf-regression",
  "status": "PASSED",
  "threshold_pct": 5,
  "regression_count": 0,
  "improvement_count": 20,
  "cells_compared": 20,
  "regressions": [],
  "improvements": [
    {
      "workload": "W1",
      "backend": "A",
      "baseline": 7.3,
      "actual": 119.0,
      "delta_pct": 1530.1,
      "reason": "improvement"
    },
    {
      "workload": "W1",
      "backend": "B",
      "baseline": 44.6,
      "actual": 131.5,
      "delta_pct": 194.8,
      "reason": "improvement"
    },
    {
      "workload": "W1",
      "backend": "C",
      "baseline": 7.8,
      "actual": 137.6,
      "delta_pct": 1664.1,
      "reason": "improvement"
    },
    {
      "workload": "W1",
      "backend": "D",
      "baseline": 18.6,
      "actual": 86.5,
      "delta_pct": 365.1,
      "reason": "improvement"
    },
    {
      "workload": "W2",
      "backend": "A",
      "baseline": 4.3,
      "actual": 78.6,
      "delta_pct": 1727.9,
      "reason": "improvement"
    },
    {
      "workload": "W2",
      "backend": "B",
      "baseline": 6.1,
      "actual": 108.2,
      "delta_pct": 1673.8,
      "reason": "improvement"
    },
    {
      "workload": "W2",
      "backend": "C",
      "baseline": 16.4,
      "actual": 112.0,
      "delta_pct": 582.9,
      "reason": "improvement"
    },
    {
      "workload": "W2",
      "backend": "D",
      "baseline": 7.5,
      "actual": 46.2,
      "delta_pct": 516.0,
      "reason": "improvement"
    },
    {
      "workload": "W3",
      "backend": "A",
      "baseline": 2.6,
      "actual": 7.9,
      "delta_pct": 203.8,
      "reason": "improvement"
    },
    {
      "workload": "W3",
      "backend": "B",
      "baseline": 3.7,
      "actual": 11.6,
      "delta_pct": 213.5,
      "reason": "improvement"
    },
    {
      "workload": "W3",
      "backend": "C",
      "baseline": 2.8,
      "actual": 11.7,
      "delta_pct": 317.9,
      "reason": "improvement"
    },
    {
      "workload": "W3",
      "backend": "D",
      "baseline": 1.1,
      "actual": 6.2,
      "delta_pct": 463.6,
      "reason": "improvement"
    },
    {
      "workload": "W4",
      "backend": "A",
      "baseline": 659.0,
      "actual": 2616.3,
      "delta_pct": 297.0,
      "reason": "improvement"
    },
    {
      "workload": "W4",
      "backend": "B",
      "baseline": 681.4,
      "actual": 2717.7,
      "delta_pct": 298.8,
      "reason": "improvement"
    },
    {
      "workload": "W4",
      "backend": "C",
      "baseline": 578.3,
      "actual": 2627.7,
      "delta_pct": 354.4,
      "reason": "improvement"
    },
    {
      "workload": "W4",
      "backend": "D",
      "baseline": 409.0,
      "actual": 2589.9,
      "delta_pct": 533.2,
      "reason": "improvement"
    },
    {
      "workload": "W5",
      "backend": "A",
      "baseline": 5.4,
      "actual": 18.8,
      "delta_pct": 248.1,
      "reason": "improvement"
    },
    {
      "workload": "W5",
      "backend": "B",
      "baseline": 7.7,
      "actual": 24.8,
      "delta_pct": 222.1,
      "reason": "improvement"
    },
    {
      "workload": "W5",
      "backend": "C",
      "baseline": 7.7,
      "actual": 24.7,
      "delta_pct": 220.8,
      "reason": "improvement"
    },
    {
      "workload": "W5",
      "backend": "D",
      "baseline": 3.2,
      "actual": 12.0,
      "delta_pct": 275.0,
      "reason": "improvement"
    }
  ],
  "all_compared": [
    {
      "workload": "W1",
      "backend": "A",
      "baseline_p99": 7.3,
      "actual_p99": 119.0,
      "delta_pct": 1530.1
    },
    {
      "workload": "W1",
      "backend": "B",
      "baseline_p99": 44.6,
      "actual_p99": 131.5,
      "delta_pct": 194.8
    },
    {
      "workload": "W1",
      "backend": "C",
      "baseline_p99": 7.8,
      "actual_p99": 137.6,
      "delta_pct": 1664.1
    },
    {
      "workload": "W1",
      "backend": "D",
      "baseline_p99": 18.6,
      "actual_p99": 86.5,
      "delta_pct": 365.1
    },
    {
      "workload": "W2",
      "backend": "A",
      "baseline_p99": 4.3,
      "actual_p99": 78.6,
      "delta_pct": 1727.9
    },
    {
      "workload": "W2",
      "backend": "B",
      "baseline_p99": 6.1,
      "actual_p99": 108.2,
      "delta_pct": 1673.8
    },
    {
      "workload": "W2",
      "backend": "C",
      "baseline_p99": 16.4,
      "actual_p99": 112.0,
      "delta_pct": 582.9
    },
    {
      "workload": "W2",
      "backend": "D",
      "baseline_p99": 7.5,
      "actual_p99": 46.2,
      "delta_pct": 516.0
    },
    {
      "workload": "W3",
      "backend": "A",
      "baseline_p99": 2.6,
      "actual_p99": 7.9,
      "delta_pct": 203.8
    },
    {
      "workload": "W3",
      "backend": "B",
      "baseline_p99": 3.7,
      "actual_p99": 11.6,
      "delta_pct": 213.5
    },
    {
      "workload": "W3",
      "backend": "C",
      "baseline_p99": 2.8,
      "actual_p99": 11.7,
      "delta_pct": 317.9
    },
    {
      "workload": "W3",
      "backend": "D",
      "baseline_p99": 1.1,
      "actual_p99": 6.2,
      "delta_pct": 463.6
    },
    {
      "workload": "W4",
      "backend": "A",
      "baseline_p99": 659.0,
      "actual_p99": 2616.3,
      "delta_pct": 297.0
    },
    {
      "workload": "W4",
      "backend": "B",
      "baseline_p99": 681.4,
      "actual_p99": 2717.7,
      "delta_pct": 298.8
    },
    {
      "workload": "W4",
      "backend": "C",
      "baseline_p99": 578.3,
      "actual_p99": 2627.7,
      "delta_pct": 354.4
    },
    {
      "workload": "W4",
      "backend": "D",
      "baseline_p99": 409.0,
      "actual_p99": 2589.9,
      "delta_pct": 533.2
    },
    {
      "workload": "W5",
      "backend": "A",
      "baseline_p99": 5.4,
      "actual_p99": 18.8,
      "delta_pct": 248.1
    },
    {
      "workload": "W5",
      "backend": "B",
      "baseline_p99": 7.7,
      "actual_p99": 24.8,
      "delta_pct": 222.1
    },
    {
      "workload": "W5",
      "backend": "C",
      "baseline_p99": 7.7,
      "actual_p99": 24.7,
      "delta_pct": 220.8
    },
    {
      "workload": "W5",
      "backend": "D",
      "baseline_p99": 3.2,
      "actual_p99": 12.0,
      "delta_pct": 275.0
    }
  ]
}

-> publish/claim P50+P99 latency vs ci/baselines/publish-claim-p99-baseline.json
  PASS claim_p50: {'actual': 36, 'baseline': 40, 'ok': True}
  PASS claim_p99: {'actual': 86, 'limit': 20000, 'noise_cap': 20000, 'ok': True}
  PASS publish_p50: {'actual': 45, 'baseline': 48, 'ok': True}
  PASS publish_p99: {'actual': 104, 'limit': 20000, 'noise_cap': 20000, 'ok': True}

=== Perf-regression status: PASSED ===
✅ No performance regressions
