=== TSAN run 3 ===
  L8-envelope
{"test":"L8-envelope","lang":"c","pass":true,"metrics":{"roundtrip":true,"unknown_fields":true,"negotiation":true,"coexist":true}}
    exit=0
  L2-writer-steps
{"test":"L2-writer-steps","lang":"c","pass":true,"metrics":{"holds_ms":[0,10,25,50,100],"publishes":10000,"max_wsteps":1,"bound":2}}
    exit=0
  L3-reader-steps
{"test":"L3-reader-steps","lang":"c","pass":true,"metrics":{"claims":2000,"max_rsteps":1,"bound":2}}
    exit=0
  L7-revocation
WARNING: ThreadSanitizer: data race (pid=5980)
SUMMARY: ThreadSanitizer: data race ../../../../src/libsanitizer/sanitizer_common/sanitizer_common_interceptors_memintrinsics.inc:87 in memset
ThreadSanitizer: reported 1 warnings
{"test":"L7-revocation","lang":"c","pass":true,"metrics":{"reclaim_ok":true,"post_revoke_revoked":100,"poison_intact":true,"first_revoked_at":620}}
    exit=0
  L5-progress
{"test":"L5-progress","lang":"c","pass":false,"metrics":{"rates_hz":[1173.0,1998.0,2000.0,1998.0,2000.0],"ratio":1.705,"tolerance":1.50,"configs":5}}
    exit=0
  L1-tear
{"test":"L1-tear","lang":"c","pass":true,"metrics":{"holds_ms":[5,10,50],"claims":796,"claims_per_s":104.9,"torn":0,"drain_ok":true}}
    exit=0
  L6-ownership
{"test":"L6-ownership","lang":"c","pass":true,"metrics":{"trials":200,"frames_per_trial":64,"violations":0,"seed":"0x00C0FFEE"}}
    exit=0
  L4-freshness
{"test":"L4-freshness","lang":"c","pass":true,"metrics":{"frames":2000,"freshness_violations":0,"future_violations":0,"drain_exact":true,"stale_returns":4}}
    exit=0
Run 3 complete
