STATUS: PASSED
TS kernel loads OK

=== Iteration 1/5 (ts) ===
# Loaded catalog: weft-litmus v3
  running ts L1-tear...
    -> exit=0 elapsed=0.7s pass=True
  running ts L2-writer-steps...
    -> exit=0 elapsed=0.4s pass=True
  running ts L3-reader-steps...
    -> exit=0 elapsed=0.2s pass=True
  running ts L4-freshness...
    -> exit=0 elapsed=0.2s pass=True
  running ts L5-progress...
    -> exit=0 elapsed=4.2s pass=True
  running ts L6-ownership...
    -> exit=0 elapsed=14.2s pass=True
  running ts L7-revocation...
    -> exit=0 elapsed=0.2s pass=True
  running ts L8-envelope...
    -> exit=0 elapsed=0.1s pass=True
Wrote /home/runner/work/Weft/Weft/litmus/REPORT.md
Wrote /home/runner/work/Weft/Weft/litmus/results.json

=== Iteration 2/5 (ts) ===
# Loaded catalog: weft-litmus v3
  running ts L1-tear...
    -> exit=0 elapsed=0.7s pass=True
  running ts L2-writer-steps...
    -> exit=0 elapsed=0.4s pass=True
  running ts L3-reader-steps...
    -> exit=0 elapsed=0.2s pass=True
  running ts L4-freshness...
    -> exit=0 elapsed=0.2s pass=True
  running ts L5-progress...
    -> exit=0 elapsed=4.2s pass=True
  running ts L6-ownership...
    -> exit=0 elapsed=13.9s pass=True
  running ts L7-revocation...
    -> exit=0 elapsed=0.2s pass=True
  running ts L8-envelope...
    -> exit=0 elapsed=0.1s pass=True
Wrote /home/runner/work/Weft/Weft/litmus/REPORT.md
Wrote /home/runner/work/Weft/Weft/litmus/results.json

=== Iteration 3/5 (ts) ===
# Loaded catalog: weft-litmus v3
  running ts L1-tear...
    -> exit=0 elapsed=0.7s pass=True
  running ts L2-writer-steps...
    -> exit=0 elapsed=0.4s pass=True
  running ts L3-reader-steps...
    -> exit=0 elapsed=0.2s pass=True
  running ts L4-freshness...
    -> exit=0 elapsed=0.2s pass=True
  running ts L5-progress...
    -> exit=0 elapsed=4.2s pass=True
  running ts L6-ownership...
    -> exit=0 elapsed=14.0s pass=True
  running ts L7-revocation...
    -> exit=0 elapsed=0.2s pass=True
  running ts L8-envelope...
    -> exit=0 elapsed=0.1s pass=True
Wrote /home/runner/work/Weft/Weft/litmus/REPORT.md
Wrote /home/runner/work/Weft/Weft/litmus/results.json

=== Iteration 4/5 (ts) ===
# Loaded catalog: weft-litmus v3
  running ts L1-tear...
    -> exit=0 elapsed=0.7s pass=True
  running ts L2-writer-steps...
    -> exit=0 elapsed=0.4s pass=True
  running ts L3-reader-steps...
    -> exit=0 elapsed=0.2s pass=True
  running ts L4-freshness...
    -> exit=0 elapsed=0.2s pass=True
  running ts L5-progress...
    -> exit=0 elapsed=4.2s pass=True
  running ts L6-ownership...
    -> exit=0 elapsed=14.0s pass=True
  running ts L7-revocation...
    -> exit=0 elapsed=0.2s pass=True
  running ts L8-envelope...
    -> exit=0 elapsed=0.1s pass=True
Wrote /home/runner/work/Weft/Weft/litmus/REPORT.md
Wrote /home/runner/work/Weft/Weft/litmus/results.json

=== Iteration 5/5 (ts) ===
# Loaded catalog: weft-litmus v3
  running ts L1-tear...
    -> exit=0 elapsed=0.7s pass=True
  running ts L2-writer-steps...
    -> exit=0 elapsed=0.4s pass=True
  running ts L3-reader-steps...
    -> exit=0 elapsed=0.2s pass=True
  running ts L4-freshness...
    -> exit=0 elapsed=0.2s pass=True
  running ts L5-progress...
    -> exit=0 elapsed=4.2s pass=True
  running ts L6-ownership...
    -> exit=0 elapsed=14.1s pass=True
  running ts L7-revocation...
    -> exit=0 elapsed=0.2s pass=True
  running ts L8-envelope...
    -> exit=0 elapsed=0.1s pass=True
Wrote /home/runner/work/Weft/Weft/litmus/REPORT.md
Wrote /home/runner/work/Weft/Weft/litmus/results.json
{
  "shard": "litmus-stability-ts",
  "iterations": 5,
  "runs": [
    {
      "iteration": 1,
      "status": "PASSED"
    },
    {
      "iteration": 2,
      "status": "PASSED"
    },
    {
      "iteration": 3,
      "status": "PASSED"
    },
    {
      "iteration": 4,
      "status": "PASSED"
    },
    {
      "iteration": 5,
      "status": "PASSED"
    }
  ],
  "pass_count": 5,
  "fail_count": 0,
  "status": "PASSED",
  "pass_rate": 100.0
}

=== Stability summary (ts): 5/5 PASS, 0/5 FAIL ===
✅ Stability threshold met (>=80%)
