==================================================
SHARD: perf-regression
DESCRIPTION: W-suite P99 vs pinned baseline; >15% drop = FAIL
STATUS: FAILED ❌
COMMIT: 49858b4feb75e9fb3b47a250ebdc32cb196bb178
RUN: 247
==================================================

→ W1/A ... P99=106.8 alloc/frame=0.0 [PASS]
→ W1/B ... P99=133.2 alloc/frame=0.0 [PASS]
→ W1/C .../home/runner/work/Weft/Weft/core/c/weft.c:15: warning: "_GNU_SOURCE" redefined
   15 | #define _GNU_SOURCE  // for posix_memalign
      | 
<command-line>: note: this is the location of the previous definition
→ compiling Weft C kernel to /home/runner/work/Weft/Weft/core/c/libweft.so
 P99=131.1 alloc/frame=0.0 [PASS]
→ W1/D ... P99=92.3 alloc/frame=0.0 [PASS]
→ W2/A ... P99=63.0 alloc/frame=0.0 [PASS]
→ W2/B ... P99=112.6 alloc/frame=0.0 [PASS]
→ W2/C ... P99=91.5 alloc/frame=0.0 [PASS]
→ W2/D ... P99=41.1 alloc/frame=0.0 [PASS]
→ W3/A ... P99=10.9 alloc/frame=0.0 [PASS]
→ W3/B ... P99=14.2 alloc/frame=0.0 [PASS]
→ W3/C ... P99=14.1 alloc/frame=0.0 [PASS]
→ W3/D ... P99=6.7 alloc/frame=0.0 [PASS]
→ W4/A ... P99=2285.6 alloc/frame=0.0 [PASS]
→ W4/B ... P99=3069.1 alloc/frame=0.0 [PASS]
→ W4/C ... P99=2953.0 alloc/frame=0.0 [PASS]
→ W4/D ... P99=3187.8 alloc/frame=0.0 [PASS]
→ W5/A ... P99=22.9 alloc/frame=0.0 [PASS]
→ W5/B ... P99=30.2 alloc/frame=0.0 [PASS]
→ W5/C ... P99=24.0 alloc/frame=0.0 [PASS]
→ W5/D ... P99=11.8 alloc/frame=0.0 [PASS]

✓ W-suite bundle: /home/runner/work/Weft/Weft/bench/results/wsuite-x86_64-sandbox.json
  cells: 20 (target: 20 = 5 workloads × 4 backends)
  pass: 20/20
 P99=133.2 alloc/frame=0.0 [PASS]
→ W1/C .../home/runner/work/Weft/Weft/core/c/weft.c:15: warning: "_GNU_SOURCE" redefined
   15 | #define _GNU_SOURCE  // for posix_memalign
      | 
<command-line>: note: this is the location of the previous definition
→ compiling Weft C kernel to /home/runner/work/Weft/Weft/core/c/libweft.so
 P99=131.1 alloc/frame=0.0 [PASS]
→ W1/D ... P99=92.3 alloc/frame=0.0 [PASS]
→ W2/A ... P99=63.0 alloc/frame=0.0 [PASS]
→ W2/B ... P99=112.6 alloc/frame=0.0 [PASS]
→ W2/C ... P99=91.5 alloc/frame=0.0 [PASS]
→ W2/D ... P99=41.1 alloc/frame=0.0 [PASS]
→ W3/A ... P99=10.9 alloc/frame=0.0 [PASS]
→ W3/B ... P99=14.2 alloc/frame=0.0 [PASS]
→ W3/C ... P99=14.1 alloc/frame=0.0 [PASS]
→ W3/D ... P99=6.7 alloc/frame=0.0 [PASS]
→ W4/A ... P99=2285.6 alloc/frame=0.0 [PASS]
→ W4/B ... P99=3069.1 alloc/frame=0.0 [PASS]
→ W4/C ... P99=2953.0 alloc/frame=0.0 [PASS]
→ W4/D ... P99=3187.8 alloc/frame=0.0 [PASS]
→ W5/A ... P99=22.9 alloc/frame=0.0 [PASS]
→ W5/B ... P99=30.2 alloc/frame=0.0 [PASS]
→ W5/C ... P99=24.0 alloc/frame=0.0 [PASS]
→ W5/D ... P99=11.8 alloc/frame=0.0 [PASS]

✓ W-suite bundle: /home/runner/work/Weft/Weft/bench/results/wsuite-x86_64-sandbox.json
  cells: 20 (target: 20 = 5 workloads × 4 backends)
  pass: 20/20
{
  "shard": "perf-regression",
  "status": "PASSED",
  "threshold_pct": 5,
  "regression_count": 0,
  "improvement_count": 20,
  "cells_compared": 20,
  "regressions": [],
  "improvements": [
    {
      "workload": "W1",
      "backend": "A",
      "baseline": 7.3,
      "actual": 106.8,
      "delta_pct": 1363.0,
      "reason": "improvement"
    },
    {
      "workload": "W1",
      "backend": "B",
      "baseline": 44.6,
      "actual": 133.2,
      "delta_pct": 198.7,
      "reason": "improvement"
    },
    {
      "workload": "W1",
      "backend": "C",
      "baseline": 7.8,
      "actual": 131.1,
      "delta_pct": 1580.8,
      "reason": "improvement"
    },
    {
      "workload": "W1",
      "backend": "D",
      "baseline": 18.6,
      "actual": 92.3,
      "delta_pct": 396.2,
      "reason": "improvement"
    },
    {
      "workload": "W2",
      "backend": "A",
      "baseline": 4.3,
      "actual": 63.0,
      "delta_pct": 1365.1,
      "reason": "improvement"
    },
    {
      "workload": "W2",
      "backend": "B",
      "baseline": 6.1,
      "actual": 112.6,
      "delta_pct": 1745.9,
      "reason": "improvement"
    },
    {
      "workload": "W2",
      "backend": "C",
      "baseline": 16.4,
      "actual": 91.5,
      "delta_pct": 457.9,
      "reason": "improvement"
    },
    {
      "workload": "W2",
      "backend": "D",
      "baseline": 7.5,
      "actual": 41.1,
      "delta_pct": 448.0,
      "reason": "improvement"
    },
    {
      "workload": "W3",
      "backend": "A",
      "baseline": 2.6,
      "actual": 10.9,
      "delta_pct": 319.2,
      "reason": "improvement"
    },
    {
      "workload": "W3",
      "backend": "B",
      "baseline": 3.7,
      "actual": 14.2,
      "delta_pct": 283.8,
      "reason": "improvement"
    },
    {
      "workload": "W3",
      "backend": "C",
      "baseline": 2.8,
      "actual": 14.1,
      "delta_pct": 403.6,
      "reason": "improvement"
    },
    {
      "workload": "W3",
      "backend": "D",
      "baseline": 1.1,
      "actual": 6.7,
      "delta_pct": 509.1,
      "reason": "improvement"
    },
    {
      "workload": "W4",
      "backend": "A",
      "baseline": 659.0,
      "actual": 2285.6,
      "delta_pct": 246.8,
      "reason": "improvement"
    },
    {
      "workload": "W4",
      "backend": "B",
      "baseline": 681.4,
      "actual": 3069.1,
      "delta_pct": 350.4,
      "reason": "improvement"
    },
    {
      "workload": "W4",
      "backend": "C",
      "baseline": 578.3,
      "actual": 2953.0,
      "delta_pct": 410.6,
      "reason": "improvement"
    },
    {
      "workload": "W4",
      "backend": "D",
      "baseline": 409.0,
      "actual": 3187.8,
      "delta_pct": 679.4,
      "reason": "improvement"
    },
    {
      "workload": "W5",
      "backend": "A",
      "baseline": 5.4,
      "actual": 22.9,
      "delta_pct": 324.1,
      "reason": "improvement"
    },
    {
      "workload": "W5",
      "backend": "B",
      "baseline": 7.7,
      "actual": 30.2,
      "delta_pct": 292.2,
      "reason": "improvement"
    },
    {
      "workload": "W5",
      "backend": "C",
      "baseline": 7.7,
      "actual": 24.0,
      "delta_pct": 211.7,
      "reason": "improvement"
    },
    {
      "workload": "W5",
      "backend": "D",
      "baseline": 3.2,
      "actual": 11.8,
      "delta_pct": 268.8,
      "reason": "improvement"
    }
  ],
  "all_compared": [
    {
      "workload": "W1",
      "backend": "A",
      "baseline_p99": 7.3,
      "actual_p99": 106.8,
      "delta_pct": 1363.0
    },
    {
      "workload": "W1",
      "backend": "B",
      "baseline_p99": 44.6,
      "actual_p99": 133.2,
      "delta_pct": 198.7
    },
    {
      "workload": "W1",
      "backend": "C",
      "baseline_p99": 7.8,
      "actual_p99": 131.1,
      "delta_pct": 1580.8
    },
    {
      "workload": "W1",
      "backend": "D",
      "baseline_p99": 18.6,
      "actual_p99": 92.3,
      "delta_pct": 396.2
    },
    {
      "workload": "W2",
      "backend": "A",
      "baseline_p99": 4.3,
      "actual_p99": 63.0,
      "delta_pct": 1365.1
    },
    {
      "workload": "W2",
      "backend": "B",
      "baseline_p99": 6.1,
      "actual_p99": 112.6,
      "delta_pct": 1745.9
    },
    {
      "workload": "W2",
      "backend": "C",
      "baseline_p99": 16.4,
      "actual_p99": 91.5,
      "delta_pct": 457.9
    },
    {
      "workload": "W2",
      "backend": "D",
      "baseline_p99": 7.5,
      "actual_p99": 41.1,
      "delta_pct": 448.0
    },
    {
      "workload": "W3",
      "backend": "A",
      "baseline_p99": 2.6,
      "actual_p99": 10.9,
      "delta_pct": 319.2
    },
    {
      "workload": "W3",
      "backend": "B",
      "baseline_p99": 3.7,
      "actual_p99": 14.2,
      "delta_pct": 283.8
    },
    {
      "workload": "W3",
      "backend": "C",
      "baseline_p99": 2.8,
      "actual_p99": 14.1,
      "delta_pct": 403.6
    },
    {
      "workload": "W3",
      "backend": "D",
      "baseline_p99": 1.1,
      "actual_p99": 6.7,
      "delta_pct": 509.1
    },
    {
      "workload": "W4",
      "backend": "A",
      "baseline_p99": 659.0,
      "actual_p99": 2285.6,
      "delta_pct": 246.8
    },
    {
      "workload": "W4",
      "backend": "B",
      "baseline_p99": 681.4,
      "actual_p99": 3069.1,
      "delta_pct": 350.4
    },
    {
      "workload": "W4",
      "backend": "C",
      "baseline_p99": 578.3,
      "actual_p99": 2953.0,
      "delta_pct": 410.6
    },
    {
      "workload": "W4",
      "backend": "D",
      "baseline_p99": 409.0,
      "actual_p99": 3187.8,
      "delta_pct": 679.4
    },
    {
      "workload": "W5",
      "backend": "A",
      "baseline_p99": 5.4,
      "actual_p99": 22.9,
      "delta_pct": 324.1
    },
    {
      "workload": "W5",
      "backend": "B",
      "baseline_p99": 7.7,
      "actual_p99": 30.2,
      "delta_pct": 292.2
    },
    {
      "workload": "W5",
      "backend": "C",
      "baseline_p99": 7.7,
      "actual_p99": 24.0,
      "delta_pct": 211.7
    },
    {
      "workload": "W5",
      "backend": "D",
      "baseline_p99": 3.2,
      "actual_p99": 11.8,
      "delta_pct": 268.8
    }
  ]
}

-> publish/claim P50+P99 latency vs ci/baselines/publish-claim-p99-baseline.json
  PASS claim_p50: {'actual': 33, 'baseline': 40, 'ok': True}
  PASS claim_p99: {'actual': 818, 'limit': 20000, 'noise_cap': 20000, 'ok': True}
  PASS publish_p50: {'actual': 44, 'baseline': 48, 'ok': True}
  PASS publish_p99: {'actual': 339, 'limit': 20000, 'noise_cap': 20000, 'ok': True}

=== Perf-regression status: PASSED ===
✅ No performance regressions
