==================================================
SHARD: heddle2
DESCRIPTION: Pillar 4 heddle-2.0: HPL1 fixtures + core/react suites + zero-alloc probes (<32KiB) + Dart/Swift audits + 240fps flight mandates (0 re-render, GC<32KiB/100k frames)
STATUS: FAILED ❌
COMMIT: 49858b4feb75e9fb3b47a250ebdc32cb196bb178
RUN: 247
==================================================

[1/8] kernel-core integrity (Law 3: core/c byte-frozen)
    core/c/ untouched
[2/8] HPL1 fixture determinism (double-run byte-identical)
    fixtures byte-identical
[3/8] heddle-core suite
ℹ cancelled 0
ℹ skipped 0
ℹ todo 0
ℹ duration_ms 145.910309
[4/8] react-heddle suite (zero-re-render binding layer)
ℹ cancelled 0
ℹ skipped 0
ℹ todo 0
ℹ duration_ms 128.476313
[5/8] native-source structural audits (Dart + Swift, no-SDK lanes)
  ok  pubspec sdk constraint
static_audit: 35 passed, 0 failed
  ok  XCTest covers torn-seqlock Law-4 behavior
swift_audit: 22 passed, 0 failed
[6/8] zero-allocation probes (--expose-gc, 100k ops, < 32 KiB gate)
    {"mode":"producer","iters":100000,"heapGrowthBytes":-3832,"gateBytes":32768,"pass":true}
    {"mode":"consumer","iters":100000,"heapGrowthBytes":-15952,"gateBytes":32768,"pass":true}
    {"mode":"scheduler","iters":100000,"heapGrowthBytes":-3368,"gateBytes":32768,"pass":true}
