==================================================
SHARD: weft-cluster-managed
DESCRIPTION: Project weft-cluster Pillar 3: TS wire/client/topology/router/metrics, Python wire/router/UDP parity, live UDP mesh, 100k zero-alloc probes, 1M fps burst, rendezvous router
STATUS: PASSED ✅
COMMIT: 49858b4feb75e9fb3b47a250ebdc32cb196bb178
RUN: 247
==================================================

[1/8] kernel-core integrity (Law 3: core/c/weft.{c,h} byte-frozen)
    core/c/weft.{c,h} untouched
[2/8] TS wire vectors + cross-language guard
✔ crosslang: TS still decodes the frozen WCN1 vectors byte-exactly (2.182034ms)
✔ crosslang: TS rejects malformed fixtures with the frozen codes (0.320991ms)
✔ crosslang: FNV/CRC reference vectors match the fixture (0.347971ms)
✔ crc32 IEEE vectors (parity with Python zlib.crc32) (1.232236ms)
✔ fnv1a64 topic hash vectors (parity with Python impl) (0.322975ms)
✔ WCN1 header: little-endian byte layout is normative (0.330418ms)
✔ WCN1 round-trip: encode -> decode -> same fields (7.526346ms)
✔ Law 4: malformed datagrams map to the exact error taxonomy (0.456073ms)
✔ error names are stable (Law 4 contract) (0.392684ms)
✔ WGS1 gossip: encode + entries + decode round-trip (0.617065ms)
✔ WGS1: entry_count overrun is WC_E_TRUNCATED, not a crash (0.245279ms)
✔ Law 1: decodeInto is allocation-free (structural check) (0.364802ms)
ℹ tests 12
ℹ suites 0
ℹ pass 12
ℹ fail 0
ℹ cancelled 0
ℹ skipped 0
ℹ todo 0
ℹ duration_ms 95.005389
[3/8] Python wire + router vector parity
.........                                                                [100%]
9 passed in 0.33s
[4/8] TypeScript suite
✔ shm: publish -> subscribe async iterator, seq monotonic, payload intact (13.883374ms)
✔ shm: two subscribers fan out independently; unsubscribe stops flow (12.046626ms)
✔ shm: tryLatest reads newest without advancing the iterator (4.88891ms)
✔ Law 4: stale seq replays are dropped and counted (datagram path) (1.645981ms)
✔ udp: two clients, SUB control plane, live datagram pub/sub (37.856451ms)
✔ udp: publisher with zero subscribers stays silent (no peers dup) (1.688911ms)
✔ crosslang: TS still decodes the frozen WCN1 vectors byte-exactly (2.095813ms)
✔ crosslang: TS rejects malformed fixtures with the frozen codes (0.408184ms)
✔ crosslang: FNV/CRC reference vectors match the fixture (0.461213ms)
✔ registry: counters, gauges, histogram quantile sanity (3.011316ms)
✔ histogram bucket bounds follow the 1, 2, 3, 4, 6, 8, 12... sequence (0.565015ms)
✔ prometheus: exposition format with cumulative histogram buckets (1.03162ms)
✔ otel: OTLP/JSON document shape (resourceMetrics -> metrics) (1.42131ms)
✔ perfetto: .pftrace protobuf round-trips packets and track events (1.808715ms)
✔ prometheus: embedded /metrics server answers 200 over real HTTP (70.574527ms)
✔ router: deterministic owner across calls and instances (2.345189ms)
✔ router: cross-language owner vector (node seeds 11,22,33,44 / telemetry) (2.630844ms)
✔ router: 8-node balance within 3x envelope (6.249667ms)
✔ router: minimal disruption — adding 1 of 9 nodes moves ~1/9 of topics (9.044146ms)
✔ router: unrouted topic -> WC_E_TOPIC_UNROUTED (0.348983ms)
✔ router: removeNode stops routing to it; version bumps (0.308988ms)
✔ membership: upsert + hash-index lookup round-trip (2.182164ms)
✔ membership: open addressing survives heavy collisions (2.994965ms)
✔ gossip: 3 engines converge to a full membership view (socketless) (3.704293ms)
✔ gossip: stale incarnation ignored, higher incarnation wins (0.498313ms)
✔ gossip: LEAVING is sticky at equal incarnation, revive needs higher (0.308076ms)
✔ gossip: SWIM refutation — falsely-leaving node bumps incarnation (0.340677ms)
✔ gossip: silent nodes suspect then evicted (fake clock) (1.360246ms)
✔ gossip: graceful leave announces and propagates LEAVING (0.401471ms)
✔ crc32 IEEE vectors (parity with Python zlib.crc32) (1.152067ms)
✔ fnv1a64 topic hash vectors (parity with Python impl) (0.350596ms)
✔ WCN1 header: little-endian byte layout is normative (0.284853ms)
✔ WCN1 round-trip: encode -> decode -> same fields (4.507045ms)
✔ Law 4: malformed datagrams map to the exact error taxonomy (0.301304ms)
✔ error names are stable (Law 4 contract) (0.274203ms)
✔ WGS1 gossip: encode + entries + decode round-trip (0.435144ms)
✔ WGS1: entry_count overrun is WC_E_TRUNCATED, not a crash (0.144801ms)
✔ Law 1: decodeInto is allocation-free (structural check) (0.381604ms)
ℹ tests 38
ℹ suites 0
ℹ pass 38
ℹ fail 0
ℹ cancelled 0
ℹ skipped 0
ℹ todo 0
ℹ duration_ms 2191.125999
[5/8] Python suite
.....s.........                                                          [100%]
14 passed, 1 skipped in 8.68s
[6/8] live cross-language UDP cluster (both directions)
..                                                                       [100%]
2 passed in 8.32s
[7/8] zero-allocation probes (100k ops each, post-warmup, --expose-gc)
    {"mode":"publish","iters":100000,"heapBefore":7444616,"heapAfter":7444672,"deltaBytes":56}
    {"mode":"subscribe","iters":100000,"heapBefore":7522400,"heapAfter":7531136,"deltaBytes":8736}
    {"mode":"metrics","iters":100000,"heapBefore":7361928,"heapAfter":7359720,"deltaBytes":-2208}
    {"mode":"router","iters":100000,"heapBefore":7395744,"heapAfter":7395704,"deltaBytes":-40}
[8/8] performance gates
    [8a] 4-node demo smoke (monotonicity must PASS)
    demo PASS (monotonic, 0 gaps, 0 stale)
    [8b] mesh burst >= 1,000,000 fps (mandate D)
    {"kind":"weft-cluster-mesh-burst","transport":"loopback-shm (simulated cluster)","nodes":4,"consumers":3,"topics":1,"payloadBytes":64,"fpsTarget":1000000,"seconds":2,"publishedFrames":2000000,"ingestedFrames":6000000,"expectedIngest":6000000,"achievedFps":1044960,"fanoutWritesPerSec":3134881,"elapsedSec":1.91,"sequenceGaps":0,"hopLatencyNs":{"p50":1024,"p99":2048},"at":"2026-09-23T13:04:38.408Z"}
    [8c] membership lookup latency (mandate B1)
    {"kind":"weft-cluster-router-bench","membershipLookupNs":{"p50":17,"p99":38},"routerOwnerNs":{"p50":1142.9,"p99":1219.7,"nodes":8},"mandate":"lock-free cluster state table lookups < 10 ns (Pillar 3 mandate B1)"}
    lookup p50 17ns (gate 25ns; mandate 10ns is bare-metal — delta recorded in D-33)
weft-cluster-managed shard: ALL 8 STAGES GREEN
