==================================================
SHARD: simd-blend
DESCRIPTION: Q12 raster blend: C golden gates + xlang-blend cross-language digests + bench
STATUS: PASSED ✅
COMMIT: 50c432882bf3496cdf9c27e61372b4437321e1f4
RUN: 128
==================================================

== simd-blend shard: env x86_64/Linux ==
-- C kernel gates --
== blend_test: impl=avx2 (2) ==
B1 boundaries: OK
B2 parity sweep: OK (154 path-checks, all == scalar)
B3 alpha sweep 0..4096 (dispatched): OK
B4 in-place aliasing: OK
blend_test: ALL GATES GREEN
blend-test: ALL GATES GREEN
-- xlang-blend golden gate --
== xlang-blend golden parity: env x86_64/Linux ==
-- C kernel (golden source) --
   blend-test gates GREEN
   golden-vectors.csv matches the kernel
-- TS verifier (reference port) --
xlang-blend TS verifier: 63/63 golden digests match
-- Kotlin verifier --
xlang-blend Kotlin verifier: 63/63 golden digests match
-- Dart verifier: DECLARED skip (no dart; flutter-packages leg owns it) --
-- Swift port: DECLARED skip (no swiftc; apple-packages compiles + golden-gates it) --

xlang-blend: ran=3 declared_skips=2
✅ xlang-blend parity: every executed port byte-identical to the C kernel
xlang-blend parity GREEN
-- blend_runner benchmark --
== blend_runner: dispatch=avx2 ==
256x256-hot (65536 words): scalar   286472 ns/frame (  2.7 GB/s) | avx2    21440 ns/frame ( 36.7 GB/s) | speedup 13.36x
1080p (2073600 words): scalar  9063839 ns/frame (  2.7 GB/s) | avx2   697463 ns/frame ( 35.7 GB/s) | speedup 13.00x
4K (8294400 words): scalar 36254577 ns/frame (  2.7 GB/s) | avx2  3227131 ns/frame ( 30.8 GB/s) | speedup 11.23x
8K (33177600 words): scalar 145860508 ns/frame (  2.7 GB/s) | avx2 12942148 ns/frame ( 30.8 GB/s) | speedup 11.27x
✅ simd-blend shard GREEN
