==================================================
SHARD: fanout-concurrent
DESCRIPTION: 1 writer + 4 reader workers, integrity-gated + daisy-chain
STATUS: PASSED ✅
COMMIT: c95d02913592b3ea84135b29ec5682914635a5eb
RUN: 130
==================================================

────────────────────────────────────────────────────────────────────────
RFC 0004 — CONCURRENT fan-out torture test (worker_threads, true parallelism)
────────────────────────────────────────────────────────────────────────
phase 1  sprint : writer 2.372M pub/s over 400000 frames (169 ms) — 4 verifying readers
  reader[0] fresh=216127 dropped=183873 stale=1058431 tornRetries=9 notReady=5432 exhausted=0 violations=0 (173 ms)
  reader[1] fresh=225066 dropped=174934 stale=1088052 tornRetries=13 notReady=142391 exhausted=0 violations=0 (174 ms)
  reader[2] fresh=209873 dropped=189920 stale=988996 tornRetries=8 notReady=103991 exhausted=0 violations=0 (174 ms)
  reader[3] fresh=26 dropped=399767 stale=771654 tornRetries=12 notReady=5601 exhausted=0 violations=0 (174 ms)
phase 2  daisy  : Triad kernel → broadcaster → ring → 4 readers over 120000 frames (210 ms, 571K frames/s)
  reader[0] fresh=82462 dropped=37505 stale=901944 tornRetries=59 notReady=6321967 exhausted=0 violations=0 (400 ms)
  reader[1] fresh=74428 dropped=45572 stale=1311463 tornRetries=14 notReady=9920976 exhausted=0 violations=0 (444 ms)
  reader[2] fresh=80804 dropped=39196 stale=979570 tornRetries=27 notReady=8466277 exhausted=0 violations=0 (410 ms)
  reader[3] fresh=59950 dropped=60050 stale=1348037 tornRetries=12 notReady=9784160 exhausted=0 violations=0 (437 ms)
────────────────────────────────────────────────────────────────────────
GATE: ALL PASSED ✅  (integrity, convergence, exact drop accounting, daisy-chain)
────────────────────────────────────────────────────────────────────────
RFC 0004 — CONCURRENT fan-out benchmark (1 writer + 4 readers, worker_threads)
────────────────────────────────────────────────────────────────────────
Environment Tag: node / linux-sandbox (SharedArrayBuffer + Atomics, all SeqCst)
Writer: 1000000 publishes in 373 ms  →  2.684M publishes/sec  (latch protocol INCLUDED)
  reader[0]: fresh=989854 dropped=10140 claims=3962377 → 2.649M fresh claims/sec (374 ms)
  reader[1]: fresh=968255 dropped=31670 claims=3832964 → 2.612M fresh claims/sec (371 ms)
  reader[2]: fresh=843803 dropped=156191 claims=3220360 → 2.237M fresh claims/sec (377 ms)
  reader[3]: fresh=65 dropped=998135 claims=2101396 → 0.000M fresh claims/sec (364 ms)
Aggregate: 2.802M fresh deliveries across 4 readers; drops are per-reader (Law 4) and exact.
Law 2 invariant: publish/claim paths allocate nothing (pre-allocated views + out-params).
────────────────────────────────────────────────────────────────────────
✅ fanout-concurrent shard PASSED
