=== M-series: Weft SHM fabric conformance (RFC-0016) ===
  [PASS] M1a memfd create
  [PASS] M1b seals GROW|SHRINK|SEAL applied
  [PASS] M1c producer mapping writable
  [PASS] M1d geometry identity
  [PASS] M1e sealed ftruncate EPERM
  [PASS] M1f writer attaches to sealed memfd ring
  [PASS] M1g publish through seal
  [PASS] M1h destroy idempotent path
  [PASS] M2a RO view derived
  [PASS] M2b RO fd present
  [PASS] M2c RO fd is a session
  [PASS] M2d frame 1 visible via RO view
  [PASS] M2e payload bit-exact
  [PASS] M2f writable mmap on RO view EACCES (kernel-enforced)
  [PASS] M3a sendmsg SCM_RIGHTS
  [PASS] M3b child: fd + frame + EACCES + sealed ftruncate EPERM
  [PASS] M4a send data-only
  [PASS] M4b data-only -> rc 1, no fd
  [PASS] M4c send two-fd cmsg
  [PASS] M4d double-fd cmsg refused
  [PASS] M4e send_fd bad args
  [PASS] M4f recv_fd bad args
  [PASS] M5a anonymous SUBSCRIBE served
  [PASS] M5b child: handshake grant + 100-round claims bit-exact
  [PASS] M6a named listener created
  [PASS] M6c accept
  [PASS] M6d named-socket handshake served
  [PASS] M6e named-socket client attached
  [PASS] M6b duplicate listener refused
  [PASS] M6f stale socket file taken over
  [PASS] M6g connect to successor
  [PASS] M7a session key
  [PASS] M7b anonymous WRITE -> DENIED_ANON
  [PASS] M7c forged HMAC tag -> DENIED_TOKEN
  [PASS] M7d expired token -> DENIED_EXPIRED
  [PASS] M7e stale-epoch token -> DENIED (protocol)
  [PASS] M7f READ token requesting WRITE -> DENIED_PERMS
  [PASS] M7g session mismatch -> DENIED_SESSION
  [PASS] M8a PING served without a descriptor
  [PASS] M8b PING: epoch + latest_seq echoed, no fd granted
  [PASS] M10a WRITE-grant handshake served
  [PASS] M10b WRITE grant: RW fd received, writable, frame bit-exact
  [PASS] M11a lying GRANT delivered
  [PASS] M11b geometry lie refused (-3): header is the authority
  [PASS] M12a park exhausts budget (no frames) — bounded, Law 1
  [PASS] M12b park observes the fresh frame (doorbell-free)
  [PASS] M12c park idempotent when nothing newer
  [PASS] M12d park bad args
  [PASS] M9a handshake served (fork mesh)
  [PASS] M9a handshake served (fork mesh)
  [PASS] M9a handshake served (fork mesh)
  [PASS] M9b 3 forked consumers x 10k frames: bit-exact, exact telescoping, EACCES/EPERM posture held
=== M-series: 52 pass, 0 fail ===
