==================================================
SHARD: weft-tensor-managed
DESCRIPTION: Project weft-tensor Pillar 2: WTR1 layout, TS/Python ingestion engines, DLPack/NumPy bridge, cross-language parity, React/Flutter AI hooks/widgets, 120 FPS flight demo, alloc probes
STATUS: PASSED ✅
COMMIT: 7d95ce7f483086054ac90b7535a9787c0b5451e7
RUN: 227
==================================================

[1/8] fixture determinism
OK /home/runner/work/Weft/Weft/fixtures/weft-tensor/ring-v1-f32.bin (640 B) byte-identical
OK /home/runner/work/Weft/Weft/fixtures/weft-tensor/ring-v1-u8.bin (640 B) byte-identical
[2/8] TypeScript suite
✔ zero-alloc probe [ring] — 100k steady-state ops stay flat (96.882829ms)
✔ zero-alloc probe [ingest] — 100k steady-state ops stay flat (88.232999ms)
✔ zero-alloc probe [audio] — 100k steady-state ops stay flat (81.031814ms)
✔ zero-alloc probe [render] — 100k steady-state ops stay flat (1239.818664ms)
✔ zero-alloc probe [overlay] — 100k steady-state ops stay flat (50.252359ms)
✔ negative control: a deliberately-allocating loop IS caught (50.544519ms)
✔ f32 fixture: header fields, 10 frames, dyadic payload parity (3.744322ms)
✔ u8 fixture: header fields, 6 frames, byte payload parity (1.127916ms)
✔ WebCodecs sync fast path: bytes land in ring, no intermediate (2.693101ms)
✔ WebCodecs async fast path resolves after the GPU readback lands (0.310997ms)
✔ copyTo failure is a DROP, never a throw into the frame loop (0.25828ms)
✔ legacy sync copyTo returning void still commits the full slot (1.480904ms)
✔ ImageData + raw paths (0.399128ms)
✔ ingestor dtype gate: f32 ring rejected (Law 4) (0.497012ms)
✔ AudioPcmFeeder: exact-fit chunks roll one slot per chunk (0.491452ms)
✔ AudioPcmFeeder: chunk spanning slot boundaries carries with zero gaps (0.390638ms)
✔ AudioPcmFeeder: tiny chunks accumulate then roll (worklet cadence) (0.780296ms)
✔ AudioPcmFeeder dtype gate + chunk size gate (Law 4) (0.533196ms)
✔ crc32 matches node:zlib over the static header region (2.865493ms)
✔ f16FromBits matches numpy float16 decode exactly (0.388974ms)
✔ f16ToBits matches numpy round-to-nearest-even (0.354301ms)
✔ fourcc round-trips as LE ASCII (0.204064ms)
✔ validateRingHeader accepts both golden fixtures (1.22439ms)
✔ fail-closed corruption matrix — every mutation gets a machine-readable code (0.947077ms)
✔ dtype validity table (0.160478ms)
✔ create() writes a self-validating header (round trip through attach) (2.024219ms)
✔ Canvas2DPlane: ONE ImageData reused, pixel-accurate blit per frame (3.916756ms)
✔ Canvas2DPlane dtype gate (Law 4) (0.533107ms)
✔ OverlayScratch + drawBoxes2D: bounded, reused, pixel records (1.028797ms)
✔ drawSkeleton2D honours confidence gating (0.248009ms)
✔ WebGL2Plane: zero-alloc texSubImage2D from the slot view + fullscreen tri (1.31534ms)
✔ create + typed commit + acquireLatest returns exact values, zero surprises (3.346555ms)
✔ byte commit path (Uint8Array) with short payload (bounded loop, no throw) (0.310612ms)
✔ acquireLatest(lastSeq) returns null when nothing new; acquireFrame bounds (0.485454ms)
✔ overrun: slotCount=2, 5 commits -> old seq gone, latest correct (0.387016ms)
✔ torn read: uncommitted slot is invisible, then visible after commit marker (0.305751ms)
✔ zero-copy begin/finish path matches convenience commit (0.243517ms)
✔ commit rejects wrong dtype / oversized payloads (fail-closed) (0.634987ms)
✔ create() input validation is fail-closed (0.276777ms)
✔ waitForNewFrame resolves via injected scheduler; timeout path returns null (32.883642ms)
✔ SharedArrayBuffer smoke: create(shared) + atomics publish + acquire (0.38212ms)
✔ ring stats counters are sealed and monotonic (0.212914ms)
✔ detectRuntime identifies node (this process) (0.625392ms)
✔ detectRuntime: browser / deno / bun / worker / electron fakes (0.194015ms)
✔ runtimeMatrix feature list stays sorted/deterministic (0.565791ms)
✔ assertShareable accepts SAB, rejects plain ArrayBuffer (0.451325ms)
ℹ tests 46
ℹ suites 0
ℹ pass 46
ℹ fail 0
ℹ cancelled 0
ℹ skipped 0
ℹ todo 0
ℹ duration_ms 1669.783785
[3/8] Python suite
.......s.............s................                                   [100%]
36 passed, 2 skipped in 8.92s
[4/8] TS producer -> Python consumer
{"producer":"typescript","path":"/tmp/tmp.YU9rtyFiML/ts_ring.bin","byteLength":640,"producerSeq":10,"slotStride":128,"schemaId":"fe77000000000000"}
{"consumer": "python", "path": "/tmp/tmp.YU9rtyFiML/ts_ring.bin", "framesValidated": [7, 8, 9, 10], "dlpackAlias": true, "ok": true}
[5/8] Python producer -> TS consumer
{"producer": "python", "path": "/tmp/tmp.YU9rtyFiML/py_ring.bin", "byteLength": 640, "producerSeq": 10, "slotStride": 128, "schemaId": "fe77000000000001"}
{"consumer":"typescript","path":"/tmp/tmp.YU9rtyFiML/py_ring.bin","framesValidated":[7,8,9,10],"ok":true}
[6/8] DLPack alias proof (consumed the TS-produced ring, pointer-checked)
    dlpack alias OK (slot ptr 0x56392ae2ff30 inside ring 0x56392ae2fdf0..0x56392ae30070)
[7/8] zero-allocation probes (100k ops each, post-warmup, --expose-gc)
    {"mode":"ring","iters":100000,"heapBefore":4419560,"heapAfter":4402144,"deltaBytes":-17416}
    {"mode":"ingest","iters":100000,"heapBefore":4417208,"heapAfter":4411416,"deltaBytes":-5792}
    {"mode":"audio","iters":100000,"heapBefore":4392488,"heapAfter":4405792,"deltaBytes":13304}
    {"mode":"render","iters":100000,"heapBefore":4404960,"heapAfter":4406560,"deltaBytes":1600}
    {"mode":"overlay","iters":100000,"heapBefore":4284936,"heapAfter":4285648,"deltaBytes":712}
[8/8] latency gates (directive: commit < 50us)
    {"bench":"weft-tensor commit/acquire","node":"v24.20.0","video":{"geometry":"320x180 RGBA","slotCapBytes":230400,"commit":{"n":50000,"p50_us":0.125,"p99_us":0.901,"max_us":152.799},"acquire":{"n":50000,"p50_us":0.079,"p99_us":0.286,"max_us":27.966},"commit_under_50us":true},"audio":{"geometry":"2ch x 128 f32 (interleaved quanta 256)","slotCapBytes":1024,"commit":{"n":50000,"p50_us":0.355,"p99_us":0.618,"max_us":118.03},"acquire":{"n":50000,"p50_us":0.082,"p99_us":0.717,"max_us":97.326},"commit_under_50us":true}}
weft-tensor managed shard: ALL 8 STAGES GREEN
