==================================================
SHARD: fanout-concurrent
DESCRIPTION: 1 writer + 4 reader workers, integrity-gated + daisy-chain
STATUS: PASSED ✅
COMMIT: f418893e75fddfbe0c15d113b143fff64e9eea58
RUN: 65
==================================================

────────────────────────────────────────────────────────────────────────
RFC 0004 — CONCURRENT fan-out torture test (worker_threads, true parallelism)
────────────────────────────────────────────────────────────────────────
phase 1  sprint : writer 2.235M pub/s over 400000 frames (179 ms) — 4 verifying readers
  reader[0] fresh=80435 dropped=318486 stale=274877 tornRetries=912 notReady=0 exhausted=99 violations=0 (172 ms)
  reader[1] fresh=128542 dropped=270744 stale=243874 tornRetries=49 notReady=0 exhausted=0 violations=0 (173 ms)
  reader[2] fresh=210205 dropped=189758 stale=396142 tornRetries=14 notReady=0 exhausted=0 violations=0 (179 ms)
  reader[3] fresh=129609 dropped=270279 stale=184803 tornRetries=813 notReady=0 exhausted=87 violations=0 (177 ms)
phase 2  daisy  : Triad kernel → broadcaster → ring → 4 readers over 120000 frames (392 ms, 306K frames/s)
  reader[0] fresh=93918 dropped=26082 stale=1365895 tornRetries=39 notReady=1566308 exhausted=0 violations=0 (498 ms)
  reader[1] fresh=78501 dropped=41499 stale=1119281 tornRetries=34 notReady=1298231 exhausted=0 violations=0 (503 ms)
  reader[2] fresh=107023 dropped=12977 stale=1638327 tornRetries=80 notReady=2651929 exhausted=0 violations=0 (502 ms)
  reader[3] fresh=75 dropped=119835 stale=972335 tornRetries=28 notReady=1962852 exhausted=0 violations=0 (520 ms)
────────────────────────────────────────────────────────────────────────
GATE: ALL PASSED ✅  (integrity, convergence, exact drop accounting, daisy-chain)
────────────────────────────────────────────────────────────────────────
RFC 0004 — CONCURRENT fan-out benchmark (1 writer + 4 readers, worker_threads)
────────────────────────────────────────────────────────────────────────
Environment Tag: node / linux-sandbox (SharedArrayBuffer + Atomics, all SeqCst)
Writer: 1000000 publishes in 518 ms  →  1.931M publishes/sec  (latch protocol INCLUDED)
  reader[0]: fresh=309328 dropped=681668 claims=1586164 → 0.617M fresh claims/sec (501 ms)
  reader[1]: fresh=512279 dropped=487715 claims=2244253 → 0.981M fresh claims/sec (522 ms)
  reader[2]: fresh=911243 dropped=87704 claims=2488138 → 1.783M fresh claims/sec (511 ms)
  reader[3]: fresh=910494 dropped=87753 claims=2554904 → 1.804M fresh claims/sec (505 ms)
Aggregate: 2.643M fresh deliveries across 4 readers; drops are per-reader (Law 4) and exact.
Law 2 invariant: publish/claim paths allocate nothing (pre-allocated views + out-params).
────────────────────────────────────────────────────────────────────────
✅ fanout-concurrent shard PASSED
chmark (1 writer + 4 readers, worker_threads)
────────────────────────────────────────────────────────────────────────
Environment Tag: node / linux-sandbox (SharedArrayBuffer + Atomics, all SeqCst)
Writer: 1000000 publishes in 518 ms  →  1.931M publishes/sec  (latch protocol INCLUDED)
  reader[0]: fresh=309328 dropped=681668 claims=1586164 → 0.617M fresh claims/sec (501 ms)
  reader[1]: fresh=512279 dropped=487715 claims=2244253 → 0.981M fresh claims/sec (522 ms)
  reader[2]: fresh=911243 dropped=87704 claims=2488138 → 1.783M fresh claims/sec (511 ms)
  reader[3]: fresh=910494 dropped=87753 claims=2554904 → 1.804M fresh claims/sec (505 ms)
Aggregate: 2.643M fresh deliveries across 4 readers; drops are per-reader (Law 4) and exact.
Law 2 invariant: publish/claim paths allocate nothing (pre-allocated views + out-params).
────────────────────────────────────────────────────────────────────────
