==================================================
SHARD: perf-regression
DESCRIPTION: W-suite P99 vs pinned baseline; >15% drop = FAIL
STATUS: PASSED ✅
COMMIT: 16c1978fefc545ce278ef6f24fc6002dbc7866c9
RUN: 125
==================================================

→ W1/A ... P99=82.7 alloc/frame=0.0 [PASS]
→ W1/B ... P99=97.1 alloc/frame=0.0 [PASS]
→ W1/C .../home/runner/work/Weft/Weft/core/c/weft.c:15: warning: "_GNU_SOURCE" redefined
   15 | #define _GNU_SOURCE  // for posix_memalign
      | 
<command-line>: note: this is the location of the previous definition
→ compiling Weft C kernel to /home/runner/work/Weft/Weft/core/c/libweft.so
 P99=98.8 alloc/frame=0.0 [PASS]
→ W1/D ... P99=62.5 alloc/frame=0.0 [PASS]
→ W2/A ... P99=56.4 alloc/frame=0.0 [PASS]
→ W2/B ... P99=76.0 alloc/frame=0.0 [PASS]
→ W2/C ... P99=78.4 alloc/frame=0.0 [PASS]
→ W2/D ... P99=31.8 alloc/frame=0.0 [PASS]
→ W3/A ... P99=6.6 alloc/frame=0.0 [PASS]
→ W3/B ... P99=8.2 alloc/frame=0.0 [PASS]
→ W3/C ... P99=8.0 alloc/frame=0.0 [PASS]
→ W3/D ... P99=4.7 alloc/frame=0.0 [PASS]
→ W4/A ... P99=2083.3 alloc/frame=0.0 [PASS]
→ W4/B ... P99=2151.0 alloc/frame=0.0 [PASS]
→ W4/C ... P99=2057.6 alloc/frame=0.0 [PASS]
→ W4/D ... P99=2056.3 alloc/frame=0.0 [PASS]
→ W5/A ... P99=13.3 alloc/frame=0.0 [PASS]
→ W5/B ... P99=17.8 alloc/frame=0.0 [PASS]
→ W5/C ... P99=15.7 alloc/frame=0.0 [PASS]
→ W5/D ... P99=8.9 alloc/frame=0.0 [PASS]

✓ W-suite bundle: /home/runner/work/Weft/Weft/bench/results/wsuite-x86_64-sandbox.json
  cells: 20 (target: 20 = 5 workloads × 4 backends)
  pass: 20/20
1/B ... P99=97.1 alloc/frame=0.0 [PASS]
→ W1/C .../home/runner/work/Weft/Weft/core/c/weft.c:15: warning: "_GNU_SOURCE" redefined
   15 | #define _GNU_SOURCE  // for posix_memalign
      | 
<command-line>: note: this is the location of the previous definition
→ compiling Weft C kernel to /home/runner/work/Weft/Weft/core/c/libweft.so
 P99=98.8 alloc/frame=0.0 [PASS]
→ W1/D ... P99=62.5 alloc/frame=0.0 [PASS]
→ W2/A ... P99=56.4 alloc/frame=0.0 [PASS]
→ W2/B ... P99=76.0 alloc/frame=0.0 [PASS]
→ W2/C ... P99=78.4 alloc/frame=0.0 [PASS]
→ W2/D ... P99=31.8 alloc/frame=0.0 [PASS]
→ W3/A ... P99=6.6 alloc/frame=0.0 [PASS]
→ W3/B ... P99=8.2 alloc/frame=0.0 [PASS]
→ W3/C ... P99=8.0 alloc/frame=0.0 [PASS]
→ W3/D ... P99=4.7 alloc/frame=0.0 [PASS]
→ W4/A ... P99=2083.3 alloc/frame=0.0 [PASS]
→ W4/B ... P99=2151.0 alloc/frame=0.0 [PASS]
→ W4/C ... P99=2057.6 alloc/frame=0.0 [PASS]
→ W4/D ... P99=2056.3 alloc/frame=0.0 [PASS]
→ W5/A ... P99=13.3 alloc/frame=0.0 [PASS]
→ W5/B ... P99=17.8 alloc/frame=0.0 [PASS]
→ W5/C ... P99=15.7 alloc/frame=0.0 [PASS]
→ W5/D ... P99=8.9 alloc/frame=0.0 [PASS]

✓ W-suite bundle: /home/runner/work/Weft/Weft/bench/results/wsuite-x86_64-sandbox.json
  cells: 20 (target: 20 = 5 workloads × 4 backends)
  pass: 20/20
{
  "shard": "perf-regression",
  "status": "PASSED",
  "threshold_pct": 15,
  "regression_count": 0,
  "improvement_count": 20,
  "cells_compared": 20,
  "regressions": [],
  "improvements": [
    {
      "workload": "W1",
      "backend": "A",
      "baseline": 7.3,
      "actual": 82.7,
      "delta_pct": 1032.9,
      "reason": "improvement"
    },
    {
      "workload": "W1",
      "backend": "B",
      "baseline": 44.6,
      "actual": 97.1,
      "delta_pct": 117.7,
      "reason": "improvement"
    },
    {
      "workload": "W1",
      "backend": "C",
      "baseline": 7.8,
      "actual": 98.8,
      "delta_pct": 1166.7,
      "reason": "improvement"
    },
    {
      "workload": "W1",
      "backend": "D",
      "baseline": 18.6,
      "actual": 62.5,
      "delta_pct": 236.0,
      "reason": "improvement"
    },
    {
      "workload": "W2",
      "backend": "A",
      "baseline": 4.3,
      "actual": 56.4,
      "delta_pct": 1211.6,
      "reason": "improvement"
    },
    {
      "workload": "W2",
      "backend": "B",
      "baseline": 6.1,
      "actual": 76.0,
      "delta_pct": 1145.9,
      "reason": "improvement"
    },
    {
      "workload": "W2",
      "backend": "C",
      "baseline": 16.4,
      "actual": 78.4,
      "delta_pct": 378.0,
      "reason": "improvement"
    },
    {
      "workload": "W2",
      "backend": "D",
      "baseline": 7.5,
      "actual": 31.8,
      "delta_pct": 324.0,
      "reason": "improvement"
    },
    {
      "workload": "W3",
      "backend": "A",
      "baseline": 2.6,
      "actual": 6.6,
      "delta_pct": 153.8,
      "reason": "improvement"
    },
    {
      "workload": "W3",
      "backend": "B",
      "baseline": 3.7,
      "actual": 8.2,
      "delta_pct": 121.6,
      "reason": "improvement"
    },
    {
      "workload": "W3",
      "backend": "C",
      "baseline": 2.8,
      "actual": 8.0,
      "delta_pct": 185.7,
      "reason": "improvement"
    },
    {
      "workload": "W3",
      "backend": "D",
      "baseline": 1.1,
      "actual": 4.7,
      "delta_pct": 327.3,
      "reason": "improvement"
    },
    {
      "workload": "W4",
      "backend": "A",
      "baseline": 659.0,
      "actual": 2083.3,
      "delta_pct": 216.1,
      "reason": "improvement"
    },
    {
      "workload": "W4",
      "backend": "B",
      "baseline": 681.4,
      "actual": 2151.0,
      "delta_pct": 215.7,
      "reason": "improvement"
    },
    {
      "workload": "W4",
      "backend": "C",
      "baseline": 578.3,
      "actual": 2057.6,
      "delta_pct": 255.8,
      "reason": "improvement"
    },
    {
      "workload": "W4",
      "backend": "D",
      "baseline": 409.0,
      "actual": 2056.3,
      "delta_pct": 402.8,
      "reason": "improvement"
    },
    {
      "workload": "W5",
      "backend": "A",
      "baseline": 5.4,
      "actual": 13.3,
      "delta_pct": 146.3,
      "reason": "improvement"
    },
    {
      "workload": "W5",
      "backend": "B",
      "baseline": 7.7,
      "actual": 17.8,
      "delta_pct": 131.2,
      "reason": "improvement"
    },
    {
      "workload": "W5",
      "backend": "C",
      "baseline": 7.7,
      "actual": 15.7,
      "delta_pct": 103.9,
      "reason": "improvement"
    },
    {
      "workload": "W5",
      "backend": "D",
      "baseline": 3.2,
      "actual": 8.9,
      "delta_pct": 178.1,
      "reason": "improvement"
    }
  ],
  "all_compared": [
    {
      "workload": "W1",
      "backend": "A",
      "baseline_p99": 7.3,
      "actual_p99": 82.7,
      "delta_pct": 1032.9
    },
    {
      "workload": "W1",
      "backend": "B",
      "baseline_p99": 44.6,
      "actual_p99": 97.1,
      "delta_pct": 117.7
    },
    {
      "workload": "W1",
      "backend": "C",
      "baseline_p99": 7.8,
      "actual_p99": 98.8,
      "delta_pct": 1166.7
    },
    {
      "workload": "W1",
      "backend": "D",
      "baseline_p99": 18.6,
      "actual_p99": 62.5,
      "delta_pct": 236.0
    },
    {
      "workload": "W2",
      "backend": "A",
      "baseline_p99": 4.3,
      "actual_p99": 56.4,
      "delta_pct": 1211.6
    },
    {
      "workload": "W2",
      "backend": "B",
      "baseline_p99": 6.1,
      "actual_p99": 76.0,
      "delta_pct": 1145.9
    },
    {
      "workload": "W2",
      "backend": "C",
      "baseline_p99": 16.4,
      "actual_p99": 78.4,
      "delta_pct": 378.0
    },
    {
      "workload": "W2",
      "backend": "D",
      "baseline_p99": 7.5,
      "actual_p99": 31.8,
      "delta_pct": 324.0
    },
    {
      "workload": "W3",
      "backend": "A",
      "baseline_p99": 2.6,
      "actual_p99": 6.6,
      "delta_pct": 153.8
    },
    {
      "workload": "W3",
      "backend": "B",
      "baseline_p99": 3.7,
      "actual_p99": 8.2,
      "delta_pct": 121.6
    },
    {
      "workload": "W3",
      "backend": "C",
      "baseline_p99": 2.8,
      "actual_p99": 8.0,
      "delta_pct": 185.7
    },
    {
      "workload": "W3",
      "backend": "D",
      "baseline_p99": 1.1,
      "actual_p99": 4.7,
      "delta_pct": 327.3
    },
    {
      "workload": "W4",
      "backend": "A",
      "baseline_p99": 659.0,
      "actual_p99": 2083.3,
      "delta_pct": 216.1
    },
    {
      "workload": "W4",
      "backend": "B",
      "baseline_p99": 681.4,
      "actual_p99": 2151.0,
      "delta_pct": 215.7
    },
    {
      "workload": "W4",
      "backend": "C",
      "baseline_p99": 578.3,
      "actual_p99": 2057.6,
      "delta_pct": 255.8
    },
    {
      "workload": "W4",
      "backend": "D",
      "baseline_p99": 409.0,
      "actual_p99": 2056.3,
      "delta_pct": 402.8
    },
    {
      "workload": "W5",
      "backend": "A",
      "baseline_p99": 5.4,
      "actual_p99": 13.3,
      "delta_pct": 146.3
    },
    {
      "workload": "W5",
      "backend": "B",
      "baseline_p99": 7.7,
      "actual_p99": 17.8,
      "delta_pct": 131.2
    },
    {
      "workload": "W5",
      "backend": "C",
      "baseline_p99": 7.7,
      "actual_p99": 15.7,
      "delta_pct": 103.9
    },
    {
      "workload": "W5",
      "backend": "D",
      "baseline_p99": 3.2,
      "actual_p99": 8.9,
      "delta_pct": 178.1
    }
  ]
}

=== Perf-regression status: PASSED ===
✅ No performance regressions
