==================================================
SHARD: simd-blend
DESCRIPTION: Q12 raster blend: C golden gates + xlang-blend cross-language digests + bench
STATUS: PASSED ✅
COMMIT: 16c1978fefc545ce278ef6f24fc6002dbc7866c9
RUN: 125
==================================================

== simd-blend shard: env x86_64/Linux ==
-- C kernel gates --
== blend_test: impl=avx2 (2) ==
B1 boundaries: OK
B2 parity sweep: OK (154 path-checks, all == scalar)
B3 alpha sweep 0..4096 (dispatched): OK
B4 in-place aliasing: OK
blend_test: ALL GATES GREEN
blend-test: ALL GATES GREEN
-- xlang-blend golden gate --
== xlang-blend golden parity: env x86_64/Linux ==
-- C kernel (golden source) --
   blend-test gates GREEN
   golden-vectors.csv matches the kernel
-- TS verifier (reference port) --
xlang-blend TS verifier: 63/63 golden digests match
-- Kotlin verifier --
xlang-blend Kotlin verifier: 63/63 golden digests match
-- Dart verifier: DECLARED skip (no dart; flutter-packages leg owns it) --
-- Swift port: DECLARED skip (no swiftc; apple-packages compiles + golden-gates it) --

xlang-blend: ran=3 declared_skips=2
✅ xlang-blend parity: every executed port byte-identical to the C kernel
xlang-blend parity GREEN
-- blend_runner benchmark --
== blend_runner: dispatch=avx2 ==
256x256-hot (65536 words): scalar   289455 ns/frame (  2.7 GB/s) | avx2    21321 ns/frame ( 36.9 GB/s) | speedup 13.58x
1080p (2073600 words): scalar  9076995 ns/frame (  2.7 GB/s) | avx2   697717 ns/frame ( 35.7 GB/s) | speedup 13.01x
4K (8294400 words): scalar 36309420 ns/frame (  2.7 GB/s) | avx2  3141856 ns/frame ( 31.7 GB/s) | speedup 11.56x
8K (33177600 words): scalar 145218672 ns/frame (  2.7 GB/s) | avx2 14756748 ns/frame ( 27.0 GB/s) | speedup 9.84x
✅ simd-blend shard GREEN
