==================================================
SHARD: perf-regression
DESCRIPTION: W-suite P99 vs pinned baseline; >15% drop = FAIL
STATUS: PASSED ✅
COMMIT: fa9b4d21b33e2131cd4b8d883a6871674ef4ad01
RUN: 163
==================================================

→ W1/A ... P99=105.1 alloc/frame=0.0 [PASS]
→ W1/B ... P99=121.8 alloc/frame=0.0 [PASS]
→ W1/C .../home/runner/work/Weft/Weft/core/c/weft.c:15: warning: "_GNU_SOURCE" redefined
   15 | #define _GNU_SOURCE  // for posix_memalign
      | 
<command-line>: note: this is the location of the previous definition
→ compiling Weft C kernel to /home/runner/work/Weft/Weft/core/c/libweft.so
 P99=132.9 alloc/frame=0.0 [PASS]
→ W1/D ... P99=80.0 alloc/frame=0.0 [PASS]
→ W2/A ... P99=76.4 alloc/frame=0.0 [PASS]
→ W2/B ... P99=107.5 alloc/frame=0.0 [PASS]
→ W2/C ... P99=105.0 alloc/frame=0.0 [PASS]
→ W2/D ... P99=44.8 alloc/frame=0.0 [PASS]
→ W3/A ... P99=9.1 alloc/frame=0.0 [PASS]
→ W3/B ... P99=11.3 alloc/frame=0.0 [PASS]
→ W3/C ... P99=11.1 alloc/frame=0.0 [PASS]
→ W3/D ... P99=6.3 alloc/frame=0.0 [PASS]
→ W4/A ... P99=2486.7 alloc/frame=0.0 [PASS]
→ W4/B ... P99=2438.1 alloc/frame=0.0 [PASS]
→ W4/C ... P99=2438.4 alloc/frame=0.0 [PASS]
→ W4/D ... P99=2483.0 alloc/frame=0.0 [PASS]
→ W5/A ... P99=17.2 alloc/frame=0.0 [PASS]
→ W5/B ... P99=18.8 alloc/frame=0.0 [PASS]
→ W5/C ... P99=22.2 alloc/frame=0.0 [PASS]
→ W5/D ... P99=11.6 alloc/frame=0.0 [PASS]

✓ W-suite bundle: /home/runner/work/Weft/Weft/bench/results/wsuite-x86_64-sandbox.json
  cells: 20 (target: 20 = 5 workloads × 4 backends)
  pass: 20/20
 P99=121.8 alloc/frame=0.0 [PASS]
→ W1/C .../home/runner/work/Weft/Weft/core/c/weft.c:15: warning: "_GNU_SOURCE" redefined
   15 | #define _GNU_SOURCE  // for posix_memalign
      | 
<command-line>: note: this is the location of the previous definition
→ compiling Weft C kernel to /home/runner/work/Weft/Weft/core/c/libweft.so
 P99=132.9 alloc/frame=0.0 [PASS]
→ W1/D ... P99=80.0 alloc/frame=0.0 [PASS]
→ W2/A ... P99=76.4 alloc/frame=0.0 [PASS]
→ W2/B ... P99=107.5 alloc/frame=0.0 [PASS]
→ W2/C ... P99=105.0 alloc/frame=0.0 [PASS]
→ W2/D ... P99=44.8 alloc/frame=0.0 [PASS]
→ W3/A ... P99=9.1 alloc/frame=0.0 [PASS]
→ W3/B ... P99=11.3 alloc/frame=0.0 [PASS]
→ W3/C ... P99=11.1 alloc/frame=0.0 [PASS]
→ W3/D ... P99=6.3 alloc/frame=0.0 [PASS]
→ W4/A ... P99=2486.7 alloc/frame=0.0 [PASS]
→ W4/B ... P99=2438.1 alloc/frame=0.0 [PASS]
→ W4/C ... P99=2438.4 alloc/frame=0.0 [PASS]
→ W4/D ... P99=2483.0 alloc/frame=0.0 [PASS]
→ W5/A ... P99=17.2 alloc/frame=0.0 [PASS]
→ W5/B ... P99=18.8 alloc/frame=0.0 [PASS]
→ W5/C ... P99=22.2 alloc/frame=0.0 [PASS]
→ W5/D ... P99=11.6 alloc/frame=0.0 [PASS]

✓ W-suite bundle: /home/runner/work/Weft/Weft/bench/results/wsuite-x86_64-sandbox.json
  cells: 20 (target: 20 = 5 workloads × 4 backends)
  pass: 20/20
{
  "shard": "perf-regression",
  "status": "PASSED",
  "threshold_pct": 5,
  "regression_count": 0,
  "improvement_count": 20,
  "cells_compared": 20,
  "regressions": [],
  "improvements": [
    {
      "workload": "W1",
      "backend": "A",
      "baseline": 7.3,
      "actual": 105.1,
      "delta_pct": 1339.7,
      "reason": "improvement"
    },
    {
      "workload": "W1",
      "backend": "B",
      "baseline": 44.6,
      "actual": 121.8,
      "delta_pct": 173.1,
      "reason": "improvement"
    },
    {
      "workload": "W1",
      "backend": "C",
      "baseline": 7.8,
      "actual": 132.9,
      "delta_pct": 1603.8,
      "reason": "improvement"
    },
    {
      "workload": "W1",
      "backend": "D",
      "baseline": 18.6,
      "actual": 80.0,
      "delta_pct": 330.1,
      "reason": "improvement"
    },
    {
      "workload": "W2",
      "backend": "A",
      "baseline": 4.3,
      "actual": 76.4,
      "delta_pct": 1676.7,
      "reason": "improvement"
    },
    {
      "workload": "W2",
      "backend": "B",
      "baseline": 6.1,
      "actual": 107.5,
      "delta_pct": 1662.3,
      "reason": "improvement"
    },
    {
      "workload": "W2",
      "backend": "C",
      "baseline": 16.4,
      "actual": 105.0,
      "delta_pct": 540.2,
      "reason": "improvement"
    },
    {
      "workload": "W2",
      "backend": "D",
      "baseline": 7.5,
      "actual": 44.8,
      "delta_pct": 497.3,
      "reason": "improvement"
    },
    {
      "workload": "W3",
      "backend": "A",
      "baseline": 2.6,
      "actual": 9.1,
      "delta_pct": 250.0,
      "reason": "improvement"
    },
    {
      "workload": "W3",
      "backend": "B",
      "baseline": 3.7,
      "actual": 11.3,
      "delta_pct": 205.4,
      "reason": "improvement"
    },
    {
      "workload": "W3",
      "backend": "C",
      "baseline": 2.8,
      "actual": 11.1,
      "delta_pct": 296.4,
      "reason": "improvement"
    },
    {
      "workload": "W3",
      "backend": "D",
      "baseline": 1.1,
      "actual": 6.3,
      "delta_pct": 472.7,
      "reason": "improvement"
    },
    {
      "workload": "W4",
      "backend": "A",
      "baseline": 659.0,
      "actual": 2486.7,
      "delta_pct": 277.3,
      "reason": "improvement"
    },
    {
      "workload": "W4",
      "backend": "B",
      "baseline": 681.4,
      "actual": 2438.1,
      "delta_pct": 257.8,
      "reason": "improvement"
    },
    {
      "workload": "W4",
      "backend": "C",
      "baseline": 578.3,
      "actual": 2438.4,
      "delta_pct": 321.6,
      "reason": "improvement"
    },
    {
      "workload": "W4",
      "backend": "D",
      "baseline": 409.0,
      "actual": 2483.0,
      "delta_pct": 507.1,
      "reason": "improvement"
    },
    {
      "workload": "W5",
      "backend": "A",
      "baseline": 5.4,
      "actual": 17.2,
      "delta_pct": 218.5,
      "reason": "improvement"
    },
    {
      "workload": "W5",
      "backend": "B",
      "baseline": 7.7,
      "actual": 18.8,
      "delta_pct": 144.2,
      "reason": "improvement"
    },
    {
      "workload": "W5",
      "backend": "C",
      "baseline": 7.7,
      "actual": 22.2,
      "delta_pct": 188.3,
      "reason": "improvement"
    },
    {
      "workload": "W5",
      "backend": "D",
      "baseline": 3.2,
      "actual": 11.6,
      "delta_pct": 262.5,
      "reason": "improvement"
    }
  ],
  "all_compared": [
    {
      "workload": "W1",
      "backend": "A",
      "baseline_p99": 7.3,
      "actual_p99": 105.1,
      "delta_pct": 1339.7
    },
    {
      "workload": "W1",
      "backend": "B",
      "baseline_p99": 44.6,
      "actual_p99": 121.8,
      "delta_pct": 173.1
    },
    {
      "workload": "W1",
      "backend": "C",
      "baseline_p99": 7.8,
      "actual_p99": 132.9,
      "delta_pct": 1603.8
    },
    {
      "workload": "W1",
      "backend": "D",
      "baseline_p99": 18.6,
      "actual_p99": 80.0,
      "delta_pct": 330.1
    },
    {
      "workload": "W2",
      "backend": "A",
      "baseline_p99": 4.3,
      "actual_p99": 76.4,
      "delta_pct": 1676.7
    },
    {
      "workload": "W2",
      "backend": "B",
      "baseline_p99": 6.1,
      "actual_p99": 107.5,
      "delta_pct": 1662.3
    },
    {
      "workload": "W2",
      "backend": "C",
      "baseline_p99": 16.4,
      "actual_p99": 105.0,
      "delta_pct": 540.2
    },
    {
      "workload": "W2",
      "backend": "D",
      "baseline_p99": 7.5,
      "actual_p99": 44.8,
      "delta_pct": 497.3
    },
    {
      "workload": "W3",
      "backend": "A",
      "baseline_p99": 2.6,
      "actual_p99": 9.1,
      "delta_pct": 250.0
    },
    {
      "workload": "W3",
      "backend": "B",
      "baseline_p99": 3.7,
      "actual_p99": 11.3,
      "delta_pct": 205.4
    },
    {
      "workload": "W3",
      "backend": "C",
      "baseline_p99": 2.8,
      "actual_p99": 11.1,
      "delta_pct": 296.4
    },
    {
      "workload": "W3",
      "backend": "D",
      "baseline_p99": 1.1,
      "actual_p99": 6.3,
      "delta_pct": 472.7
    },
    {
      "workload": "W4",
      "backend": "A",
      "baseline_p99": 659.0,
      "actual_p99": 2486.7,
      "delta_pct": 277.3
    },
    {
      "workload": "W4",
      "backend": "B",
      "baseline_p99": 681.4,
      "actual_p99": 2438.1,
      "delta_pct": 257.8
    },
    {
      "workload": "W4",
      "backend": "C",
      "baseline_p99": 578.3,
      "actual_p99": 2438.4,
      "delta_pct": 321.6
    },
    {
      "workload": "W4",
      "backend": "D",
      "baseline_p99": 409.0,
      "actual_p99": 2483.0,
      "delta_pct": 507.1
    },
    {
      "workload": "W5",
      "backend": "A",
      "baseline_p99": 5.4,
      "actual_p99": 17.2,
      "delta_pct": 218.5
    },
    {
      "workload": "W5",
      "backend": "B",
      "baseline_p99": 7.7,
      "actual_p99": 18.8,
      "delta_pct": 144.2
    },
    {
      "workload": "W5",
      "backend": "C",
      "baseline_p99": 7.7,
      "actual_p99": 22.2,
      "delta_pct": 188.3
    },
    {
      "workload": "W5",
      "backend": "D",
      "baseline_p99": 3.2,
      "actual_p99": 11.6,
      "delta_pct": 262.5
    }
  ]
}

-> publish/claim P50+P99 latency vs ci/baselines/publish-claim-p99-baseline.json
  PASS claim_p50: {'actual': 35, 'baseline': 40, 'ok': True}
  PASS claim_p99: {'actual': 1343, 'limit': 20000, 'noise_cap': 20000, 'ok': True}
  PASS publish_p50: {'actual': 47, 'baseline': 48, 'ok': True}
  PASS publish_p99: {'actual': 1299, 'limit': 20000, 'noise_cap': 20000, 'ok': True}

=== Perf-regression status: PASSED ===
✅ No performance regressions
