==================================================
SHARD: weft-tensor-managed
DESCRIPTION: Project weft-tensor Pillar 2: WTR1 layout, TS/Python ingestion engines, DLPack/NumPy bridge, cross-language parity, React/Flutter AI hooks/widgets, 120 FPS flight demo, alloc probes
STATUS: FAILED ❌
COMMIT: b5b2b78da15099698c0c7371b61a0164b20f3f6c
RUN: 213
==================================================

[1/8] fixture determinism
OK /home/runner/work/Weft/Weft/fixtures/weft-tensor/ring-v1-f32.bin (640 B) byte-identical
OK /home/runner/work/Weft/Weft/fixtures/weft-tensor/ring-v1-u8.bin (640 B) byte-identical
[2/8] TypeScript suite
✔ zero-alloc probe [ring] — 100k steady-state ops stay flat (293.370065ms)
✔ zero-alloc probe [ingest] — 100k steady-state ops stay flat (131.754376ms)
✔ zero-alloc probe [audio] — 100k steady-state ops stay flat (134.132367ms)
✔ zero-alloc probe [render] — 100k steady-state ops stay flat (1677.846765ms)
✔ zero-alloc probe [overlay] — 100k steady-state ops stay flat (83.868385ms)
✔ negative control: a deliberately-allocating loop IS caught (71.021152ms)
✔ f32 fixture: header fields, 10 frames, dyadic payload parity (14.265737ms)
✔ u8 fixture: header fields, 6 frames, byte payload parity (2.602389ms)
✔ WebCodecs sync fast path: bytes land in ring, no intermediate (16.413651ms)
✔ WebCodecs async fast path resolves after the GPU readback lands (0.594666ms)
✔ copyTo failure is a DROP, never a throw into the frame loop (1.681146ms)
✔ legacy sync copyTo returning void still commits the full slot (0.423207ms)
✔ ImageData + raw paths (0.607229ms)
✔ ingestor dtype gate: f32 ring rejected (Law 4) (0.966207ms)
✔ AudioPcmFeeder: exact-fit chunks roll one slot per chunk (0.773458ms)
✔ AudioPcmFeeder: chunk spanning slot boundaries carries with zero gaps (0.780542ms)
✔ AudioPcmFeeder: tiny chunks accumulate then roll (worklet cadence) (0.695102ms)
✔ AudioPcmFeeder dtype gate + chunk size gate (Law 4) (0.645461ms)
✔ crc32 matches node:zlib over the static header region (3.945206ms)
✔ f16FromBits matches numpy float16 decode exactly (0.550614ms)
✔ f16ToBits matches numpy round-to-nearest-even (0.476636ms)
✔ fourcc round-trips as LE ASCII (0.262699ms)
✔ validateRingHeader accepts both golden fixtures (1.69369ms)
✔ fail-closed corruption matrix — every mutation gets a machine-readable code (1.676377ms)
✔ dtype validity table (0.222203ms)
✔ create() writes a self-validating header (round trip through attach) (1.140581ms)
✔ Canvas2DPlane: ONE ImageData reused, pixel-accurate blit per frame (4.371519ms)
✔ Canvas2DPlane dtype gate (Law 4) (0.773518ms)
✔ OverlayScratch + drawBoxes2D: bounded, reused, pixel records (1.389434ms)
✔ drawSkeleton2D honours confidence gating (0.395355ms)
✔ WebGL2Plane: zero-alloc texSubImage2D from the slot view + fullscreen tri (2.357073ms)
✔ create + typed commit + acquireLatest returns exact values, zero surprises (3.716461ms)
✔ byte commit path (Uint8Array) with short payload (bounded loop, no throw) (0.43586ms)
✔ acquireLatest(lastSeq) returns null when nothing new; acquireFrame bounds (0.358237ms)
✔ overrun: slotCount=2, 5 commits -> old seq gone, latest correct (0.497385ms)
✔ torn read: uncommitted slot is invisible, then visible after commit marker (0.389544ms)
✔ zero-copy begin/finish path matches convenience commit (0.340163ms)
✔ commit rejects wrong dtype / oversized payloads (fail-closed) (0.934137ms)
✔ create() input validation is fail-closed (0.323472ms)
✔ waitForNewFrame resolves via injected scheduler; timeout path returns null (85.721588ms)
✔ SharedArrayBuffer smoke: create(shared) + atomics publish + acquire (1.168613ms)
✔ ring stats counters are sealed and monotonic (0.270322ms)
✔ detectRuntime identifies node (this process) (1.100086ms)
✔ detectRuntime: browser / deno / bun / worker / electron fakes (0.307011ms)
✔ runtimeMatrix feature list stays sorted/deterministic (0.830455ms)
✔ assertShareable accepts SAB, rejects plain ArrayBuffer (0.520558ms)
ℹ tests 46
ℹ suites 0
ℹ pass 46
ℹ fail 0
ℹ cancelled 0
ℹ skipped 0
ℹ todo 0
ℹ duration_ms 2500.859372
[3/8] Python suite
/opt/hostedtoolcache/Python/3.12.14/x64/bin/python3: No module named pytest
