=== Starting npm Packages CI (Node 22) ===
[PASS] core/kotlin/FrameCursor.kt  <->  android/weft-core/src/main/kotlin/dev/weft/FrameCursor.kt
[PASS] core/kotlin/Fanout.kt  <->  android/weft-core/src/main/kotlin/dev/weft/Fanout.kt
[PASS] core/kotlin/FanoutCompat.kt  <->  android/weft-core/src/main/kotlin/dev/weft/FanoutCompat.kt
[PASS] core/kotlin/Steward.kt  <->  android/weft-core/src/main/kotlin/dev/weft/Steward.kt
[PASS] core/kotlin/TriadNative.kt  <->  android/weft-core/src/main/kotlin/dev/weft/TriadNative.kt
[PASS] core/kotlin/Weft.kt  <->  android/weft-core/src/main/kotlin/dev/weft/Weft.kt
[PASS] core/kotlin/Governor.kt  <->  android/weft-core/src/main/kotlin/dev/weft/Governor.kt
[PASS] core/kotlin/Recycler.kt  <->  android/weft-core/src/main/kotlin/dev/weft/Recycler.kt
[PASS] core/kotlin/GovernedFanoutConsumer.kt  <->  android/weft-core/src/main/kotlin/dev/weft/GovernedFanoutConsumer.kt
[PASS] core/kotlin/FanoutVhBridge.java  <->  android/weft-core/src/main/java/dev/weft/FanoutVhBridge.java
[PASS] core/dart/frame_cursor.dart  <->  packages/flutter_weft/lib/src/reference/frame_cursor.dart
[PASS] core/dart/fanout.dart  <->  packages/flutter_weft/lib/src/reference/fanout.dart
[PASS] core/dart/heddle.dart  <->  packages/flutter_weft/lib/src/reference/heddle.dart
[PASS] core/dart/steward.dart  <->  packages/flutter_weft/lib/src/reference/steward.dart
[PASS] core/dart/weft.dart  <->  packages/flutter_weft/lib/src/reference/weft.dart
[PASS] core/ts/weft.ts  <->  packages/core/src/weft.ts
[PASS] core/ts/fanout.ts  <->  packages/core/src/fanout.ts
[PASS] core/ts/verified.ts  <->  packages/core/src/verified.ts
[PASS] core/kotlin/Verified.kt  <->  android/weft-core/src/main/kotlin/dev/weft/Verified.kt
[PASS] core/dart/verified.dart  <->  packages/flutter_weft/lib/src/reference/verified.dart
[PASS] core/dart/governor.dart  <->  packages/flutter_weft/lib/src/reference/governor.dart
[PASS] core/dart/recycler.dart  <->  packages/flutter_weft/lib/src/reference/recycler.dart
[PASS] core/dart/governed_consumer.dart  <->  packages/flutter_weft/lib/src/reference/governed_consumer.dart
[PASS] core/kotlin/BlendQ12.kt  <->  android/weft-core/src/main/kotlin/dev/weft/BlendQ12.kt
[PASS] core/kotlin/RenderQos.kt  <->  android/weft-core/src/main/kotlin/dev/weft/RenderQos.kt
[PASS] core/dart/blend_q12.dart  <->  packages/flutter_weft/lib/src/reference/blend_q12.dart
[PASS] core/dart/render_qos.dart  <->  packages/flutter_weft/lib/src/reference/render_qos.dart
{"shard":"binding-parity","passed":27,"failed":0,"total":27,"cells":{"core/kotlin/FrameCursor.kt":{"status":"PASS","detail":"identical"},"core/kotlin/Fanout.kt":{"status":"PASS","detail":"identical"},"core/kotlin/FanoutCompat.kt":{"status":"PASS","detail":"identical"},"core/kotlin/Steward.kt":{"status":"PASS","detail":"identical"},"core/kotlin/TriadNative.kt":{"status":"PASS","detail":"identical"},"core/kotlin/Weft.kt":{"status":"PASS","detail":"identical"},"core/kotlin/Governor.kt":{"status":"PASS","detail":"identical"},"core/kotlin/Recycler.kt":{"status":"PASS","detail":"identical"},"core/kotlin/GovernedFanoutConsumer.kt":{"status":"PASS","detail":"identical"},"core/kotlin/FanoutVhBridge.java":{"status":"PASS","detail":"identical"},"core/dart/frame_cursor.dart":{"status":"PASS","detail":"identical"},"core/dart/fanout.dart":{"status":"PASS","detail":"identical"},"core/dart/heddle.dart":{"status":"PASS","detail":"identical"},"core/dart/steward.dart":{"status":"PASS","detail":"identical"},"core/dart/weft.dart":{"status":"PASS","detail":"identical"},"core/ts/weft.ts":{"status":"PASS","detail":"identical"},"core/ts/fanout.ts":{"status":"PASS","detail":"identical"},"core/ts/verified.ts":{"status":"PASS","detail":"identical"},"core/kotlin/Verified.kt":{"status":"PASS","detail":"identical"},"core/dart/verified.dart":{"status":"PASS","detail":"identical"},"core/dart/governor.dart":{"status":"PASS","detail":"identical"},"core/dart/recycler.dart":{"status":"PASS","detail":"identical"},"core/dart/governed_consumer.dart":{"status":"PASS","detail":"identical"},"core/kotlin/BlendQ12.kt":{"status":"PASS","detail":"identical"},"core/kotlin/RenderQos.kt":{"status":"PASS","detail":"identical"},"core/dart/blend_q12.dart":{"status":"PASS","detail":"identical"},"core/dart/render_qos.dart":{"status":"PASS","detail":"identical"}}}
✅ Binding parity: 27/27 pairs byte-identical

=== heddles <-> packages surface parity (shim re-exports) ===
[PASS] heddles/react/WeftCanvas.tsx  ->  packages/react/src/index.ts
[PASS] heddles/vue/useWeft.ts  ->  packages/vue/src/index.ts
[PASS] heddles/svelte/weft-action.ts  ->  packages/svelte/src/index.ts
[PASS] heddles/react-native/weft-rn.ts  ->  packages/react-native/src/index.ts
✅ Heddles surface parity: 4/4 shims aligned
{"shard":"binding-parity","byte_pairs":{"passed":27,"failed":0,"total":27},"shim_pairs":{"passed":4,"failed":0,"total":4,"cells":{"heddles/react/WeftCanvas.tsx":{"status":"PASS","detail":"surface parity"},"heddles/vue/useWeft.ts":{"status":"PASS","detail":"surface parity"},"heddles/svelte/weft-action.ts":{"status":"PASS","detail":"surface parity"},"heddles/react-native/weft-rn.ts":{"status":"PASS","detail":"surface parity"}}}}
Scope: all 22 workspace projects
Lockfile is up to date, resolution step is skipped
Progress: resolved 1, reused 0, downloaded 0, added 0
Packages: +447
++++++++++++++++++++++++++++++++++++++++++++++++++++++++++++++++++++++++++++++++
Progress: resolved 447, reused 436, downloaded 0, added 447, done

devDependencies:
+ @microsoft/api-extractor 7.59.1
+ tsup 8.5.1
+ typescript 5.9.3

Done in 2s
Scope: 21 of 22 workspace projects
packages/core build$ tsup
packages/heddle-canvas build$ tsup
packages/heddle-canvas build: [34mCLI[39m Building entry: src/index.ts
packages/heddle-canvas build: [34mCLI[39m Using tsconfig: tsconfig.json
packages/heddle-canvas build: [34mCLI[39m tsup v8.5.1
packages/heddle-canvas build: [34mCLI[39m Using tsup config: /home/runner/work/Weft/Weft/packages/heddle-canvas/tsup.config.ts
packages/core build: [34mCLI[39m Building entry: src/index.ts, src/worker.ts
packages/core build: [34mCLI[39m Using tsconfig: tsconfig.json
packages/core build: [34mCLI[39m tsup v8.5.1
packages/core build: [34mCLI[39m Using tsup config: /home/runner/work/Weft/Weft/packages/core/tsup.config.ts
packages/core build: [34mCLI[39m Target: es2022
packages/core build: [34mCLI[39m Cleaning output folder
packages/heddle-canvas build: [34mCLI[39m Target: es2022
packages/core build: [34mESM[39m Build start
packages/core build: [34mCJS[39m Build start
packages/heddle-canvas build: [34mCLI[39m Cleaning output folder
packages/heddle-canvas build: [34mESM[39m Build start
packages/heddle-canvas build: [34mCJS[39m Build start
packages/core build: [34mDTS[39m Build start
packages/heddle-canvas build: [34mDTS[39m Build start
packages/core build: [32mCJS[39m [1mdist/index.js      [22m[32m83.18 KB[39m
packages/core build: [32mCJS[39m [1mdist/worker.js     [22m[32m5.27 KB[39m
packages/core build: [32mCJS[39m [1mdist/index.js.map  [22m[32m221.69 KB[39m
packages/core build: [32mCJS[39m [1mdist/worker.js.map [22m[32m16.83 KB[39m
packages/core build: [32mCJS[39m ⚡️ Build success in 1093ms
packages/core build: [32mESM[39m [1mdist/worker.mjs     [22m[32m5.09 KB[39m
packages/core build: [32mESM[39m [1mdist/index.mjs      [22m[32m81.19 KB[39m
packages/core build: [32mESM[39m [1mdist/worker.mjs.map [22m[32m16.83 KB[39m
packages/core build: [32mESM[39m [1mdist/index.mjs.map  [22m[32m221.69 KB[39m
packages/core build: [32mESM[39m ⚡️ Build success in 1094ms
packages/heddle-canvas build: [32mESM[39m [1mdist/index.js     [22m[32m103.78 KB[39m
packages/heddle-canvas build: [32mESM[39m [1mdist/index.js.map [22m[32m266.91 KB[39m
packages/heddle-canvas build: [32mESM[39m ⚡️ Build success in 1152ms
packages/heddle-canvas build: [32mCJS[39m [1mdist/index.cjs     [22m[32m105.96 KB[39m
packages/heddle-canvas build: [32mCJS[39m [1mdist/index.cjs.map [22m[32m266.91 KB[39m
packages/heddle-canvas build: [32mCJS[39m ⚡️ Build success in 1152ms
packages/heddle-canvas build: [32mDTS[39m ⚡️ Build success in 2439ms
packages/heddle-canvas build: [32mDTS[39m [1mdist/index.d.ts  [22m[32m41.35 KB[39m
packages/heddle-canvas build: [32mDTS[39m [1mdist/index.d.cts [22m[32m41.35 KB[39m
packages/heddle-canvas build: Done
packages/core build: [32mDTS[39m ⚡️ Build success in 2578ms
packages/core build: [32mDTS[39m [1mdist/index.d.mts         [22m[32m15.65 KB[39m
packages/core build: [32mDTS[39m [1mdist/worker.d.mts        [22m[32m5.48 KB[39m
packages/core build: [32mDTS[39m [1mdist/weft-BrIlH2fY.d.mts [22m[32m4.04 KB[39m
packages/core build: [32mDTS[39m [1mdist/index.d.ts          [22m[32m15.65 KB[39m
packages/core build: [32mDTS[39m [1mdist/worker.d.ts         [22m[32m5.47 KB[39m
packages/core build: [32mDTS[39m [1mdist/weft-BrIlH2fY.d.ts  [22m[32m4.04 KB[39m
packages/core build: Done
fixtures/node-litmus build$ tsup litmus-packaged.ts --format esm --target node20
packages/react build$ tsup
packages/react-native build$ tsup
packages/svelte build$ tsup
fixtures/node-litmus build: [34mCLI[39m Building entry: litmus-packaged.ts
fixtures/node-litmus build: [34mCLI[39m tsup v8.5.1
fixtures/node-litmus build: [34mCLI[39m Target: node20
fixtures/node-litmus build: [34mESM[39m Build start
packages/svelte build: [34mCLI[39m Building entry: src/index.ts
packages/svelte build: [34mCLI[39m Using tsconfig: tsconfig.json
packages/svelte build: [34mCLI[39m tsup v8.5.1
packages/svelte build: [34mCLI[39m Using tsup config: /home/runner/work/Weft/Weft/packages/svelte/tsup.config.ts
packages/react-native build: [34mCLI[39m Building entry: src/index.ts
packages/react-native build: [34mCLI[39m Using tsconfig: tsconfig.json
packages/react-native build: [34mCLI[39m tsup v8.5.1
packages/react-native build: [34mCLI[39m Using tsup config: /home/runner/work/Weft/Weft/packages/react-native/tsup.config.ts
packages/svelte build: [34mCLI[39m Target: es2022
packages/svelte build: [34mCLI[39m Cleaning output folder
packages/react-native build: [34mCLI[39m Target: es2022
packages/svelte build: [34mESM[39m Build start
packages/svelte build: [34mCJS[39m Build start
fixtures/node-litmus build: [32mESM[39m [1mdist/litmus-packaged.js [22m[32m21.43 KB[39m
fixtures/node-litmus build: [32mESM[39m ⚡️ Build success in 41ms
packages/react-native build: [34mCLI[39m Cleaning output folder
packages/react-native build: [34mESM[39m Build start
packages/react-native build: [34mCJS[39m Build start
packages/react build: [34mCLI[39m Building entry: src/index.ts
packages/react build: [34mCLI[39m Using tsconfig: tsconfig.json
packages/react build: [34mCLI[39m tsup v8.5.1
packages/react build: [34mCLI[39m Using tsup config: /home/runner/work/Weft/Weft/packages/react/tsup.config.ts
fixtures/node-litmus build: Done
packages/svelte build: [32mESM[39m [1mdist/index.mjs     [22m[32m1.15 KB[39m
packages/svelte build: [32mESM[39m [1mdist/index.mjs.map [22m[32m4.43 KB[39m
packages/svelte build: [32mESM[39m ⚡️ Build success in 30ms
packages/react build: [34mCLI[39m Target: es2022
packages/svelte build: [32mCJS[39m [1mdist/index.js     [22m[32m2.18 KB[39m
packages/svelte build: [32mCJS[39m [1mdist/index.js.map [22m[32m4.48 KB[39m
packages/svelte build: [32mCJS[39m ⚡️ Build success in 31ms
packages/vue build$ tsup
packages/react build: [34mCLI[39m Cleaning output folder
packages/react build: [34mESM[39m Build start
packages/react build: [34mCJS[39m Build start
packages/react-native build: [32mCJS[39m [1mdist/index.js     [22m[32m12.67 KB[39m
packages/react-native build: [32mCJS[39m [1mdist/index.js.map [22m[32m38.40 KB[39m
packages/react-native build: [32mCJS[39m ⚡️ Build success in 51ms
packages/react-native build: [32mESM[39m [1mdist/index.mjs     [22m[32m11.17 KB[39m
packages/react-native build: [32mESM[39m [1mdist/index.mjs.map [22m[32m38.33 KB[39m
packages/react-native build: [32mESM[39m ⚡️ Build success in 52ms
packages/react build: [32mESM[39m [1mdist/index.mjs     [22m[32m5.68 KB[39m
packages/react build: [32mESM[39m [1mdist/index.mjs.map [22m[32m16.94 KB[39m
packages/react build: [32mESM[39m ⚡️ Build success in 44ms
packages/react build: [32mCJS[39m [1mdist/index.js     [22m[32m7.49 KB[39m
packages/react build: [32mCJS[39m [1mdist/index.js.map [22m[32m16.96 KB[39m
packages/react build: [32mCJS[39m ⚡️ Build success in 46ms
packages/react-native build: [34mDTS[39m Build start
packages/svelte build: [34mDTS[39m Build start
packages/react build: [34mDTS[39m Build start
packages/vue build: [34mCLI[39m Building entry: src/index.ts
packages/vue build: [34mCLI[39m Using tsconfig: tsconfig.json
packages/vue build: [34mCLI[39m tsup v8.5.1
packages/vue build: [34mCLI[39m Using tsup config: /home/runner/work/Weft/Weft/packages/vue/tsup.config.ts
packages/vue build: [34mCLI[39m Target: es2022
packages/vue build: [34mCLI[39m Cleaning output folder
packages/vue build: [34mESM[39m Build start
packages/vue build: [34mCJS[39m Build start
packages/vue build: [32mCJS[39m [1mdist/index.js     [22m[32m4.18 KB[39m
packages/vue build: [32mCJS[39m [1mdist/index.js.map [22m[32m8.62 KB[39m
packages/vue build: [32mCJS[39m ⚡️ Build success in 53ms
packages/vue build: [32mESM[39m [1mdist/index.mjs     [22m[32m3.09 KB[39m
packages/vue build: [32mESM[39m [1mdist/index.mjs.map [22m[32m8.58 KB[39m
packages/vue build: [32mESM[39m ⚡️ Build success in 54ms
packages/vue build: [34mDTS[39m Build start
packages/svelte build: [32mDTS[39m ⚡️ Build success in 2021ms
packages/svelte build: [32mDTS[39m [1mdist/index.d.mts [22m[32m645.00 B[39m
packages/svelte build: [32mDTS[39m [1mdist/index.d.ts  [22m[32m645.00 B[39m
packages/svelte build: Done
packages/react-native build: [32mDTS[39m ⚡️ Build success in 2225ms
packages/react-native build: [32mDTS[39m [1mdist/index.d.mts [22m[32m5.96 KB[39m
packages/react-native build: [32mDTS[39m [1mdist/index.d.ts  [22m[32m5.96 KB[39m
packages/react-native build: Done
packages/react build: [32mDTS[39m ⚡️ Build success in 2870ms
packages/react build: [32mDTS[39m [1mdist/index.d.mts [22m[32m36.68 KB[39m
packages/react build: [32mDTS[39m [1mdist/index.d.ts  [22m[32m36.68 KB[39m
packages/react build: Done
packages/vue build: [32mDTS[39m ⚡️ Build success in 1983ms
packages/vue build: [32mDTS[39m [1mdist/index.d.mts [22m[32m1.99 KB[39m
packages/vue build: [32mDTS[39m [1mdist/index.d.ts  [22m[32m1.99 KB[39m
packages/vue build: Done
demos/web build$ tsc && vite build
fixtures/vite-react build$ vite build
fixtures/vite-react build: [36mvite v6.4.3 [32mbuilding for production...[36m[39m
fixtures/vite-react build: transforming...
fixtures/vite-react build: [32m✓[39m 28 modules transformed.
fixtures/vite-react build: rendering chunks...
fixtures/vite-react build: computing gzip size...
fixtures/vite-react build: [2mdist/[22m[32mindex.html                [39m[1m[2m  0.33 kB[22m[1m[22m[2m │ gzip:  0.24 kB[22m
fixtures/vite-react build: [2mdist/[22m[2massets/[22m[36mindex-DgIEMwtT.js  [39m[1m[2m151.94 kB[22m[1m[22m[2m │ gzip: 48.92 kB[22m
fixtures/vite-react build: [32m✓ built in 1.26s[39m
fixtures/vite-react build: Done
demos/web build: [36mvite v6.4.3 [32mbuilding for production...[36m[39m
demos/web build: transforming...
demos/web build: [32m✓[39m 39 modules transformed.
demos/web build: rendering chunks...
demos/web build: computing gzip size...
demos/web build: [2mdist/[22m[32mindex.html                [39m[1m[2m  0.47 kB[22m[1m[22m[2m │ gzip:  0.35 kB[22m
demos/web build: [2mdist/[22m[2massets/[22m[36mindex-BfGpNA1C.js  [39m[1m[2m203.83 kB[22m[1m[22m[2m │ gzip: 64.29 kB[22m
demos/web build: [32m✓ built in 928ms[39m
demos/web build: Done
Scope: 16 of 22 workspace projects
packages/core test$ vitest run
packages/fintech test$ node --test test/
packages/heddle-canvas test$ vitest run
packages/heddle-core test$ node --test test/*.test.mjs
packages/fintech test: TAP version 13
packages/heddle-core test: TAP version 13
packages/fintech test: # node:internal/modules/cjs/loader:1433
packages/fintech test: #   throw err;
packages/fintech test: #   ^
packages/fintech test: # Error: Cannot find module '/home/runner/work/Weft/Weft/packages/fintech/test'
packages/fintech test: #     at Function._resolveFilename (node:internal/modules/cjs/loader:1430:15)
packages/fintech test: #     at defaultResolveImpl (node:internal/modules/cjs/loader:1040:19)
packages/fintech test: #     at resolveForCJSWithHooks (node:internal/modules/cjs/loader:1045:22)
packages/fintech test: #     at Function._load (node:internal/modules/cjs/loader:1216:25)
packages/fintech test: #     at wrapModuleLoad (node:internal/modules/cjs/loader:254:19)
packages/fintech test: #     at Function.executeUserEntryPoint [as runMain] (node:internal/modules/run_main:171:5)
packages/fintech test: #     at node:internal/main/run_main_module:36:49 {
packages/fintech test: #   code: 'MODULE_NOT_FOUND',
packages/fintech test: #   requireStack: []
packages/fintech test: # }
packages/fintech test: # Node.js v22.23.2
packages/fintech test: # Subtest: test
packages/fintech test: not ok 1 - test
packages/fintech test:   ---
packages/fintech test:   duration_ms: 64.066259
packages/fintech test:   type: 'test'
packages/fintech test:   location: '/home/runner/work/Weft/Weft/packages/fintech/test:1:1'
packages/fintech test:   failureType: 'testCodeFailure'
packages/fintech test:   exitCode: 1
packages/fintech test:   signal: ~
packages/fintech test:   error: 'test failed'
packages/fintech test:   code: 'ERR_TEST_FAILURE'
packages/fintech test:   ...
packages/fintech test: 1..1
packages/fintech test: # tests 1
packages/fintech test: # suites 0
packages/fintech test: # pass 0
packages/fintech test: # fail 1
packages/fintech test: # cancelled 0
packages/fintech test: # skipped 0
packages/fintech test: # todo 0
packages/fintech test: # duration_ms 73.402212
packages/fintech test: Failed
/home/runner/work/Weft/Weft/packages/fintech:
 ERR_PNPM_RECURSIVE_RUN_FIRST_FAIL  @weft/fintech@0.1.0 test: `node --test test/`
Exit status 1
 WARN   Local package.json exists, but node_modules missing, did you mean to install?
packages/heddle-hotplane test$ node test/golden.test.mjs
packages/heddle-core test: # Subtest: fixture hpl1-basic-4x8: manifest sha256 matches bytes
packages/heddle-core test: ok 1 - fixture hpl1-basic-4x8: manifest sha256 matches bytes
packages/heddle-core test:   ---
packages/heddle-core test:   duration_ms: 1.751553
packages/heddle-core test:   type: 'test'
packages/heddle-core test:   ...
packages/heddle-core test: # Subtest: fixture hpl1-basic-4x8: validates and parses field-by-field through heddle-core
packages/heddle-core test: ok 2 - fixture hpl1-basic-4x8: validates and parses field-by-field through heddle-core
packages/heddle-core test:   ---
packages/heddle-core test:   duration_ms: 1.566923
packages/heddle-core test:   type: 'test'
packages/heddle-core test:   ...
packages/heddle-core test: # Subtest: fixture hpl1-edge-1x2: manifest sha256 matches bytes
packages/heddle-core test: ok 3 - fixture hpl1-edge-1x2: manifest sha256 matches bytes
packages/heddle-core test:   ---
packages/heddle-core test:   duration_ms: 0.274464
packages/heddle-core test:   type: 'test'
packages/heddle-core test:   ...
packages/heddle-core test: # Subtest: fixture hpl1-edge-1x2: validates and parses field-by-field through heddle-core
