==================================================
SHARD: fanout-native
DESCRIPTION: C/Rust fan-out ring: F-series + torture x2 regimes + Loom + xlang
STATUS: PASSED ✅
COMMIT: b6283649afb257a46761b723c6b79fe1fac7359e
RUN: 55
==================================================


=== C build (fenced acq/rel + seq_cst) ===
make: Entering directory '/home/runner/work/Weft/Weft/core/c'
gcc -O2 -std=c11 -Wall -Wextra -pthread -D_GNU_SOURCE -o fanout-test fanout.c frame_cursor.c weft.c fanout_test.c
weft.c:15: warning: "_GNU_SOURCE" redefined
   15 | #define _GNU_SOURCE  // for posix_memalign
      | 
<command-line>: note: this is the location of the previous definition
gcc -O2 -std=c11 -Wall -Wextra -pthread -D_GNU_SOURCE -DWEFT_FANOUT_SEQ_CST=1 -o fanout-test-seq fanout.c frame_cursor.c weft.c fanout_test.c
weft.c:15: warning: "_GNU_SOURCE" redefined
   15 | #define _GNU_SOURCE  // for posix_memalign
      | 
<command-line>: note: this is the location of the previous definition
gcc -O2 -std=c11 -Wall -Wextra -pthread -D_GNU_SOURCE -o fanout-runner fanout.c frame_cursor.c weft.c fanout_runner.c
weft.c:15: warning: "_GNU_SOURCE" redefined
   15 | #define _GNU_SOURCE  // for posix_memalign
      | 
<command-line>: note: this is the location of the previous definition
gcc -O2 -std=c11 -Wall -Wextra -pthread -D_GNU_SOURCE -DWEFT_FANOUT_SEQ_CST=1 -o fanout-runner-seq fanout.c frame_cursor.c weft.c fanout_runner.c
weft.c:15: warning: "_GNU_SOURCE" redefined
   15 | #define _GNU_SOURCE  // for posix_memalign
      | 
<command-line>: note: this is the location of the previous definition
make: Leaving directory '/home/runner/work/Weft/Weft/core/c'

=== C F-series conformance (default regime) ===
ok: F1 payload_bytes=0 rejected
ok: F1 payload_bytes%4!=0 rejected
ok: F1 slot_count<2 rejected
ok: F1 slot_count=1 rejected
ok: F1 slot_count>64 rejected
ok: F1 ring_bytes formula (TS parity)
ok: F1 reader geometry mismatch rejected
ok: F2 init succeeds
ok: F2 reader init succeeds
ok: F2 claim before any publish: null frame
ok: begin returns a cursor
ok: fill writes every word
ok: F2 publish returns frame 1
ok: F2 first publish: fresh, dropped=0
ok: payload words intact
ok: begin returns a cursor
ok: fill writes every word
ok: begin returns a cursor
ok: fill writes every word
ok: begin returns a cursor
ok: fill writes every word
ok: F3 three unseen publishes: dropped=2
ok: payload words intact
ok: F4 ring init
ok: F4 reader init
ok: begin returns a cursor
ok: fill writes every word
ok: begin returns a cursor
ok: fill writes every word
ok: begin returns a cursor
ok: fill writes every word
ok: begin returns a cursor
ok: fill writes every word
ok: begin returns a cursor
ok: fill writes every word
ok: begin returns a cursor
ok: fill writes every word
ok: begin returns a cursor
ok: fill writes every word
ok: begin returns a cursor
ok: fill writes every word
ok: begin returns a cursor
ok: fill writes every word
ok: begin returns a cursor
ok: fill writes every word
ok: begin returns a cursor
ok: fill writes every word
ok: begin returns a cursor
ok: fill writes every word
ok: begin returns a cursor
ok: fill writes every word
ok: begin returns a cursor
ok: fill writes every word
ok: begin returns a cursor
ok: fill writes every word
ok: begin returns a cursor
ok: fill writes every word
ok: begin returns a cursor
ok: fill writes every word
ok: begin returns a cursor
ok: fill writes every word
ok: begin returns a cursor
ok: fill writes every word
ok: begin returns a cursor
ok: fill writes every word
ok: begin returns a cursor
ok: fill writes every word
ok: begin returns a cursor
ok: fill writes every word
ok: begin returns a cursor
ok: fill writes every word
ok: begin returns a cursor
ok: fill writes every word
ok: begin returns a cursor
ok: fill writes every word
ok: begin returns a cursor
ok: fill writes every word
ok: begin returns a cursor
ok: fill writes every word
ok: begin returns a cursor
ok: fill writes every word
ok: begin returns a cursor
ok: fill writes every word
ok: begin returns a cursor
ok: fill writes every word
ok: begin returns a cursor
ok: fill writes every word
ok: begin returns a cursor
ok: fill writes every word
ok: begin returns a cursor
ok: fill writes every word
ok: begin returns a cursor
ok: fill writes every word
ok: begin returns a cursor
ok: fill writes every word
ok: begin returns a cursor
ok: fill writes every word
ok: begin returns a cursor
ok: fill writes every word
ok: begin returns a cursor
ok: fill writes every word
ok: begin returns a cursor
ok: fill writes every word
ok: begin returns a cursor
ok: fill writes every word
ok: begin returns a cursor
ok: fill writes every word
ok: begin returns a cursor
ok: fill writes every word
ok: begin returns a cursor
ok: fill writes every word
ok: begin returns a cursor
ok: fill writes every word
ok: begin returns a cursor
ok: fill writes every word
ok: begin returns a cursor
ok: fill writes every word
ok: begin returns a cursor
ok: fill writes every word
ok: begin returns a cursor
ok: fill writes every word
ok: begin returns a cursor
ok: fill writes every word
ok: begin returns a cursor
ok: fill writes every word
ok: begin returns a cursor
ok: fill writes every word
ok: begin returns a cursor
ok: fill writes every word
ok: begin returns a cursor
ok: fill writes every word
ok: begin returns a cursor
ok: fill writes every word
ok: begin returns a cursor
ok: fill writes every word
ok: begin returns a cursor
ok: fill writes every word
ok: begin returns a cursor
ok: fill writes every word
ok: begin returns a cursor
ok: fill writes every word
ok: begin returns a cursor
ok: fill writes every word
ok: begin returns a cursor
ok: fill writes every word
ok: F4 telescoping identity exact
ok: F4 reader converged to the last frame
ok: F4 stats agree with the loop
ok: F5 M=2 ring init
ok: F5 reader init
ok: begin returns a cursor
ok: fill writes every word
ok: F5 reader holds frame 1
ok: begin returns a cursor
ok: fill writes every word
ok: begin returns a cursor
ok: fill writes every word
ok: F5 mid-overwrite: keeps last consistent frame
ok: F5 skip counted, never silent
ok: F5 converges after the overwrite completes
ok: F6 ring init
ok: F6 publish with no begin returns 0
ok: begin returns a cursor
ok: fill writes every word
ok: F6 publish after begin returns 1
ok: F6 fill len%4!=0 rejected
ok: F7 producer init
ok: begin returns a cursor
ok: fill writes every word
ok: begin returns a cursor
ok: fill writes every word
ok: begin returns a cursor
ok: fill writes every word
ok: begin returns a cursor
ok: fill writes every word
ok: begin returns a cursor
ok: fill writes every word
ok: begin returns a cursor
ok: fill writes every word
ok: begin returns a cursor
ok: fill writes every word
ok: begin returns a cursor
ok: fill writes every word
ok: begin returns a cursor
ok: fill writes every word
ok: begin returns a cursor
ok: fill writes every word
ok: begin returns a cursor
ok: fill writes every word
ok: begin returns a cursor
ok: fill writes every word
ok: begin returns a cursor
ok: fill writes every word
ok: begin returns a cursor
ok: fill writes every word
ok: begin returns a cursor
ok: fill writes every word
ok: begin returns a cursor
ok: fill writes every word
ok: begin returns a cursor
ok: fill writes every word
ok: begin returns a cursor
ok: fill writes every word
ok: begin returns a cursor
ok: fill writes every word
ok: begin returns a cursor
ok: fill writes every word
ok: begin returns a cursor
ok: fill writes every word
ok: begin returns a cursor
ok: fill writes every word
ok: begin returns a cursor
ok: fill writes every word
ok: begin returns a cursor
ok: fill writes every word
ok: begin returns a cursor
ok: fill writes every word
ok: begin returns a cursor
ok: fill writes every word
ok: begin returns a cursor
ok: fill writes every word
ok: begin returns a cursor
ok: fill writes every word
ok: begin returns a cursor
ok: fill writes every word
ok: begin returns a cursor
ok: fill writes every word
ok: begin returns a cursor
ok: fill writes every word
ok: begin returns a cursor
ok: fill writes every word
ok: begin returns a cursor
ok: fill writes every word
ok: begin returns a cursor
ok: fill writes every word
ok: begin returns a cursor
ok: fill writes every word
ok: begin returns a cursor
ok: fill writes every word
ok: begin returns a cursor
ok: fill writes every word
ok: begin returns a cursor
ok: fill writes every word
ok: begin returns a cursor
ok: fill writes every word
ok: begin returns a cursor
ok: fill writes every word
ok: begin returns a cursor
ok: fill writes every word
ok: begin returns a cursor
ok: fill writes every word
ok: begin returns a cursor
ok: fill writes every word
ok: begin returns a cursor
ok: fill writes every word
ok: begin returns a cursor
ok: fill writes every word
ok: begin returns a cursor
ok: fill writes every word
ok: begin returns a cursor
ok: fill writes every word
ok: begin returns a cursor
ok: fill writes every word
ok: begin returns a cursor
ok: fill writes every word
ok: begin returns a cursor
ok: fill writes every word
ok: begin returns a cursor
ok: fill writes every word
ok: begin returns a cursor
ok: fill writes every word
ok: begin returns a cursor
ok: fill writes every word
ok: begin returns a cursor
ok: fill writes every word
ok: begin returns a cursor
ok: fill writes every word
ok: begin returns a cursor
ok: fill writes every word
ok: begin returns a cursor
ok: fill writes every word
ok: begin returns a cursor
ok: fill writes every word
ok: begin returns a cursor
ok: fill writes every word
ok: begin returns a cursor
ok: fill writes every word
ok: begin returns a cursor
ok: fill writes every word
ok: begin returns a cursor
ok: fill writes every word
ok: begin returns a cursor
ok: fill writes every word
ok: begin returns a cursor
ok: fill writes every word
ok: begin returns a cursor
ok: fill writes every word
ok: begin returns a cursor
ok: fill writes every word
ok: begin returns a cursor
ok: fill writes every word
ok: begin returns a cursor
ok: fill writes every word
ok: begin returns a cursor
ok: fill writes every word
ok: begin returns a cursor
ok: fill writes every word
ok: begin returns a cursor
ok: fill writes every word
ok: begin returns a cursor
ok: fill writes every word
ok: begin returns a cursor
ok: fill writes every word
ok: begin returns a cursor
ok: fill writes every word
ok: begin returns a cursor
ok: fill writes every word
ok: begin returns a cursor
ok: fill writes every word
ok: begin returns a cursor
ok: fill writes every word
ok: begin returns a cursor
ok: fill writes every word
ok: begin returns a cursor
ok: fill writes every word
ok: begin returns a cursor
ok: fill writes every word
ok: begin returns a cursor
ok: fill writes every word
ok: begin returns a cursor
ok: fill writes every word
ok: begin returns a cursor
ok: fill writes every word
ok: begin returns a cursor
ok: fill writes every word
ok: begin returns a cursor
ok: fill writes every word
ok: begin returns a cursor
ok: fill writes every word
ok: begin returns a cursor
ok: fill writes every word
ok: begin returns a cursor
ok: fill writes every word
ok: begin returns a cursor
ok: fill writes every word
ok: begin returns a cursor
ok: fill writes every word
ok: begin returns a cursor
ok: fill writes every word
ok: begin returns a cursor
ok: fill writes every word
ok: begin returns a cursor
ok: fill writes every word
ok: begin returns a cursor
ok: fill writes every word
ok: begin returns a cursor
ok: fill writes every word
ok: begin returns a cursor
ok: fill writes every word
ok: begin returns a cursor
ok: fill writes every word
ok: F7 reader attaches to the copy
ok: F7 handoff: fresh final frame, dropped = N-1
ok: payload words intact
ok: F7 writer attach
ok: begin returns a cursor
ok: fill writes every word
ok: F7 attached writer continues numbering
ok: F7 second reader attach
ok: F7 cross-producer accounting telescopes
ok: F8 debug latest/publishes/slots
ok: F8 slot stamps populated and in range
ok: FC kernel init
ok: FC1 null frame baseline: first, behind 0
ok: FC2 first real frame: behind 0, not first
ok: FC3 gap accounting: behind 2
ok: FC4 idle claim: recycled hold, reset rule, behind 0
ok: FC4 idle claim adds no drops
ok: FC5 kernel init
ok: FC5 baseline seq 10
ok: FC5 decreasing seq resets accounting (no burst)
ok: FC5 reset adds no drops
ok: FC6 accumulators: totalDropped=2, claims=4
ok: FC6 reset: next update is first again
ok: FC6 reset zeroed the counters

PASS: 0 failure(s)

=== C F-series conformance (all-seq_cst regime) ===
ok: F1 payload_bytes=0 rejected
ok: F1 payload_bytes%4!=0 rejected
ok: F1 slot_count<2 rejected
ok: F1 slot_count=1 rejected
ok: F1 slot_count>64 rejected
ok: F1 ring_bytes formula (TS parity)
ok: F1 reader geometry mismatch rejected
ok: F2 init succeeds
ok: F2 reader init succeeds
ok: F2 claim before any publish: null frame
ok: begin returns a cursor
ok: fill writes every word
ok: F2 publish returns frame 1
ok: F2 first publish: fresh, dropped=0
ok: payload words intact
ok: begin returns a cursor
ok: fill writes every word
ok: begin returns a cursor
ok: fill writes every word
ok: begin returns a cursor
ok: fill writes every word
ok: F3 three unseen publishes: dropped=2
ok: payload words intact
ok: F4 ring init
ok: F4 reader init
ok: begin returns a cursor
ok: fill writes every word
ok: begin returns a cursor
ok: fill writes every word
ok: begin returns a cursor
ok: fill writes every word
ok: begin returns a cursor
ok: fill writes every word
ok: begin returns a cursor
ok: fill writes every word
ok: begin returns a cursor
ok: fill writes every word
ok: begin returns a cursor
ok: fill writes every word
ok: begin returns a cursor
ok: fill writes every word
ok: begin returns a cursor
ok: fill writes every word
ok: begin returns a cursor
ok: fill writes every word
ok: begin returns a cursor
ok: fill writes every word
ok: begin returns a cursor
ok: fill writes every word
ok: begin returns a cursor
ok: fill writes every word
ok: begin returns a cursor
ok: fill writes every word
ok: begin returns a cursor
ok: fill writes every word
ok: begin returns a cursor
ok: fill writes every word
ok: begin returns a cursor
ok: fill writes every word
ok: begin returns a cursor
ok: fill writes every word
ok: begin returns a cursor
ok: fill writes every word
ok: begin returns a cursor
ok: fill writes every word
ok: begin returns a cursor
ok: fill writes every word
ok: begin returns a cursor
ok: fill writes every word
ok: begin returns a cursor
ok: fill writes every word
ok: begin returns a cursor
ok: fill writes every word
ok: begin returns a cursor
ok: fill writes every word
ok: begin returns a cursor
ok: fill writes every word
ok: begin returns a cursor
ok: fill writes every word
ok: begin returns a cursor
ok: fill writes every word
ok: begin returns a cursor
ok: fill writes every word
ok: begin returns a cursor
ok: fill writes every word
ok: begin returns a cursor
ok: fill writes every word
ok: begin returns a cursor
ok: fill writes every word
ok: begin returns a cursor
ok: fill writes every word
ok: begin returns a cursor
ok: fill writes every word
ok: begin returns a cursor
ok: fill writes every word
ok: begin returns a cursor
ok: fill writes every word
ok: begin returns a cursor
ok: fill writes every word
ok: begin returns a cursor
ok: fill writes every word
ok: begin returns a cursor
ok: fill writes every word
ok: begin returns a cursor
ok: fill writes every word
ok: begin returns a cursor
ok: fill writes every word
ok: begin returns a cursor
ok: fill writes every word
ok: begin returns a cursor
ok: fill writes every word
ok: begin returns a cursor
ok: fill writes every word
ok: begin returns a cursor
ok: fill writes every word
ok: begin returns a cursor
ok: fill writes every word
ok: begin returns a cursor
ok: fill writes every word
ok: begin returns a cursor
ok: fill writes every word
ok: begin returns a cursor
ok: fill writes every word
ok: begin returns a cursor
ok: fill writes every word
ok: begin returns a cursor
ok: fill writes every word
ok: begin returns a cursor
ok: fill writes every word
ok: begin returns a cursor
ok: fill writes every word
ok: begin returns a cursor
ok: fill writes every word
ok: begin returns a cursor
ok: fill writes every word
ok: begin returns a cursor
ok: fill writes every word
ok: begin returns a cursor
ok: fill writes every word
ok: begin returns a cursor
ok: fill writes every word
ok: begin returns a cursor
ok: fill writes every word
ok: begin returns a cursor
ok: fill writes every word
ok: F4 telescoping identity exact
ok: F4 reader converged to the last frame
ok: F4 stats agree with the loop
ok: F5 M=2 ring init
ok: F5 reader init
ok: begin returns a cursor
ok: fill writes every word
ok: F5 reader holds frame 1
ok: begin returns a cursor
ok: fill writes every word
ok: begin returns a cursor
ok: fill writes every word
ok: F5 mid-overwrite: keeps last consistent frame
ok: F5 skip counted, never silent
ok: F5 converges after the overwrite completes
ok: F6 ring init
ok: F6 publish with no begin returns 0
ok: begin returns a cursor
ok: fill writes every word
ok: F6 publish after begin returns 1
ok: F6 fill len%4!=0 rejected
ok: F7 producer init
ok: begin returns a cursor
ok: fill writes every word
ok: begin returns a cursor
ok: fill writes every word
ok: begin returns a cursor
ok: fill writes every word
ok: begin returns a cursor
ok: fill writes every word
ok: begin returns a cursor
ok: fill writes every word
ok: begin returns a cursor
ok: fill writes every word
ok: begin returns a cursor
ok: fill writes every word
ok: begin returns a cursor
ok: fill writes every word
ok: begin returns a cursor
ok: fill writes every word
ok: begin returns a cursor
ok: fill writes every word
ok: begin returns a cursor
ok: fill writes every word
ok: begin returns a cursor
ok: fill writes every word
ok: begin returns a cursor
ok: fill writes every word
ok: begin returns a cursor
ok: fill writes every word
ok: begin returns a cursor
ok: fill writes every word
ok: begin returns a cursor
ok: fill writes every word
ok: begin returns a cursor
ok: fill writes every word
ok: begin returns a cursor
ok: fill writes every word
ok: begin returns a cursor
ok: fill writes every word
ok: begin returns a cursor
ok: fill writes every word
ok: begin returns a cursor
ok: fill writes every word
ok: begin returns a cursor
ok: fill writes every word
ok: begin returns a cursor
ok: fill writes every word
ok: begin returns a cursor
ok: fill writes every word
ok: begin returns a cursor
ok: fill writes every word
ok: begin returns a cursor
ok: fill writes every word
ok: begin returns a cursor
ok: fill writes every word
ok: begin returns a cursor
ok: fill writes every word
ok: begin returns a cursor
ok: fill writes every word
ok: begin returns a cursor
ok: fill writes every word
ok: begin returns a cursor
ok: fill writes every word
ok: begin returns a cursor
ok: fill writes every word
ok: begin returns a cursor
ok: fill writes every word
ok: begin returns a cursor
ok: fill writes every word
ok: begin returns a cursor
ok: fill writes every word
ok: begin returns a cursor
ok: fill writes every word
ok: begin returns a cursor
ok: fill writes every word
ok: begin returns a cursor
ok: fill writes every word
ok: begin returns a cursor
ok: fill writes every word
ok: begin returns a cursor
ok: fill writes every word
ok: begin returns a cursor
ok: fill writes every word
ok: begin returns a cursor
ok: fill writes every word
ok: begin returns a cursor
ok: fill writes every word
ok: begin returns a cursor
ok: fill writes every word
ok: begin returns a cursor
ok: fill writes every word
ok: begin returns a cursor
ok: fill writes every word
ok: begin returns a cursor
ok: fill writes every word
ok: begin returns a cursor
ok: fill writes every word
ok: begin returns a cursor
ok: fill writes every word
ok: begin returns a cursor
ok: fill writes every word
ok: begin returns a cursor
ok: fill writes every word
ok: begin returns a cursor
ok: fill writes every word
ok: begin returns a cursor
ok: fill writes every word
ok: begin returns a cursor
ok: fill writes every word
ok: begin returns a cursor
ok: fill writes every word
ok: begin returns a cursor
ok: fill writes every word
ok: begin returns a cursor
ok: fill writes every word
ok: begin returns a cursor
ok: fill writes every word
ok: begin returns a cursor
ok: fill writes every word
ok: begin returns a cursor
ok: fill writes every word
ok: begin returns a cursor
ok: fill writes every word
ok: begin returns a cursor
ok: fill writes every word
ok: begin returns a cursor
ok: fill writes every word
ok: begin returns a cursor
ok: fill writes every word
ok: begin returns a cursor
ok: fill writes every word
ok: begin returns a cursor
ok: fill writes every word
ok: begin returns a cursor
ok: fill writes every word
ok: begin returns a cursor
ok: fill writes every word
ok: begin returns a cursor
ok: fill writes every word
ok: begin returns a cursor
ok: fill writes every word
ok: begin returns a cursor
ok: fill writes every word
ok: begin returns a cursor
ok: fill writes every word
ok: begin returns a cursor
ok: fill writes every word
ok: begin returns a cursor
ok: fill writes every word
ok: begin returns a cursor
ok: fill writes every word
ok: begin returns a cursor
ok: fill writes every word
ok: begin returns a cursor
ok: fill writes every word
ok: begin returns a cursor
ok: fill writes every word
ok: begin returns a cursor
ok: fill writes every word
ok: begin returns a cursor
ok: fill writes every word
ok: begin returns a cursor
ok: fill writes every word
ok: begin returns a cursor
ok: fill writes every word
ok: begin returns a cursor
ok: fill writes every word
ok: begin returns a cursor
ok: fill writes every word
ok: begin returns a cursor
ok: fill writes every word
ok: begin returns a cursor
ok: fill writes every word
ok: begin returns a cursor
ok: fill writes every word
ok: begin returns a cursor
ok: fill writes every word
ok: begin returns a cursor
ok: fill writes every word
ok: begin returns a cursor
ok: fill writes every word
ok: begin returns a cursor
ok: fill writes every word
ok: begin returns a cursor
ok: fill writes every word
ok: begin returns a cursor
ok: fill writes every word
ok: begin returns a cursor
ok: fill writes every word
ok: begin returns a cursor
ok: fill writes every word
ok: begin returns a cursor
ok: fill writes every word
ok: begin returns a cursor
ok: fill writes every word
ok: F7 reader attaches to the copy
ok: F7 handoff: fresh final frame, dropped = N-1
ok: payload words intact
ok: F7 writer attach
ok: begin returns a cursor
ok: fill writes every word
ok: F7 attached writer continues numbering
ok: F7 second reader attach
ok: F7 cross-producer accounting telescopes
ok: F8 debug latest/publishes/slots
ok: F8 slot stamps populated and in range
ok: FC kernel init
ok: FC1 null frame baseline: first, behind 0
ok: FC2 first real frame: behind 0, not first
ok: FC3 gap accounting: behind 2
ok: FC4 idle claim: recycled hold, reset rule, behind 0
ok: FC4 idle claim adds no drops
ok: FC5 kernel init
ok: FC5 baseline seq 10
ok: FC5 decreasing seq resets accounting (no burst)
ok: FC5 reset adds no drops
ok: FC6 accumulators: totalDropped=2, claims=4
ok: FC6 reset: next update is first again
ok: FC6 reset zeroed the counters

PASS: 0 failure(s)

=== C torture (default regime, 200k frames) ===
reader 0: fresh=112189 dropped=87811 claims=15975941 skipped=0 torn_exhausted=0 last_seq=200000 identity=OK
reader 1: fresh=64962 dropped=135038 claims=6806438 skipped=0 torn_exhausted=0 last_seq=200000 identity=OK
reader 2: fresh=107485 dropped=92515 claims=5284051 skipped=0 torn_exhausted=0 last_seq=200000 identity=OK
reader 3: fresh=117282 dropped=82718 claims=12966509 skipped=0 torn_exhausted=0 last_seq=200000 identity=OK
torture: frames=200000 slots=4 words=256 readers=4 publishes=200000 elapsed_ms=328.9 rate=608022/s verdict=PASS

=== C torture (all-seq_cst regime, 200k frames) ===
reader 0: fresh=78648 dropped=121352 claims=636341 skipped=0 torn_exhausted=0 last_seq=200000 identity=OK
reader 1: fresh=115929 dropped=84071 claims=1043797 skipped=0 torn_exhausted=0 last_seq=200000 identity=OK
reader 2: fresh=148827 dropped=51173 claims=1670220 skipped=0 torn_exhausted=0 last_seq=200000 identity=OK
reader 3: fresh=76433 dropped=123567 claims=1030600 skipped=0 torn_exhausted=0 last_seq=200000 identity=OK
torture: frames=200000 slots=4 words=256 readers=4 publishes=200000 elapsed_ms=214.9 rate=930622/s verdict=PASS

=== Rust suite (F-series + cursor + torture + Loom model, bound 2) ===
[1m[92m    Updating[0m crates.io index
[1m[92m   Compiling[0m rustversion v1.0.23
[1m[92m   Compiling[0m find-msvc-tools v0.1.12
[1m[92m   Compiling[0m once_cell v1.21.4
[1m[92m   Compiling[0m shlex v2.0.1
[1m[92m   Compiling[0m cc v1.4.5
[1m[92m   Compiling[0m tracing-core v0.1.36
[1m[92m   Compiling[0m cfg-if v1.0.4
[1m[92m   Compiling[0m log v0.4.34
[1m[92m   Compiling[0m regex-syntax v0.8.11
[1m[92m   Compiling[0m libc v0.2.189
[1m[92m   Compiling[0m lazy_static v1.5.0
[1m[92m   Compiling[0m pin-project-lite v0.2.17
[1m[92m   Compiling[0m tracing v0.1.44
[1m[92m   Compiling[0m regex-automata v0.4.18
[1m[92m   Compiling[0m generator v0.8.9
[1m[92m   Compiling[0m sharded-slab v0.1.7
[1m[92m   Compiling[0m tracing-log v0.2.0
[1m[92m   Compiling[0m thread_local v1.1.10
[1m[92m   Compiling[0m smallvec v1.16.0
[1m[92m   Compiling[0m nu-ansi-term v0.50.3
[1m[92m   Compiling[0m scoped-tls v1.0.1
[1m[92m   Compiling[0m weft-core v0.1.0 (/home/runner/work/Weft/Weft/core/rust)
[1m[92m   Compiling[0m matchers v0.2.0
[1m[92m   Compiling[0m tracing-subscriber v0.3.23
[1m[33mwarning[0m[1m: unused import: `PubResult`[0m
 [1m[94m--> [0msrc/bin/bench.rs:8:22
  [1m[94m|[0m
[1m[94m8[0m [1m[94m|[0m use weft_core::{pat, PubResult, Weft};
  [1m[94m|[0m                      [1m[33m^^^^^^^^^[0m
  [1m[94m|[0m
  [1m[94m= [0m[1mnote[0m: `#[warn(unused_imports)]` (part of `#[warn(unused)]`) on by default

[1m[33mwarning[0m[1m: unnecessary `unsafe` block[0m
  [1m[94m--> [0msrc/bin/bench.rs:78:9
   [1m[94m|[0m
[1m[94m78[0m [1m[94m|[0m         unsafe { fill_payload(&w, seq, payload_max as u32); }
   [1m[94m|[0m         [1m[33m^^^^^^[0m [1m[33munnecessary `unsafe` block[0m
   [1m[94m|[0m
   [1m[94m= [0m[1mnote[0m: `#[warn(unused_unsafe)]` (part of `#[warn(unused)]`) on by default

[1m[33mwarning[0m[1m: unnecessary `unsafe` block[0m
   [1m[94m--> [0msrc/bin/bench.rs:203:13
    [1m[94m|[0m
[1m[94m203[0m [1m[94m|[0m             unsafe { fill_payload(&w2, seq, payload_max as u32); }
    [1m[94m|[0m             [1m[33m^^^^^^[0m [1m[33munnecessary `unsafe` block[0m

[1m[33mwarning[0m[1m: unnecessary `unsafe` block[0m
   [1m[94m--> [0msrc/bin/bench.rs:267:13
    [1m[94m|[0m
[1m[94m267[0m [1m[94m|[0m             unsafe { fill_payload(&w2, seq, payload_max as u32); }
    [1m[94m|[0m             [1m[33m^^^^^^[0m [1m[33munnecessary `unsafe` block[0m

[1m[33mwarning[0m[1m: function `now_ns` is never used[0m
  [1m[94m--> [0msrc/bin/bench.rs:10:4
   [1m[94m|[0m
[1m[94m10[0m [1m[94m|[0m fn now_ns() -> u64 {
   [1m[94m|[0m    [1m[33m^^^^^^[0m
   [1m[94m|[0m
   [1m[94m= [0m[1mnote[0m: `#[warn(dead_code)]` (part of `#[warn(unused)]`) on by default

[1m[33mwarning[0m[1m: function `now_ns_abs` is never used[0m
  [1m[94m--> [0msrc/bin/bench.rs:14:4
   [1m[94m|[0m
[1m[94m14[0m [1m[94m|[0m fn now_ns_abs() -> u64 {
   [1m[94m|[0m    [1m[33m^^^^^^^^^^[0m

[1m[92m   Compiling[0m loom v0.7.2
[1m[33mwarning[0m[1m: unused imports: `Duration` and `Instant`[0m
 [1m[94m--> [0msrc/bin/probe.rs:3:17
  [1m[94m|[0m
[1m[94m3[0m [1m[94m|[0m use std::time::{Duration, Instant};
  [1m[94m|[0m                 [1m[33m^^^^^^^^[0m  [1m[33m^^^^^^^[0m
  [1m[94m|[0m
  [1m[94m= [0m[1mnote[0m: `#[warn(unused_imports)]` (part of `#[warn(unused)]`) on by default

[1m[33mwarning[0m[1m: unused import: `PubResult`[0m
 [1m[94m--> [0msrc/bin/probe.rs:4:22
  [1m[94m|[0m
[1m[94m4[0m [1m[94m|[0m use weft_core::{pat, PubResult, Weft, WeftDebugView};
  [1m[94m|[0m                      [1m[33m^^^^^^^^^[0m

[1m[33mwarning[0m: `weft-core` (bin "bench") generated 6 warnings (run `cargo fix --bin "bench" -p weft-core` to apply 1 suggestion)
[1m[33mwarning[0m: `weft-core` (bin "probe") generated 2 warnings (run `cargo fix --bin "probe" -p weft-core` to apply 2 suggestions)
[1m[33mwarning[0m[1m: variable does not need to be mutable[0m
   [1m[94m--> [0mtests/fanout_test.rs:175:9
    [1m[94m|[0m
[1m[94m175[0m [1m[94m|[0m     let mut readers: Vec<_> = (0..4).map(|_| f.create_reader()).collect();
    [1m[94m|[0m         [1m[94m----[0m[1m[33m^^^^^^^[0m
    [1m[94m|[0m         [1m[94m|[0m
    [1m[94m|[0m         [1m[94mhelp: remove this `mut`[0m
    [1m[94m|[0m
    [1m[94m= [0m[1mnote[0m: `#[warn(unused_mut)]` (part of `#[warn(unused)]`) on by default

[1m[33mwarning[0m: `weft-core` (bin "probe" test) generated 2 warnings (2 duplicates)
[1m[33mwarning[0m: `weft-core` (test "fanout_test") generated 1 warning (run `cargo fix --test "fanout_test" -p weft-core` to apply 1 suggestion)
[1m[33mwarning[0m: `weft-core` (bin "bench" test) generated 6 warnings (6 duplicates)
[1m[92m    Finished[0m `release` profile [optimized] target(s) in 44.36s
[1m[92m     Running[0m unittests src/lib.rs (target/release/deps/weft_core-b59d8ec68b487b8f)

running 0 tests

test result: ok. 0 passed; 0 failed; 0 ignored; 0 measured; 0 filtered out; finished in 0.00s

[1m[92m     Running[0m unittests src/bin/bench.rs (target/release/deps/bench-93a5ef9309cde51c)

running 0 tests

test result: ok. 0 passed; 0 failed; 0 ignored; 0 measured; 0 filtered out; finished in 0.00s

[1m[92m     Running[0m unittests src/bin/litmus.rs (target/release/deps/litmus-1383df2e07c16058)

running 0 tests

test result: ok. 0 passed; 0 failed; 0 ignored; 0 measured; 0 filtered out; finished in 0.00s

[1m[92m     Running[0m unittests src/bin/probe.rs (target/release/deps/probe-3f066521810cac38)

running 0 tests

test result: ok. 0 passed; 0 failed; 0 ignored; 0 measured; 0 filtered out; finished in 0.00s

[1m[92m     Running[0m unittests src/bin/record.rs (target/release/deps/record-1407ea70ac2cddd5)

running 0 tests

test result: ok. 0 passed; 0 failed; 0 ignored; 0 measured; 0 filtered out; finished in 0.00s

[1m[92m     Running[0m tests/fanout_test.rs (target/release/deps/fanout_test-7682f06e74b70b85)

running 9 tests
test f1_geometry_validation ... ok
test f3_drop_accounting ... ok
test f4_telescoping_identity ... ok
test f5_graceful_skip ... ok
test f6_publish_without_begin_is_a_noop ... ok
test f2_roundtrip ... ok
test f7_ring_handoff_and_bytes ... ok
test f8_debug_stats ... ok
test torture_concurrent_readers_zero_torn_claims ... ok

test result: ok. 9 passed; 0 failed; 0 ignored; 0 measured; 0 filtered out; finished in 0.03s

[1m[92m     Running[0m tests/frame_cursor_test.rs (target/release/deps/frame_cursor_test-0b57cb67f4531be8)

running 5 tests
test fc1_first_claim_is_the_baseline ... ok
test fc3_counts_frames_never_seen ... ok
test fc2_paced_reader_sees_zero_drops ... ok
test fc4_decreasing_seq_is_a_writer_reset ... ok
test fc5_reset_then_first_again ... ok

test result: ok. 5 passed; 0 failed; 0 ignored; 0 measured; 0 filtered out; finished in 0.00s

[1m[92m     Running[0m tests/loom_fanout.rs (target/release/deps/loom_fanout-791e84e9aa3e52b7)

running 1 test
test loom_fanout_ring_no_torn_claims_exhaustive ... ok

test result: ok. 1 passed; 0 failed; 0 ignored; 0 measured; 0 filtered out; finished in 44.15s

[1m[92m     Running[0m tests/loom_model.rs (target/release/deps/loom_model-acf9621b9ab9aade)

running 1 test
test loom_triad_protocol_exhaustive_v2 ... ok

test result: ok. 1 passed; 0 failed; 0 ignored; 0 measured; 0 filtered out; finished in 0.18s

[1m[92m   Doc-tests[0m weft_core

running 0 tests

test result: ok. 0 passed; 0 failed; 0 ignored; 0 measured; 0 filtered out; finished in 0.00s


=== xlang interop (TS <-> C, bit-exact) ===
== xlang fan-out interop: env x86_64/Linux, node v24.20.0, frames=2000 ==
-- direction 1: TS producer -> C consumer --
writer: frames=2000 slots=4 floats=64 bytes=1072 latest=2000 publishes=2000
validate-ring: ring-ts.bin — fresh seq=2000 dropped=1999 payload_words=64 verdict=PASS

-- direction 2: C producer -> TS consumer --
dump-ring: wrote ring-c.bin (1072 bytes) + ring-c.meta — frames=2000 slots=4 words=64
reader: fresh seq=2000 dropped=1999 words=64 bits=OK verdict=PASS

verdict: PASS
✅ fanout-native shard PASSED
xlang fan-out interop: env x86_64/Linux, node v24.20.0, frames=2000 ==
-- direction 1: TS producer -> C consumer --
writer: frames=2000 slots=4 floats=64 bytes=1072 latest=2000 publishes=2000
validate-ring: ring-ts.bin — fresh seq=2000 dropped=1999 payload_words=64 verdict=PASS

-- direction 2: C producer -> TS consumer --
dump-ring: wrote ring-c.bin (1072 bytes) + ring-c.meta — frames=2000 slots=4 words=64
reader: fresh seq=2000 dropped=1999 words=64 bits=OK verdict=PASS

verdict: PASS
✅ fanout-native shard PASSED
