[malloc-audit] CL-U8 uring send+flush+poll x8: 0 allocs while armed
[PASS] CL-U1 rings LIVE (probe)
[PASS] CL-U1 probe detail mentions register rung
[PASS] CL-U2 non-pow2 entries refused
[PASS] CL-U2 init OK
[PASS] CL-U2 second ctx OK
[PASS] CL-U3 bind A ephemeral
[PASS] CL-U3 bind B ephemeral
[PASS] CL-U3 distinct ports
[PASS] CL-U4 region A created
[PASS] CL-U4 region B created
[PASS] CL-U4 both regions registered
[PASS] CL-U5 A->B peer
[PASS] CL-U5 B->A peer
[PASS] CL-U5 B rx armed
[PASS] CL-U5 B flush
[PASS] CL-U5 A sends
[PASS] CL-U5 A flush
[PASS] CL-U5 A settles the ZC verdict
[PASS] CL-U5 B harvests rx
[PASS] CL-U5 B received the frame (kind=rx, res>0)
[PASS] CL-U5 B-side WCF1 valid
[PASS] CL-U5 payload bit-identical
[PASS] CL-U5 A rx armed
[PASS] CL-U5 A flush
[PASS] CL-U5 B echoes
[PASS] CL-U5 B flush
[PASS] CL-U5 B settles the ZC verdict
[PASS] CL-U5 A harvests echo
[PASS] CL-U5 A received the echo
[PASS] CL-U5 echo payload bit-identical
[PASS] CL-U6 SEND_ZC downgraded (sticky) with label
[PASS] CL-U6 landed on WRITE_FIXED
[PASS] CL-U7 empty poll -> TIMEOUT
[PASS] CL-U7 deadline honored (>= 8ms, < 5s)
[PASS] CL-U7 timeout counted
[PASS] CL-U8 zero heap allocations on the steady path
[PASS] CL-U9 bad chunk refused
[PASS] CL-U9 oversize len refused
[PASS] CL-U9 zero len refused
[PASS] CL-U9 >1024 chunks refused
[PASS] CL-U10 rx user_data bit62 refused
--- 41 pass / 0 fail / 0 skip
