
=== build cluster targets ===
make: Entering directory '/home/z/my-project/weft-repo/core/c'
make: 'cluster-ring-test' is up to date.
make: 'cluster-ring-test-asan' is up to date.
make: 'cluster-ring-test-tsan' is up to date.
make: 'cluster-consensus-test' is up to date.
make: 'cluster-consensus-test-asan' is up to date.
make: 'split-brain-torture' is up to date.
make: 'split-brain-torture-asan' is up to date.
gcc -O2 -std=c11 -Wall -Wextra -pthread -D_GNU_SOURCE -o cluster-bench cluster/weft_cluster_ring.c cluster/weft_cluster_consensus.c cluster/sim_cluster.c cluster/cluster_bench.c
make: Leaving directory '/home/z/my-project/weft-repo/core/c'

=== CL-ring conformance (plain) ===
R1   crc32/LE/two-store encoding                          PASS
R2   region create golden bytes                           PASS
R3   attach validation ladder (12 refusals)               PASS
R4   100k publish/acquire/consume, zero alloc             PASS
R5   two-store tear detection (bounded -> E_SEQ_TORN)     PASS
R6   in-band backpressure + ring-full refusal             PASS
R7   overrun + message_seq alias guards                   PASS
R8   slot header golden layout + opt-in CRC               PASS
R9   consumer watermark two-store protocol                PASS
R10  zero-roundtrip remote slot addressing                PASS
     (fork ipc: 2 torn backoffs survived)
R11  fork cross-process 100k msgs, zero tears             PASS

cluster_ring_test: ALL PASS (0 failures)

=== CL-ring conformance (ASAN) ===
R1   crc32/LE/two-store encoding                          PASS
R2   region create golden bytes                           PASS
R3   attach validation ladder (12 refusals)               PASS
R4   100k publish/acquire/consume, zero alloc             PASS
R5   two-store tear detection (bounded -> E_SEQ_TORN)     PASS
R6   in-band backpressure + ring-full refusal             PASS
R7   overrun + message_seq alias guards                   PASS
R8   slot header golden layout + opt-in CRC               PASS
R9   consumer watermark two-store protocol                PASS
R10  zero-roundtrip remote slot addressing                PASS
     (fork ipc: 0 torn backoffs survived)
R11  fork cross-process 100k msgs, zero tears             PASS

cluster_ring_test: ALL PASS (0 failures)

=== CL-ring conformance (TSAN) ===
R1   crc32/LE/two-store encoding                          PASS
R2   region create golden bytes                           PASS
R3   attach validation ladder (12 refusals)               PASS
R4   100k publish/acquire/consume, zero alloc             PASS
R5   two-store tear detection (bounded -> E_SEQ_TORN)     PASS
R6   in-band backpressure + ring-full refusal             PASS
R7   overrun + message_seq alias guards                   PASS
R8   slot header golden layout + opt-in CRC               PASS
R9   consumer watermark two-store protocol                PASS
R10  zero-roundtrip remote slot addressing                PASS
     (fork ipc: 31 torn backoffs survived)
R11  fork cross-process 100k msgs, zero tears             PASS

cluster_ring_test: ALL PASS (0 failures)

=== CL-consensus conformance (plain) ===
C1   cold-boot election: 1 leader, all converged          PASS
C2   lease stability across 20 lease periods              PASS
C3-5 quorum loss, fencing, partition heal + convergence   PASS
C6   vote uniqueness (one grant per term per node)        PASS
C7   clock skew gate at attach                            PASS
C8   zombie eviction after 3 frozen leases                PASS
C9   consensus seqlock: stable, torn, pairing guards      PASS
C10  100k cluster sync ops, zero alloc, intact payloads   PASS

cluster_consensus_test: ALL PASS (0 failures)

=== CL-consensus conformance (ASAN) ===
C1   cold-boot election: 1 leader, all converged          PASS
C2   lease stability across 20 lease periods              PASS
C3-5 quorum loss, fencing, partition heal + convergence   PASS
C6   vote uniqueness (one grant per term per node)        PASS
C7   clock skew gate at attach                            PASS
C8   zombie eviction after 3 frozen leases                PASS
C9   consensus seqlock: stable, torn, pairing guards      PASS
C10  100k cluster sync ops, zero alloc, intact payloads   PASS

cluster_consensus_test: ALL PASS (0 failures)

=== split-brain torture (plain) ===
SB1  dueling candidates resolve, never two leaders        PASS
SB2  byzantine same-term view: E_SPLIT_BRAIN + tie-break  PASS
     sb3: 3000 rounds, 44071 ops, 1708 published, 1701 delivered, 0 fenced, 24 elections (18 won), 13 quorum-losses, 172 dropped, 0 bp, 1591 flips, 375 heals, 1 evicted
SB3  7-node random-partition torture, all invariants      PASS
SB4  leader crash -> re-election -> fenced recovery       PASS

split_brain_torture: ALL PASS (0 failures)

=== split-brain torture (ASAN) ===
SB1  dueling candidates resolve, never two leaders        PASS
SB2  byzantine same-term view: E_SPLIT_BRAIN + tie-break  PASS
     sb3: 3000 rounds, 44071 ops, 1708 published, 1701 delivered, 0 fenced, 24 elections (18 won), 13 quorum-losses, 172 dropped, 0 bp, 1591 flips, 375 heals, 1 evicted
SB3  7-node random-partition torture, all invariants      PASS
SB4  leader crash -> re-election -> fenced recovery       PASS

split_brain_torture: ALL PASS (0 failures)

=== cluster-bench scoreboard (protocol-engine overhead, local transport) ===
{"mode":"calib","ops":1000000,"ns_per_op":0.00,"a":0,"b":0}
{"mode":"publish","ops":1000000,"ns_per_op":30.95,"a":128,"b":64}
{"mode":"publish","ops":1000000,"ns_per_op":35.29,"a":192,"b":128}
{"mode":"publish","ops":1000000,"ns_per_op":47.47,"a":512,"b":448}
{"mode":"publish","ops":1000000,"ns_per_op":192.93,"a":2048,"b":1984}
{"mode":"publish","ops":1000000,"ns_per_op":549.54,"a":4096,"b":4032}
{"mode":"acquire+consume","ops":999424,"ns_per_op":4.98,"a":128,"b":0}
{"mode":"roundtrip","ops":500000,"ns_per_op":29.58,"a":128,"b":0}
{"mode":"seqreg","ops":10000000,"ns_per_op":3.92,"a":0,"b":0}
{"mode":"consensus-write+read","ops":2000000,"ns_per_op":11.99,"a":0,"b":0}
{"mode":"consensus-read","ops":2000000,"ns_per_op":2.96,"a":0,"b":0}
{"mode":"cluster-sync","ops":100000,"ns_per_op":38.33,"a":5,"b":128}
{"mode":"election","ops":3,"ns_per_op":3172.00,"a":23750000,"b":3}
{"mode":"election","ops":5,"ns_per_op":6775.00,"a":23750000,"b":5}
{"mode":"election","ops":7,"ns_per_op":14378.00,"a":23750000,"b":7}

WEFT-CLUSTER SHARD: PASS
