==================================================
SHARD: simd-blend
DESCRIPTION: Q12 raster blend: C golden gates + xlang-blend cross-language digests + bench
STATUS: PASSED ✅
COMMIT: 14e29a7a011b2aa0822a96fff785a0a5dd530f33
RUN: 232
==================================================

== simd-blend shard: env x86_64/Linux ==
-- C kernel gates --
== blend_test: impl=avx2 (2) ==
B1 boundaries: OK
B2 parity sweep: OK (154 path-checks, all == scalar)
B3 alpha sweep 0..4096 (dispatched): OK
B4 in-place aliasing: OK
blend_test: ALL GATES GREEN
blend-test: ALL GATES GREEN
-- xlang-blend golden gate --
== xlang-blend golden parity: env x86_64/Linux ==
-- C kernel (golden source) --
   blend-test gates GREEN
   golden-vectors.csv matches the kernel
-- TS verifier (reference port) --
xlang-blend TS verifier: 63/63 golden digests match
-- Kotlin verifier --
xlang-blend Kotlin verifier: 63/63 golden digests match
-- Dart verifier: DECLARED skip (no dart; flutter-packages leg owns it) --
-- Swift port: DECLARED skip (no swiftc; apple-packages compiles + golden-gates it) --

xlang-blend: ran=3 declared_skips=2
✅ xlang-blend parity: every executed port byte-identical to the C kernel
xlang-blend parity GREEN
-- blend_runner benchmark --
== blend_runner: dispatch=avx2 ==
256x256-hot (65536 words): scalar   286770 ns/frame (  2.7 GB/s) | avx2    21420 ns/frame ( 36.7 GB/s) | speedup 13.39x
1080p (2073600 words): scalar  9064832 ns/frame (  2.7 GB/s) | avx2   681908 ns/frame ( 36.5 GB/s) | speedup 13.29x
4K (8294400 words): scalar 36256618 ns/frame (  2.7 GB/s) | avx2  2950620 ns/frame ( 33.7 GB/s) | speedup 12.29x
8K (33177600 words): scalar 146142786 ns/frame (  2.7 GB/s) | avx2 12705644 ns/frame ( 31.3 GB/s) | speedup 11.50x
✅ simd-blend shard GREEN
