==================================================
SHARD: weft-tensor-managed
DESCRIPTION: Project weft-tensor Pillar 2: WTR1 layout, TS/Python ingestion engines, DLPack/NumPy bridge, cross-language parity, React/Flutter AI hooks/widgets, 120 FPS flight demo, alloc probes
STATUS: PASSED ✅
COMMIT: 14e29a7a011b2aa0822a96fff785a0a5dd530f33
RUN: 232
==================================================

[1/8] fixture determinism
OK /home/runner/work/Weft/Weft/fixtures/weft-tensor/ring-v1-f32.bin (640 B) byte-identical
OK /home/runner/work/Weft/Weft/fixtures/weft-tensor/ring-v1-u8.bin (640 B) byte-identical
[2/8] TypeScript suite
✔ zero-alloc probe [ring] — 100k steady-state ops stay flat (197.23126ms)
✔ zero-alloc probe [ingest] — 100k steady-state ops stay flat (113.723066ms)
✔ zero-alloc probe [audio] — 100k steady-state ops stay flat (119.561825ms)
✔ zero-alloc probe [render] — 100k steady-state ops stay flat (1614.2742ms)
✔ zero-alloc probe [overlay] — 100k steady-state ops stay flat (67.794084ms)
✔ negative control: a deliberately-allocating loop IS caught (66.854788ms)
✔ f32 fixture: header fields, 10 frames, dyadic payload parity (2.891665ms)
✔ u8 fixture: header fields, 6 frames, byte payload parity (1.445393ms)
✔ WebCodecs sync fast path: bytes land in ring, no intermediate (3.44621ms)
✔ WebCodecs async fast path resolves after the GPU readback lands (0.411802ms)
✔ copyTo failure is a DROP, never a throw into the frame loop (0.324432ms)
✔ legacy sync copyTo returning void still commits the full slot (2.045579ms)
✔ ImageData + raw paths (0.574964ms)
✔ ingestor dtype gate: f32 ring rejected (Law 4) (0.701572ms)
✔ AudioPcmFeeder: exact-fit chunks roll one slot per chunk (1.115908ms)
✔ AudioPcmFeeder: chunk spanning slot boundaries carries with zero gaps (0.546282ms)
✔ AudioPcmFeeder: tiny chunks accumulate then roll (worklet cadence) (0.45765ms)
✔ AudioPcmFeeder dtype gate + chunk size gate (Law 4) (1.502632ms)
✔ crc32 matches node:zlib over the static header region (4.572162ms)
✔ f16FromBits matches numpy float16 decode exactly (0.691217ms)
✔ f16ToBits matches numpy round-to-nearest-even (0.443239ms)
✔ fourcc round-trips as LE ASCII (0.299966ms)
✔ validateRingHeader accepts both golden fixtures (1.688288ms)
✔ fail-closed corruption matrix — every mutation gets a machine-readable code (1.721828ms)
✔ dtype validity table (1.803219ms)
✔ create() writes a self-validating header (round trip through attach) (1.108346ms)
✔ Canvas2DPlane: ONE ImageData reused, pixel-accurate blit per frame (3.697863ms)
✔ Canvas2DPlane dtype gate (Law 4) (0.765698ms)
✔ OverlayScratch + drawBoxes2D: bounded, reused, pixel records (1.284368ms)
✔ drawSkeleton2D honours confidence gating (0.385633ms)
✔ WebGL2Plane: zero-alloc texSubImage2D from the slot view + fullscreen tri (1.057361ms)
✔ create + typed commit + acquireLatest returns exact values, zero surprises (4.297925ms)
✔ byte commit path (Uint8Array) with short payload (bounded loop, no throw) (0.436097ms)
✔ acquireLatest(lastSeq) returns null when nothing new; acquireFrame bounds (0.473393ms)
✔ overrun: slotCount=2, 5 commits -> old seq gone, latest correct (0.540282ms)
✔ torn read: uncommitted slot is invisible, then visible after commit marker (0.436198ms)
✔ zero-copy begin/finish path matches convenience commit (0.396819ms)
✔ commit rejects wrong dtype / oversized payloads (fail-closed) (0.884124ms)
✔ create() input validation is fail-closed (0.409909ms)
✔ waitForNewFrame resolves via injected scheduler; timeout path returns null (32.271007ms)
✔ SharedArrayBuffer smoke: create(shared) + atomics publish + acquire (0.647212ms)
✔ ring stats counters are sealed and monotonic (0.577758ms)
✔ detectRuntime identifies node (this process) (1.375954ms)
✔ detectRuntime: browser / deno / bun / worker / electron fakes (0.341798ms)
✔ runtimeMatrix feature list stays sorted/deterministic (0.920137ms)
✔ assertShareable accepts SAB, rejects plain ArrayBuffer (0.740359ms)
ℹ tests 46
ℹ suites 0
ℹ pass 46
ℹ fail 0
ℹ cancelled 0
ℹ skipped 0
ℹ todo 0
ℹ duration_ms 2260.214676
[3/8] Python suite
.......s.............s................                                   [100%]
36 passed, 2 skipped in 9.23s
[4/8] TS producer -> Python consumer
{"producer":"typescript","path":"/tmp/tmp.O3LcYBUqg7/ts_ring.bin","byteLength":640,"producerSeq":10,"slotStride":128,"schemaId":"fe77000000000000"}
{"consumer": "python", "path": "/tmp/tmp.O3LcYBUqg7/ts_ring.bin", "framesValidated": [7, 8, 9, 10], "dlpackAlias": true, "ok": true}
[5/8] Python producer -> TS consumer
{"producer": "python", "path": "/tmp/tmp.O3LcYBUqg7/py_ring.bin", "byteLength": 640, "producerSeq": 10, "slotStride": 128, "schemaId": "fe77000000000001"}
{"consumer":"typescript","path":"/tmp/tmp.O3LcYBUqg7/py_ring.bin","framesValidated":[7,8,9,10],"ok":true}
[6/8] DLPack alias proof (consumed the TS-produced ring, pointer-checked)
    dlpack alias OK (slot ptr 0x55cc587c6f30 inside ring 0x55cc587c6df0..0x55cc587c7070)
[7/8] zero-allocation probes (100k ops each, post-warmup, --expose-gc)
    {"mode":"ring","iters":100000,"heapBefore":4403936,"heapAfter":4416640,"deltaBytes":12704}
    {"mode":"ingest","iters":100000,"heapBefore":4431240,"heapAfter":4425448,"deltaBytes":-5792}
    {"mode":"audio","iters":100000,"heapBefore":4406544,"heapAfter":4419848,"deltaBytes":13304}
    {"mode":"render","iters":100000,"heapBefore":4418896,"heapAfter":4420496,"deltaBytes":1600}
    {"mode":"overlay","iters":100000,"heapBefore":4298968,"heapAfter":4299680,"deltaBytes":712}
[8/8] latency gates (directive: commit < 50us)
    {"bench":"weft-tensor commit/acquire","node":"v24.21.0","video":{"geometry":"320x180 RGBA","slotCapBytes":230400,"commit":{"n":50000,"p50_us":0.171,"p99_us":1.312,"max_us":191.514},"acquire":{"n":50000,"p50_us":0.19,"p99_us":0.481,"max_us":128.391},"commit_under_50us":true},"audio":{"geometry":"2ch x 128 f32 (interleaved quanta 256)","slotCapBytes":1024,"commit":{"n":50000,"p50_us":0.491,"p99_us":0.541,"max_us":39.358},"acquire":{"n":50000,"p50_us":0.13,"p99_us":1.292,"max_us":132.257},"commit_under_50us":true}}
weft-tensor managed shard: ALL 8 STAGES GREEN
