==================================================
SHARD: weft-cluster-managed
DESCRIPTION: Project weft-cluster Pillar 3: TS wire/client/topology/router/metrics, Python wire/router/UDP parity, live UDP mesh, 100k zero-alloc probes, 1M fps burst, rendezvous router
STATUS: PASSED ✅
COMMIT: 14e29a7a011b2aa0822a96fff785a0a5dd530f33
RUN: 232
==================================================

[1/8] kernel-core integrity (Law 3: core/c/weft.{c,h} byte-frozen)
    core/c/weft.{c,h} untouched
[2/8] TS wire vectors + cross-language guard
✔ crosslang: TS still decodes the frozen WCN1 vectors byte-exactly (1.641781ms)
✔ crosslang: TS rejects malformed fixtures with the frozen codes (0.263139ms)
✔ crosslang: FNV/CRC reference vectors match the fixture (0.339522ms)
✔ crc32 IEEE vectors (parity with Python zlib.crc32) (1.209034ms)
✔ fnv1a64 topic hash vectors (parity with Python impl) (0.309064ms)
✔ WCN1 header: little-endian byte layout is normative (0.321577ms)
✔ WCN1 round-trip: encode -> decode -> same fields (5.128903ms)
✔ Law 4: malformed datagrams map to the exact error taxonomy (0.459554ms)
✔ error names are stable (Law 4 contract) (0.347125ms)
✔ WGS1 gossip: encode + entries + decode round-trip (0.40376ms)
✔ WGS1: entry_count overrun is WC_E_TRUNCATED, not a crash (0.154487ms)
✔ Law 1: decodeInto is allocation-free (structural check) (0.273748ms)
ℹ tests 12
ℹ suites 0
ℹ pass 12
ℹ fail 0
ℹ cancelled 0
ℹ skipped 0
ℹ todo 0
ℹ duration_ms 80.583099
[3/8] Python wire + router vector parity
.........                                                                [100%]
9 passed in 0.33s
[4/8] TypeScript suite
✔ shm: publish -> subscribe async iterator, seq monotonic, payload intact (13.425828ms)
✔ shm: two subscribers fan out independently; unsubscribe stops flow (11.595115ms)
✔ shm: tryLatest reads newest without advancing the iterator (5.841221ms)
✔ Law 4: stale seq replays are dropped and counted (datagram path) (1.188368ms)
✔ udp: two clients, SUB control plane, live datagram pub/sub (40.889059ms)
✔ udp: publisher with zero subscribers stays silent (no peers dup) (0.776272ms)
✔ crosslang: TS still decodes the frozen WCN1 vectors byte-exactly (1.767284ms)
✔ crosslang: TS rejects malformed fixtures with the frozen codes (0.611616ms)
✔ crosslang: FNV/CRC reference vectors match the fixture (0.538862ms)
✔ registry: counters, gauges, histogram quantile sanity (2.841019ms)
✔ histogram bucket bounds follow the 1, 2, 3, 4, 6, 8, 12... sequence (0.303113ms)
✔ prometheus: exposition format with cumulative histogram buckets (1.44227ms)
✔ otel: OTLP/JSON document shape (resourceMetrics -> metrics) (1.664633ms)
✔ perfetto: .pftrace protobuf round-trips packets and track events (1.883529ms)
✔ prometheus: embedded /metrics server answers 200 over real HTTP (68.559593ms)
✔ router: deterministic owner across calls and instances (2.035325ms)
✔ router: cross-language owner vector (node seeds 11,22,33,44 / telemetry) (1.974418ms)
✔ router: 8-node balance within 3x envelope (6.917634ms)
✔ router: minimal disruption — adding 1 of 9 nodes moves ~1/9 of topics (9.587495ms)
✔ router: unrouted topic -> WC_E_TOPIC_UNROUTED (0.233013ms)
✔ router: removeNode stops routing to it; version bumps (0.209489ms)
✔ membership: upsert + hash-index lookup round-trip (2.01839ms)
✔ membership: open addressing survives heavy collisions (1.501452ms)
✔ gossip: 3 engines converge to a full membership view (socketless) (4.457983ms)
✔ gossip: stale incarnation ignored, higher incarnation wins (0.56501ms)
✔ gossip: LEAVING is sticky at equal incarnation, revive needs higher (0.432894ms)
✔ gossip: SWIM refutation — falsely-leaving node bumps incarnation (0.369457ms)
✔ gossip: silent nodes suspect then evicted (fake clock) (1.27505ms)
✔ gossip: graceful leave announces and propagates LEAVING (0.394222ms)
✔ crc32 IEEE vectors (parity with Python zlib.crc32) (1.098431ms)
✔ fnv1a64 topic hash vectors (parity with Python impl) (0.332498ms)
✔ WCN1 header: little-endian byte layout is normative (0.282505ms)
✔ WCN1 round-trip: encode -> decode -> same fields (4.0902ms)
✔ Law 4: malformed datagrams map to the exact error taxonomy (0.281012ms)
✔ error names are stable (Law 4 contract) (0.286583ms)
✔ WGS1 gossip: encode + entries + decode round-trip (0.379906ms)
✔ WGS1: entry_count overrun is WC_E_TRUNCATED, not a crash (0.146713ms)
✔ Law 1: decodeInto is allocation-free (structural check) (0.334211ms)
ℹ tests 38
ℹ suites 0
ℹ pass 38
ℹ fail 0
ℹ cancelled 0
ℹ skipped 0
ℹ todo 0
ℹ duration_ms 2184.421136
[5/8] Python suite
.....s.........                                                          [100%]
14 passed, 1 skipped in 8.68s
[6/8] live cross-language UDP cluster (both directions)
..                                                                       [100%]
2 passed in 8.34s
[7/8] zero-allocation probes (100k ops each, post-warmup, --expose-gc)
    {"mode":"publish","iters":100000,"heapBefore":7446048,"heapAfter":7446104,"deltaBytes":56}
    {"mode":"subscribe","iters":100000,"heapBefore":7518696,"heapAfter":7531184,"deltaBytes":12488}
    {"mode":"metrics","iters":100000,"heapBefore":7366600,"heapAfter":7360112,"deltaBytes":-6488}
    {"mode":"router","iters":100000,"heapBefore":7396392,"heapAfter":7396352,"deltaBytes":-40}
[8/8] performance gates
    [8a] 4-node demo smoke (monotonicity must PASS)
    demo PASS (monotonic, 0 gaps, 0 stale)
    [8b] mesh burst >= 1,000,000 fps (mandate D)
    {"kind":"weft-cluster-mesh-burst","transport":"loopback-shm (simulated cluster)","nodes":4,"consumers":3,"topics":1,"payloadBytes":64,"fpsTarget":1000000,"seconds":2,"publishedFrames":2000000,"ingestedFrames":6000000,"expectedIngest":6000000,"achievedFps":1075850,"fanoutWritesPerSec":3227551,"elapsedSec":1.86,"sequenceGaps":0,"hopLatencyNs":{"p50":1024,"p99":2048},"at":"2026-09-23T10:38:05.621Z"}
    [8c] membership lookup latency (mandate B1)
    {"kind":"weft-cluster-router-bench","membershipLookupNs":{"p50":16.8,"p99":37},"routerOwnerNs":{"p50":1141.2,"p99":1184.1,"nodes":8},"mandate":"lock-free cluster state table lookups < 10 ns (Pillar 3 mandate B1)"}
    lookup p50 16.8ns (gate 25ns; mandate 10ns is bare-metal — delta recorded in D-33)
weft-cluster-managed shard: ALL 8 STAGES GREEN
