==================================================
SHARD: wsuite
DESCRIPTION: W1-W5 × A/B/C/D = 20 cells, P99 + alloc assertions
STATUS: PASSED ✅
COMMIT: ac5b5f76ebd7fe1c4a6d48f75c0447fe3b5c29a9
RUN: 63
==================================================

→ W1/A ... P99=82.6 alloc/frame=0.0 [PASS]
→ W1/B ... P99=94.6 alloc/frame=0.0 [PASS]
→ W1/C .../home/runner/work/Weft/Weft/core/c/weft.c:15: warning: "_GNU_SOURCE" redefined
   15 | #define _GNU_SOURCE  // for posix_memalign
      | 
<command-line>: note: this is the location of the previous definition
→ compiling Weft C kernel to /home/runner/work/Weft/Weft/core/c/libweft.so
 P99=94.1 alloc/frame=0.0 [PASS]
→ W1/D ... P99=59.5 alloc/frame=0.0 [PASS]
→ W2/A ... P99=55.2 alloc/frame=0.0 [PASS]
→ W2/B ... P99=75.5 alloc/frame=0.0 [PASS]
→ W2/C ... P99=74.8 alloc/frame=0.0 [PASS]
→ W2/D ... P99=31.2 alloc/frame=0.0 [PASS]
→ W3/A ... P99=6.8 alloc/frame=0.0 [PASS]
→ W3/B ... P99=7.9 alloc/frame=0.0 [PASS]
→ W3/C ... P99=7.9 alloc/frame=0.0 [PASS]
→ W3/D ... P99=4.3 alloc/frame=0.0 [PASS]
→ W4/A ... P99=2065.3 alloc/frame=0.0 [PASS]
→ W4/B ... P99=2167.2 alloc/frame=0.0 [PASS]
→ W4/C ... P99=2062.5 alloc/frame=0.0 [PASS]
→ W4/D ... P99=2044.2 alloc/frame=0.0 [PASS]
→ W5/A ... P99=14.1 alloc/frame=0.0 [PASS]
→ W5/B ... P99=16.7 alloc/frame=0.0 [PASS]
→ W5/C ... P99=16.8 alloc/frame=0.0 [PASS]
→ W5/D ... P99=8.1 alloc/frame=0.0 [PASS]

✓ W-suite bundle: /home/runner/work/Weft/Weft/bench/results/wsuite-x86_64-sandbox.json
  cells: 20 (target: 20 = 5 workloads × 4 backends)
  pass: 20/20
./home/runner/work/Weft/Weft/core/c/weft.c:15: warning: "_GNU_SOURCE" redefined
   15 | #define _GNU_SOURCE  // for posix_memalign
      | 
<command-line>: note: this is the location of the previous definition
→ compiling Weft C kernel to /home/runner/work/Weft/Weft/core/c/libweft.so
 P99=94.1 alloc/frame=0.0 [PASS]
→ W1/D ... P99=59.5 alloc/frame=0.0 [PASS]
→ W2/A ... P99=55.2 alloc/frame=0.0 [PASS]
→ W2/B ... P99=75.5 alloc/frame=0.0 [PASS]
→ W2/C ... P99=74.8 alloc/frame=0.0 [PASS]
→ W2/D ... P99=31.2 alloc/frame=0.0 [PASS]
→ W3/A ... P99=6.8 alloc/frame=0.0 [PASS]
→ W3/B ... P99=7.9 alloc/frame=0.0 [PASS]
→ W3/C ... P99=7.9 alloc/frame=0.0 [PASS]
→ W3/D ... P99=4.3 alloc/frame=0.0 [PASS]
→ W4/A ... P99=2065.3 alloc/frame=0.0 [PASS]
→ W4/B ... P99=2167.2 alloc/frame=0.0 [PASS]
→ W4/C ... P99=2062.5 alloc/frame=0.0 [PASS]
→ W4/D ... P99=2044.2 alloc/frame=0.0 [PASS]
→ W5/A ... P99=14.1 alloc/frame=0.0 [PASS]
→ W5/B ... P99=16.7 alloc/frame=0.0 [PASS]
→ W5/C ... P99=16.8 alloc/frame=0.0 [PASS]
→ W5/D ... P99=8.1 alloc/frame=0.0 [PASS]

✓ W-suite bundle: /home/runner/work/Weft/Weft/bench/results/wsuite-x86_64-sandbox.json
  cells: 20 (target: 20 = 5 workloads × 4 backends)
  pass: 20/20
{
  "shard": "wsuite",
  "status": "PASSED",
  "cells_pass": 20,
  "cells_total": 20,
  "alloc_violations": 0,
  "cells": [
    {
      "workload": "W1",
      "backend": "A",
      "pass": true,
      "p99": 82.6,
      "alloc_per_frame": 0.0,
      "alloc_violation": false
    },
    {
      "workload": "W1",
      "backend": "B",
      "pass": true,
      "p99": 94.6,
      "alloc_per_frame": 0.0,
      "alloc_violation": false
    },
    {
      "workload": "W1",
      "backend": "C",
      "pass": true,
      "p99": 94.1,
      "alloc_per_frame": 0.0,
      "alloc_violation": false
    },
    {
      "workload": "W1",
      "backend": "D",
      "pass": true,
      "p99": 59.5,
      "alloc_per_frame": 0.0,
      "alloc_violation": false
    },
    {
      "workload": "W2",
      "backend": "A",
      "pass": true,
      "p99": 55.2,
      "alloc_per_frame": 0.0,
      "alloc_violation": false
    },
    {
      "workload": "W2",
      "backend": "B",
      "pass": true,
      "p99": 75.5,
      "alloc_per_frame": 0.0,
      "alloc_violation": false
    },
    {
      "workload": "W2",
      "backend": "C",
      "pass": true,
      "p99": 74.8,
      "alloc_per_frame": 0.0,
      "alloc_violation": false
    },
    {
      "workload": "W2",
      "backend": "D",
      "pass": true,
      "p99": 31.2,
      "alloc_per_frame": 0.0,
      "alloc_violation": false
    },
    {
      "workload": "W3",
      "backend": "A",
      "pass": true,
      "p99": 6.8,
      "alloc_per_frame": 0.0,
      "alloc_violation": false
    },
    {
      "workload": "W3",
      "backend": "B",
      "pass": true,
      "p99": 7.9,
      "alloc_per_frame": 0.0,
      "alloc_violation": false
    },
    {
      "workload": "W3",
      "backend": "C",
      "pass": true,
      "p99": 7.9,
      "alloc_per_frame": 0.0,
      "alloc_violation": false
    },
    {
      "workload": "W3",
      "backend": "D",
      "pass": true,
      "p99": 4.3,
      "alloc_per_frame": 0.0,
      "alloc_violation": false
    },
    {
      "workload": "W4",
      "backend": "A",
      "pass": true,
      "p99": 2065.3,
      "alloc_per_frame": 0.0,
      "alloc_violation": false
    },
    {
      "workload": "W4",
      "backend": "B",
      "pass": true,
      "p99": 2167.2,
      "alloc_per_frame": 0.0,
      "alloc_violation": false
    },
    {
      "workload": "W4",
      "backend": "C",
      "pass": true,
      "p99": 2062.5,
      "alloc_per_frame": 0.0,
      "alloc_violation": false
    },
    {
      "workload": "W4",
      "backend": "D",
      "pass": true,
      "p99": 2044.2,
      "alloc_per_frame": 0.0,
      "alloc_violation": false
    },
    {
      "workload": "W5",
      "backend": "A",
      "pass": true,
      "p99": 14.1,
      "alloc_per_frame": 0.0,
      "alloc_violation": false
    },
    {
      "workload": "W5",
      "backend": "B",
      "pass": true,
      "p99": 16.7,
      "alloc_per_frame": 0.0,
      "alloc_violation": false
    },
    {
      "workload": "W5",
      "backend": "C",
      "pass": true,
      "p99": 16.8,
      "alloc_per_frame": 0.0,
      "alloc_violation": false
    },
    {
      "workload": "W5",
      "backend": "D",
      "pass": true,
      "p99": 8.1,
      "alloc_per_frame": 0.0,
      "alloc_violation": false
    }
  ]
}
