==================================================
SHARD: canonical-audit
DESCRIPTION: bench/results.json sha256 = 16b5c663 invariant
STATUS: PASSED ✅
COMMIT: ac5b5f76ebd7fe1c4a6d48f75c0447fe3b5c29a9
RUN: 63
==================================================

=== Canonical bundle audit ===
Expected prefix: 16b5c663
Actual sha256:   16b5c663433a37540c77f9dd6e4b83abe3eed929cc4c142813ad0b684f5498f8
Actual prefix:   16b5c663
✅ No embedded stamp line (R1 Path C intact)
✅ Canonical hash matches 16b5c663
{
  "shard": "canonical-audit",
  "status": "PASSED",
  "expected_prefix": "16b5c663",
  "actual_sha256": "16b5c663433a37540c77f9dd6e4b83abe3eed929cc4c142813ad0b684f5498f8",
  "actual_prefix": "16b5c663",
  "reason": "ok"
}
