==================================================
SHARD: perf-regression
DESCRIPTION: W-suite P99 vs pinned baseline; >15% drop = FAIL
STATUS: PASSED ✅
COMMIT: dde264cfbfeb43c6101b1d2ceead6efb3b410b95
RUN: 212
==================================================

→ W1/A ... P99=101.5 alloc/frame=0.0 [PASS]
→ W1/B ... P99=133.1 alloc/frame=0.0 [PASS]
→ W1/C .../home/runner/work/Weft/Weft/core/c/weft.c:15: warning: "_GNU_SOURCE" redefined
   15 | #define _GNU_SOURCE  // for posix_memalign
      | 
<command-line>: note: this is the location of the previous definition
→ compiling Weft C kernel to /home/runner/work/Weft/Weft/core/c/libweft.so
 P99=135.8 alloc/frame=0.0 [PASS]
→ W1/D ... P99=60.7 alloc/frame=0.0 [PASS]
→ W2/A ... P99=68.3 alloc/frame=0.0 [PASS]
→ W2/B ... P99=88.1 alloc/frame=0.0 [PASS]
→ W2/C ... P99=90.7 alloc/frame=0.0 [PASS]
→ W2/D ... P99=42.4 alloc/frame=0.0 [PASS]
→ W3/A ... P99=9.3 alloc/frame=0.0 [PASS]
→ W3/B ... P99=11.4 alloc/frame=0.0 [PASS]
→ W3/C ... P99=9.3 alloc/frame=0.0 [PASS]
→ W3/D ... P99=5.6 alloc/frame=0.0 [PASS]
→ W4/A ... P99=2287.5 alloc/frame=0.0 [PASS]
→ W4/B ... P99=1992.3 alloc/frame=0.0 [PASS]
→ W4/C ... P99=2224.9 alloc/frame=0.0 [PASS]
→ W4/D ... P99=2300.3 alloc/frame=0.0 [PASS]
→ W5/A ... P99=17.8 alloc/frame=0.0 [PASS]
→ W5/B ... P99=20.5 alloc/frame=0.0 [PASS]
→ W5/C ... P99=21.1 alloc/frame=0.0 [PASS]
→ W5/D ... P99=11.2 alloc/frame=0.0 [PASS]

✓ W-suite bundle: /home/runner/work/Weft/Weft/bench/results/wsuite-x86_64-sandbox.json
  cells: 20 (target: 20 = 5 workloads × 4 backends)
  pass: 20/20
... P99=133.1 alloc/frame=0.0 [PASS]
→ W1/C .../home/runner/work/Weft/Weft/core/c/weft.c:15: warning: "_GNU_SOURCE" redefined
   15 | #define _GNU_SOURCE  // for posix_memalign
      | 
<command-line>: note: this is the location of the previous definition
→ compiling Weft C kernel to /home/runner/work/Weft/Weft/core/c/libweft.so
 P99=135.8 alloc/frame=0.0 [PASS]
→ W1/D ... P99=60.7 alloc/frame=0.0 [PASS]
→ W2/A ... P99=68.3 alloc/frame=0.0 [PASS]
→ W2/B ... P99=88.1 alloc/frame=0.0 [PASS]
→ W2/C ... P99=90.7 alloc/frame=0.0 [PASS]
→ W2/D ... P99=42.4 alloc/frame=0.0 [PASS]
→ W3/A ... P99=9.3 alloc/frame=0.0 [PASS]
→ W3/B ... P99=11.4 alloc/frame=0.0 [PASS]
→ W3/C ... P99=9.3 alloc/frame=0.0 [PASS]
→ W3/D ... P99=5.6 alloc/frame=0.0 [PASS]
→ W4/A ... P99=2287.5 alloc/frame=0.0 [PASS]
→ W4/B ... P99=1992.3 alloc/frame=0.0 [PASS]
→ W4/C ... P99=2224.9 alloc/frame=0.0 [PASS]
→ W4/D ... P99=2300.3 alloc/frame=0.0 [PASS]
→ W5/A ... P99=17.8 alloc/frame=0.0 [PASS]
→ W5/B ... P99=20.5 alloc/frame=0.0 [PASS]
→ W5/C ... P99=21.1 alloc/frame=0.0 [PASS]
→ W5/D ... P99=11.2 alloc/frame=0.0 [PASS]

✓ W-suite bundle: /home/runner/work/Weft/Weft/bench/results/wsuite-x86_64-sandbox.json
  cells: 20 (target: 20 = 5 workloads × 4 backends)
  pass: 20/20
{
  "shard": "perf-regression",
  "status": "PASSED",
  "threshold_pct": 5,
  "regression_count": 0,
  "improvement_count": 20,
  "cells_compared": 20,
  "regressions": [],
  "improvements": [
    {
      "workload": "W1",
      "backend": "A",
      "baseline": 7.3,
      "actual": 101.5,
      "delta_pct": 1290.4,
      "reason": "improvement"
    },
    {
      "workload": "W1",
      "backend": "B",
      "baseline": 44.6,
      "actual": 133.1,
      "delta_pct": 198.4,
      "reason": "improvement"
    },
    {
      "workload": "W1",
      "backend": "C",
      "baseline": 7.8,
      "actual": 135.8,
      "delta_pct": 1641.0,
      "reason": "improvement"
    },
    {
      "workload": "W1",
      "backend": "D",
      "baseline": 18.6,
      "actual": 60.7,
      "delta_pct": 226.3,
      "reason": "improvement"
    },
    {
      "workload": "W2",
      "backend": "A",
      "baseline": 4.3,
      "actual": 68.3,
      "delta_pct": 1488.4,
      "reason": "improvement"
    },
    {
      "workload": "W2",
      "backend": "B",
      "baseline": 6.1,
      "actual": 88.1,
      "delta_pct": 1344.3,
      "reason": "improvement"
    },
    {
      "workload": "W2",
      "backend": "C",
      "baseline": 16.4,
      "actual": 90.7,
      "delta_pct": 453.0,
      "reason": "improvement"
    },
    {
      "workload": "W2",
      "backend": "D",
      "baseline": 7.5,
      "actual": 42.4,
      "delta_pct": 465.3,
      "reason": "improvement"
    },
    {
      "workload": "W3",
      "backend": "A",
      "baseline": 2.6,
      "actual": 9.3,
      "delta_pct": 257.7,
      "reason": "improvement"
    },
    {
      "workload": "W3",
      "backend": "B",
      "baseline": 3.7,
      "actual": 11.4,
      "delta_pct": 208.1,
      "reason": "improvement"
    },
    {
      "workload": "W3",
      "backend": "C",
      "baseline": 2.8,
      "actual": 9.3,
      "delta_pct": 232.1,
      "reason": "improvement"
    },
    {
      "workload": "W3",
      "backend": "D",
      "baseline": 1.1,
      "actual": 5.6,
      "delta_pct": 409.1,
      "reason": "improvement"
    },
    {
      "workload": "W4",
      "backend": "A",
      "baseline": 659.0,
      "actual": 2287.5,
      "delta_pct": 247.1,
      "reason": "improvement"
    },
    {
      "workload": "W4",
      "backend": "B",
      "baseline": 681.4,
      "actual": 1992.3,
      "delta_pct": 192.4,
      "reason": "improvement"
    },
    {
      "workload": "W4",
      "backend": "C",
      "baseline": 578.3,
      "actual": 2224.9,
      "delta_pct": 284.7,
      "reason": "improvement"
    },
    {
      "workload": "W4",
      "backend": "D",
      "baseline": 409.0,
      "actual": 2300.3,
      "delta_pct": 462.4,
      "reason": "improvement"
    },
    {
      "workload": "W5",
      "backend": "A",
      "baseline": 5.4,
      "actual": 17.8,
      "delta_pct": 229.6,
      "reason": "improvement"
    },
    {
      "workload": "W5",
      "backend": "B",
      "baseline": 7.7,
      "actual": 20.5,
      "delta_pct": 166.2,
      "reason": "improvement"
    },
    {
      "workload": "W5",
      "backend": "C",
      "baseline": 7.7,
      "actual": 21.1,
      "delta_pct": 174.0,
      "reason": "improvement"
    },
    {
      "workload": "W5",
      "backend": "D",
      "baseline": 3.2,
      "actual": 11.2,
      "delta_pct": 250.0,
      "reason": "improvement"
    }
  ],
  "all_compared": [
    {
      "workload": "W1",
      "backend": "A",
      "baseline_p99": 7.3,
      "actual_p99": 101.5,
      "delta_pct": 1290.4
    },
    {
      "workload": "W1",
      "backend": "B",
      "baseline_p99": 44.6,
      "actual_p99": 133.1,
      "delta_pct": 198.4
    },
    {
      "workload": "W1",
      "backend": "C",
      "baseline_p99": 7.8,
      "actual_p99": 135.8,
      "delta_pct": 1641.0
    },
    {
      "workload": "W1",
      "backend": "D",
      "baseline_p99": 18.6,
      "actual_p99": 60.7,
      "delta_pct": 226.3
    },
    {
      "workload": "W2",
      "backend": "A",
      "baseline_p99": 4.3,
      "actual_p99": 68.3,
      "delta_pct": 1488.4
    },
    {
      "workload": "W2",
      "backend": "B",
      "baseline_p99": 6.1,
      "actual_p99": 88.1,
      "delta_pct": 1344.3
    },
    {
      "workload": "W2",
      "backend": "C",
      "baseline_p99": 16.4,
      "actual_p99": 90.7,
      "delta_pct": 453.0
    },
    {
      "workload": "W2",
      "backend": "D",
      "baseline_p99": 7.5,
      "actual_p99": 42.4,
      "delta_pct": 465.3
    },
    {
      "workload": "W3",
      "backend": "A",
      "baseline_p99": 2.6,
      "actual_p99": 9.3,
      "delta_pct": 257.7
    },
    {
      "workload": "W3",
      "backend": "B",
      "baseline_p99": 3.7,
      "actual_p99": 11.4,
      "delta_pct": 208.1
    },
    {
      "workload": "W3",
      "backend": "C",
      "baseline_p99": 2.8,
      "actual_p99": 9.3,
      "delta_pct": 232.1
    },
    {
      "workload": "W3",
      "backend": "D",
      "baseline_p99": 1.1,
      "actual_p99": 5.6,
      "delta_pct": 409.1
    },
    {
      "workload": "W4",
      "backend": "A",
      "baseline_p99": 659.0,
      "actual_p99": 2287.5,
      "delta_pct": 247.1
    },
    {
      "workload": "W4",
      "backend": "B",
      "baseline_p99": 681.4,
      "actual_p99": 1992.3,
      "delta_pct": 192.4
    },
    {
      "workload": "W4",
      "backend": "C",
      "baseline_p99": 578.3,
      "actual_p99": 2224.9,
      "delta_pct": 284.7
    },
    {
      "workload": "W4",
      "backend": "D",
      "baseline_p99": 409.0,
      "actual_p99": 2300.3,
      "delta_pct": 462.4
    },
    {
      "workload": "W5",
      "backend": "A",
      "baseline_p99": 5.4,
      "actual_p99": 17.8,
      "delta_pct": 229.6
    },
    {
      "workload": "W5",
      "backend": "B",
      "baseline_p99": 7.7,
      "actual_p99": 20.5,
      "delta_pct": 166.2
    },
    {
      "workload": "W5",
      "backend": "C",
      "baseline_p99": 7.7,
      "actual_p99": 21.1,
      "delta_pct": 174.0
    },
    {
      "workload": "W5",
      "backend": "D",
      "baseline_p99": 3.2,
      "actual_p99": 11.2,
      "delta_pct": 250.0
    }
  ]
}

-> publish/claim P50+P99 latency vs ci/baselines/publish-claim-p99-baseline.json
  PASS claim_p50: {'actual': 41, 'baseline': 40, 'ok': True}
  PASS claim_p99: {'actual': 8829, 'limit': 20000, 'noise_cap': 20000, 'ok': True}
  PASS publish_p50: {'actual': 45, 'baseline': 48, 'ok': True}
  PASS publish_p99: {'actual': 69, 'limit': 20000, 'noise_cap': 20000, 'ok': True}

=== Perf-regression status: PASSED ===
✅ No performance regressions
