=== heddle-2.0 hot-plane unit conformance (H-series) ===
PASS H1 crc32 check value 0xCBF43926
PASS H1 le16 byte order
PASS H1 le16 round-trip
PASS H1 le32 byte order
PASS H1 le32 round-trip
PASS H1 le64 byte order
PASS H1 le64 round-trip
PASS H1 align64
PASS H1 slot stride derivation
PASS H1 cell stride derivation
PASS H2 plane size arithmetic
PASS H2 create ok
PASS H2 magic bytes LE at +0x00
PASS H2 version 2.0 at +0x04
PASS H2 header_size 128 at +0x08
PASS H2 attach ok
PASS H2 attach decoded config
PASS H2 fresh epoch 0
PASS H2 validate ok
PASS H2 second create ok
PASS H2 byte-identical determinism
PASS H4 null mem -> E_ARG
PASS H4 tiny len -> E_ARG
PASS H4 null ctx -> E_ARG
PASS H4 bad role 0 -> E_ARG
PASS H4 bad role 7 -> E_ARG
PASS H4 misaligned mem -> E_ARG
PASS H4 bad magic -> E_MAGIC
PASS H4 bad major -> E_VERSION
PASS H4 bad header_size -> E_LAYOUT
PASS H4 bad layout_rev -> E_LAYOUT
PASS H4 flipped canary -> E_ENDIAN
PASS H4 static corruption -> E_CFG_CRC
PASS H4 self-consistent geometry lie -> E_LAYOUT
PASS H4 lane_count 0 -> E_CAPACITY
PASS H4 short region -> E_REGION_SIZE
PASS H4 create bad mode -> E_MODE
PASS H4 create 65 lanes -> E_CAPACITY
PASS H4 create sample_size 0 -> E_PAYLOAD
PASS H4 state capacity 1 legal
PASS H4 ring capacity 1 -> E_CAPACITY
PASS H4 unknown flag -> E_UNSUPPORTED
PASS H4 stat_kind 3 -> E_ARG
PASS H4 create short region -> E_REGION_SIZE
PASS H5 producer attach
PASS H5 consumer attach
PASS H5 end without begin -> E_STATE
PASS H5 begin ok
PASS H5 double begin -> E_STATE
PASS H5 state write in session
PASS H5 torn read refused while session open (E_SEQ_TORN)
PASS H5 commit ok
PASS H5 epoch 1 after one session
PASS H5 cell read after commit
PASS H5 cell round-trip value
PASS H5 unwritten cell reads zero
PASS H5 second session begin
PASS H5 lane 4 -> E_LANE_OVERFLOW
PASS H5 cell 16 -> E_CAPACITY
PASS H5 len 9 > sample -> E_PAYLOAD
PASS H5 len 0 -> E_PAYLOAD
PASS H5 null val -> E_ARG
PASS H5 write cell 1
PASS H5 second commit
PASS H5 read lane 4 -> E_LANE_OVERFLOW
PASS H5 read cell 16 -> E_CAPACITY
PASS H5 read len 9 -> E_PAYLOAD
PASS H5 read len 0 -> E_PAYLOAD
PASS H5 consumer ctx cannot mutate -> E_STATE
PASS H5 producer ctx cannot harvest -> E_STATE
PASS H8 harvest exact mask 0b1010001
PASS H8 second harvest empty
PASS H8 remark ok
PASS H8 remark visible on next harvest
PASS H8 remark bit beyond lane_count -> E_LANE_OVERFLOW
PASS H8 lane0 bbox [3,3]
PASS H8 lane2 bbox [7,7]
PASS H8 lane5 bbox [1,1]
PASS H8 lane1 bbox [2,13]
PASS H8 bbox persists until the frame advances
PASS H8 frame 1 committed
PASS H8 bbox producer-reset on frame advance -> [5,5]
PASS H8 bbox lane 8 -> E_LANE_OVERFLOW
PASS H10 fresh lane commit_count 0
PASS H10 u64 min/max/current/commits
PASS H10 i64 signed order
PASS H10 f64 total order
PASS H11 push outside session -> E_STATE
PASS H11 push
PASS H11 push
PASS H11 push
PASS H11 push
PASS H11 push
PASS H11 push
PASS H11 head == pushes
PASS H11 slot ordinal round-trip
PASS H11 slot ordinal round-trip
PASS H11 slot ordinal round-trip
PASS H11 slot ordinal round-trip
PASS H11 slot ordinal round-trip
PASS H11 slot ordinal round-trip
PASS H11 ordinal 7 maps to an unwritten slot -> E_STATE
PASS H11 ordinal 0 -> E_ARG
PASS H11 untouched lane slot -> E_STATE
PASS H11 cell op on ring -> E_MODE
PASS H11 ring lane current == head
PASS H12 ordinal 1 lost to wrap -> E_OVERRUN
PASS H12 ordinal 6 lost to wrap -> E_OVERRUN
PASS H12 future ordinal in wrapped slot -> E_NOT_PUBLISHED
PASS H12 surviving window readable
PASS H12 surviving window readable
PASS H12 surviving window readable
PASS H12 surviving window readable
PASS H12 in-band backpressure marks set
PASS H12 overrun cycle count == 2
PASS H12 head 10
PASS H13 global session on multi plane -> E_MODE
PASS H13 lane0 begin
PASS H13 second concurrent lane session -> E_STATE
PASS H13 write to non-open lane -> E_STATE
PASS H13 lane0 write
PASS H13 end wrong lane -> E_STATE
PASS H13 lane0 end
PASS H13 lane3 begin (p2)
PASS H13 lane3 write
PASS H13 lane3 end
PASS H13 lane0 read after lane session
PASS H13 lane3 read after lane session
PASS H13 multi mask exact
PASS H13 epoch counts lane sessions
PASS H13 lane session on single plane -> E_MODE
PASS H15 frame 1
PASS H15 frame 2
PASS H15 producer cannot commit frames -> E_STATE
PASS H15 heartbeat touch
PASS H15 heartbeat visible
PASS H15 idle frame leaves epoch alone
SKIP H16 zero-heap probe (sanitizer or non-glibc build)
PASS H17 200k continuous updates: zero mismatches
PASS H17 exact dirty-bit accounting (200000 bits in, 200000 out)
PASS H17 epoch == sessions
PASS H18 mmap shared ok
PASS H18 producer attach
PASS H18 fork IPC lock-step: 100k msgs, zero tears, zero canary misses

H-SERIES: 143 checks, 0 failures
