==================================================
SHARD: simd-blend
DESCRIPTION: Q12 raster blend: C golden gates + xlang-blend cross-language digests + bench
STATUS: PASSED ✅
COMMIT: 2925c7e46088c2b4ffae07397aa84732b28d5450
RUN: 185
==================================================

== simd-blend shard: env x86_64/Linux ==
-- C kernel gates --
== blend_test: impl=avx2 (2) ==
B1 boundaries: OK
B2 parity sweep: OK (154 path-checks, all == scalar)
B3 alpha sweep 0..4096 (dispatched): OK
B4 in-place aliasing: OK
blend_test: ALL GATES GREEN
blend-test: ALL GATES GREEN
-- xlang-blend golden gate --
== xlang-blend golden parity: env x86_64/Linux ==
-- C kernel (golden source) --
   blend-test gates GREEN
   golden-vectors.csv matches the kernel
-- TS verifier (reference port) --
xlang-blend TS verifier: 63/63 golden digests match
-- Kotlin verifier --
xlang-blend Kotlin verifier: 63/63 golden digests match
-- Dart verifier: DECLARED skip (no dart; flutter-packages leg owns it) --
-- Swift port: DECLARED skip (no swiftc; apple-packages compiles + golden-gates it) --

xlang-blend: ran=3 declared_skips=2
✅ xlang-blend parity: every executed port byte-identical to the C kernel
xlang-blend parity GREEN
-- blend_runner benchmark --
== blend_runner: dispatch=avx2 ==
256x256-hot (65536 words): scalar   143034 ns/frame (  5.5 GB/s) | avx2    14309 ns/frame ( 55.0 GB/s) | speedup 10.00x
1080p (2073600 words): scalar  4818842 ns/frame (  5.2 GB/s) | avx2   512357 ns/frame ( 48.6 GB/s) | speedup 9.41x
4K (8294400 words): scalar 18159118 ns/frame (  5.5 GB/s) | avx2  2380573 ns/frame ( 41.8 GB/s) | speedup 7.63x
8K (33177600 words): scalar 71937960 ns/frame (  5.5 GB/s) | avx2 10207148 ns/frame ( 39.0 GB/s) | speedup 7.05x
✅ simd-blend shard GREEN
