==================================================
SHARD: perf-regression
DESCRIPTION: W-suite P99 vs pinned baseline; >15% drop = FAIL
STATUS: PASSED ✅
COMMIT: 2925c7e46088c2b4ffae07397aa84732b28d5450
RUN: 185
==================================================

→ W1/A ... P99=140.9 alloc/frame=0.0 [PASS]
→ W1/B ... P99=166.9 alloc/frame=0.0 [PASS]
→ W1/C .../home/runner/work/Weft/Weft/core/c/weft.c:15: warning: "_GNU_SOURCE" redefined
   15 | #define _GNU_SOURCE  // for posix_memalign
      | 
<command-line>: note: this is the location of the previous definition
→ compiling Weft C kernel to /home/runner/work/Weft/Weft/core/c/libweft.so
 P99=143.1 alloc/frame=0.0 [PASS]
→ W1/D ... P99=101.9 alloc/frame=0.0 [PASS]
→ W2/A ... P99=96.1 alloc/frame=0.0 [PASS]
→ W2/B ... P99=76.8 alloc/frame=0.0 [PASS]
→ W2/C ... P99=117.8 alloc/frame=0.0 [PASS]
→ W2/D ... P99=43.9 alloc/frame=0.0 [PASS]
→ W3/A ... P99=8.9 alloc/frame=0.0 [PASS]
→ W3/B ... P99=13.2 alloc/frame=0.0 [PASS]
→ W3/C ... P99=10.0 alloc/frame=0.0 [PASS]
→ W3/D ... P99=7.6 alloc/frame=0.0 [PASS]
→ W4/A ... P99=3202.0 alloc/frame=0.0 [PASS]
→ W4/B ... P99=3042.8 alloc/frame=0.0 [PASS]
→ W4/C ... P99=2809.3 alloc/frame=0.0 [PASS]
→ W4/D ... P99=2846.7 alloc/frame=0.0 [PASS]
→ W5/A ... P99=19.2 alloc/frame=0.0 [PASS]
→ W5/B ... P99=25.4 alloc/frame=0.0 [PASS]
→ W5/C ... P99=23.2 alloc/frame=0.0 [PASS]
→ W5/D ... P99=11.7 alloc/frame=0.0 [PASS]

✓ W-suite bundle: /home/runner/work/Weft/Weft/bench/results/wsuite-x86_64-sandbox.json
  cells: 20 (target: 20 = 5 workloads × 4 backends)
  pass: 20/20
 P99=166.9 alloc/frame=0.0 [PASS]
→ W1/C .../home/runner/work/Weft/Weft/core/c/weft.c:15: warning: "_GNU_SOURCE" redefined
   15 | #define _GNU_SOURCE  // for posix_memalign
      | 
<command-line>: note: this is the location of the previous definition
→ compiling Weft C kernel to /home/runner/work/Weft/Weft/core/c/libweft.so
 P99=143.1 alloc/frame=0.0 [PASS]
→ W1/D ... P99=101.9 alloc/frame=0.0 [PASS]
→ W2/A ... P99=96.1 alloc/frame=0.0 [PASS]
→ W2/B ... P99=76.8 alloc/frame=0.0 [PASS]
→ W2/C ... P99=117.8 alloc/frame=0.0 [PASS]
→ W2/D ... P99=43.9 alloc/frame=0.0 [PASS]
→ W3/A ... P99=8.9 alloc/frame=0.0 [PASS]
→ W3/B ... P99=13.2 alloc/frame=0.0 [PASS]
→ W3/C ... P99=10.0 alloc/frame=0.0 [PASS]
→ W3/D ... P99=7.6 alloc/frame=0.0 [PASS]
→ W4/A ... P99=3202.0 alloc/frame=0.0 [PASS]
→ W4/B ... P99=3042.8 alloc/frame=0.0 [PASS]
→ W4/C ... P99=2809.3 alloc/frame=0.0 [PASS]
→ W4/D ... P99=2846.7 alloc/frame=0.0 [PASS]
→ W5/A ... P99=19.2 alloc/frame=0.0 [PASS]
→ W5/B ... P99=25.4 alloc/frame=0.0 [PASS]
→ W5/C ... P99=23.2 alloc/frame=0.0 [PASS]
→ W5/D ... P99=11.7 alloc/frame=0.0 [PASS]

✓ W-suite bundle: /home/runner/work/Weft/Weft/bench/results/wsuite-x86_64-sandbox.json
  cells: 20 (target: 20 = 5 workloads × 4 backends)
  pass: 20/20
{
  "shard": "perf-regression",
  "status": "PASSED",
  "threshold_pct": 5,
  "regression_count": 0,
  "improvement_count": 20,
  "cells_compared": 20,
  "regressions": [],
  "improvements": [
    {
      "workload": "W1",
      "backend": "A",
      "baseline": 7.3,
      "actual": 140.9,
      "delta_pct": 1830.1,
      "reason": "improvement"
    },
    {
      "workload": "W1",
      "backend": "B",
      "baseline": 44.6,
      "actual": 166.9,
      "delta_pct": 274.2,
      "reason": "improvement"
    },
    {
      "workload": "W1",
      "backend": "C",
      "baseline": 7.8,
      "actual": 143.1,
      "delta_pct": 1734.6,
      "reason": "improvement"
    },
    {
      "workload": "W1",
      "backend": "D",
      "baseline": 18.6,
      "actual": 101.9,
      "delta_pct": 447.8,
      "reason": "improvement"
    },
    {
      "workload": "W2",
      "backend": "A",
      "baseline": 4.3,
      "actual": 96.1,
      "delta_pct": 2134.9,
      "reason": "improvement"
    },
    {
      "workload": "W2",
      "backend": "B",
      "baseline": 6.1,
      "actual": 76.8,
      "delta_pct": 1159.0,
      "reason": "improvement"
    },
    {
      "workload": "W2",
      "backend": "C",
      "baseline": 16.4,
      "actual": 117.8,
      "delta_pct": 618.3,
      "reason": "improvement"
    },
    {
      "workload": "W2",
      "backend": "D",
      "baseline": 7.5,
      "actual": 43.9,
      "delta_pct": 485.3,
      "reason": "improvement"
    },
    {
      "workload": "W3",
      "backend": "A",
      "baseline": 2.6,
      "actual": 8.9,
      "delta_pct": 242.3,
      "reason": "improvement"
    },
    {
      "workload": "W3",
      "backend": "B",
      "baseline": 3.7,
      "actual": 13.2,
      "delta_pct": 256.8,
      "reason": "improvement"
    },
    {
      "workload": "W3",
      "backend": "C",
      "baseline": 2.8,
      "actual": 10.0,
      "delta_pct": 257.1,
      "reason": "improvement"
    },
    {
      "workload": "W3",
      "backend": "D",
      "baseline": 1.1,
      "actual": 7.6,
      "delta_pct": 590.9,
      "reason": "improvement"
    },
    {
      "workload": "W4",
      "backend": "A",
      "baseline": 659.0,
      "actual": 3202.0,
      "delta_pct": 385.9,
      "reason": "improvement"
    },
    {
      "workload": "W4",
      "backend": "B",
      "baseline": 681.4,
      "actual": 3042.8,
      "delta_pct": 346.6,
      "reason": "improvement"
    },
    {
      "workload": "W4",
      "backend": "C",
      "baseline": 578.3,
      "actual": 2809.3,
      "delta_pct": 385.8,
      "reason": "improvement"
    },
    {
      "workload": "W4",
      "backend": "D",
      "baseline": 409.0,
      "actual": 2846.7,
      "delta_pct": 596.0,
      "reason": "improvement"
    },
    {
      "workload": "W5",
      "backend": "A",
      "baseline": 5.4,
      "actual": 19.2,
      "delta_pct": 255.6,
      "reason": "improvement"
    },
    {
      "workload": "W5",
      "backend": "B",
      "baseline": 7.7,
      "actual": 25.4,
      "delta_pct": 229.9,
      "reason": "improvement"
    },
    {
      "workload": "W5",
      "backend": "C",
      "baseline": 7.7,
      "actual": 23.2,
      "delta_pct": 201.3,
      "reason": "improvement"
    },
    {
      "workload": "W5",
      "backend": "D",
      "baseline": 3.2,
      "actual": 11.7,
      "delta_pct": 265.6,
      "reason": "improvement"
    }
  ],
  "all_compared": [
    {
      "workload": "W1",
      "backend": "A",
      "baseline_p99": 7.3,
      "actual_p99": 140.9,
      "delta_pct": 1830.1
    },
    {
      "workload": "W1",
      "backend": "B",
      "baseline_p99": 44.6,
      "actual_p99": 166.9,
      "delta_pct": 274.2
    },
    {
      "workload": "W1",
      "backend": "C",
      "baseline_p99": 7.8,
      "actual_p99": 143.1,
      "delta_pct": 1734.6
    },
    {
      "workload": "W1",
      "backend": "D",
      "baseline_p99": 18.6,
      "actual_p99": 101.9,
      "delta_pct": 447.8
    },
    {
      "workload": "W2",
      "backend": "A",
      "baseline_p99": 4.3,
      "actual_p99": 96.1,
      "delta_pct": 2134.9
    },
    {
      "workload": "W2",
      "backend": "B",
      "baseline_p99": 6.1,
      "actual_p99": 76.8,
      "delta_pct": 1159.0
    },
    {
      "workload": "W2",
      "backend": "C",
      "baseline_p99": 16.4,
      "actual_p99": 117.8,
      "delta_pct": 618.3
    },
    {
      "workload": "W2",
      "backend": "D",
      "baseline_p99": 7.5,
      "actual_p99": 43.9,
      "delta_pct": 485.3
    },
    {
      "workload": "W3",
      "backend": "A",
      "baseline_p99": 2.6,
      "actual_p99": 8.9,
      "delta_pct": 242.3
    },
    {
      "workload": "W3",
      "backend": "B",
      "baseline_p99": 3.7,
      "actual_p99": 13.2,
      "delta_pct": 256.8
    },
    {
      "workload": "W3",
      "backend": "C",
      "baseline_p99": 2.8,
      "actual_p99": 10.0,
      "delta_pct": 257.1
    },
    {
      "workload": "W3",
      "backend": "D",
      "baseline_p99": 1.1,
      "actual_p99": 7.6,
      "delta_pct": 590.9
    },
    {
      "workload": "W4",
      "backend": "A",
      "baseline_p99": 659.0,
      "actual_p99": 3202.0,
      "delta_pct": 385.9
    },
    {
      "workload": "W4",
      "backend": "B",
      "baseline_p99": 681.4,
      "actual_p99": 3042.8,
      "delta_pct": 346.6
    },
    {
      "workload": "W4",
      "backend": "C",
      "baseline_p99": 578.3,
      "actual_p99": 2809.3,
      "delta_pct": 385.8
    },
    {
      "workload": "W4",
      "backend": "D",
      "baseline_p99": 409.0,
      "actual_p99": 2846.7,
      "delta_pct": 596.0
    },
    {
      "workload": "W5",
      "backend": "A",
      "baseline_p99": 5.4,
      "actual_p99": 19.2,
      "delta_pct": 255.6
    },
    {
      "workload": "W5",
      "backend": "B",
      "baseline_p99": 7.7,
      "actual_p99": 25.4,
      "delta_pct": 229.9
    },
    {
      "workload": "W5",
      "backend": "C",
      "baseline_p99": 7.7,
      "actual_p99": 23.2,
      "delta_pct": 201.3
    },
    {
      "workload": "W5",
      "backend": "D",
      "baseline_p99": 3.2,
      "actual_p99": 11.7,
      "delta_pct": 265.6
    }
  ]
}

-> publish/claim P50+P99 latency vs ci/baselines/publish-claim-p99-baseline.json
  PASS claim_p50: {'actual': 29, 'baseline': 40, 'ok': True}
  PASS claim_p99: {'actual': 48, 'limit': 20000, 'noise_cap': 20000, 'ok': True}
  PASS publish_p50: {'actual': 39, 'baseline': 48, 'ok': True}
  PASS publish_p99: {'actual': 178, 'limit': 20000, 'noise_cap': 20000, 'ok': True}

=== Perf-regression status: PASSED ===
✅ No performance regressions
