==================================================
SHARD: perf-regression
DESCRIPTION: W-suite P99 vs pinned baseline; >15% drop = FAIL
STATUS: PASSED ✅
COMMIT: 7eecbc248e711e67d54cdc4d2cc2b3feafb6dea9
RUN: 218
==================================================

→ W1/A ... P99=97.9 alloc/frame=0.0 [PASS]
→ W1/B ... P99=106.2 alloc/frame=0.0 [PASS]
→ W1/C .../home/runner/work/Weft/Weft/core/c/weft.c:15: warning: "_GNU_SOURCE" redefined
   15 | #define _GNU_SOURCE  // for posix_memalign
      | 
<command-line>: note: this is the location of the previous definition
→ compiling Weft C kernel to /home/runner/work/Weft/Weft/core/c/libweft.so
 P99=106.2 alloc/frame=0.0 [PASS]
→ W1/D ... P99=66.3 alloc/frame=0.0 [PASS]
→ W2/A ... P99=57.9 alloc/frame=0.0 [PASS]
→ W2/B ... P99=96.6 alloc/frame=0.0 [PASS]
→ W2/C ... P99=97.8 alloc/frame=0.0 [PASS]
→ W2/D ... P99=39.5 alloc/frame=0.0 [PASS]
→ W3/A ... P99=8.7 alloc/frame=0.0 [PASS]
→ W3/B ... P99=10.6 alloc/frame=0.0 [PASS]
→ W3/C ... P99=10.5 alloc/frame=0.0 [PASS]
→ W3/D ... P99=5.6 alloc/frame=0.0 [PASS]
→ W4/A ... P99=2506.2 alloc/frame=0.0 [PASS]
→ W4/B ... P99=2528.6 alloc/frame=0.0 [PASS]
→ W4/C ... P99=2507.1 alloc/frame=0.0 [PASS]
→ W4/D ... P99=2422.4 alloc/frame=0.0 [PASS]
→ W5/A ... P99=16.8 alloc/frame=0.0 [PASS]
→ W5/B ... P99=22.1 alloc/frame=0.0 [PASS]
→ W5/C ... P99=21.3 alloc/frame=0.0 [PASS]
→ W5/D ... P99=10.2 alloc/frame=0.0 [PASS]

✓ W-suite bundle: /home/runner/work/Weft/Weft/bench/results/wsuite-x86_64-sandbox.json
  cells: 20 (target: 20 = 5 workloads × 4 backends)
  pass: 20/20
.. P99=106.2 alloc/frame=0.0 [PASS]
→ W1/C .../home/runner/work/Weft/Weft/core/c/weft.c:15: warning: "_GNU_SOURCE" redefined
   15 | #define _GNU_SOURCE  // for posix_memalign
      | 
<command-line>: note: this is the location of the previous definition
→ compiling Weft C kernel to /home/runner/work/Weft/Weft/core/c/libweft.so
 P99=106.2 alloc/frame=0.0 [PASS]
→ W1/D ... P99=66.3 alloc/frame=0.0 [PASS]
→ W2/A ... P99=57.9 alloc/frame=0.0 [PASS]
→ W2/B ... P99=96.6 alloc/frame=0.0 [PASS]
→ W2/C ... P99=97.8 alloc/frame=0.0 [PASS]
→ W2/D ... P99=39.5 alloc/frame=0.0 [PASS]
→ W3/A ... P99=8.7 alloc/frame=0.0 [PASS]
→ W3/B ... P99=10.6 alloc/frame=0.0 [PASS]
→ W3/C ... P99=10.5 alloc/frame=0.0 [PASS]
→ W3/D ... P99=5.6 alloc/frame=0.0 [PASS]
→ W4/A ... P99=2506.2 alloc/frame=0.0 [PASS]
→ W4/B ... P99=2528.6 alloc/frame=0.0 [PASS]
→ W4/C ... P99=2507.1 alloc/frame=0.0 [PASS]
→ W4/D ... P99=2422.4 alloc/frame=0.0 [PASS]
→ W5/A ... P99=16.8 alloc/frame=0.0 [PASS]
→ W5/B ... P99=22.1 alloc/frame=0.0 [PASS]
→ W5/C ... P99=21.3 alloc/frame=0.0 [PASS]
→ W5/D ... P99=10.2 alloc/frame=0.0 [PASS]

✓ W-suite bundle: /home/runner/work/Weft/Weft/bench/results/wsuite-x86_64-sandbox.json
  cells: 20 (target: 20 = 5 workloads × 4 backends)
  pass: 20/20
{
  "shard": "perf-regression",
  "status": "PASSED",
  "threshold_pct": 5,
  "regression_count": 0,
  "improvement_count": 20,
  "cells_compared": 20,
  "regressions": [],
  "improvements": [
    {
      "workload": "W1",
      "backend": "A",
      "baseline": 7.3,
      "actual": 97.9,
      "delta_pct": 1241.1,
      "reason": "improvement"
    },
    {
      "workload": "W1",
      "backend": "B",
      "baseline": 44.6,
      "actual": 106.2,
      "delta_pct": 138.1,
      "reason": "improvement"
    },
    {
      "workload": "W1",
      "backend": "C",
      "baseline": 7.8,
      "actual": 106.2,
      "delta_pct": 1261.5,
      "reason": "improvement"
    },
    {
      "workload": "W1",
      "backend": "D",
      "baseline": 18.6,
      "actual": 66.3,
      "delta_pct": 256.5,
      "reason": "improvement"
    },
    {
      "workload": "W2",
      "backend": "A",
      "baseline": 4.3,
      "actual": 57.9,
      "delta_pct": 1246.5,
      "reason": "improvement"
    },
    {
      "workload": "W2",
      "backend": "B",
      "baseline": 6.1,
      "actual": 96.6,
      "delta_pct": 1483.6,
      "reason": "improvement"
    },
    {
      "workload": "W2",
      "backend": "C",
      "baseline": 16.4,
      "actual": 97.8,
      "delta_pct": 496.3,
      "reason": "improvement"
    },
    {
      "workload": "W2",
      "backend": "D",
      "baseline": 7.5,
      "actual": 39.5,
      "delta_pct": 426.7,
      "reason": "improvement"
    },
    {
      "workload": "W3",
      "backend": "A",
      "baseline": 2.6,
      "actual": 8.7,
      "delta_pct": 234.6,
      "reason": "improvement"
    },
    {
      "workload": "W3",
      "backend": "B",
      "baseline": 3.7,
      "actual": 10.6,
      "delta_pct": 186.5,
      "reason": "improvement"
    },
    {
      "workload": "W3",
      "backend": "C",
      "baseline": 2.8,
      "actual": 10.5,
      "delta_pct": 275.0,
      "reason": "improvement"
    },
    {
      "workload": "W3",
      "backend": "D",
      "baseline": 1.1,
      "actual": 5.6,
      "delta_pct": 409.1,
      "reason": "improvement"
    },
    {
      "workload": "W4",
      "backend": "A",
      "baseline": 659.0,
      "actual": 2506.2,
      "delta_pct": 280.3,
      "reason": "improvement"
    },
    {
      "workload": "W4",
      "backend": "B",
      "baseline": 681.4,
      "actual": 2528.6,
      "delta_pct": 271.1,
      "reason": "improvement"
    },
    {
      "workload": "W4",
      "backend": "C",
      "baseline": 578.3,
      "actual": 2507.1,
      "delta_pct": 333.5,
      "reason": "improvement"
    },
    {
      "workload": "W4",
      "backend": "D",
      "baseline": 409.0,
      "actual": 2422.4,
      "delta_pct": 492.3,
      "reason": "improvement"
    },
    {
      "workload": "W5",
      "backend": "A",
      "baseline": 5.4,
      "actual": 16.8,
      "delta_pct": 211.1,
      "reason": "improvement"
    },
    {
      "workload": "W5",
      "backend": "B",
      "baseline": 7.7,
      "actual": 22.1,
      "delta_pct": 187.0,
      "reason": "improvement"
    },
    {
      "workload": "W5",
      "backend": "C",
      "baseline": 7.7,
      "actual": 21.3,
      "delta_pct": 176.6,
      "reason": "improvement"
    },
    {
      "workload": "W5",
      "backend": "D",
      "baseline": 3.2,
      "actual": 10.2,
      "delta_pct": 218.7,
      "reason": "improvement"
    }
  ],
  "all_compared": [
    {
      "workload": "W1",
      "backend": "A",
      "baseline_p99": 7.3,
      "actual_p99": 97.9,
      "delta_pct": 1241.1
    },
    {
      "workload": "W1",
      "backend": "B",
      "baseline_p99": 44.6,
      "actual_p99": 106.2,
      "delta_pct": 138.1
    },
    {
      "workload": "W1",
      "backend": "C",
      "baseline_p99": 7.8,
      "actual_p99": 106.2,
      "delta_pct": 1261.5
    },
    {
      "workload": "W1",
      "backend": "D",
      "baseline_p99": 18.6,
      "actual_p99": 66.3,
      "delta_pct": 256.5
    },
    {
      "workload": "W2",
      "backend": "A",
      "baseline_p99": 4.3,
      "actual_p99": 57.9,
      "delta_pct": 1246.5
    },
    {
      "workload": "W2",
      "backend": "B",
      "baseline_p99": 6.1,
      "actual_p99": 96.6,
      "delta_pct": 1483.6
    },
    {
      "workload": "W2",
      "backend": "C",
      "baseline_p99": 16.4,
      "actual_p99": 97.8,
      "delta_pct": 496.3
    },
    {
      "workload": "W2",
      "backend": "D",
      "baseline_p99": 7.5,
      "actual_p99": 39.5,
      "delta_pct": 426.7
    },
    {
      "workload": "W3",
      "backend": "A",
      "baseline_p99": 2.6,
      "actual_p99": 8.7,
      "delta_pct": 234.6
    },
    {
      "workload": "W3",
      "backend": "B",
      "baseline_p99": 3.7,
      "actual_p99": 10.6,
      "delta_pct": 186.5
    },
    {
      "workload": "W3",
      "backend": "C",
      "baseline_p99": 2.8,
      "actual_p99": 10.5,
      "delta_pct": 275.0
    },
    {
      "workload": "W3",
      "backend": "D",
      "baseline_p99": 1.1,
      "actual_p99": 5.6,
      "delta_pct": 409.1
    },
    {
      "workload": "W4",
      "backend": "A",
      "baseline_p99": 659.0,
      "actual_p99": 2506.2,
      "delta_pct": 280.3
    },
    {
      "workload": "W4",
      "backend": "B",
      "baseline_p99": 681.4,
      "actual_p99": 2528.6,
      "delta_pct": 271.1
    },
    {
      "workload": "W4",
      "backend": "C",
      "baseline_p99": 578.3,
      "actual_p99": 2507.1,
      "delta_pct": 333.5
    },
    {
      "workload": "W4",
      "backend": "D",
      "baseline_p99": 409.0,
      "actual_p99": 2422.4,
      "delta_pct": 492.3
    },
    {
      "workload": "W5",
      "backend": "A",
      "baseline_p99": 5.4,
      "actual_p99": 16.8,
      "delta_pct": 211.1
    },
    {
      "workload": "W5",
      "backend": "B",
      "baseline_p99": 7.7,
      "actual_p99": 22.1,
      "delta_pct": 187.0
    },
    {
      "workload": "W5",
      "backend": "C",
      "baseline_p99": 7.7,
      "actual_p99": 21.3,
      "delta_pct": 176.6
    },
    {
      "workload": "W5",
      "backend": "D",
      "baseline_p99": 3.2,
      "actual_p99": 10.2,
      "delta_pct": 218.7
    }
  ]
}

-> publish/claim P50+P99 latency vs ci/baselines/publish-claim-p99-baseline.json
  PASS claim_p50: {'actual': 30, 'baseline': 40, 'ok': True}
  PASS claim_p99: {'actual': 40, 'limit': 20000, 'noise_cap': 20000, 'ok': True}
  PASS publish_p50: {'actual': 30, 'baseline': 48, 'ok': True}
  PASS publish_p99: {'actual': 230, 'limit': 20000, 'noise_cap': 20000, 'ok': True}

=== Perf-regression status: PASSED ===
✅ No performance regressions
