==================================================
SHARD: weft-tensor-managed
DESCRIPTION: Project weft-tensor Pillar 2: WTR1 layout, TS/Python ingestion engines, DLPack/NumPy bridge, cross-language parity, React/Flutter AI hooks/widgets, 120 FPS flight demo, alloc probes
STATUS: PASSED ✅
COMMIT: 7eecbc248e711e67d54cdc4d2cc2b3feafb6dea9
RUN: 218
==================================================

[1/8] fixture determinism
OK /home/runner/work/Weft/Weft/fixtures/weft-tensor/ring-v1-f32.bin (640 B) byte-identical
OK /home/runner/work/Weft/Weft/fixtures/weft-tensor/ring-v1-u8.bin (640 B) byte-identical
[2/8] TypeScript suite
✔ zero-alloc probe [ring] — 100k steady-state ops stay flat (183.053289ms)
✔ zero-alloc probe [ingest] — 100k steady-state ops stay flat (135.843157ms)
✔ zero-alloc probe [audio] — 100k steady-state ops stay flat (124.242639ms)
✔ zero-alloc probe [render] — 100k steady-state ops stay flat (1646.48439ms)
✔ zero-alloc probe [overlay] — 100k steady-state ops stay flat (71.181719ms)
✔ negative control: a deliberately-allocating loop IS caught (63.236749ms)
✔ f32 fixture: header fields, 10 frames, dyadic payload parity (2.757862ms)
✔ u8 fixture: header fields, 6 frames, byte payload parity (1.444574ms)
✔ WebCodecs sync fast path: bytes land in ring, no intermediate (2.976736ms)
✔ WebCodecs async fast path resolves after the GPU readback lands (0.337286ms)
✔ copyTo failure is a DROP, never a throw into the frame loop (1.401383ms)
✔ legacy sync copyTo returning void still commits the full slot (0.360309ms)
✔ ImageData + raw paths (0.541245ms)
✔ ingestor dtype gate: f32 ring rejected (Law 4) (0.568096ms)
✔ AudioPcmFeeder: exact-fit chunks roll one slot per chunk (0.757687ms)
✔ AudioPcmFeeder: chunk spanning slot boundaries carries with zero gaps (0.895002ms)
✔ AudioPcmFeeder: tiny chunks accumulate then roll (worklet cadence) (0.648875ms)
✔ AudioPcmFeeder dtype gate + chunk size gate (Law 4) (0.703537ms)
✔ crc32 matches node:zlib over the static header region (1.821253ms)
✔ f16FromBits matches numpy float16 decode exactly (0.44658ms)
✔ f16ToBits matches numpy round-to-nearest-even (0.389644ms)
✔ fourcc round-trips as LE ASCII (0.33383ms)
✔ validateRingHeader accepts both golden fixtures (2.070445ms)
✔ fail-closed corruption matrix — every mutation gets a machine-readable code (1.951725ms)
✔ dtype validity table (0.221331ms)
✔ create() writes a self-validating header (round trip through attach) (2.877815ms)
✔ Canvas2DPlane: ONE ImageData reused, pixel-accurate blit per frame (6.488291ms)
✔ Canvas2DPlane dtype gate (Law 4) (0.857733ms)
✔ OverlayScratch + drawBoxes2D: bounded, reused, pixel records (2.404504ms)
✔ drawSkeleton2D honours confidence gating (0.440809ms)
✔ WebGL2Plane: zero-alloc texSubImage2D from the slot view + fullscreen tri (0.814903ms)
✔ create + typed commit + acquireLatest returns exact values, zero surprises (4.77019ms)
✔ byte commit path (Uint8Array) with short payload (bounded loop, no throw) (2.174018ms)
✔ acquireLatest(lastSeq) returns null when nothing new; acquireFrame bounds (0.494188ms)
✔ overrun: slotCount=2, 5 commits -> old seq gone, latest correct (0.559469ms)
✔ torn read: uncommitted slot is invisible, then visible after commit marker (0.593392ms)
✔ zero-copy begin/finish path matches convenience commit (0.377341ms)
✔ commit rejects wrong dtype / oversized payloads (fail-closed) (1.128947ms)
✔ create() input validation is fail-closed (0.492304ms)
✔ waitForNewFrame resolves via injected scheduler; timeout path returns null (32.796217ms)
✔ SharedArrayBuffer smoke: create(shared) + atomics publish + acquire (0.692486ms)
✔ ring stats counters are sealed and monotonic (0.255755ms)
✔ detectRuntime identifies node (this process) (1.589452ms)
✔ detectRuntime: browser / deno / bun / worker / electron fakes (0.38211ms)
✔ runtimeMatrix feature list stays sorted/deterministic (1.31344ms)
✔ assertShareable accepts SAB, rejects plain ArrayBuffer (1.253889ms)
ℹ tests 46
ℹ suites 0
ℹ pass 46
ℹ fail 0
ℹ cancelled 0
ℹ skipped 0
ℹ todo 0
ℹ duration_ms 2306.541044
[3/8] Python suite
......s................                                                  [100%]
22 passed, 1 skipped in 0.56s
[4/8] TS producer -> Python consumer
{"producer":"typescript","path":"/tmp/tmp.74o8znN2ze/ts_ring.bin","byteLength":640,"producerSeq":10,"slotStride":128,"schemaId":"fe77000000000000"}
{"consumer": "python", "path": "/tmp/tmp.74o8znN2ze/ts_ring.bin", "framesValidated": [7, 8, 9, 10], "dlpackAlias": true, "ok": true}
[5/8] Python producer -> TS consumer
{"producer": "python", "path": "/tmp/tmp.74o8znN2ze/py_ring.bin", "byteLength": 640, "producerSeq": 10, "slotStride": 128, "schemaId": "fe77000000000001"}
{"consumer":"typescript","path":"/tmp/tmp.74o8znN2ze/py_ring.bin","framesValidated":[7,8,9,10],"ok":true}
[6/8] DLPack alias proof (consumed the TS-produced ring, pointer-checked)
    dlpack alias OK (slot ptr 0x55ae77834f30 inside ring 0x55ae77834df0..0x55ae77835070)
[7/8] zero-allocation probes (100k ops each, post-warmup, --expose-gc)
    {"mode":"ring","iters":100000,"heapBefore":4389904,"heapAfter":4402608,"deltaBytes":12704}
    {"mode":"ingest","iters":100000,"heapBefore":4396920,"heapAfter":4411664,"deltaBytes":14744}
    {"mode":"audio","iters":100000,"heapBefore":4392584,"heapAfter":4394768,"deltaBytes":2184}
    {"mode":"render","iters":100000,"heapBefore":4404696,"heapAfter":4406296,"deltaBytes":1600}
    {"mode":"overlay","iters":100000,"heapBefore":4284936,"heapAfter":4285648,"deltaBytes":712}
[8/8] latency gates (directive: commit < 50us)
    {"bench":"weft-tensor commit/acquire","node":"v24.20.0","video":{"geometry":"320x180 RGBA","slotCapBytes":230400,"commit":{"n":50000,"p50_us":0.171,"p99_us":1.212,"max_us":412.907},"acquire":{"n":50000,"p50_us":0.12,"p99_us":0.531,"max_us":2171.012},"commit_under_50us":true},"audio":{"geometry":"2ch x 128 f32 (interleaved quanta 256)","slotCapBytes":1024,"commit":{"n":50000,"p50_us":0.471,"p99_us":0.541,"max_us":146.412},"acquire":{"n":50000,"p50_us":0.12,"p99_us":1.623,"max_us":147.294},"commit_under_50us":true}}
weft-tensor managed shard: ALL 8 STAGES GREEN
