==================================================
SHARD: perf-regression
DESCRIPTION: W-suite P99 vs pinned baseline; >15% drop = FAIL
STATUS: PASSED ✅
COMMIT: 6ed45611cc5addb7e97baa4725b2e54a0f059da4
RUN: 84
==================================================

→ W1/A ... P99=108.1 alloc/frame=0.0 [PASS]
→ W1/B ... P99=123.8 alloc/frame=0.0 [PASS]
→ W1/C .../home/runner/work/Weft/Weft/core/c/weft.c:15: warning: "_GNU_SOURCE" redefined
   15 | #define _GNU_SOURCE  // for posix_memalign
      | 
<command-line>: note: this is the location of the previous definition
→ compiling Weft C kernel to /home/runner/work/Weft/Weft/core/c/libweft.so
 P99=124.4 alloc/frame=0.0 [PASS]
→ W1/D ... P99=79.3 alloc/frame=0.0 [PASS]
→ W2/A ... P99=71.7 alloc/frame=0.0 [PASS]
→ W2/B ... P99=99.7 alloc/frame=0.0 [PASS]
→ W2/C ... P99=100.8 alloc/frame=0.0 [PASS]
→ W2/D ... P99=42.6 alloc/frame=0.0 [PASS]
→ W3/A ... P99=8.7 alloc/frame=0.0 [PASS]
→ W3/B ... P99=10.0 alloc/frame=0.0 [PASS]
→ W3/C ... P99=9.9 alloc/frame=0.0 [PASS]
→ W3/D ... P99=5.8 alloc/frame=0.0 [PASS]
→ W4/A ... P99=2885.2 alloc/frame=0.0 [PASS]
→ W4/B ... P99=3042.6 alloc/frame=0.0 [PASS]
→ W4/C ... P99=2557.3 alloc/frame=0.0 [PASS]
→ W4/D ... P99=2527.1 alloc/frame=0.0 [PASS]
→ W5/A ... P99=17.2 alloc/frame=0.0 [PASS]
→ W5/B ... P99=21.3 alloc/frame=0.0 [PASS]
→ W5/C ... P99=21.2 alloc/frame=0.0 [PASS]
→ W5/D ... P99=10.2 alloc/frame=0.0 [PASS]

✓ W-suite bundle: /home/runner/work/Weft/Weft/bench/results/wsuite-x86_64-sandbox.json
  cells: 20 (target: 20 = 5 workloads × 4 backends)
  pass: 20/20
.. P99=123.8 alloc/frame=0.0 [PASS]
→ W1/C .../home/runner/work/Weft/Weft/core/c/weft.c:15: warning: "_GNU_SOURCE" redefined
   15 | #define _GNU_SOURCE  // for posix_memalign
      | 
<command-line>: note: this is the location of the previous definition
→ compiling Weft C kernel to /home/runner/work/Weft/Weft/core/c/libweft.so
 P99=124.4 alloc/frame=0.0 [PASS]
→ W1/D ... P99=79.3 alloc/frame=0.0 [PASS]
→ W2/A ... P99=71.7 alloc/frame=0.0 [PASS]
→ W2/B ... P99=99.7 alloc/frame=0.0 [PASS]
→ W2/C ... P99=100.8 alloc/frame=0.0 [PASS]
→ W2/D ... P99=42.6 alloc/frame=0.0 [PASS]
→ W3/A ... P99=8.7 alloc/frame=0.0 [PASS]
→ W3/B ... P99=10.0 alloc/frame=0.0 [PASS]
→ W3/C ... P99=9.9 alloc/frame=0.0 [PASS]
→ W3/D ... P99=5.8 alloc/frame=0.0 [PASS]
→ W4/A ... P99=2885.2 alloc/frame=0.0 [PASS]
→ W4/B ... P99=3042.6 alloc/frame=0.0 [PASS]
→ W4/C ... P99=2557.3 alloc/frame=0.0 [PASS]
→ W4/D ... P99=2527.1 alloc/frame=0.0 [PASS]
→ W5/A ... P99=17.2 alloc/frame=0.0 [PASS]
→ W5/B ... P99=21.3 alloc/frame=0.0 [PASS]
→ W5/C ... P99=21.2 alloc/frame=0.0 [PASS]
→ W5/D ... P99=10.2 alloc/frame=0.0 [PASS]

✓ W-suite bundle: /home/runner/work/Weft/Weft/bench/results/wsuite-x86_64-sandbox.json
  cells: 20 (target: 20 = 5 workloads × 4 backends)
  pass: 20/20
{
  "shard": "perf-regression",
  "status": "PASSED",
  "threshold_pct": 15,
  "regression_count": 0,
  "improvement_count": 0,
  "cells_compared": 20,
  "regressions": [],
  "improvements": [],
  "all_compared": [
    {
      "workload": "W1",
      "backend": "A",
      "baseline_p99": 120.2,
      "actual_p99": 108.1,
      "delta_pct": -10.1
    },
    {
      "workload": "W1",
      "backend": "B",
      "baseline_p99": 140.5,
      "actual_p99": 123.8,
      "delta_pct": -11.9
    },
    {
      "workload": "W1",
      "backend": "C",
      "baseline_p99": 140.9,
      "actual_p99": 124.4,
      "delta_pct": -11.7
    },
    {
      "workload": "W1",
      "backend": "D",
      "baseline_p99": 87.5,
      "actual_p99": 79.3,
      "delta_pct": -9.4
    },
    {
      "workload": "W2",
      "backend": "A",
      "baseline_p99": 78.6,
      "actual_p99": 71.7,
      "delta_pct": -8.8
    },
    {
      "workload": "W2",
      "backend": "B",
      "baseline_p99": 111.7,
      "actual_p99": 99.7,
      "delta_pct": -10.7
    },
    {
      "workload": "W2",
      "backend": "C",
      "baseline_p99": 111.0,
      "actual_p99": 100.8,
      "delta_pct": -9.2
    },
    {
      "workload": "W2",
      "backend": "D",
      "baseline_p99": 45.4,
      "actual_p99": 42.6,
      "delta_pct": -6.2
    },
    {
      "workload": "W3",
      "backend": "A",
      "baseline_p99": 9.7,
      "actual_p99": 8.7,
      "delta_pct": -10.3
    },
    {
      "workload": "W3",
      "backend": "B",
      "baseline_p99": 11.5,
      "actual_p99": 10.0,
      "delta_pct": -13.0
    },
    {
      "workload": "W3",
      "backend": "C",
      "baseline_p99": 11.5,
      "actual_p99": 9.9,
      "delta_pct": -13.9
    },
    {
      "workload": "W3",
      "backend": "D",
      "baseline_p99": 6.2,
      "actual_p99": 5.8,
      "delta_pct": -6.5
    },
    {
      "workload": "W4",
      "backend": "A",
      "baseline_p99": 2838.8,
      "actual_p99": 2885.2,
      "delta_pct": 1.6
    },
    {
      "workload": "W4",
      "backend": "B",
      "baseline_p99": 3008.8,
      "actual_p99": 3042.6,
      "delta_pct": 1.1
    },
    {
      "workload": "W4",
      "backend": "C",
      "baseline_p99": 2847.4,
      "actual_p99": 2557.3,
      "delta_pct": -10.2
    },
    {
      "workload": "W4",
      "backend": "D",
      "baseline_p99": 2828.5,
      "actual_p99": 2527.1,
      "delta_pct": -10.7
    },
    {
      "workload": "W5",
      "backend": "A",
      "baseline_p99": 19.1,
      "actual_p99": 17.2,
      "delta_pct": -9.9
    },
    {
      "workload": "W5",
      "backend": "B",
      "baseline_p99": 24.2,
      "actual_p99": 21.3,
      "delta_pct": -12.0
    },
    {
      "workload": "W5",
      "backend": "C",
      "baseline_p99": 24.1,
      "actual_p99": 21.2,
      "delta_pct": -12.0
    },
    {
      "workload": "W5",
      "backend": "D",
      "baseline_p99": 11.6,
      "actual_p99": 10.2,
      "delta_pct": -12.1
    }
  ]
}

=== Perf-regression status: PASSED ===
✅ No performance regressions
