==================================================
SHARD: perf-regression
DESCRIPTION: W-suite P99 vs pinned baseline; >15% drop = FAIL
STATUS: PASSED ✅
COMMIT: 4bb7f62da6c62e91b0ab7ffe5e01d521b98d7413
RUN: 206
==================================================

→ W1/A ... P99=77.8 alloc/frame=0.0 [PASS]
→ W1/B ... P99=89.8 alloc/frame=0.0 [PASS]
→ W1/C .../home/runner/work/Weft/Weft/core/c/weft.c:15: warning: "_GNU_SOURCE" redefined
   15 | #define _GNU_SOURCE  // for posix_memalign
      | 
<command-line>: note: this is the location of the previous definition
→ compiling Weft C kernel to /home/runner/work/Weft/Weft/core/c/libweft.so
 P99=89.5 alloc/frame=0.0 [PASS]
→ W1/D ... P99=57.8 alloc/frame=0.0 [PASS]
→ W2/A ... P99=52.9 alloc/frame=0.0 [PASS]
→ W2/B ... P99=72.0 alloc/frame=0.0 [PASS]
→ W2/C ... P99=73.5 alloc/frame=0.0 [PASS]
→ W2/D ... P99=29.4 alloc/frame=0.0 [PASS]
→ W3/A ... P99=6.3 alloc/frame=0.0 [PASS]
→ W3/B ... P99=7.8 alloc/frame=0.0 [PASS]
→ W3/C ... P99=7.7 alloc/frame=0.0 [PASS]
→ W3/D ... P99=4.3 alloc/frame=0.0 [PASS]
→ W4/A ... P99=1746.7 alloc/frame=0.0 [PASS]
→ W4/B ... P99=1885.6 alloc/frame=0.0 [PASS]
→ W4/C ... P99=1772.4 alloc/frame=0.0 [PASS]
→ W4/D ... P99=1733.5 alloc/frame=0.0 [PASS]
→ W5/A ... P99=12.7 alloc/frame=0.0 [PASS]
→ W5/B ... P99=16.1 alloc/frame=0.0 [PASS]
→ W5/C ... P99=16.2 alloc/frame=0.0 [PASS]
→ W5/D ... P99=8.0 alloc/frame=0.0 [PASS]

✓ W-suite bundle: /home/runner/work/Weft/Weft/bench/results/wsuite-x86_64-sandbox.json
  cells: 20 (target: 20 = 5 workloads × 4 backends)
  pass: 20/20
1/B ... P99=89.8 alloc/frame=0.0 [PASS]
→ W1/C .../home/runner/work/Weft/Weft/core/c/weft.c:15: warning: "_GNU_SOURCE" redefined
   15 | #define _GNU_SOURCE  // for posix_memalign
      | 
<command-line>: note: this is the location of the previous definition
→ compiling Weft C kernel to /home/runner/work/Weft/Weft/core/c/libweft.so
 P99=89.5 alloc/frame=0.0 [PASS]
→ W1/D ... P99=57.8 alloc/frame=0.0 [PASS]
→ W2/A ... P99=52.9 alloc/frame=0.0 [PASS]
→ W2/B ... P99=72.0 alloc/frame=0.0 [PASS]
→ W2/C ... P99=73.5 alloc/frame=0.0 [PASS]
→ W2/D ... P99=29.4 alloc/frame=0.0 [PASS]
→ W3/A ... P99=6.3 alloc/frame=0.0 [PASS]
→ W3/B ... P99=7.8 alloc/frame=0.0 [PASS]
→ W3/C ... P99=7.7 alloc/frame=0.0 [PASS]
→ W3/D ... P99=4.3 alloc/frame=0.0 [PASS]
→ W4/A ... P99=1746.7 alloc/frame=0.0 [PASS]
→ W4/B ... P99=1885.6 alloc/frame=0.0 [PASS]
→ W4/C ... P99=1772.4 alloc/frame=0.0 [PASS]
→ W4/D ... P99=1733.5 alloc/frame=0.0 [PASS]
→ W5/A ... P99=12.7 alloc/frame=0.0 [PASS]
→ W5/B ... P99=16.1 alloc/frame=0.0 [PASS]
→ W5/C ... P99=16.2 alloc/frame=0.0 [PASS]
→ W5/D ... P99=8.0 alloc/frame=0.0 [PASS]

✓ W-suite bundle: /home/runner/work/Weft/Weft/bench/results/wsuite-x86_64-sandbox.json
  cells: 20 (target: 20 = 5 workloads × 4 backends)
  pass: 20/20
{
  "shard": "perf-regression",
  "status": "PASSED",
  "threshold_pct": 5,
  "regression_count": 0,
  "improvement_count": 20,
  "cells_compared": 20,
  "regressions": [],
  "improvements": [
    {
      "workload": "W1",
      "backend": "A",
      "baseline": 7.3,
      "actual": 77.8,
      "delta_pct": 965.8,
      "reason": "improvement"
    },
    {
      "workload": "W1",
      "backend": "B",
      "baseline": 44.6,
      "actual": 89.8,
      "delta_pct": 101.3,
      "reason": "improvement"
    },
    {
      "workload": "W1",
      "backend": "C",
      "baseline": 7.8,
      "actual": 89.5,
      "delta_pct": 1047.4,
      "reason": "improvement"
    },
    {
      "workload": "W1",
      "backend": "D",
      "baseline": 18.6,
      "actual": 57.8,
      "delta_pct": 210.8,
      "reason": "improvement"
    },
    {
      "workload": "W2",
      "backend": "A",
      "baseline": 4.3,
      "actual": 52.9,
      "delta_pct": 1130.2,
      "reason": "improvement"
    },
    {
      "workload": "W2",
      "backend": "B",
      "baseline": 6.1,
      "actual": 72.0,
      "delta_pct": 1080.3,
      "reason": "improvement"
    },
    {
      "workload": "W2",
      "backend": "C",
      "baseline": 16.4,
      "actual": 73.5,
      "delta_pct": 348.2,
      "reason": "improvement"
    },
    {
      "workload": "W2",
      "backend": "D",
      "baseline": 7.5,
      "actual": 29.4,
      "delta_pct": 292.0,
      "reason": "improvement"
    },
    {
      "workload": "W3",
      "backend": "A",
      "baseline": 2.6,
      "actual": 6.3,
      "delta_pct": 142.3,
      "reason": "improvement"
    },
    {
      "workload": "W3",
      "backend": "B",
      "baseline": 3.7,
      "actual": 7.8,
      "delta_pct": 110.8,
      "reason": "improvement"
    },
    {
      "workload": "W3",
      "backend": "C",
      "baseline": 2.8,
      "actual": 7.7,
      "delta_pct": 175.0,
      "reason": "improvement"
    },
    {
      "workload": "W3",
      "backend": "D",
      "baseline": 1.1,
      "actual": 4.3,
      "delta_pct": 290.9,
      "reason": "improvement"
    },
    {
      "workload": "W4",
      "backend": "A",
      "baseline": 659.0,
      "actual": 1746.7,
      "delta_pct": 165.1,
      "reason": "improvement"
    },
    {
      "workload": "W4",
      "backend": "B",
      "baseline": 681.4,
      "actual": 1885.6,
      "delta_pct": 176.7,
      "reason": "improvement"
    },
    {
      "workload": "W4",
      "backend": "C",
      "baseline": 578.3,
      "actual": 1772.4,
      "delta_pct": 206.5,
      "reason": "improvement"
    },
    {
      "workload": "W4",
      "backend": "D",
      "baseline": 409.0,
      "actual": 1733.5,
      "delta_pct": 323.8,
      "reason": "improvement"
    },
    {
      "workload": "W5",
      "backend": "A",
      "baseline": 5.4,
      "actual": 12.7,
      "delta_pct": 135.2,
      "reason": "improvement"
    },
    {
      "workload": "W5",
      "backend": "B",
      "baseline": 7.7,
      "actual": 16.1,
      "delta_pct": 109.1,
      "reason": "improvement"
    },
    {
      "workload": "W5",
      "backend": "C",
      "baseline": 7.7,
      "actual": 16.2,
      "delta_pct": 110.4,
      "reason": "improvement"
    },
    {
      "workload": "W5",
      "backend": "D",
      "baseline": 3.2,
      "actual": 8.0,
      "delta_pct": 150.0,
      "reason": "improvement"
    }
  ],
  "all_compared": [
    {
      "workload": "W1",
      "backend": "A",
      "baseline_p99": 7.3,
      "actual_p99": 77.8,
      "delta_pct": 965.8
    },
    {
      "workload": "W1",
      "backend": "B",
      "baseline_p99": 44.6,
      "actual_p99": 89.8,
      "delta_pct": 101.3
    },
    {
      "workload": "W1",
      "backend": "C",
      "baseline_p99": 7.8,
      "actual_p99": 89.5,
      "delta_pct": 1047.4
    },
    {
      "workload": "W1",
      "backend": "D",
      "baseline_p99": 18.6,
      "actual_p99": 57.8,
      "delta_pct": 210.8
    },
    {
      "workload": "W2",
      "backend": "A",
      "baseline_p99": 4.3,
      "actual_p99": 52.9,
      "delta_pct": 1130.2
    },
    {
      "workload": "W2",
      "backend": "B",
      "baseline_p99": 6.1,
      "actual_p99": 72.0,
      "delta_pct": 1080.3
    },
    {
      "workload": "W2",
      "backend": "C",
      "baseline_p99": 16.4,
      "actual_p99": 73.5,
      "delta_pct": 348.2
    },
    {
      "workload": "W2",
      "backend": "D",
      "baseline_p99": 7.5,
      "actual_p99": 29.4,
      "delta_pct": 292.0
    },
    {
      "workload": "W3",
      "backend": "A",
      "baseline_p99": 2.6,
      "actual_p99": 6.3,
      "delta_pct": 142.3
    },
    {
      "workload": "W3",
      "backend": "B",
      "baseline_p99": 3.7,
      "actual_p99": 7.8,
      "delta_pct": 110.8
    },
    {
      "workload": "W3",
      "backend": "C",
      "baseline_p99": 2.8,
      "actual_p99": 7.7,
      "delta_pct": 175.0
    },
    {
      "workload": "W3",
      "backend": "D",
      "baseline_p99": 1.1,
      "actual_p99": 4.3,
      "delta_pct": 290.9
    },
    {
      "workload": "W4",
      "backend": "A",
      "baseline_p99": 659.0,
      "actual_p99": 1746.7,
      "delta_pct": 165.1
    },
    {
      "workload": "W4",
      "backend": "B",
      "baseline_p99": 681.4,
      "actual_p99": 1885.6,
      "delta_pct": 176.7
    },
    {
      "workload": "W4",
      "backend": "C",
      "baseline_p99": 578.3,
      "actual_p99": 1772.4,
      "delta_pct": 206.5
    },
    {
      "workload": "W4",
      "backend": "D",
      "baseline_p99": 409.0,
      "actual_p99": 1733.5,
      "delta_pct": 323.8
    },
    {
      "workload": "W5",
      "backend": "A",
      "baseline_p99": 5.4,
      "actual_p99": 12.7,
      "delta_pct": 135.2
    },
    {
      "workload": "W5",
      "backend": "B",
      "baseline_p99": 7.7,
      "actual_p99": 16.1,
      "delta_pct": 109.1
    },
    {
      "workload": "W5",
      "backend": "C",
      "baseline_p99": 7.7,
      "actual_p99": 16.2,
      "delta_pct": 110.4
    },
    {
      "workload": "W5",
      "backend": "D",
      "baseline_p99": 3.2,
      "actual_p99": 8.0,
      "delta_pct": 150.0
    }
  ]
}

-> publish/claim P50+P99 latency vs ci/baselines/publish-claim-p99-baseline.json
  PASS claim_p50: {'actual': 30, 'baseline': 40, 'ok': True}
  PASS claim_p99: {'actual': 71, 'limit': 20000, 'noise_cap': 20000, 'ok': True}
  PASS publish_p50: {'actual': 40, 'baseline': 48, 'ok': True}
  PASS publish_p99: {'actual': 140, 'limit': 20000, 'noise_cap': 20000, 'ok': True}

=== Perf-regression status: PASSED ===
✅ No performance regressions
