==================================================
SHARD: weft-cluster-managed
DESCRIPTION: Project weft-cluster Pillar 3: TS wire/client/topology/router/metrics, Python wire/router/UDP parity, live UDP mesh, 100k zero-alloc probes, 1M fps burst, rendezvous router
STATUS: PASSED ✅
COMMIT: 8d949ca8a305f3161adf72ab8ee928e14a8ff13e
RUN: 238
==================================================

[1/8] kernel-core integrity (Law 3: core/c/weft.{c,h} byte-frozen)
    core/c/weft.{c,h} untouched
[2/8] TS wire vectors + cross-language guard
✔ crosslang: TS still decodes the frozen WCN1 vectors byte-exactly (1.657266ms)
✔ crosslang: TS rejects malformed fixtures with the frozen codes (0.263273ms)
✔ crosslang: FNV/CRC reference vectors match the fixture (0.37356ms)
✔ crc32 IEEE vectors (parity with Python zlib.crc32) (1.078621ms)
✔ fnv1a64 topic hash vectors (parity with Python impl) (0.297828ms)
✔ WCN1 header: little-endian byte layout is normative (0.307256ms)
✔ WCN1 round-trip: encode -> decode -> same fields (4.304676ms)
✔ Law 4: malformed datagrams map to the exact error taxonomy (0.292749ms)
✔ error names are stable (Law 4 contract) (0.285004ms)
✔ WGS1 gossip: encode + entries + decode round-trip (0.430557ms)
✔ WGS1: entry_count overrun is WC_E_TRUNCATED, not a crash (0.150302ms)
✔ Law 1: decodeInto is allocation-free (structural check) (0.333355ms)
ℹ tests 12
ℹ suites 0
ℹ pass 12
ℹ fail 0
ℹ cancelled 0
ℹ skipped 0
ℹ todo 0
ℹ duration_ms 125.74119
[3/8] Python wire + router vector parity
.........                                                                [100%]
9 passed in 0.80s
[4/8] TypeScript suite
✔ shm: publish -> subscribe async iterator, seq monotonic, payload intact (13.423355ms)
✔ shm: two subscribers fan out independently; unsubscribe stops flow (12.024908ms)
✔ shm: tryLatest reads newest without advancing the iterator (5.492941ms)
✔ Law 4: stale seq replays are dropped and counted (datagram path) (0.875039ms)
✔ udp: two clients, SUB control plane, live datagram pub/sub (36.171851ms)
✔ udp: publisher with zero subscribers stays silent (no peers dup) (0.65112ms)
✔ crosslang: TS still decodes the frozen WCN1 vectors byte-exactly (1.277564ms)
✔ crosslang: TS rejects malformed fixtures with the frozen codes (0.265156ms)
✔ crosslang: FNV/CRC reference vectors match the fixture (0.370004ms)
✔ registry: counters, gauges, histogram quantile sanity (5.194442ms)
✔ histogram bucket bounds follow the 1, 2, 3, 4, 6, 8, 12... sequence (0.276087ms)
✔ prometheus: exposition format with cumulative histogram buckets (1.120721ms)
✔ otel: OTLP/JSON document shape (resourceMetrics -> metrics) (1.67033ms)
✔ perfetto: .pftrace protobuf round-trips packets and track events (1.492366ms)
✔ prometheus: embedded /metrics server answers 200 over real HTTP (232.429995ms)
✔ router: deterministic owner across calls and instances (1.611079ms)
✔ router: cross-language owner vector (node seeds 11,22,33,44 / telemetry) (1.716948ms)
✔ router: 8-node balance within 3x envelope (7.435663ms)
✔ router: minimal disruption — adding 1 of 9 nodes moves ~1/9 of topics (8.369684ms)
✔ router: unrouted topic -> WC_E_TOPIC_UNROUTED (0.318587ms)
✔ router: removeNode stops routing to it; version bumps (0.233848ms)
✔ membership: upsert + hash-index lookup round-trip (1.459866ms)
✔ membership: open addressing survives heavy collisions (1.171385ms)
✔ gossip: 3 engines converge to a full membership view (socketless) (2.831466ms)
✔ gossip: stale incarnation ignored, higher incarnation wins (0.404608ms)
✔ gossip: LEAVING is sticky at equal incarnation, revive needs higher (0.328877ms)
✔ gossip: SWIM refutation — falsely-leaving node bumps incarnation (0.30952ms)
✔ gossip: silent nodes suspect then evicted (fake clock) (0.330339ms)
✔ gossip: graceful leave announces and propagates LEAVING (0.398687ms)
✔ crc32 IEEE vectors (parity with Python zlib.crc32) (1.079192ms)
✔ fnv1a64 topic hash vectors (parity with Python impl) (0.299752ms)
✔ WCN1 header: little-endian byte layout is normative (0.303018ms)
✔ WCN1 round-trip: encode -> decode -> same fields (4.339ms)
✔ Law 4: malformed datagrams map to the exact error taxonomy (0.299682ms)
✔ error names are stable (Law 4 contract) (0.283211ms)
✔ WGS1 gossip: encode + entries + decode round-trip (0.432179ms)
✔ WGS1: entry_count overrun is WC_E_TRUNCATED, not a crash (0.150472ms)
✔ Law 1: decodeInto is allocation-free (structural check) (0.374913ms)
ℹ tests 38
ℹ suites 0
ℹ pass 38
ℹ fail 0
ℹ cancelled 0
ℹ skipped 0
ℹ todo 0
ℹ duration_ms 2280.778271
[5/8] Python suite
.....s.........                                                          [100%]
14 passed, 1 skipped in 8.68s
[6/8] live cross-language UDP cluster (both directions)
..                                                                       [100%]
2 passed in 8.33s
[7/8] zero-allocation probes (100k ops each, post-warmup, --expose-gc)
    {"mode":"publish","iters":100000,"heapBefore":7481496,"heapAfter":7481552,"deltaBytes":56}
    {"mode":"subscribe","iters":100000,"heapBefore":7555112,"heapAfter":7557656,"deltaBytes":2544}
    {"mode":"metrics","iters":100000,"heapBefore":7396744,"heapAfter":7396432,"deltaBytes":-312}
    {"mode":"router","iters":100000,"heapBefore":7432480,"heapAfter":7432440,"deltaBytes":-40}
[8/8] performance gates
    [8a] 4-node demo smoke (monotonicity must PASS)
    demo PASS (monotonic, 0 gaps, 0 stale)
    [8b] mesh burst >= 1,000,000 fps (mandate D)
    {"kind":"weft-cluster-mesh-burst","transport":"loopback-shm (simulated cluster)","nodes":4,"consumers":3,"topics":1,"payloadBytes":64,"fpsTarget":1000000,"seconds":2,"publishedFrames":2000000,"ingestedFrames":6000000,"expectedIngest":6000000,"achievedFps":1062815,"fanoutWritesPerSec":3188446,"elapsedSec":1.88,"sequenceGaps":0,"hopLatencyNs":{"p50":1024,"p99":2048},"at":"2026-09-23T12:25:47.870Z"}
    [8c] membership lookup latency (mandate B1)
    {"kind":"weft-cluster-router-bench","membershipLookupNs":{"p50":16.8,"p99":28.2},"routerOwnerNs":{"p50":1143.9,"p99":1924.4,"nodes":8},"mandate":"lock-free cluster state table lookups < 10 ns (Pillar 3 mandate B1)"}
    lookup p50 16.8ns (gate 25ns; mandate 10ns is bare-metal — delta recorded in D-33)
weft-cluster-managed shard: ALL 8 STAGES GREEN
