==================================================
SHARD: simd-blend
DESCRIPTION: Q12 raster blend: C golden gates + xlang-blend cross-language digests + bench
STATUS: PASSED ✅
COMMIT: 8d949ca8a305f3161adf72ab8ee928e14a8ff13e
RUN: 238
==================================================

== simd-blend shard: env x86_64/Linux ==
-- C kernel gates --
== blend_test: impl=avx2 (2) ==
B1 boundaries: OK
B2 parity sweep: OK (154 path-checks, all == scalar)
B3 alpha sweep 0..4096 (dispatched): OK
B4 in-place aliasing: OK
blend_test: ALL GATES GREEN
blend-test: ALL GATES GREEN
-- xlang-blend golden gate --
== xlang-blend golden parity: env x86_64/Linux ==
-- C kernel (golden source) --
   blend-test gates GREEN
   golden-vectors.csv matches the kernel
-- TS verifier (reference port) --
xlang-blend TS verifier: 63/63 golden digests match
-- Kotlin verifier --
xlang-blend Kotlin verifier: 63/63 golden digests match
-- Dart verifier: DECLARED skip (no dart; flutter-packages leg owns it) --
-- Swift port: DECLARED skip (no swiftc; apple-packages compiles + golden-gates it) --

xlang-blend: ran=3 declared_skips=2
✅ xlang-blend parity: every executed port byte-identical to the C kernel
xlang-blend parity GREEN
-- blend_runner benchmark --
== blend_runner: dispatch=avx2 ==
256x256-hot (65536 words): scalar   286479 ns/frame (  2.7 GB/s) | avx2    21401 ns/frame ( 36.7 GB/s) | speedup 13.39x
1080p (2073600 words): scalar  9099321 ns/frame (  2.7 GB/s) | avx2   674347 ns/frame ( 36.9 GB/s) | speedup 13.49x
4K (8294400 words): scalar 36248170 ns/frame (  2.7 GB/s) | avx2  2916899 ns/frame ( 34.1 GB/s) | speedup 12.43x
8K (33177600 words): scalar 145257328 ns/frame (  2.7 GB/s) | avx2 12889426 ns/frame ( 30.9 GB/s) | speedup 11.27x
✅ simd-blend shard GREEN
