==================================================
SHARD: gpu-native
DESCRIPTION: RFC-0003 spike: GPU-series + gpu-probe full dispatch (lavapipe ICD)
STATUS: FAILED ❌
COMMIT: a5e3b7327b2bd0078c516f95e1fc265461667451
RUN: 106
==================================================


=== environment (mesa-vulkan-drivers + libvulkan1 when apt available) ===
	apiVersion         = 1.4.318
	deviceName         = llvmpipe (LLVM 20.1.2, 256 bits)

=== GPU-series conformance (Vulkan/lavapipe leg) ===
make: Entering directory '/home/runner/work/Weft/Weft/core/c'
gcc -O2 -std=c11 -Wall -Wextra -pthread -D_GNU_SOURCE -o gpu-ring-test gpu_ring.c fanout.c weft.c gpu_ring_test.c -lrt -lpthread -ldl
weft.c:15: warning: "_GNU_SOURCE" redefined
   15 | #define _GNU_SOURCE  // for posix_memalign
      | 
<command-line>: note: this is the location of the previous definition
make: Leaving directory '/home/runner/work/Weft/Weft/core/c'
Weft GPU-series (GPU-resident rings, RFC-0003 spike) — C driver layer
GPU1: create — session contract + geometry
  PASS create ok
  backend=vulkan device='llvmpipe (LLVM 20.1.2, 256 bits)'
  PASS geometry from session
  PASS span = header + ring_bytes (RFC-0004 identity)
  PASS session bytes validate under the shared WFSH contract
  PASS ctrl zero-initialized (fresh-ring invariants)
  PASS destroy + NULL-destroy safe
GPU2: fan-out over the mapping — publish/claim bit-exact
  PASS create ok
  PASS writer attach over the mapping
  PASS reader attach over the mapping
  PASS 5000 frames, sampled claims bit-exact
  PASS telescoping exact over the mapping
GPU3: session bytes interchange with the shm contract
  PASS create ok
  PASS WFSH header identical in both modules' dialects
  PASS word map: latestSeq at words[16..18)
  PASS word map: publishes at words[18..20)
  PASS word map: slotSeq[0] at words[20..22)
  PASS word map: slot-0 payload word 0 at words[28] (20+2*4)
GPU4: vulkan leg (allocation + persistent map + live publish)
  PASS session span IS the VkBuffer (one allocation, no staging buffer)
  PASS device + compute queue family exported
  PASS device-level proc resolution works
  PASS writer over the persistent map
  PASS 1000 live frames published through the Vulkan mapping
GPU5: lifecycle — cycles hold no leaks (ASAN-gated)
  PASS 8 create/publish/destroy cycles clean

verdict: PASS

=== GPU-series conformance (CPU-fallback leg) ===
Weft GPU-series (GPU-resident rings, RFC-0003 spike) — C driver layer
GPU1: create — session contract + geometry
  PASS create ok
  backend=cpu device='anonymous mapping (no GPU backend available)'
  PASS geometry from session
  PASS span = header + ring_bytes (RFC-0004 identity)
  PASS session bytes validate under the shared WFSH contract
  PASS ctrl zero-initialized (fresh-ring invariants)
  PASS destroy + NULL-destroy safe
GPU2: fan-out over the mapping — publish/claim bit-exact
  PASS create ok
  PASS writer attach over the mapping
  PASS reader attach over the mapping
  PASS 5000 frames, sampled claims bit-exact
  PASS telescoping exact over the mapping
GPU3: session bytes interchange with the shm contract
  PASS create ok
  PASS WFSH header identical in both modules' dialects
  PASS word map: latestSeq at words[16..18)
  PASS word map: publishes at words[18..20)
  PASS word map: slotSeq[0] at words[20..22)
  PASS word map: slot-0 payload word 0 at words[28] (20+2*4)
GPU4: vulkan leg (allocation + persistent map + live publish)
  (backend=cpu — vulkan leg skipped, declared)
  PASS non-vulkan backend: leg skipped honestly
GPU5: lifecycle — cycles hold no leaks (ASAN-gated)
  PASS 8 create/publish/destroy cycles clean

verdict: PASS

=== GPU-series conformance under ASAN ===
make: Entering directory '/home/runner/work/Weft/Weft/core/c'
gcc -O1 -g -fsanitize=address -std=c11 -Wall -Wextra -pthread -D_GNU_SOURCE -o gpu-ring-test-asan gpu_ring.c fanout.c weft.c gpu_ring_test.c -lrt -lpthread -ldl
weft.c:15: warning: "_GNU_SOURCE" redefined
   15 | #define _GNU_SOURCE  // for posix_memalign
      | 
<command-line>: note: this is the location of the previous definition
make: Leaving directory '/home/runner/work/Weft/Weft/core/c'
Weft GPU-series (GPU-resident rings, RFC-0003 spike) — C driver layer
GPU1: create — session contract + geometry
  PASS create ok
  backend=vulkan device='llvmpipe (LLVM 20.1.2, 256 bits)'
  PASS geometry from session
  PASS span = header + ring_bytes (RFC-0004 identity)
  PASS session bytes validate under the shared WFSH contract
  PASS ctrl zero-initialized (fresh-ring invariants)
  PASS destroy + NULL-destroy safe
GPU2: fan-out over the mapping — publish/claim bit-exact
  PASS create ok
  PASS writer attach over the mapping
  PASS reader attach over the mapping
  PASS 5000 frames, sampled claims bit-exact
  PASS telescoping exact over the mapping
GPU3: session bytes interchange with the shm contract
  PASS create ok
  PASS WFSH header identical in both modules' dialects
  PASS word map: latestSeq at words[16..18)
  PASS word map: publishes at words[18..20)
  PASS word map: slotSeq[0] at words[20..22)
  PASS word map: slot-0 payload word 0 at words[28] (20+2*4)
GPU4: vulkan leg (allocation + persistent map + live publish)
  PASS session span IS the VkBuffer (one allocation, no staging buffer)
  PASS device + compute queue family exported
  PASS device-level proc resolution works
  PASS writer over the persistent map
  PASS 1000 live frames published through the Vulkan mapping
GPU5: lifecycle — cycles hold no leaks (ASAN-gated)
  PASS 8 create/publish/destroy cycles clean

verdict: PASS

=== gpu-probe: zero-copy consumer proof (compute dispatch validates live ring words) ===
make: Entering directory '/home/runner/work/Weft/Weft/core/c'
gcc -O2 -std=c11 -Wall -Wextra -pthread -D_GNU_SOURCE -o gpu-probe gpu_ring.c fanout.c weft.c gpu_probe.c -lrt -lpthread -ldl
weft.c:15: warning: "_GNU_SOURCE" redefined
   15 | #define _GNU_SOURCE  // for posix_memalign
      | 
<command-line>: note: this is the location of the previous definition
make: Leaving directory '/home/runner/work/Weft/Weft/core/c'
gpu-probe: vkCreateShaderModule rc=-1 (OUT_OF_HOST_MEMORY — shader JIT address-space reservation refused by this kernel/sandbox)
gpu-probe: backend=vulkan device='llvmpipe (LLVM 20.1.2, 256 bits)' payload=256 slots=4 frames=1000
gpu-probe: allocation-leg PROVEN — vulkan device memory, persistent map, 100 live frames published through it (latestSeq=100, publishes=100)
gpu-probe: dispatch-leg UNAVAILABLE in this environment (shader JIT address-space reservation) — the full dispatch proof runs in the CI gpu-native shard
