==================================================
SHARD: fanout-concurrent
DESCRIPTION: 1 writer + 4 reader workers, integrity-gated + daisy-chain
STATUS: PASSED ✅
COMMIT: 4485c4f1fdb6f623b297c1199bf5604d367d337b
RUN: 88
==================================================

────────────────────────────────────────────────────────────────────────
RFC 0004 — CONCURRENT fan-out torture test (worker_threads, true parallelism)
────────────────────────────────────────────────────────────────────────
phase 1  sprint : writer 3.444M pub/s over 400000 frames (116 ms) — 4 verifying readers
  reader[0] fresh=63387 dropped=333221 stale=452 tornRetries=850 notReady=0 exhausted=92 violations=0 (104 ms)
  reader[1] fresh=125400 dropped=270123 stale=1345 tornRetries=837 notReady=0 exhausted=90 violations=0 (101 ms)
  reader[2] fresh=149049 dropped=249917 stale=1346 tornRetries=1341 notReady=0 exhausted=147 violations=0 (110 ms)
  reader[3] fresh=95287 dropped=304635 stale=2744 tornRetries=34 notReady=0 exhausted=0 violations=0 (113 ms)
phase 2  daisy  : Triad kernel → broadcaster → ring → 4 readers over 120000 frames (325 ms, 369K frames/s)
  reader[0] fresh=97140 dropped=22860 stale=1186565 tornRetries=42 notReady=3040672 exhausted=0 violations=0 (492 ms)
  reader[1] fresh=67685 dropped=52315 stale=785246 tornRetries=42 notReady=3629457 exhausted=0 violations=0 (496 ms)
  reader[2] fresh=24000 dropped=95961 stale=719575 tornRetries=30 notReady=4239869 exhausted=0 violations=0 (511 ms)
  reader[3] fresh=50968 dropped=69032 stale=689745 tornRetries=47 notReady=1618880 exhausted=0 violations=0 (485 ms)
────────────────────────────────────────────────────────────────────────
GATE: ALL PASSED ✅  (integrity, convergence, exact drop accounting, daisy-chain)
────────────────────────────────────────────────────────────────────────
RFC 0004 — CONCURRENT fan-out benchmark (1 writer + 4 readers, worker_threads)
────────────────────────────────────────────────────────────────────────
Environment Tag: node / linux-sandbox (SharedArrayBuffer + Atomics, all SeqCst)
Writer: 1000000 publishes in 304 ms  →  3.287M publishes/sec  (latch protocol INCLUDED)
  reader[0]: fresh=791165 dropped=194662 claims=924001 → 2.777M fresh claims/sec (285 ms)
  reader[1]: fresh=603992 dropped=359162 claims=701683 → 2.187M fresh claims/sec (276 ms)
  reader[2]: fresh=907955 dropped=89590 claims=1079887 → 3.067M fresh claims/sec (296 ms)
  reader[3]: fresh=497473 dropped=498701 claims=570611 → 1.716M fresh claims/sec (290 ms)
Aggregate: 2.801M fresh deliveries across 4 readers; drops are per-reader (Law 4) and exact.
Law 2 invariant: publish/claim paths allocate nothing (pre-allocated views + out-params).
────────────────────────────────────────────────────────────────────────
✅ fanout-concurrent shard PASSED
