==================================================
SHARD: weft-cluster-managed
DESCRIPTION: Project weft-cluster Pillar 3: TS wire/client/topology/router/metrics, Python wire/router/UDP parity, live UDP mesh, 100k zero-alloc probes, 1M fps burst, rendezvous router
STATUS: PASSED ✅
COMMIT: 1798ce4abe448066992946111c09346d5d78e9b7
RUN: 249
==================================================

[1/8] kernel-core integrity (Law 3: core/c/weft.{c,h} byte-frozen)
    core/c/weft.{c,h} untouched
[2/8] TS wire vectors + cross-language guard
✔ crosslang: TS still decodes the frozen WCN1 vectors byte-exactly (1.071489ms)
✔ crosslang: TS rejects malformed fixtures with the frozen codes (0.191245ms)
✔ crosslang: FNV/CRC reference vectors match the fixture (0.248731ms)
✔ crc32 IEEE vectors (parity with Python zlib.crc32) (0.822257ms)
✔ fnv1a64 topic hash vectors (parity with Python impl) (0.22115ms)
✔ WCN1 header: little-endian byte layout is normative (0.215832ms)
✔ WCN1 round-trip: encode -> decode -> same fields (4.611951ms)
✔ Law 4: malformed datagrams map to the exact error taxonomy (0.253097ms)
✔ error names are stable (Law 4 contract) (0.199057ms)
✔ WGS1 gossip: encode + entries + decode round-trip (0.284665ms)
✔ WGS1: entry_count overrun is WC_E_TRUNCATED, not a crash (0.10055ms)
✔ Law 1: decodeInto is allocation-free (structural check) (0.205326ms)
ℹ tests 12
ℹ suites 0
ℹ pass 12
ℹ fail 0
ℹ cancelled 0
ℹ skipped 0
ℹ todo 0
ℹ duration_ms 61.648546
[3/8] Python wire + router vector parity
.........                                                                [100%]
9 passed in 0.35s
[4/8] TypeScript suite
✔ shm: publish -> subscribe async iterator, seq monotonic, payload intact (10.051097ms)
✔ shm: two subscribers fan out independently; unsubscribe stops flow (11.681409ms)
✔ shm: tryLatest reads newest without advancing the iterator (5.468579ms)
✔ Law 4: stale seq replays are dropped and counted (datagram path) (2.073133ms)
✔ udp: two clients, SUB control plane, live datagram pub/sub (35.9544ms)
✔ udp: publisher with zero subscribers stays silent (no peers dup) (0.950078ms)
✔ crosslang: TS still decodes the frozen WCN1 vectors byte-exactly (1.148744ms)
✔ crosslang: TS rejects malformed fixtures with the frozen codes (0.265997ms)
✔ crosslang: FNV/CRC reference vectors match the fixture (0.331304ms)
✔ registry: counters, gauges, histogram quantile sanity (1.877291ms)
✔ histogram bucket bounds follow the 1, 2, 3, 4, 6, 8, 12... sequence (0.199918ms)
✔ prometheus: exposition format with cumulative histogram buckets (0.836628ms)
✔ otel: OTLP/JSON document shape (resourceMetrics -> metrics) (1.002025ms)
✔ perfetto: .pftrace protobuf round-trips packets and track events (1.13926ms)
✔ prometheus: embedded /metrics server answers 200 over real HTTP (39.259386ms)
✔ router: deterministic owner across calls and instances (1.788248ms)
✔ router: cross-language owner vector (node seeds 11,22,33,44 / telemetry) (1.75563ms)
✔ router: 8-node balance within 3x envelope (5.661422ms)
✔ router: minimal disruption — adding 1 of 9 nodes moves ~1/9 of topics (6.900115ms)
✔ router: unrouted topic -> WC_E_TOPIC_UNROUTED (0.298586ms)
✔ router: removeNode stops routing to it; version bumps (0.390573ms)
✔ membership: upsert + hash-index lookup round-trip (1.395593ms)
✔ membership: open addressing survives heavy collisions (0.981584ms)
✔ gossip: 3 engines converge to a full membership view (socketless) (2.029378ms)
✔ gossip: stale incarnation ignored, higher incarnation wins (0.296802ms)
✔ gossip: LEAVING is sticky at equal incarnation, revive needs higher (0.962206ms)
✔ gossip: SWIM refutation — falsely-leaving node bumps incarnation (0.283182ms)
✔ gossip: silent nodes suspect then evicted (fake clock) (0.222943ms)
✔ gossip: graceful leave announces and propagates LEAVING (0.242772ms)
✔ crc32 IEEE vectors (parity with Python zlib.crc32) (0.795306ms)
✔ fnv1a64 topic hash vectors (parity with Python impl) (0.229362ms)
✔ WCN1 header: little-endian byte layout is normative (0.203023ms)
✔ WCN1 round-trip: encode -> decode -> same fields (3.36474ms)
✔ Law 4: malformed datagrams map to the exact error taxonomy (0.253629ms)
✔ error names are stable (Law 4 contract) (0.197625ms)
✔ WGS1 gossip: encode + entries + decode round-trip (0.318726ms)
✔ WGS1: entry_count overrun is WC_E_TRUNCATED, not a crash (0.108903ms)
✔ Law 1: decodeInto is allocation-free (structural check) (0.195231ms)
ℹ tests 38
ℹ suites 0
ℹ pass 38
ℹ fail 0
ℹ cancelled 0
ℹ skipped 0
ℹ todo 0
ℹ duration_ms 2160.902045
[5/8] Python suite
.....s.........                                                          [100%]
14 passed, 1 skipped in 8.67s
[6/8] live cross-language UDP cluster (both directions)
..                                                                       [100%]
2 passed in 8.31s
[7/8] zero-allocation probes (100k ops each, post-warmup, --expose-gc)
    {"mode":"publish","iters":100000,"heapBefore":7481496,"heapAfter":7481552,"deltaBytes":56}
    {"mode":"subscribe","iters":100000,"heapBefore":7555760,"heapAfter":7573776,"deltaBytes":18016}
    {"mode":"metrics","iters":100000,"heapBefore":7396744,"heapAfter":7396200,"deltaBytes":-544}
    {"mode":"router","iters":100000,"heapBefore":7432480,"heapAfter":7432440,"deltaBytes":-40}
[8/8] performance gates
    [8a] 4-node demo smoke (monotonicity must PASS)
    demo PASS (monotonic, 0 gaps, 0 stale)
    [8b] mesh burst >= 1,000,000 fps (mandate D)
    {"kind":"weft-cluster-mesh-burst","transport":"loopback-shm (simulated cluster)","nodes":4,"consumers":3,"topics":1,"payloadBytes":64,"fpsTarget":1000000,"seconds":2,"publishedFrames":2000000,"ingestedFrames":6000000,"expectedIngest":6000000,"achievedFps":1489969,"fanoutWritesPerSec":4469908,"elapsedSec":1.34,"sequenceGaps":0,"hopLatencyNs":{"p50":768,"p99":1536},"at":"2026-09-23T13:16:57.485Z"}
    [8c] membership lookup latency (mandate B1)
    {"kind":"weft-cluster-router-bench","membershipLookupNs":{"p50":14.8,"p99":22.7},"routerOwnerNs":{"p50":837.7,"p99":861.9,"nodes":8},"mandate":"lock-free cluster state table lookups < 10 ns (Pillar 3 mandate B1)"}
    lookup p50 14.8ns (gate 25ns; mandate 10ns is bare-metal — delta recorded in D-33)
weft-cluster-managed shard: ALL 8 STAGES GREEN
