==================================================
SHARD: weft-tensor-managed
DESCRIPTION: Project weft-tensor Pillar 2: WTR1 layout, TS/Python ingestion engines, DLPack/NumPy bridge, cross-language parity, React/Flutter AI hooks/widgets, 120 FPS flight demo, alloc probes
STATUS: PASSED ✅
COMMIT: 1798ce4abe448066992946111c09346d5d78e9b7
RUN: 249
==================================================

[1/8] fixture determinism
OK /home/runner/work/Weft/Weft/fixtures/weft-tensor/ring-v1-f32.bin (640 B) byte-identical
OK /home/runner/work/Weft/Weft/fixtures/weft-tensor/ring-v1-u8.bin (640 B) byte-identical
[2/8] TypeScript suite
✔ zero-alloc probe [ring] — 100k steady-state ops stay flat (206.734046ms)
✔ zero-alloc probe [ingest] — 100k steady-state ops stay flat (120.00462ms)
✔ zero-alloc probe [audio] — 100k steady-state ops stay flat (119.633918ms)
✔ zero-alloc probe [render] — 100k steady-state ops stay flat (1633.251558ms)
✔ zero-alloc probe [overlay] — 100k steady-state ops stay flat (65.190775ms)
✔ negative control: a deliberately-allocating loop IS caught (63.115995ms)
✔ f32 fixture: header fields, 10 frames, dyadic payload parity (2.747155ms)
✔ u8 fixture: header fields, 6 frames, byte payload parity (0.987195ms)
✔ WebCodecs sync fast path: bytes land in ring, no intermediate (7.435797ms)
✔ WebCodecs async fast path resolves after the GPU readback lands (0.436676ms)
✔ copyTo failure is a DROP, never a throw into the frame loop (1.851431ms)
✔ legacy sync copyTo returning void still commits the full slot (0.367276ms)
✔ ImageData + raw paths (0.582208ms)
✔ ingestor dtype gate: f32 ring rejected (Law 4) (0.726468ms)
✔ AudioPcmFeeder: exact-fit chunks roll one slot per chunk (1.580354ms)
✔ AudioPcmFeeder: chunk spanning slot boundaries carries with zero gaps (0.714255ms)
✔ AudioPcmFeeder: tiny chunks accumulate then roll (worklet cadence) (1.054491ms)
✔ AudioPcmFeeder dtype gate + chunk size gate (Law 4) (0.613246ms)
✔ crc32 matches node:zlib over the static header region (1.575645ms)
✔ f16FromBits matches numpy float16 decode exactly (0.434693ms)
✔ f16ToBits matches numpy round-to-nearest-even (0.415838ms)
✔ fourcc round-trips as LE ASCII (0.209431ms)
✔ validateRingHeader accepts both golden fixtures (1.261108ms)
✔ fail-closed corruption matrix — every mutation gets a machine-readable code (1.201586ms)
✔ dtype validity table (0.156592ms)
✔ create() writes a self-validating header (round trip through attach) (0.8933ms)
✔ Canvas2DPlane: ONE ImageData reused, pixel-accurate blit per frame (4.797887ms)
✔ Canvas2DPlane dtype gate (Law 4) (0.845691ms)
✔ OverlayScratch + drawBoxes2D: bounded, reused, pixel records (1.103643ms)
✔ drawSkeleton2D honours confidence gating (0.358711ms)
✔ WebGL2Plane: zero-alloc texSubImage2D from the slot view + fullscreen tri (0.862302ms)
✔ create + typed commit + acquireLatest returns exact values, zero surprises (8.147188ms)
✔ byte commit path (Uint8Array) with short payload (bounded loop, no throw) (0.581497ms)
✔ acquireLatest(lastSeq) returns null when nothing new; acquireFrame bounds (2.521282ms)
✔ overrun: slotCount=2, 5 commits -> old seq gone, latest correct (0.820894ms)
✔ torn read: uncommitted slot is invisible, then visible after commit marker (0.875596ms)
✔ zero-copy begin/finish path matches convenience commit (0.464228ms)
✔ commit rejects wrong dtype / oversized payloads (fail-closed) (1.683586ms)
✔ create() input validation is fail-closed (0.476741ms)
✔ waitForNewFrame resolves via injected scheduler; timeout path returns null (32.480757ms)
✔ SharedArrayBuffer smoke: create(shared) + atomics publish + acquire (0.703024ms)
✔ ring stats counters are sealed and monotonic (0.251821ms)
✔ detectRuntime identifies node (this process) (1.405837ms)
✔ detectRuntime: browser / deno / bun / worker / electron fakes (0.35312ms)
✔ runtimeMatrix feature list stays sorted/deterministic (1.115906ms)
✔ assertShareable accepts SAB, rejects plain ArrayBuffer (0.651077ms)
ℹ tests 46
ℹ suites 0
ℹ pass 46
ℹ fail 0
ℹ cancelled 0
ℹ skipped 0
ℹ todo 0
ℹ duration_ms 2298.712799
[3/8] Python suite
.......s.............s................                                   [100%]
36 passed, 2 skipped in 9.28s
[4/8] TS producer -> Python consumer
{"producer":"typescript","path":"/tmp/tmp.Eb2wWISkcq/ts_ring.bin","byteLength":640,"producerSeq":10,"slotStride":128,"schemaId":"fe77000000000000"}
{"consumer": "python", "path": "/tmp/tmp.Eb2wWISkcq/ts_ring.bin", "framesValidated": [7, 8, 9, 10], "dlpackAlias": true, "ok": true}
[5/8] Python producer -> TS consumer
{"producer": "python", "path": "/tmp/tmp.Eb2wWISkcq/py_ring.bin", "byteLength": 640, "producerSeq": 10, "slotStride": 128, "schemaId": "fe77000000000001"}
{"consumer":"typescript","path":"/tmp/tmp.Eb2wWISkcq/py_ring.bin","framesValidated":[7,8,9,10],"ok":true}
[6/8] DLPack alias proof (consumed the TS-produced ring, pointer-checked)
    dlpack alias OK (slot ptr 0x5637244e7f30 inside ring 0x5637244e7df0..0x5637244e8070)
[7/8] zero-allocation probes (100k ops each, post-warmup, --expose-gc)
    {"mode":"ring","iters":100000,"heapBefore":4403936,"heapAfter":4416640,"deltaBytes":12704}
    {"mode":"ingest","iters":100000,"heapBefore":4411008,"heapAfter":4425840,"deltaBytes":14832}
    {"mode":"audio","iters":100000,"heapBefore":4424824,"heapAfter":4419920,"deltaBytes":-4904}
    {"mode":"render","iters":100000,"heapBefore":4418896,"heapAfter":4420496,"deltaBytes":1600}
    {"mode":"overlay","iters":100000,"heapBefore":4298208,"heapAfter":4299680,"deltaBytes":1472}
[8/8] latency gates (directive: commit < 50us)
    {"bench":"weft-tensor commit/acquire","node":"v24.21.0","video":{"geometry":"320x180 RGBA","slotCapBytes":230400,"commit":{"n":50000,"p50_us":0.18,"p99_us":1.112,"max_us":170.028},"acquire":{"n":50000,"p50_us":0.13,"p99_us":0.521,"max_us":56.796},"commit_under_50us":true},"audio":{"geometry":"2ch x 128 f32 (interleaved quanta 256)","slotCapBytes":1024,"commit":{"n":50000,"p50_us":0.471,"p99_us":0.991,"max_us":149.54},"acquire":{"n":50000,"p50_us":0.12,"p99_us":1.413,"max_us":171.941},"commit_under_50us":true}}
weft-tensor managed shard: ALL 8 STAGES GREEN
