==================================================
SHARD: simd-blend
DESCRIPTION: Q12 raster blend: C golden gates + xlang-blend cross-language digests + bench
STATUS: PASSED ✅
COMMIT: e93d5af2a665b357ad592605d7018ec7b35e5156
RUN: 164
==================================================

== simd-blend shard: env x86_64/Linux ==
-- C kernel gates --
== blend_test: impl=avx2 (2) ==
B1 boundaries: OK
B2 parity sweep: OK (154 path-checks, all == scalar)
B3 alpha sweep 0..4096 (dispatched): OK
B4 in-place aliasing: OK
blend_test: ALL GATES GREEN
blend-test: ALL GATES GREEN
-- xlang-blend golden gate --
== xlang-blend golden parity: env x86_64/Linux ==
-- C kernel (golden source) --
   blend-test gates GREEN
   golden-vectors.csv matches the kernel
-- TS verifier (reference port) --
xlang-blend TS verifier: 63/63 golden digests match
-- Kotlin verifier --
xlang-blend Kotlin verifier: 63/63 golden digests match
-- Dart verifier: DECLARED skip (no dart; flutter-packages leg owns it) --
-- Swift port: DECLARED skip (no swiftc; apple-packages compiles + golden-gates it) --

xlang-blend: ran=3 declared_skips=2
✅ xlang-blend parity: every executed port byte-identical to the C kernel
xlang-blend parity GREEN
-- blend_runner benchmark --
== blend_runner: dispatch=avx2 ==
256x256-hot (65536 words): scalar   200275 ns/frame (  3.9 GB/s) | avx2    24856 ns/frame ( 31.6 GB/s) | speedup 8.06x
1080p (2073600 words): scalar  6233836 ns/frame (  4.0 GB/s) | avx2   816872 ns/frame ( 30.5 GB/s) | speedup 7.63x
4K (8294400 words): scalar 25078750 ns/frame (  4.0 GB/s) | avx2  3474922 ns/frame ( 28.6 GB/s) | speedup 7.22x
8K (33177600 words): scalar 100893858 ns/frame (  3.9 GB/s) | avx2 30877542 ns/frame ( 12.9 GB/s) | speedup 3.27x
✅ simd-blend shard GREEN
